/bin/bash: /u/home/llim/miniconda3/lib/libtinfo.so.6: no version information available (required by /bin/bash)
========================================
UAV EXPERT DATA COLLECTION (Epoch 4)
DATE:     Wed Jun 10 12:38:19 UTC 2026
NODE:     i6-gpu-1
JOB_ID:   21411
ARRAY_ID: none
========================================
[ sbatch ] Repo: /u/home/llim/FMPCC/FM-PCC
[ sbatch ] scene=pillars  n_trials=500  gain=pid_default  seed=0  homotopy=all
[ collect ] scene=pillars  n_trials=500  homotopy_pool=['(L,L,L)', '(L,R,L)', '(R,L,R)', '(R,R,R)']  gain=pid_default  seed=0  noise_sigma=0.02
[ collect ] saved=   1  rejected=  0  t=0s  ~0.31s/ep  ETA≈154s  last→logs/uav_expert_data/pillars/L_L_L/pillars_L_L_L_pid_default_0000000.pkl
[ collect ] REJECT #1  reason=contact  min_z=0.155  clip=0.0%
[ collect ] REJECT #2  reason=contact  min_z=0.064  clip=0.0%
[ collect ] REJECT #3  reason=contact  min_z=0.084  clip=0.0%
[ collect ] REJECT #4  reason=contact  min_z=0.083  clip=0.0%
[ collect ] REJECT #5  reason=contact  min_z=0.013  clip=1.3%
[ collect ] REJECT #6  reason=floor  min_z=0.082  clip=0.0%
[ collect ] REJECT #7  reason=contact  min_z=0.039  clip=1.1%
[ collect ] REJECT #8  reason=contact  min_z=0.067  clip=3.0%
[ collect ] REJECT #9  reason=floor  min_z=0.087  clip=0.0%
[ collect ] REJECT #10  reason=floor  min_z=0.091  clip=0.0%
[ collect ] REJECT #11  reason=floor  min_z=0.085  clip=0.4%
[ collect ] REJECT #12  reason=contact  min_z=0.087  clip=0.0%
[ collect ] REJECT #13  reason=contact  min_z=0.008  clip=1.0%
[ collect ] REJECT #14  reason=contact  min_z=0.080  clip=0.0%
[ collect ] REJECT #15  reason=contact  min_z=0.036  clip=0.0%
[ collect ] REJECT #16  reason=contact  min_z=0.085  clip=0.0%
[ collect ] REJECT #17  reason=contact  min_z=0.086  clip=1.2%
[ collect ] REJECT #18  reason=contact  min_z=0.085  clip=0.0%
[ collect ] REJECT #19  reason=floor  min_z=0.085  clip=0.6%
[ collect ] REJECT #20  reason=contact  min_z=0.083  clip=0.0%
[ collect ] REJECT #21  reason=contact  min_z=0.087  clip=0.0%
[ collect ] REJECT #22  reason=contact  min_z=0.235  clip=0.0%
[ collect ] REJECT #23  reason=contact  min_z=0.054  clip=1.4%
[ collect ] REJECT #24  reason=floor  min_z=0.086  clip=0.0%
[ collect ] REJECT #25  reason=contact  min_z=0.139  clip=0.0%
[ collect ] REJECT #26  reason=floor  min_z=0.083  clip=0.0%
[ collect ] REJECT #27  reason=contact  min_z=0.086  clip=0.0%
[ collect ] REJECT #28  reason=contact  min_z=0.124  clip=0.0%
[ collect ] REJECT #29  reason=floor  min_z=0.114  clip=0.0%
[ collect ] REJECT #30  reason=contact  min_z=0.086  clip=0.0%
[ collect ] REJECT #31  reason=contact  min_z=0.072  clip=1.5%
[ collect ] REJECT #32  reason=contact  min_z=0.085  clip=0.0%
[ collect ] REJECT #33  reason=floor  min_z=0.085  clip=0.0%
[ collect ] REJECT #34  reason=floor  min_z=0.086  clip=0.0%
[ collect ] REJECT #35  reason=floor  min_z=0.075  clip=0.3%
[ collect ] REJECT #36  reason=contact  min_z=0.085  clip=0.0%
[ collect ] REJECT #37  reason=floor  min_z=0.086  clip=0.4%
[ collect ] REJECT #38  reason=contact  min_z=0.083  clip=0.4%
[ collect ] REJECT #39  reason=floor  min_z=0.085  clip=0.0%
[ collect ] REJECT #40  reason=floor  min_z=0.086  clip=0.0%
[ collect ] REJECT #41  reason=contact  min_z=0.131  clip=1.3%
[ collect ] REJECT #42  reason=contact  min_z=0.164  clip=0.0%
[ collect ] REJECT #43  reason=contact  min_z=0.085  clip=0.0%
[ collect ] REJECT #44  reason=contact  min_z=0.086  clip=0.0%
[ collect ] REJECT #45  reason=floor  min_z=0.086  clip=0.0%
[ collect ] REJECT #46  reason=floor  min_z=0.086  clip=0.0%
[ collect ] REJECT #47  reason=contact  min_z=0.086  clip=1.4%
[ collect ] REJECT #48  reason=contact  min_z=0.081  clip=1.5%
[ collect ] REJECT #49  reason=contact  min_z=0.096  clip=0.0%
[ collect ] REJECT #50  reason=floor  min_z=0.015  clip=0.7%
[ collect ] ABORT: rejection rate 60.2% > limit 60.0%. HISTOGRAM: contact=33  floor=17
[ collect ] DONE  saved=33  rejected=50  (60.2% rejected)  elapsed=31s  HISTOGRAM: contact=33  floor=17
[ sbatch ] Collection done. Running stats validator …
[ validate ] Loading episodes from logs/uav_expert_data/pillars …

============================================================
  Generated dataset vs UAV-Flow Phase 4-α targets
============================================================
  Episodes generated  : 33
  Homotopy breakdown  : {'(L,L,L)': 16, '(L,R,L)': 1, '(R,R,R)': 14, '(R,L,R)': 2}

  Speed (m/s):
    Generated  mean=0.599  median=0.646  p95=1.035
    UAV-Flow   velocity unknown (no timestamps in dataset)
    Our target 0.30–0.50 m/s  (RESEARCH §3.3)
    STATUS: ✅ OK

  Episode length (steps at ~33 Hz):
    Generated  mean=467  median=462  [388, 532]
    UAV-Flow   median=38.0 waypoints (different Hz — not directly comparable)

  Action Δp_des norm (m per step):
    Generated  mean=0.0169  p95=0.0288
    Expected   0.009–0.015 m/step (0.3–0.5 m/s at 33 Hz)
    STATUS: ✅ OK
============================================================

[ validate ] Stats saved → logs/uav_expert_data/pillars/dataset_stats.json
[ sbatch ] Output: logs/uav_expert_data/pillars/
========================================
JOB END: Wed Jun 10 12:38:50 UTC 2026
========================================
