/bin/bash: /u/home/llim/miniconda3/lib/libtinfo.so.6: no version information available (required by /bin/bash)
========================================
UAV EXPERT DATA COLLECTION (Epoch 4)
DATE:     Wed Jun 10 14:09:47 UTC 2026
NODE:     i6-gpu-1
JOB_ID:   21422
ARRAY_ID: none
========================================
[ sbatch ] Repo: /u/home/llim/FMPCC/FM-PCC
[ sbatch ] scene=s_curve  n_trials=500  gain=pid_default  seed=0  homotopy=all
[ collect ] scene=s_curve  n_trials=500  homotopy_pool=['default']  gain=pid_default  seed=0  noise_sigma=0.02
[ collect ] saved=   1  rejected=  0  t=0s  ~0.39s/ep  ETA≈193s  last→logs/uav_expert_data/s_curve/default/s_curve_default_pid_default_0000000.pkl
[ collect ] saved=  50  rejected=  0  t=21s  ~0.43s/ep  ETA≈193s  last→logs/uav_expert_data/s_curve/default/s_curve_default_pid_default_0000049.pkl
[ collect ] saved= 100  rejected=  0  t=43s  ~0.43s/ep  ETA≈172s  last→logs/uav_expert_data/s_curve/default/s_curve_default_pid_default_0000099.pkl
[ collect ] saved= 150  rejected=  0  t=65s  ~0.43s/ep  ETA≈151s  last→logs/uav_expert_data/s_curve/default/s_curve_default_pid_default_0000149.pkl
[ collect ] saved= 200  rejected=  0  t=86s  ~0.43s/ep  ETA≈129s  last→logs/uav_expert_data/s_curve/default/s_curve_default_pid_default_0000199.pkl
[ collect ] saved= 250  rejected=  0  t=108s  ~0.43s/ep  ETA≈108s  last→logs/uav_expert_data/s_curve/default/s_curve_default_pid_default_0000249.pkl
[ collect ] saved= 300  rejected=  0  t=130s  ~0.43s/ep  ETA≈87s  last→logs/uav_expert_data/s_curve/default/s_curve_default_pid_default_0000299.pkl
[ collect ] saved= 350  rejected=  0  t=152s  ~0.43s/ep  ETA≈65s  last→logs/uav_expert_data/s_curve/default/s_curve_default_pid_default_0000349.pkl
[ collect ] saved= 400  rejected=  0  t=174s  ~0.43s/ep  ETA≈43s  last→logs/uav_expert_data/s_curve/default/s_curve_default_pid_default_0000399.pkl
[ collect ] saved= 450  rejected=  0  t=196s  ~0.43s/ep  ETA≈22s  last→logs/uav_expert_data/s_curve/default/s_curve_default_pid_default_0000449.pkl
[ collect ] saved= 500  rejected=  0  t=217s  ~0.43s/ep  ETA≈0s  last→logs/uav_expert_data/s_curve/default/s_curve_default_pid_default_0000499.pkl
[ collect ] DONE  saved=500  rejected=0  (0.0% rejected)  elapsed=217s  HISTOGRAM: none
[ sbatch ] Collection done. Running stats validator …
[ validate ] Loading episodes from logs/uav_expert_data/s_curve …

============================================================
  Generated dataset vs UAV-Flow Phase 4-α targets
============================================================
  Episodes generated  : 500
  Homotopy breakdown  : {'default': 500}

  Speed (m/s):
    Generated  mean=0.388  median=0.427  p95=0.711
    UAV-Flow   velocity unknown (no timestamps in dataset)
    Our target 0.30–0.50 m/s  (RESEARCH §3.3)
    STATUS: ✅ OK

  Episode length (steps at ~33 Hz):
    Generated  mean=702  median=703  [600, 800]
    UAV-Flow   median=38.0 waypoints (different Hz — not directly comparable)

  Action Δp_des norm (m per step):
    Generated  mean=0.0114  p95=0.0211
    Expected   0.009–0.015 m/step (0.3–0.5 m/s at 33 Hz)
    STATUS: ✅ OK
============================================================

[ validate ] Stats saved → logs/uav_expert_data/s_curve/dataset_stats.json
[ sbatch ] Output: logs/uav_expert_data/s_curve/
========================================
JOB END: Wed Jun 10 14:13:25 UTC 2026
========================================
