/bin/bash: /u/home/llim/miniconda3/lib/libtinfo.so.6: no version information available (required by /bin/bash)
================================================================================
JOB START: Sun Jun 14 14:04:52 UTC 2026
JOB NAME:  train_imf
JOB ID:    21545
NODE:      i6-gpu-1
GPU INFO:
NVIDIA RTX A5000, 530.41.03, 24564 MiB
NVIDIA RTX A5000, 530.41.03, 24564 MiB
NVIDIA RTX A5000, 530.41.03, 24564 MiB
NVIDIA RTX A5000, 530.41.03, 24564 MiB
NVIDIA RTX A5000, 530.41.03, 24564 MiB
NVIDIA RTX A5000, 530.41.03, 24564 MiB
NVIDIA RTX A5000, 530.41.03, 24564 MiB
NVIDIA RTX A5000, 530.41.03, 24564 MiB
GIT REV:   f7f2055
================================================================================
[ GPU-CHECK ] CUDA_VISIBLE_DEVICES=2  MUJOCO_EGL_DEVICE_ID=2
================================================================================
[ train ] iMeanFlow Training (iMF-PCC)
[ train ] Engine: Improved Mean Flows (dual-velocity decomposition)
[ train ] Repo: github.com/Lyy-iiis/imeanflow
[ train ] Seeds: [6] (cli --seeds)
[ train ] W&B: True (project: FMPCC-iMF)
================================================================================

[ train ] Seed 6
[ utils/setup ] Made savepath: logs/avoiding-d3il/flow_matching_v3_imeanflow/H8_Dflow_matcher_v3_imeanflow.models.iMeanFlowODE_a1.5_b1.0_aw10_objmeanflow_jvp/6

[utils/config ] Config: <class 'diffuser.datasets.sequence.SequenceDataset'>
    discount: 0.99
    env: avoiding-d3il
    horizon: 8
    include_returns: True
    max_path_length: 150
    normalizer: LimitsNormalizer
    preprocess_fns: []
    returns_scale: 400
    use_padding: True

[ utils/config ] Saved config to: logs/avoiding-d3il/flow_matching_v3_imeanflow/H8_Dflow_matcher_v3_imeanflow.models.iMeanFlowODE_a1.5_b1.0_aw10_objmeanflow_jvp/6/dataset_config.pkl

[ utils/config ] Saved config to: logs/avoiding-d3il/flow_matching_v3_imeanflow/H8_Dflow_matcher_v3_imeanflow.models.iMeanFlowODE_a1.5_b1.0_aw10_objmeanflow_jvp/6/dataset_config.json

[ datasets/buffer ] Fields:
    observations: (96, 150, 4)
    actions: (96, 150, 2)
    rewards: (96, 150, 1)
    terminals: (96, 150, 1)
    normed_observations: (96, 150, 4)
    normed_actions: (96, 150, 2)

[utils/config ] Config: <class 'flow_matcher_v3_imeanflow.models.imf_engine.iMeanFlowEngine'>
    depth: 8
    dropout_rate: 0.1
    freq_dim: 256
    mlp_dim: 256
    num_heads: 4
    seq_len: 8
    state_dim: 6
    time_dim: 256

[ utils/config ] Saved config to: logs/avoiding-d3il/flow_matching_v3_imeanflow/H8_Dflow_matcher_v3_imeanflow.models.iMeanFlowODE_a1.5_b1.0_aw10_objmeanflow_jvp/6/model_config.pkl

[ utils/config ] Saved config to: logs/avoiding-d3il/flow_matching_v3_imeanflow/H8_Dflow_matcher_v3_imeanflow.models.iMeanFlowODE_a1.5_b1.0_aw10_objmeanflow_jvp/6/model_config.json

Traceback (most recent call last):
  File "/data/home/llim/FMPCC/FM-PCC/FM_v3_imeanflow_test/train_flow_matching_v3_imeanflow.py", line 184, in <module>
    ode_inference_steps_v3=args.ode_inference_steps_v3,
AttributeError: 'Namespace' object has no attribute 'ode_inference_steps_v3'
================================================================================
JOB END:   Sun Jun 14 14:04:57 UTC 2026
================================================================================
