nohup: ignoring input
bash: /u/home/llim/miniconda3/lib/libtinfo.so.6: no version information available (required by bash)
[ DA_UAV_v1 ] auto-scan found 2 root(s):
[ DA_UAV_v1 ]   logs/UAV_MIX
[ DA_UAV_v1 ]   logs/UAV_FM
[2026-09-05 16:37:43] DA_UAV_v1 - INFO - ======================================================================
[2026-09-05 16:37:43] DA_UAV_v1 - INFO - DA_UAV_v1 — Gen15 UAV Mix-ML batch analysis
[2026-09-05 16:37:43] DA_UAV_v1 - INFO - ======================================================================
[2026-09-05 16:37:43] DA_UAV_v1 - INFO - Start:  2026-09-05 16:37:43
[2026-09-05 16:37:43] DA_UAV_v1 - INFO - Parent: logs/UAV_MIX,logs/UAV_FM
[2026-09-05 16:37:43] DA_UAV_v1 - INFO - Output: Data_Analysis/analysis_results/batch_uav_20260905_163742
[2026-09-05 16:37:43] DA_UAV_v1 - INFO - Manifest: /u/home/llim/FMPCC/FM-PCC/Data_Analysis/analysis_results/results_manifest.json
[2026-09-05 16:37:43] DA_UAV_v1 - INFO - [1/5] Discovering candidates
[2026-09-05 16:37:44] discovery - INFO - Candidate 1: corridor|Gen11  seeds=[6]  (scene=corridor engine=? K=None)
[2026-09-05 16:37:44] discovery - INFO - Candidate 2: corridor|K20|Gen11  seeds=[6]  (scene=corridor engine=? K=20)
[2026-09-05 16:37:44] discovery - INFO - Candidate 3: corridor|Gen11  seeds=[6]  (scene=corridor engine=? K=None)
[2026-09-05 16:37:44] discovery - INFO - Candidate 4: corridor|Gen11  seeds=[6]  (scene=corridor engine=? K=None)
[2026-09-05 16:37:44] discovery - INFO - Candidate 5: corridor|Gen11  seeds=[6]  (scene=corridor engine=? K=None)
[2026-09-05 16:37:44] discovery - INFO - Candidate 6: corridor|Gen11  seeds=[6]  (scene=corridor engine=? K=None)
[2026-09-05 16:37:44] discovery - INFO - Candidate 7: corridor|K20|Gen11  seeds=[6]  (scene=corridor engine=? K=20)
[2026-09-05 16:37:44] discovery - INFO - Candidate 8: empty|Gen11  seeds=[6]  (scene=empty engine=? K=None)
[2026-09-05 16:37:44] discovery - INFO - Candidate 9: empty|K20|Gen11  seeds=[6]  (scene=empty engine=? K=20)
[2026-09-05 16:37:44] discovery - INFO - Candidate 10: empty|Gen11  seeds=[6]  (scene=empty engine=? K=None)
[2026-09-05 16:37:44] discovery - INFO - Candidate 11: empty|Gen11  seeds=[6]  (scene=empty engine=? K=None)
[2026-09-05 16:37:44] discovery - INFO - Candidate 12: pillars|Gen11  seeds=[6]  (scene=pillars engine=? K=None)
[2026-09-05 16:37:44] discovery - INFO - Candidate 13: pillars|Gen11  seeds=[6]  (scene=pillars engine=? K=None)
[2026-09-05 16:37:44] discovery - INFO - Candidate 14: pillars|Gen11  seeds=[6]  (scene=pillars engine=? K=None)
[2026-09-05 16:37:44] discovery - INFO - Candidate 15: pillars|Gen11  seeds=[6]  (scene=pillars engine=? K=None)
[2026-09-05 16:37:44] discovery - INFO - Candidate 16: pillars|K20|Gen11  seeds=[6]  (scene=pillars engine=? K=20)
[2026-09-05 16:37:44] discovery - INFO - Candidate 17: pillars|K20|Gen11  seeds=[6]  (scene=pillars engine=? K=20)
[2026-09-05 16:37:44] discovery - INFO - Candidate 18: pillars|K20|Gen11  seeds=[6]  (scene=pillars engine=? K=20)
[2026-09-05 16:37:44] discovery - INFO - Candidate 19: pillars|K20|Gen11  seeds=[6]  (scene=pillars engine=? K=20)
[2026-09-05 16:37:44] discovery - INFO - Candidate 20: pillars|Gen11  seeds=[6]  (scene=pillars engine=? K=None)
[2026-09-05 16:37:44] discovery - INFO - Candidate 21: pillars|Gen11  seeds=[6]  (scene=pillars engine=? K=None)
[2026-09-05 16:37:44] discovery - INFO - Candidate 22: pillars|K20|Gen11  seeds=[6]  (scene=pillars engine=? K=20)
[2026-09-05 16:37:44] discovery - INFO - Candidate 23: s_curve|Gen11  seeds=[6]  (scene=s_curve engine=? K=None)
[2026-09-05 16:37:44] discovery - INFO - Candidate 24: s_curve|K20|Gen11  seeds=[6]  (scene=s_curve engine=? K=20)
[2026-09-05 16:37:44] discovery - INFO - Candidate 25: s_curve|K20|Gen11  seeds=[6]  (scene=s_curve engine=? K=20)
[2026-09-05 16:37:44] discovery - INFO - Candidate 26: s_curve|Gen11  seeds=[6]  (scene=s_curve engine=? K=None)
[2026-09-05 16:37:44] discovery - INFO - Candidate 27: s_curve|Gen11  seeds=[6]  (scene=s_curve engine=? K=None)
[2026-09-05 16:37:44] discovery - INFO - Candidate 28: s_curve|K20|Gen11  seeds=[6]  (scene=s_curve engine=? K=20)
[2026-09-05 16:37:44] discovery - INFO - Candidate 29: corridor|af|K1|bbsit  seeds=[6]  (scene=corridor engine=af K=1)
[2026-09-05 16:37:44] discovery - INFO - Candidate 30: corridor|af|K2|bbsit  seeds=[6]  (scene=corridor engine=af K=2)
[2026-09-05 16:37:44] discovery - INFO - Candidate 31: corridor|af|K5|bbsit  seeds=[6]  (scene=corridor engine=af K=5)
[2026-09-05 16:37:44] discovery - INFO - Candidate 32: corridor|fm|K10  seeds=[6]  (scene=corridor engine=fm K=10)
[2026-09-05 16:37:44] discovery - INFO - Candidate 33: corridor|fm|K1  seeds=[6]  (scene=corridor engine=fm K=1)
[2026-09-05 16:37:44] discovery - INFO - Candidate 34: corridor|fm|K20  seeds=[6]  (scene=corridor engine=fm K=20)
[2026-09-05 16:37:44] discovery - INFO - Candidate 35: corridor|fm|K2  seeds=[6]  (scene=corridor engine=fm K=2)
[2026-09-05 16:37:44] discovery - INFO - Candidate 36: corridor|fm|K5  seeds=[6]  (scene=corridor engine=fm K=5)
[2026-09-05 16:37:44] discovery - INFO - Candidate 37: corridor|mf|K10|bbunet|dp0.5  seeds=[6]  (scene=corridor engine=mf K=10)
[2026-09-05 16:37:44] discovery - INFO - Candidate 38: corridor|mf|K1|bbunet|dp0.5  seeds=[6]  (scene=corridor engine=mf K=1)
[2026-09-05 16:37:44] discovery - INFO - Candidate 39: corridor|mf|K20|bbunet|dp0.5  seeds=[6]  (scene=corridor engine=mf K=20)
[2026-09-05 16:37:44] discovery - INFO - Candidate 40: corridor|mf|K2|bbunet|dp0.5  seeds=[6]  (scene=corridor engine=mf K=2)
[2026-09-05 16:37:44] discovery - INFO - Candidate 41: corridor|mf|K5|bbunet|dp0.5  seeds=[6]  (scene=corridor engine=mf K=5)
[2026-09-05 16:37:44] discovery - INFO - Candidate 42: pillars|af|K1|bbunet|@EPlatest_u6unet_ae02  seeds=[6]  (scene=pillars engine=af K=1)
[2026-09-05 16:37:44] discovery - INFO - Candidate 43: pillars|af|K2|bbunet|@EPlatest_u6unet_ae02  seeds=[6]  (scene=pillars engine=af K=2)
[2026-09-05 16:37:44] discovery - INFO - Candidate 44: pillars|af|K1|bbsit  seeds=[6]  (scene=pillars engine=af K=1)
[2026-09-05 16:37:44] discovery - INFO - Candidate 45: pillars|af|K1|bbsit|@u6sitlatest  seeds=[6]  (scene=pillars engine=af K=1)
[2026-09-05 16:37:44] discovery - INFO - Candidate 46: pillars|af|K2|bbsit  seeds=[6]  (scene=pillars engine=af K=2)
[2026-09-05 16:37:44] discovery - INFO - Candidate 47: pillars|af|K2|bbsit|@u6sitlatest  seeds=[6]  (scene=pillars engine=af K=2)
[2026-09-05 16:37:44] discovery - INFO - Candidate 48: pillars|af|K5|bbsit  seeds=[6]  (scene=pillars engine=af K=5)
[2026-09-05 16:37:44] discovery - INFO - Candidate 49: pillars|fm|K10  seeds=[6]  (scene=pillars engine=fm K=10)
[2026-09-05 16:37:44] discovery - WARNING - Candidate 49 (pillars|fm|K10): 6 variant folder(s) carry a PROJECTION_CB_TRIPPED.txt sentinel — projection was ABANDONED there, their constraint metrics are not valid
[2026-09-05 16:37:44] discovery - INFO - Candidate 50: pillars|fm|K1  seeds=[6]  (scene=pillars engine=fm K=1)
[2026-09-05 16:37:44] discovery - INFO - Candidate 51: pillars|fm|K20  seeds=[6]  (scene=pillars engine=fm K=20)
[2026-09-05 16:37:44] discovery - WARNING - Candidate 51 (pillars|fm|K20): 3 variant folder(s) carry a PROJECTION_CB_TRIPPED.txt sentinel — projection was ABANDONED there, their constraint metrics are not valid
[2026-09-05 16:37:44] discovery - INFO - Candidate 52: pillars|fm|K2  seeds=[6]  (scene=pillars engine=fm K=2)
[2026-09-05 16:37:44] discovery - INFO - Candidate 53: pillars|fm|K5  seeds=[6]  (scene=pillars engine=fm K=5)
[2026-09-05 16:37:44] discovery - INFO - Candidate 54: pillars|mf|K10|bbunet|dp0.5  seeds=[6]  (scene=pillars engine=mf K=10)
[2026-09-05 16:37:44] discovery - INFO - Candidate 55: pillars|mf|K1|bbunet|dp0.5  seeds=[6]  (scene=pillars engine=mf K=1)
[2026-09-05 16:37:44] discovery - INFO - Candidate 56: pillars|mf|K1|bbunet|dp0.5|@fix16legacy  seeds=[6]  (scene=pillars engine=mf K=1)
[2026-09-05 16:37:44] discovery - INFO - Candidate 57: pillars|mf|K1|bbunet|dp0.5|@fix16scaled  seeds=[6]  (scene=pillars engine=mf K=1)
[2026-09-05 16:37:44] discovery - INFO - Candidate 58: pillars|mf|K2|bbunet|dp0.5  seeds=[6]  (scene=pillars engine=mf K=2)
[2026-09-05 16:37:44] discovery - INFO - Candidate 59: pillars|mf|K2|bbunet|dp0.5|@fix16legacy  seeds=[6]  (scene=pillars engine=mf K=2)
[2026-09-05 16:37:44] discovery - INFO - Candidate 60: pillars|mf|K2|bbunet|dp0.5|@fix16scaled  seeds=[6]  (scene=pillars engine=mf K=2)
[2026-09-05 16:37:44] discovery - INFO - Candidate 61: pillars|mf|K5|bbunet|dp0.5  seeds=[6]  (scene=pillars engine=mf K=5)
[2026-09-05 16:37:44] discovery - INFO - Candidate 62: pillars|mf|K5|bbunet|dp0.5|@fix16legacy  seeds=[6]  (scene=pillars engine=mf K=5)
[2026-09-05 16:37:44] discovery - INFO - Candidate 63: pillars|mf|K5|bbunet|dp0.5|@fix16scaled  seeds=[6]  (scene=pillars engine=mf K=5)
[2026-09-05 16:37:44] discovery - INFO - Candidate 64: s_curve|diffusion|K20  seeds=[6]  (scene=s_curve engine=diffusion K=20)
[2026-09-05 16:37:44] discovery - INFO - Candidate 65: s_curve|fm|K10  seeds=[6]  (scene=s_curve engine=fm K=10)
[2026-09-05 16:37:44] discovery - INFO - Candidate 66: s_curve|fm|K1  seeds=[6]  (scene=s_curve engine=fm K=1)
[2026-09-05 16:37:44] discovery - INFO - Candidate 67: s_curve|fm|K20  seeds=[6]  (scene=s_curve engine=fm K=20)
[2026-09-05 16:37:44] discovery - INFO - Candidate 68: s_curve|fm|K2  seeds=[6]  (scene=s_curve engine=fm K=2)
[2026-09-05 16:37:44] discovery - INFO - Candidate 69: s_curve|fm|K5  seeds=[6]  (scene=s_curve engine=fm K=5)
[2026-09-05 16:37:44] discovery - INFO - Candidate 70: s_curve|mf|K10|bbunet|dp0.5  seeds=[6]  (scene=s_curve engine=mf K=10)
[2026-09-05 16:37:44] discovery - INFO - Candidate 71: s_curve|mf|K1|bbunet|dp0.5  seeds=[6]  (scene=s_curve engine=mf K=1)
[2026-09-05 16:37:44] discovery - INFO - Candidate 72: s_curve|mf|K20|bbunet|dp0.5  seeds=[6]  (scene=s_curve engine=mf K=20)
[2026-09-05 16:37:44] discovery - INFO - Candidate 73: s_curve|mf|K2|bbunet|dp0.5  seeds=[6]  (scene=s_curve engine=mf K=2)
[2026-09-05 16:37:44] discovery - INFO - Candidate 74: s_curve|mf|K5|bbunet|dp0.5  seeds=[6]  (scene=s_curve engine=mf K=5)
[2026-09-05 16:37:44] discovery - INFO - Candidate 75: s_curve|af|K1|bbsit|@u6unet_ae0  seeds=[6]  (scene=s_curve engine=af K=1)
[2026-09-05 16:37:44] discovery - INFO - Candidate 76: s_curve|af|K2|bbsit|@u6unet_ae0  seeds=[6]  (scene=s_curve engine=af K=2)
[2026-09-05 16:37:44] discovery - INFO - Candidate 77: s_curve|af|K5|bbsit|@u6unet_ae0  seeds=[6]  (scene=s_curve engine=af K=5)
[2026-09-05 16:37:44] discovery - INFO - Candidate 78: s_curve|diffusion|K20  seeds=[6]  (scene=s_curve engine=diffusion K=20)
[2026-09-05 16:37:44] discovery - INFO - Total candidates discovered: 78
[2026-09-05 16:37:44] DA_UAV_v1 - INFO - 
=== Candidates Discovered ===
Total: 78

  1: corridor|Gen11
      Path:  /u/home/llim/FMPCC/FM-PCC/logs/UAV_FM/uav-corridor/plans(Bf_DC-FIX)/flow_matching_v3_uav/H8_Dmodels.diffusion.FlowMatchingODE_condp_des
      Axes:  scene=corridor  engine=?  K=None  mpc=None  ctrl=?  T=None  gen=Gen11
      Seeds: [6]
      Last run: 2026-06-28 14:20:52  (2 config snapshot(s) over 1 seed(s))

  2: corridor|K20|Gen11
      Path:  /u/home/llim/FMPCC/FM-PCC/logs/UAV_FM/uav-corridor/plans(Bf_U8)/flow_matching_v3_uav/H8_Dmodels.diffusion.FlowMatchingODE_9D/K20_mpc4_pid_stopgo_T0.5
      Axes:  scene=corridor  engine=?  K=20  mpc=4  ctrl=pid_stopgo  T=0.5  gen=Gen11
      Seeds: [6]
      Last run: 2026-07-02 05:32:07  (1 config snapshot(s) over 1 seed(s))

  3: corridor|Gen11
      Path:  /u/home/llim/FMPCC/FM-PCC/logs/UAV_FM/uav-corridor/plans(E6)/flow_matching_v3_uav/H8_Dmodels.diffusion.FlowMatchingODE
      Axes:  scene=corridor  engine=?  K=None  mpc=None  ctrl=?  T=None  gen=Gen11
      Seeds: [6]

  4: corridor|Gen11
      Path:  /u/home/llim/FMPCC/FM-PCC/logs/UAV_FM/uav-corridor/plans(E7_U1)/flow_matching_v3_uav/H8_Dmodels.diffusion.FlowMatchingODE
      Axes:  scene=corridor  engine=?  K=None  mpc=None  ctrl=?  T=None  gen=Gen11
      Seeds: [6]

  5: corridor|Gen11
      Path:  /u/home/llim/FMPCC/FM-PCC/logs/UAV_FM/uav-corridor/plans(E7_U3)/flow_matching_v3_uav/H8_Dmodels.diffusion.FlowMatchingODE
      Axes:  scene=corridor  engine=?  K=None  mpc=None  ctrl=?  T=None  gen=Gen11
      Seeds: [6]

  6: corridor|Gen11
      Path:  /u/home/llim/FMPCC/FM-PCC/logs/UAV_FM/uav-corridor/plans(E7_U4_fix3)/flow_matching_v3_uav/H8_Dmodels.diffusion.FlowMatchingODE_condp_des
      Axes:  scene=corridor  engine=?  K=None  mpc=None  ctrl=?  T=None  gen=Gen11
      Seeds: [6]
      Last run: 2026-06-28 10:08:59  (1 config snapshot(s) over 1 seed(s))

  7: corridor|K20|Gen11
      Path:  /u/home/llim/FMPCC/FM-PCC/logs/UAV_FM/uav-corridor/plans/flow_matching_v3_uav/H8_Dmodels.diffusion.FlowMatchingODE_9D/K20_mpc4_pid_stopgo_T0.5
      Axes:  scene=corridor  engine=?  K=20  mpc=4  ctrl=pid_stopgo  T=0.5  gen=Gen11
      Seeds: [6]
      Last run: 2026-07-08 16:11:14  (1 config snapshot(s) over 1 seed(s))

  8: empty|Gen11
      Path:  /u/home/llim/FMPCC/FM-PCC/logs/UAV_FM/uav-empty/plans(Bf_DC-FIX)/flow_matching_v3_uav/H8_Dmodels.diffusion.FlowMatchingODE
      Axes:  scene=empty  engine=?  K=None  mpc=None  ctrl=?  T=None  gen=Gen11
      Seeds: [6]
      Last run: 2026-06-28 19:14:49  (1 config snapshot(s) over 1 seed(s))

  9: empty|K20|Gen11
      Path:  /u/home/llim/FMPCC/FM-PCC/logs/UAV_FM/uav-empty/plans(Bf_U8)/flow_matching_v3_uav/H8_Dmodels.diffusion.FlowMatchingODE_9D/K20_mpc4_pid_stopgo_T0.5
      Axes:  scene=empty  engine=?  K=20  mpc=4  ctrl=pid_stopgo  T=0.5  gen=Gen11
      Seeds: [6]
      Last run: 2026-07-03 09:32:41  (1 config snapshot(s) over 1 seed(s))

  10: empty|Gen11
      Path:  /u/home/llim/FMPCC/FM-PCC/logs/UAV_FM/uav-empty/plans(E6)/flow_matching_v3_uav/H8_Dmodels.diffusion.FlowMatchingODE
      Axes:  scene=empty  engine=?  K=None  mpc=None  ctrl=?  T=None  gen=Gen11
      Seeds: [6]

  11: empty|Gen11
      Path:  /u/home/llim/FMPCC/FM-PCC/logs/UAV_FM/uav-empty/plans(E7U3)/flow_matching_v3_uav/H8_Dmodels.diffusion.FlowMatchingODE
      Axes:  scene=empty  engine=?  K=None  mpc=None  ctrl=?  T=None  gen=Gen11
      Seeds: [6]

  12: pillars|Gen11
      Path:  /u/home/llim/FMPCC/FM-PCC/logs/UAV_FM/uav-pillars/flow_matching_v3_uav/H8_Dmodels.diffusion.FlowMatchingODE
      Axes:  scene=pillars  engine=?  K=None  mpc=None  ctrl=?  T=None  gen=Gen11
      Seeds: [6]
      Last run: 2026-06-28 20:32:15  (11 config snapshot(s) over 1 seed(s))

  13: pillars|Gen11
      Path:  /u/home/llim/FMPCC/FM-PCC/logs/UAV_FM/uav-pillars/plans(Bf_DC-FIX)/flow_matching_v3_uav/H8_Dmodels.diffusion.FlowMatchingODE(12D_PID_with_anchor_P)
      Axes:  scene=pillars  engine=?  K=None  mpc=None  ctrl=?  T=None  gen=Gen11
      Seeds: [6]
      Last run: 2026-06-28 20:32:16  (1 config snapshot(s) over 1 seed(s))

  14: pillars|Gen11
      Path:  /u/home/llim/FMPCC/FM-PCC/logs/UAV_FM/uav-pillars/plans(Bf_DC-FIX)/flow_matching_v3_uav/H8_Dmodels.diffusion.FlowMatchingODE_9D
      Axes:  scene=pillars  engine=?  K=None  mpc=None  ctrl=?  T=None  gen=Gen11
      Seeds: [6]
      Last run: 2026-06-29 17:40:35  (3 config snapshot(s) over 1 seed(s))

  15: pillars|Gen11
      Path:  /u/home/llim/FMPCC/FM-PCC/logs/UAV_FM/uav-pillars/plans(Bf_DC-FIX)/flow_matching_v3_uav/H8_Dmodels.diffusion.FlowMatchingODE_9D(pid_stop_go)
      Axes:  scene=pillars  engine=?  K=None  mpc=None  ctrl=?  T=None  gen=Gen11
      Seeds: [6]
      Last run: 2026-06-29 15:23:55  (1 config snapshot(s) over 1 seed(s))

  16: pillars|K20|Gen11
      Path:  /u/home/llim/FMPCC/FM-PCC/logs/UAV_FM/uav-pillars/plans(Bf_Fix14)/flow_matching_v3_uav/H8_Dmodels.diffusion.FlowMatchingODE_9D/K20_mpc4_pid_stopgo_T0.5
      Axes:  scene=pillars  engine=?  K=20  mpc=4  ctrl=pid_stopgo  T=0.5  gen=Gen11
      Seeds: [6]
      Last run: 2026-07-06 17:32:05  (2 config snapshot(s) over 1 seed(s))

  17: pillars|K20|Gen11
      Path:  /u/home/llim/FMPCC/FM-PCC/logs/UAV_FM/uav-pillars/plans(Bf_U8)/flow_matching_v3_uav/H8_Dmodels.diffusion.FlowMatchingODE_9D/K20_mpc4_mjpc_T0.5
      Axes:  scene=pillars  engine=?  K=20  mpc=4  ctrl=mjpc  T=0.5  gen=Gen11
      Seeds: [6]
      Last run: 2026-07-02 15:06:59  (1 config snapshot(s) over 1 seed(s))

  18: pillars|K20|Gen11
      Path:  /u/home/llim/FMPCC/FM-PCC/logs/UAV_FM/uav-pillars/plans(Bf_U8)/flow_matching_v3_uav/H8_Dmodels.diffusion.FlowMatchingODE_9D/K20_mpc4_pid_const_v_T0.5
      Axes:  scene=pillars  engine=?  K=20  mpc=4  ctrl=pid_const_v  T=0.5  gen=Gen11
      Seeds: [6]
      Last run: 2026-07-02 20:07:54  (1 config snapshot(s) over 1 seed(s))

  19: pillars|K20|Gen11
      Path:  /u/home/llim/FMPCC/FM-PCC/logs/UAV_FM/uav-pillars/plans(Bf_U8)/flow_matching_v3_uav/H8_Dmodels.diffusion.FlowMatchingODE_9D/K20_mpc4_pid_stopgo_T0.5
      Axes:  scene=pillars  engine=?  K=20  mpc=4  ctrl=pid_stopgo  T=0.5  gen=Gen11
      Seeds: [6]
      Last run: 2026-07-04 20:52:53  (1 config snapshot(s) over 1 seed(s))

  20: pillars|Gen11
      Path:  /u/home/llim/FMPCC/FM-PCC/logs/UAV_FM/uav-pillars/plans(E7_U3)/flow_matching_v3_uav/H8_Dmodels.diffusion.FlowMatchingODE
      Axes:  scene=pillars  engine=?  K=None  mpc=None  ctrl=?  T=None  gen=Gen11
      Seeds: [6]

  21: pillars|Gen11
      Path:  /u/home/llim/FMPCC/FM-PCC/logs/UAV_FM/uav-pillars/plans(U1)/flow_matching_v3_uav/H8_Dmodels.diffusion.FlowMatchingODE
      Axes:  scene=pillars  engine=?  K=None  mpc=None  ctrl=?  T=None  gen=Gen11
      Seeds: [6]

  22: pillars|K20|Gen11
      Path:  /u/home/llim/FMPCC/FM-PCC/logs/UAV_FM/uav-pillars/plans/flow_matching_v3_uav/H8_Dmodels.diffusion.FlowMatchingODE_9D/K20_mpc4_pid_stopgo_T0.5
      Axes:  scene=pillars  engine=?  K=20  mpc=4  ctrl=pid_stopgo  T=0.5  gen=Gen11
      Seeds: [6]
      Last run: 2026-07-10 21:33:43  (1 config snapshot(s) over 1 seed(s))

  23: s_curve|Gen11
      Path:  /u/home/llim/FMPCC/FM-PCC/logs/UAV_FM/uav-s_curve/plans(Bf_DC-FIX)/flow_matching_v3_uav/H8_Dmodels.diffusion.FlowMatchingODE
      Axes:  scene=s_curve  engine=?  K=None  mpc=None  ctrl=?  T=None  gen=Gen11
      Seeds: [6]
      Last run: 2026-06-28 17:14:38  (1 config snapshot(s) over 1 seed(s))

  24: s_curve|K20|Gen11
      Path:  /u/home/llim/FMPCC/FM-PCC/logs/UAV_FM/uav-s_curve/plans(Bf_DC-FIX)/flow_matching_v3_uav/H8_Dmodels.diffusion.FlowMatchingODE_9D/K20_mpc4_pid_stopgo_T0.5
      Axes:  scene=s_curve  engine=?  K=20  mpc=4  ctrl=pid_stopgo  T=0.5  gen=Gen11
      Seeds: [6]

  25: s_curve|K20|Gen11
      Path:  /u/home/llim/FMPCC/FM-PCC/logs/UAV_FM/uav-s_curve/plans(Bf_DC-FIX)/flow_matching_v3_uav/H8_Dmodels.diffusion.FlowMatchingODE_9D/K20_mpc4_pid_stopgo_anchorP_T0.5
      Axes:  scene=s_curve  engine=?  K=20  mpc=4  ctrl=pid_stopgo_anchorP  T=0.5  gen=Gen11
      Seeds: [6]

  26: s_curve|Gen11
      Path:  /u/home/llim/FMPCC/FM-PCC/logs/UAV_FM/uav-s_curve/plans(no_GIF)/flow_matching_v3_uav/H8_Dmodels.diffusion.FlowMatchingODE
      Axes:  scene=s_curve  engine=?  K=None  mpc=None  ctrl=?  T=None  gen=Gen11
      Seeds: [6]

  27: s_curve|Gen11
      Path:  /u/home/llim/FMPCC/FM-PCC/logs/UAV_FM/uav-s_curve/plans(with_gif_parts)/flow_matching_v3_uav/H8_Dmodels.diffusion.FlowMatchingODE
      Axes:  scene=s_curve  engine=?  K=None  mpc=None  ctrl=?  T=None  gen=Gen11
      Seeds: [6]

  28: s_curve|K20|Gen11
      Path:  /u/home/llim/FMPCC/FM-PCC/logs/UAV_FM/uav-s_curve/plans/flow_matching_v3_uav/H8_Dmodels.diffusion.FlowMatchingODE_9D/K20_mpc4_pid_stopgo_T0.5
      Axes:  scene=s_curve  engine=?  K=20  mpc=4  ctrl=pid_stopgo  T=0.5  gen=Gen11
      Seeds: [6]
      Last run: 2026-07-09 10:11:09  (2 config snapshot(s) over 1 seed(s))

  29: corridor|af|K1|bbsit
      Path:  /u/home/llim/FMPCC/FM-PCC/logs/UAV_MIX/uav-corridor/plans/mix_uav_af/H8_Dmodels.af_diffusion.AlphaFlowODE_9D_as1_ae0_bbsit/Eaf_K1_mpc4_pid_stopgo_T0.5
      Axes:  scene=corridor  engine=af  K=1  mpc=4  ctrl=pid_stopgo  T=0.5  gen=Gen15
      Model: H8_Dmodels.af_diffusion.AlphaFlowODE_9D_as1_ae0_bbsit  bb=sit  dp=-
      Seeds: [6]
      Last run: 2026-08-23 13:30:49  (1 config snapshot(s) over 1 seed(s))

  30: corridor|af|K2|bbsit
      Path:  /u/home/llim/FMPCC/FM-PCC/logs/UAV_MIX/uav-corridor/plans/mix_uav_af/H8_Dmodels.af_diffusion.AlphaFlowODE_9D_as1_ae0_bbsit/Eaf_K2_mpc4_pid_stopgo_T0.5
      Axes:  scene=corridor  engine=af  K=2  mpc=4  ctrl=pid_stopgo  T=0.5  gen=Gen15
      Model: H8_Dmodels.af_diffusion.AlphaFlowODE_9D_as1_ae0_bbsit  bb=sit  dp=-
      Seeds: [6]
      Last run: 2026-08-23 16:57:03  (1 config snapshot(s) over 1 seed(s))

  31: corridor|af|K5|bbsit
      Path:  /u/home/llim/FMPCC/FM-PCC/logs/UAV_MIX/uav-corridor/plans/mix_uav_af/H8_Dmodels.af_diffusion.AlphaFlowODE_9D_as1_ae0_bbsit/Eaf_K5_mpc4_pid_stopgo_T0.5
      Axes:  scene=corridor  engine=af  K=5  mpc=4  ctrl=pid_stopgo  T=0.5  gen=Gen15
      Model: H8_Dmodels.af_diffusion.AlphaFlowODE_9D_as1_ae0_bbsit  bb=sit  dp=-
      Seeds: [6]
      Last run: 2026-08-23 18:59:36  (1 config snapshot(s) over 1 seed(s))

  32: corridor|fm|K10
      Path:  /u/home/llim/FMPCC/FM-PCC/logs/UAV_MIX/uav-corridor/plans/mix_uav_fm/H8_Dmodels.diffusion.FlowMatchingODE_9D/Efm_K10_mpc4_pid_stopgo_T0.5
      Axes:  scene=corridor  engine=fm  K=10  mpc=4  ctrl=pid_stopgo  T=0.5  gen=Gen15
      Seeds: [6]
      Last run: 2026-08-19 21:25:38  (2 config snapshot(s) over 1 seed(s))

  33: corridor|fm|K1
      Path:  /u/home/llim/FMPCC/FM-PCC/logs/UAV_MIX/uav-corridor/plans/mix_uav_fm/H8_Dmodels.diffusion.FlowMatchingODE_9D/Efm_K1_mpc4_pid_stopgo_T0.5
      Axes:  scene=corridor  engine=fm  K=1  mpc=4  ctrl=pid_stopgo  T=0.5  gen=Gen15
      Seeds: [6]
      Last run: 2026-08-19 14:43:56  (1 config snapshot(s) over 1 seed(s))

  34: corridor|fm|K20
      Path:  /u/home/llim/FMPCC/FM-PCC/logs/UAV_MIX/uav-corridor/plans/mix_uav_fm/H8_Dmodels.diffusion.FlowMatchingODE_9D/Efm_K20_mpc4_pid_stopgo_T0.5
      Axes:  scene=corridor  engine=fm  K=20  mpc=4  ctrl=pid_stopgo  T=0.5  gen=Gen15
      Seeds: [6]
      Last run: 2026-08-19 23:20:44  (1 config snapshot(s) over 1 seed(s))

  35: corridor|fm|K2
      Path:  /u/home/llim/FMPCC/FM-PCC/logs/UAV_MIX/uav-corridor/plans/mix_uav_fm/H8_Dmodels.diffusion.FlowMatchingODE_9D/Efm_K2_mpc4_pid_stopgo_T0.5
      Axes:  scene=corridor  engine=fm  K=2  mpc=4  ctrl=pid_stopgo  T=0.5  gen=Gen15
      Seeds: [6]
      Last run: 2026-08-19 18:25:30  (1 config snapshot(s) over 1 seed(s))

  36: corridor|fm|K5
      Path:  /u/home/llim/FMPCC/FM-PCC/logs/UAV_MIX/uav-corridor/plans/mix_uav_fm/H8_Dmodels.diffusion.FlowMatchingODE_9D/Efm_K5_mpc4_pid_stopgo_T0.5
      Axes:  scene=corridor  engine=fm  K=5  mpc=4  ctrl=pid_stopgo  T=0.5  gen=Gen15
      Seeds: [6]
      Last run: 2026-08-19 19:33:52  (1 config snapshot(s) over 1 seed(s))

  37: corridor|mf|K10|bbunet|dp0.5
      Path:  /u/home/llim/FMPCC/FM-PCC/logs/UAV_MIX/uav-corridor/plans/mix_uav_mf/H8_Dmodels.mf_diffusion.MeanFlowODE_9D_dp0.5_bbunet/Emf_K10_mpc4_pid_stopgo_T0.5
      Axes:  scene=corridor  engine=mf  K=10  mpc=4  ctrl=pid_stopgo  T=0.5  gen=Gen15
      Model: H8_Dmodels.mf_diffusion.MeanFlowODE_9D_dp0.5_bbunet  bb=unet  dp=0.5
      Seeds: [6]
      Last run: 2026-08-20 17:12:18  (2 config snapshot(s) over 1 seed(s))

  38: corridor|mf|K1|bbunet|dp0.5
      Path:  /u/home/llim/FMPCC/FM-PCC/logs/UAV_MIX/uav-corridor/plans/mix_uav_mf/H8_Dmodels.mf_diffusion.MeanFlowODE_9D_dp0.5_bbunet/Emf_K1_mpc4_pid_stopgo_T0.5
      Axes:  scene=corridor  engine=mf  K=1  mpc=4  ctrl=pid_stopgo  T=0.5  gen=Gen15
      Model: H8_Dmodels.mf_diffusion.MeanFlowODE_9D_dp0.5_bbunet  bb=unet  dp=0.5
      Seeds: [6]
      Last run: 2026-08-20 10:49:02  (1 config snapshot(s) over 1 seed(s))

  39: corridor|mf|K20|bbunet|dp0.5
      Path:  /u/home/llim/FMPCC/FM-PCC/logs/UAV_MIX/uav-corridor/plans/mix_uav_mf/H8_Dmodels.mf_diffusion.MeanFlowODE_9D_dp0.5_bbunet/Emf_K20_mpc4_pid_stopgo_T0.5
      Axes:  scene=corridor  engine=mf  K=20  mpc=4  ctrl=pid_stopgo  T=0.5  gen=Gen15
      Model: H8_Dmodels.mf_diffusion.MeanFlowODE_9D_dp0.5_bbunet  bb=unet  dp=0.5
      Seeds: [6]
      Last run: 2026-08-20 22:08:31  (1 config snapshot(s) over 1 seed(s))

  40: corridor|mf|K2|bbunet|dp0.5
      Path:  /u/home/llim/FMPCC/FM-PCC/logs/UAV_MIX/uav-corridor/plans/mix_uav_mf/H8_Dmodels.mf_diffusion.MeanFlowODE_9D_dp0.5_bbunet/Emf_K2_mpc4_pid_stopgo_T0.5
      Axes:  scene=corridor  engine=mf  K=2  mpc=4  ctrl=pid_stopgo  T=0.5  gen=Gen15
      Model: H8_Dmodels.mf_diffusion.MeanFlowODE_9D_dp0.5_bbunet  bb=unet  dp=0.5
      Seeds: [6]
      Last run: 2026-08-20 10:49:04  (1 config snapshot(s) over 1 seed(s))

  41: corridor|mf|K5|bbunet|dp0.5
      Path:  /u/home/llim/FMPCC/FM-PCC/logs/UAV_MIX/uav-corridor/plans/mix_uav_mf/H8_Dmodels.mf_diffusion.MeanFlowODE_9D_dp0.5_bbunet/Emf_K5_mpc4_pid_stopgo_T0.5
      Axes:  scene=corridor  engine=mf  K=5  mpc=4  ctrl=pid_stopgo  T=0.5  gen=Gen15
      Model: H8_Dmodels.mf_diffusion.MeanFlowODE_9D_dp0.5_bbunet  bb=unet  dp=0.5
      Seeds: [6]
      Last run: 2026-08-20 16:45:30  (1 config snapshot(s) over 1 seed(s))

  42: pillars|af|K1|bbunet|@EPlatest_u6unet_ae02
      Path:  /u/home/llim/FMPCC/FM-PCC/logs/UAV_MIX/uav-pillars/plans/mix_uav_af/H8_Dmodels.af_diffusion.AlphaFlowODE_9D_as1_ae0.2_bbunet/Eaf_K1_mpc4_pid_stopgo_T0.5_EPlatest_u6unet_ae02
      Axes:  scene=pillars  engine=af  K=1  mpc=4  ctrl=pid_stopgo  T=0.5  gen=Gen15
      Model: H8_Dmodels.af_diffusion.AlphaFlowODE_9D_as1_ae0.2_bbunet  bb=unet  dp=-
      Seeds: [6]
      Last run: 2026-09-05 01:50:12  (1 config snapshot(s) over 1 seed(s))

  43: pillars|af|K2|bbunet|@EPlatest_u6unet_ae02
      Path:  /u/home/llim/FMPCC/FM-PCC/logs/UAV_MIX/uav-pillars/plans/mix_uav_af/H8_Dmodels.af_diffusion.AlphaFlowODE_9D_as1_ae0.2_bbunet/Eaf_K2_mpc4_pid_stopgo_T0.5_EPlatest_u6unet_ae02
      Axes:  scene=pillars  engine=af  K=2  mpc=4  ctrl=pid_stopgo  T=0.5  gen=Gen15
      Model: H8_Dmodels.af_diffusion.AlphaFlowODE_9D_as1_ae0.2_bbunet  bb=unet  dp=-
      Seeds: [6]
      Last run: 2026-09-05 02:59:28  (1 config snapshot(s) over 1 seed(s))

  44: pillars|af|K1|bbsit
      Path:  /u/home/llim/FMPCC/FM-PCC/logs/UAV_MIX/uav-pillars/plans/mix_uav_af/H8_Dmodels.af_diffusion.AlphaFlowODE_9D_as1_ae0_bbsit/Eaf_K1_mpc4_pid_stopgo_T0.5
      Axes:  scene=pillars  engine=af  K=1  mpc=4  ctrl=pid_stopgo  T=0.5  gen=Gen15
      Model: H8_Dmodels.af_diffusion.AlphaFlowODE_9D_as1_ae0_bbsit  bb=sit  dp=-
      Seeds: [6]
      Last run: 2026-08-29 05:19:44  (1 config snapshot(s) over 1 seed(s))

  45: pillars|af|K1|bbsit|@u6sitlatest
      Path:  /u/home/llim/FMPCC/FM-PCC/logs/UAV_MIX/uav-pillars/plans/mix_uav_af/H8_Dmodels.af_diffusion.AlphaFlowODE_9D_as1_ae0_bbsit/Eaf_K1_mpc4_pid_stopgo_T0.5_u6sitlatest
      Axes:  scene=pillars  engine=af  K=1  mpc=4  ctrl=pid_stopgo  T=0.5  gen=Gen15
      Model: H8_Dmodels.af_diffusion.AlphaFlowODE_9D_as1_ae0_bbsit  bb=sit  dp=-
      Seeds: [6]
      Last run: 2026-09-04 13:48:47  (1 config snapshot(s) over 1 seed(s))

  46: pillars|af|K2|bbsit
      Path:  /u/home/llim/FMPCC/FM-PCC/logs/UAV_MIX/uav-pillars/plans/mix_uav_af/H8_Dmodels.af_diffusion.AlphaFlowODE_9D_as1_ae0_bbsit/Eaf_K2_mpc4_pid_stopgo_T0.5
      Axes:  scene=pillars  engine=af  K=2  mpc=4  ctrl=pid_stopgo  T=0.5  gen=Gen15
      Model: H8_Dmodels.af_diffusion.AlphaFlowODE_9D_as1_ae0_bbsit  bb=sit  dp=-
      Seeds: [6]
      Last run: 2026-08-29 06:43:23  (1 config snapshot(s) over 1 seed(s))

  47: pillars|af|K2|bbsit|@u6sitlatest
      Path:  /u/home/llim/FMPCC/FM-PCC/logs/UAV_MIX/uav-pillars/plans/mix_uav_af/H8_Dmodels.af_diffusion.AlphaFlowODE_9D_as1_ae0_bbsit/Eaf_K2_mpc4_pid_stopgo_T0.5_u6sitlatest
      Axes:  scene=pillars  engine=af  K=2  mpc=4  ctrl=pid_stopgo  T=0.5  gen=Gen15
      Model: H8_Dmodels.af_diffusion.AlphaFlowODE_9D_as1_ae0_bbsit  bb=sit  dp=-
      Seeds: [6]
      Last run: 2026-09-04 14:46:59  (1 config snapshot(s) over 1 seed(s))

  48: pillars|af|K5|bbsit
      Path:  /u/home/llim/FMPCC/FM-PCC/logs/UAV_MIX/uav-pillars/plans/mix_uav_af/H8_Dmodels.af_diffusion.AlphaFlowODE_9D_as1_ae0_bbsit/Eaf_K5_mpc4_pid_stopgo_T0.5
      Axes:  scene=pillars  engine=af  K=5  mpc=4  ctrl=pid_stopgo  T=0.5  gen=Gen15
      Model: H8_Dmodels.af_diffusion.AlphaFlowODE_9D_as1_ae0_bbsit  bb=sit  dp=-
      Seeds: [6]
      Last run: 2026-08-29 08:14:33  (1 config snapshot(s) over 1 seed(s))

  49: pillars|fm|K10
      Path:  /u/home/llim/FMPCC/FM-PCC/logs/UAV_MIX/uav-pillars/plans/mix_uav_fm/H8_Dmodels.diffusion.FlowMatchingODE_9D/Efm_K10_mpc4_pid_stopgo_T0.5
      Axes:  scene=pillars  engine=fm  K=10  mpc=4  ctrl=pid_stopgo  T=0.5  gen=Gen15
      Seeds: [6]
      Last run: 2026-08-18 13:03:46  (1 config snapshot(s) over 1 seed(s))
      WARNING 6 variant folder(s) marked PROJECTION_CB_TRIPPED.txt

  50: pillars|fm|K1
      Path:  /u/home/llim/FMPCC/FM-PCC/logs/UAV_MIX/uav-pillars/plans/mix_uav_fm/H8_Dmodels.diffusion.FlowMatchingODE_9D/Efm_K1_mpc4_pid_stopgo_T0.5
      Axes:  scene=pillars  engine=fm  K=1  mpc=4  ctrl=pid_stopgo  T=0.5  gen=Gen15
      Seeds: [6]
      Last run: 2026-08-27 17:25:55  (1 config snapshot(s) over 1 seed(s))

  51: pillars|fm|K20
      Path:  /u/home/llim/FMPCC/FM-PCC/logs/UAV_MIX/uav-pillars/plans/mix_uav_fm/H8_Dmodels.diffusion.FlowMatchingODE_9D/Efm_K20_mpc4_pid_stopgo_T0.5
      Axes:  scene=pillars  engine=fm  K=20  mpc=4  ctrl=pid_stopgo  T=0.5  gen=Gen15
      Seeds: [6]
      Last run: 2026-08-27 23:40:36  (1 config snapshot(s) over 1 seed(s))
      WARNING 3 variant folder(s) marked PROJECTION_CB_TRIPPED.txt

  52: pillars|fm|K2
      Path:  /u/home/llim/FMPCC/FM-PCC/logs/UAV_MIX/uav-pillars/plans/mix_uav_fm/H8_Dmodels.diffusion.FlowMatchingODE_9D/Efm_K2_mpc4_pid_stopgo_T0.5
      Axes:  scene=pillars  engine=fm  K=2  mpc=4  ctrl=pid_stopgo  T=0.5  gen=Gen15
      Seeds: [6]
      Last run: 2026-08-27 20:31:40  (1 config snapshot(s) over 1 seed(s))

  53: pillars|fm|K5
      Path:  /u/home/llim/FMPCC/FM-PCC/logs/UAV_MIX/uav-pillars/plans/mix_uav_fm/H8_Dmodels.diffusion.FlowMatchingODE_9D/Efm_K5_mpc4_pid_stopgo_T0.5
      Axes:  scene=pillars  engine=fm  K=5  mpc=4  ctrl=pid_stopgo  T=0.5  gen=Gen15
      Seeds: [6]
      Last run: 2026-08-27 23:40:31  (1 config snapshot(s) over 1 seed(s))

  54: pillars|mf|K10|bbunet|dp0.5
      Path:  /u/home/llim/FMPCC/FM-PCC/logs/UAV_MIX/uav-pillars/plans/mix_uav_mf/H8_Dmodels.mf_diffusion.MeanFlowODE_9D_dp0.5_bbunet/Emf_K10_mpc4_pid_stopgo_T0.5
      Axes:  scene=pillars  engine=mf  K=10  mpc=4  ctrl=pid_stopgo  T=0.5  gen=Gen15
      Model: H8_Dmodels.mf_diffusion.MeanFlowODE_9D_dp0.5_bbunet  bb=unet  dp=0.5
      Seeds: [6]
      Last run: 2026-08-16 20:58:37  (1 config snapshot(s) over 1 seed(s))

  55: pillars|mf|K1|bbunet|dp0.5
      Path:  /u/home/llim/FMPCC/FM-PCC/logs/UAV_MIX/uav-pillars/plans/mix_uav_mf/H8_Dmodels.mf_diffusion.MeanFlowODE_9D_dp0.5_bbunet/Emf_K1_mpc4_pid_stopgo_T0.5
      Axes:  scene=pillars  engine=mf  K=1  mpc=4  ctrl=pid_stopgo  T=0.5  gen=Gen15
      Model: H8_Dmodels.mf_diffusion.MeanFlowODE_9D_dp0.5_bbunet  bb=unet  dp=0.5
      Seeds: [6]
      Last run: 2026-08-28 13:49:08  (1 config snapshot(s) over 1 seed(s))

  56: pillars|mf|K1|bbunet|dp0.5|@fix16legacy
      Path:  /u/home/llim/FMPCC/FM-PCC/logs/UAV_MIX/uav-pillars/plans/mix_uav_mf/H8_Dmodels.mf_diffusion.MeanFlowODE_9D_dp0.5_bbunet/Emf_K1_mpc4_pid_stopgo_T0.5_fix16legacy
      Axes:  scene=pillars  engine=mf  K=1  mpc=4  ctrl=pid_stopgo  T=0.5  gen=Gen15
      Model: H8_Dmodels.mf_diffusion.MeanFlowODE_9D_dp0.5_bbunet  bb=unet  dp=0.5
      Seeds: [6]
      Last run: 2026-09-03 00:44:11  (1 config snapshot(s) over 1 seed(s))

  57: pillars|mf|K1|bbunet|dp0.5|@fix16scaled
      Path:  /u/home/llim/FMPCC/FM-PCC/logs/UAV_MIX/uav-pillars/plans/mix_uav_mf/H8_Dmodels.mf_diffusion.MeanFlowODE_9D_dp0.5_bbunet/Emf_K1_mpc4_pid_stopgo_T0.5_fix16scaled
      Axes:  scene=pillars  engine=mf  K=1  mpc=4  ctrl=pid_stopgo  T=0.5  gen=Gen15
      Model: H8_Dmodels.mf_diffusion.MeanFlowODE_9D_dp0.5_bbunet  bb=unet  dp=0.5
      Seeds: [6]
      Last run: 2026-09-03 10:54:14  (1 config snapshot(s) over 1 seed(s))

  58: pillars|mf|K2|bbunet|dp0.5
      Path:  /u/home/llim/FMPCC/FM-PCC/logs/UAV_MIX/uav-pillars/plans/mix_uav_mf/H8_Dmodels.mf_diffusion.MeanFlowODE_9D_dp0.5_bbunet/Emf_K2_mpc4_pid_stopgo_T0.5
      Axes:  scene=pillars  engine=mf  K=2  mpc=4  ctrl=pid_stopgo  T=0.5  gen=Gen15
      Model: H8_Dmodels.mf_diffusion.MeanFlowODE_9D_dp0.5_bbunet  bb=unet  dp=0.5
      Seeds: [6]
      Last run: 2026-08-28 15:29:51  (1 config snapshot(s) over 1 seed(s))

  59: pillars|mf|K2|bbunet|dp0.5|@fix16legacy
      Path:  /u/home/llim/FMPCC/FM-PCC/logs/UAV_MIX/uav-pillars/plans/mix_uav_mf/H8_Dmodels.mf_diffusion.MeanFlowODE_9D_dp0.5_bbunet/Emf_K2_mpc4_pid_stopgo_T0.5_fix16legacy
      Axes:  scene=pillars  engine=mf  K=2  mpc=4  ctrl=pid_stopgo  T=0.5  gen=Gen15
      Model: H8_Dmodels.mf_diffusion.MeanFlowODE_9D_dp0.5_bbunet  bb=unet  dp=0.5
      Seeds: [6]
      Last run: 2026-09-03 01:48:09  (1 config snapshot(s) over 1 seed(s))

  60: pillars|mf|K2|bbunet|dp0.5|@fix16scaled
      Path:  /u/home/llim/FMPCC/FM-PCC/logs/UAV_MIX/uav-pillars/plans/mix_uav_mf/H8_Dmodels.mf_diffusion.MeanFlowODE_9D_dp0.5_bbunet/Emf_K2_mpc4_pid_stopgo_T0.5_fix16scaled
      Axes:  scene=pillars  engine=mf  K=2  mpc=4  ctrl=pid_stopgo  T=0.5  gen=Gen15
      Model: H8_Dmodels.mf_diffusion.MeanFlowODE_9D_dp0.5_bbunet  bb=unet  dp=0.5
      Seeds: [6]
      Last run: 2026-09-03 12:19:28  (1 config snapshot(s) over 1 seed(s))

  61: pillars|mf|K5|bbunet|dp0.5
      Path:  /u/home/llim/FMPCC/FM-PCC/logs/UAV_MIX/uav-pillars/plans/mix_uav_mf/H8_Dmodels.mf_diffusion.MeanFlowODE_9D_dp0.5_bbunet/Emf_K5_mpc4_pid_stopgo_T0.5
      Axes:  scene=pillars  engine=mf  K=5  mpc=4  ctrl=pid_stopgo  T=0.5  gen=Gen15
      Model: H8_Dmodels.mf_diffusion.MeanFlowODE_9D_dp0.5_bbunet  bb=unet  dp=0.5
      Seeds: [6]
      Last run: 2026-08-28 17:13:43  (1 config snapshot(s) over 1 seed(s))

  62: pillars|mf|K5|bbunet|dp0.5|@fix16legacy
      Path:  /u/home/llim/FMPCC/FM-PCC/logs/UAV_MIX/uav-pillars/plans/mix_uav_mf/H8_Dmodels.mf_diffusion.MeanFlowODE_9D_dp0.5_bbunet/Emf_K5_mpc4_pid_stopgo_T0.5_fix16legacy
      Axes:  scene=pillars  engine=mf  K=5  mpc=4  ctrl=pid_stopgo  T=0.5  gen=Gen15
      Model: H8_Dmodels.mf_diffusion.MeanFlowODE_9D_dp0.5_bbunet  bb=unet  dp=0.5
      Seeds: [6]
      Last run: 2026-09-03 02:53:50  (1 config snapshot(s) over 1 seed(s))

  63: pillars|mf|K5|bbunet|dp0.5|@fix16scaled
      Path:  /u/home/llim/FMPCC/FM-PCC/logs/UAV_MIX/uav-pillars/plans/mix_uav_mf/H8_Dmodels.mf_diffusion.MeanFlowODE_9D_dp0.5_bbunet/Emf_K5_mpc4_pid_stopgo_T0.5_fix16scaled
      Axes:  scene=pillars  engine=mf  K=5  mpc=4  ctrl=pid_stopgo  T=0.5  gen=Gen15
      Model: H8_Dmodels.mf_diffusion.MeanFlowODE_9D_dp0.5_bbunet  bb=unet  dp=0.5
      Seeds: [6]
      Last run: 2026-09-03 12:38:50  (1 config snapshot(s) over 1 seed(s))

  64: s_curve|diffusion|K20
      Path:  /u/home/llim/FMPCC/FM-PCC/logs/UAV_MIX/uav-s_curve/plans(Bf_U5)/mix_uav_diffusion/H8_Dmodels.ddpm_diffusion.GaussianDiffusion_9D_K20/Ediffusion_K20_mpc4_pid_stopgo_T0.5
      Axes:  scene=s_curve  engine=diffusion  K=20  mpc=4  ctrl=pid_stopgo  T=0.5  gen=Gen15
      Seeds: [6]
      Last run: 2026-08-26 09:32:27  (1 config snapshot(s) over 1 seed(s))

  65: s_curve|fm|K10
      Path:  /u/home/llim/FMPCC/FM-PCC/logs/UAV_MIX/uav-s_curve/plans(Bf_U5)/mix_uav_fm/H8_Dmodels.diffusion.FlowMatchingODE_9D/Efm_K10_mpc4_pid_stopgo_T0.5
      Axes:  scene=s_curve  engine=fm  K=10  mpc=4  ctrl=pid_stopgo  T=0.5  gen=Gen15
      Seeds: [6]
      Last run: 2026-08-26 19:45:32  (2 config snapshot(s) over 1 seed(s))

  66: s_curve|fm|K1
      Path:  /u/home/llim/FMPCC/FM-PCC/logs/UAV_MIX/uav-s_curve/plans(Bf_U5)/mix_uav_fm/H8_Dmodels.diffusion.FlowMatchingODE_9D/Efm_K1_mpc4_pid_stopgo_T0.5
      Axes:  scene=s_curve  engine=fm  K=1  mpc=4  ctrl=pid_stopgo  T=0.5  gen=Gen15
      Seeds: [6]
      Last run: 2026-08-26 14:40:00  (1 config snapshot(s) over 1 seed(s))

  67: s_curve|fm|K20
      Path:  /u/home/llim/FMPCC/FM-PCC/logs/UAV_MIX/uav-s_curve/plans(Bf_U5)/mix_uav_fm/H8_Dmodels.diffusion.FlowMatchingODE_9D/Efm_K20_mpc4_pid_stopgo_T0.5
      Axes:  scene=s_curve  engine=fm  K=20  mpc=4  ctrl=pid_stopgo  T=0.5  gen=Gen15
      Seeds: [6]
      Last run: 2026-08-25 20:31:52  (1 config snapshot(s) over 1 seed(s))

  68: s_curve|fm|K2
      Path:  /u/home/llim/FMPCC/FM-PCC/logs/UAV_MIX/uav-s_curve/plans(Bf_U5)/mix_uav_fm/H8_Dmodels.diffusion.FlowMatchingODE_9D/Efm_K2_mpc4_pid_stopgo_T0.5
      Axes:  scene=s_curve  engine=fm  K=2  mpc=4  ctrl=pid_stopgo  T=0.5  gen=Gen15
      Seeds: [6]
      Last run: 2026-08-26 15:28:12  (1 config snapshot(s) over 1 seed(s))

  69: s_curve|fm|K5
      Path:  /u/home/llim/FMPCC/FM-PCC/logs/UAV_MIX/uav-s_curve/plans(Bf_U5)/mix_uav_fm/H8_Dmodels.diffusion.FlowMatchingODE_9D/Efm_K5_mpc4_pid_stopgo_T0.5
      Axes:  scene=s_curve  engine=fm  K=5  mpc=4  ctrl=pid_stopgo  T=0.5  gen=Gen15
      Seeds: [6]
      Last run: 2026-08-26 16:24:35  (1 config snapshot(s) over 1 seed(s))

  70: s_curve|mf|K10|bbunet|dp0.5
      Path:  /u/home/llim/FMPCC/FM-PCC/logs/UAV_MIX/uav-s_curve/plans(Bf_U5)/mix_uav_mf/H8_Dmodels.mf_diffusion.MeanFlowODE_9D_dp0.5_bbunet/Emf_K10_mpc4_pid_stopgo_T0.5
      Axes:  scene=s_curve  engine=mf  K=10  mpc=4  ctrl=pid_stopgo  T=0.5  gen=Gen15
      Model: H8_Dmodels.mf_diffusion.MeanFlowODE_9D_dp0.5_bbunet  bb=unet  dp=0.5
      Seeds: [6]
      Last run: 2026-08-27 06:19:38  (2 config snapshot(s) over 1 seed(s))

  71: s_curve|mf|K1|bbunet|dp0.5
      Path:  /u/home/llim/FMPCC/FM-PCC/logs/UAV_MIX/uav-s_curve/plans(Bf_U5)/mix_uav_mf/H8_Dmodels.mf_diffusion.MeanFlowODE_9D_dp0.5_bbunet/Emf_K1_mpc4_pid_stopgo_T0.5
      Axes:  scene=s_curve  engine=mf  K=1  mpc=4  ctrl=pid_stopgo  T=0.5  gen=Gen15
      Model: H8_Dmodels.mf_diffusion.MeanFlowODE_9D_dp0.5_bbunet  bb=unet  dp=0.5
      Seeds: [6]
      Last run: 2026-08-27 01:33:05  (1 config snapshot(s) over 1 seed(s))

  72: s_curve|mf|K20|bbunet|dp0.5
      Path:  /u/home/llim/FMPCC/FM-PCC/logs/UAV_MIX/uav-s_curve/plans(Bf_U5)/mix_uav_mf/H8_Dmodels.mf_diffusion.MeanFlowODE_9D_dp0.5_bbunet/Emf_K20_mpc4_pid_stopgo_T0.5
      Axes:  scene=s_curve  engine=mf  K=20  mpc=4  ctrl=pid_stopgo  T=0.5  gen=Gen15
      Model: H8_Dmodels.mf_diffusion.MeanFlowODE_9D_dp0.5_bbunet  bb=unet  dp=0.5
      Seeds: [6]
      Last run: 2026-08-25 21:54:37  (1 config snapshot(s) over 1 seed(s))

  73: s_curve|mf|K2|bbunet|dp0.5
      Path:  /u/home/llim/FMPCC/FM-PCC/logs/UAV_MIX/uav-s_curve/plans(Bf_U5)/mix_uav_mf/H8_Dmodels.mf_diffusion.MeanFlowODE_9D_dp0.5_bbunet/Emf_K2_mpc4_pid_stopgo_T0.5
      Axes:  scene=s_curve  engine=mf  K=2  mpc=4  ctrl=pid_stopgo  T=0.5  gen=Gen15
      Model: H8_Dmodels.mf_diffusion.MeanFlowODE_9D_dp0.5_bbunet  bb=unet  dp=0.5
      Seeds: [6]
      Last run: 2026-08-27 01:58:22  (1 config snapshot(s) over 1 seed(s))

  74: s_curve|mf|K5|bbunet|dp0.5
      Path:  /u/home/llim/FMPCC/FM-PCC/logs/UAV_MIX/uav-s_curve/plans(Bf_U5)/mix_uav_mf/H8_Dmodels.mf_diffusion.MeanFlowODE_9D_dp0.5_bbunet/Emf_K5_mpc4_pid_stopgo_T0.5
      Axes:  scene=s_curve  engine=mf  K=5  mpc=4  ctrl=pid_stopgo  T=0.5  gen=Gen15
      Model: H8_Dmodels.mf_diffusion.MeanFlowODE_9D_dp0.5_bbunet  bb=unet  dp=0.5
      Seeds: [6]
      Last run: 2026-08-27 02:26:56  (1 config snapshot(s) over 1 seed(s))

  75: s_curve|af|K1|bbsit|@u6unet_ae0
      Path:  /u/home/llim/FMPCC/FM-PCC/logs/UAV_MIX/uav-s_curve/plans/mix_uav_af/H8_Dmodels.af_diffusion.AlphaFlowODE_9D_as1_ae0_bbsit/Eaf_K1_mpc4_pid_stopgo_T0.5_u6unet_ae0
      Axes:  scene=s_curve  engine=af  K=1  mpc=4  ctrl=pid_stopgo  T=0.5  gen=Gen15
      Model: H8_Dmodels.af_diffusion.AlphaFlowODE_9D_as1_ae0_bbsit  bb=sit  dp=-
      Seeds: [6]
      Last run: 2026-09-04 18:03:37  (1 config snapshot(s) over 1 seed(s))

  76: s_curve|af|K2|bbsit|@u6unet_ae0
      Path:  /u/home/llim/FMPCC/FM-PCC/logs/UAV_MIX/uav-s_curve/plans/mix_uav_af/H8_Dmodels.af_diffusion.AlphaFlowODE_9D_as1_ae0_bbsit/Eaf_K2_mpc4_pid_stopgo_T0.5_u6unet_ae0
      Axes:  scene=s_curve  engine=af  K=2  mpc=4  ctrl=pid_stopgo  T=0.5  gen=Gen15
      Model: H8_Dmodels.af_diffusion.AlphaFlowODE_9D_as1_ae0_bbsit  bb=sit  dp=-
      Seeds: [6]
      Last run: 2026-09-04 20:24:54  (1 config snapshot(s) over 1 seed(s))

  77: s_curve|af|K5|bbsit|@u6unet_ae0
      Path:  /u/home/llim/FMPCC/FM-PCC/logs/UAV_MIX/uav-s_curve/plans/mix_uav_af/H8_Dmodels.af_diffusion.AlphaFlowODE_9D_as1_ae0_bbsit/Eaf_K5_mpc4_pid_stopgo_T0.5_u6unet_ae0
      Axes:  scene=s_curve  engine=af  K=5  mpc=4  ctrl=pid_stopgo  T=0.5  gen=Gen15
      Model: H8_Dmodels.af_diffusion.AlphaFlowODE_9D_as1_ae0_bbsit  bb=sit  dp=-
      Seeds: [6]
      Last run: 2026-09-04 21:27:48  (1 config snapshot(s) over 1 seed(s))

  78: s_curve|diffusion|K20
      Path:  /u/home/llim/FMPCC/FM-PCC/logs/UAV_MIX/uav-s_curve/plans/mix_uav_diffusion/H8_Dmodels.ddpm_diffusion.GaussianDiffusion_9D_K20/Ediffusion_K20_mpc4_pid_stopgo_T0.5
      Axes:  scene=s_curve  engine=diffusion  K=20  mpc=4  ctrl=pid_stopgo  T=0.5  gen=Gen15
      Seeds: [6]
      Last run: 2026-08-28 23:40:46  (1 config snapshot(s) over 1 seed(s))

[2026-09-05 16:37:44] DA_UAV_v1 - INFO - [2/5] Enumerating result units
[2026-09-05 16:37:44] DA_UAV_v1 - INFO -   Candidate 1 (corridor|Gen11): 7 units
[2026-09-05 16:37:45] DA_UAV_v1 - INFO -   Candidate 2 (corridor|K20|Gen11): 7 units
[2026-09-05 16:37:45] DA_UAV_v1 - INFO -   Candidate 3 (corridor|Gen11): 1 units
[2026-09-05 16:37:45] DA_UAV_v1 - INFO -   Candidate 4 (corridor|Gen11): 4 units
[2026-09-05 16:37:45] DA_UAV_v1 - INFO -   Candidate 5 (corridor|Gen11): 13 units
[2026-09-05 16:37:45] DA_UAV_v1 - INFO -   Candidate 6 (corridor|Gen11): 9 units
[2026-09-05 16:37:45] DA_UAV_v1 - INFO -   Candidate 7 (corridor|K20|Gen11): 17 units
[2026-09-05 16:37:45] DA_UAV_v1 - INFO -   Candidate 8 (empty|Gen11): 7 units
[2026-09-05 16:37:45] DA_UAV_v1 - INFO -   Candidate 9 (empty|K20|Gen11): 7 units
[2026-09-05 16:37:45] DA_UAV_v1 - INFO -   Candidate 10 (empty|Gen11): 1 units
[2026-09-05 16:37:45] DA_UAV_v1 - INFO -   Candidate 11 (empty|Gen11): 4 units
[2026-09-05 16:37:45] DA_UAV_v1 - INFO -   Candidate 12 (pillars|Gen11): 1 units
[2026-09-05 16:37:45] DA_UAV_v1 - INFO -   Candidate 13 (pillars|Gen11): 7 units
[2026-09-05 16:37:45] DA_UAV_v1 - INFO -   Candidate 14 (pillars|Gen11): 7 units
[2026-09-05 16:37:45] DA_UAV_v1 - INFO -   Candidate 15 (pillars|Gen11): 7 units
[2026-09-05 16:37:45] DA_UAV_v1 - INFO -   Candidate 16 (pillars|K20|Gen11): 13 units
[2026-09-05 16:37:45] DA_UAV_v1 - INFO -   Candidate 17 (pillars|K20|Gen11): 7 units
[2026-09-05 16:37:45] DA_UAV_v1 - INFO -   Candidate 18 (pillars|K20|Gen11): 7 units
[2026-09-05 16:37:45] DA_UAV_v1 - INFO -   Candidate 19 (pillars|K20|Gen11): 15 units
[2026-09-05 16:37:45] DA_UAV_v1 - INFO -   Candidate 20 (pillars|Gen11): 4 units
[2026-09-05 16:37:45] DA_UAV_v1 - INFO -   Candidate 21 (pillars|Gen11): 4 units
[2026-09-05 16:37:45] DA_UAV_v1 - INFO -   Candidate 22 (pillars|K20|Gen11): 14 units
[2026-09-05 16:37:45] DA_UAV_v1 - INFO -   Candidate 23 (s_curve|Gen11): 7 units
[2026-09-05 16:37:45] DA_UAV_v1 - INFO -   Candidate 24 (s_curve|K20|Gen11): 7 units
[2026-09-05 16:37:45] DA_UAV_v1 - INFO -   Candidate 25 (s_curve|K20|Gen11): 7 units
[2026-09-05 16:37:45] DA_UAV_v1 - INFO -   Candidate 26 (s_curve|Gen11): 1 units
[2026-09-05 16:37:45] DA_UAV_v1 - INFO -   Candidate 27 (s_curve|Gen11): 1 units
[2026-09-05 16:37:45] DA_UAV_v1 - INFO -   Candidate 28 (s_curve|K20|Gen11): 52 units
[2026-09-05 16:37:45] DA_UAV_v1 - INFO -   Candidate 29 (corridor|af|K1|bbsit): 23 units
[2026-09-05 16:37:45] DA_UAV_v1 - INFO -   Candidate 30 (corridor|af|K2|bbsit): 23 units
[2026-09-05 16:37:45] DA_UAV_v1 - INFO -   Candidate 31 (corridor|af|K5|bbsit): 23 units
[2026-09-05 16:37:45] DA_UAV_v1 - INFO -   Candidate 32 (corridor|fm|K10): 23 units
[2026-09-05 16:37:45] DA_UAV_v1 - INFO -   Candidate 33 (corridor|fm|K1): 23 units
[2026-09-05 16:37:45] DA_UAV_v1 - INFO -   Candidate 34 (corridor|fm|K20): 23 units
[2026-09-05 16:37:45] DA_UAV_v1 - INFO -   Candidate 35 (corridor|fm|K2): 23 units
[2026-09-05 16:37:45] DA_UAV_v1 - INFO -   Candidate 36 (corridor|fm|K5): 23 units
[2026-09-05 16:37:45] DA_UAV_v1 - INFO -   Candidate 37 (corridor|mf|K10|bbunet|dp0.5): 23 units
[2026-09-05 16:37:45] DA_UAV_v1 - INFO -   Candidate 38 (corridor|mf|K1|bbunet|dp0.5): 23 units
[2026-09-05 16:37:45] DA_UAV_v1 - INFO -   Candidate 39 (corridor|mf|K20|bbunet|dp0.5): 20 units
[2026-09-05 16:37:45] DA_UAV_v1 - INFO -   Candidate 40 (corridor|mf|K2|bbunet|dp0.5): 23 units
[2026-09-05 16:37:45] DA_UAV_v1 - INFO -   Candidate 41 (corridor|mf|K5|bbunet|dp0.5): 23 units
[2026-09-05 16:37:45] DA_UAV_v1 - INFO -   Candidate 42 (pillars|af|K1|bbunet|@EPlatest_u6unet_ae02): 10 units
[2026-09-05 16:37:45] DA_UAV_v1 - INFO -   Candidate 43 (pillars|af|K2|bbunet|@EPlatest_u6unet_ae02): 10 units
[2026-09-05 16:37:45] DA_UAV_v1 - INFO -   Candidate 44 (pillars|af|K1|bbsit): 17 units
[2026-09-05 16:37:45] DA_UAV_v1 - INFO -   Candidate 45 (pillars|af|K1|bbsit|@u6sitlatest): 10 units
[2026-09-05 16:37:45] DA_UAV_v1 - INFO -   Candidate 46 (pillars|af|K2|bbsit): 17 units
[2026-09-05 16:37:45] DA_UAV_v1 - INFO -   Candidate 47 (pillars|af|K2|bbsit|@u6sitlatest): 10 units
[2026-09-05 16:37:46] DA_UAV_v1 - INFO -   Candidate 48 (pillars|af|K5|bbsit): 17 units
[2026-09-05 16:37:46] DA_UAV_v1 - INFO -   Candidate 49 (pillars|fm|K10): 23 units
[2026-09-05 16:37:46] DA_UAV_v1 - INFO -   Candidate 50 (pillars|fm|K1): 17 units
[2026-09-05 16:37:46] DA_UAV_v1 - INFO -   Candidate 51 (pillars|fm|K20): 4 units
[2026-09-05 16:37:46] DA_UAV_v1 - INFO -   Candidate 52 (pillars|fm|K2): 17 units
[2026-09-05 16:37:46] DA_UAV_v1 - INFO -   Candidate 53 (pillars|fm|K5): 17 units
[2026-09-05 16:37:46] DA_UAV_v1 - INFO -   Candidate 54 (pillars|mf|K10|bbunet|dp0.5): 23 units
[2026-09-05 16:37:46] DA_UAV_v1 - INFO -   Candidate 55 (pillars|mf|K1|bbunet|dp0.5): 17 units
[2026-09-05 16:37:46] DA_UAV_v1 - INFO -   Candidate 56 (pillars|mf|K1|bbunet|dp0.5|@fix16legacy): 10 units
[2026-09-05 16:37:46] DA_UAV_v1 - INFO -   Candidate 57 (pillars|mf|K1|bbunet|dp0.5|@fix16scaled): 10 units
[2026-09-05 16:37:46] DA_UAV_v1 - INFO -   Candidate 58 (pillars|mf|K2|bbunet|dp0.5): 17 units
[2026-09-05 16:37:46] DA_UAV_v1 - INFO -   Candidate 59 (pillars|mf|K2|bbunet|dp0.5|@fix16legacy): 10 units
[2026-09-05 16:37:46] DA_UAV_v1 - INFO -   Candidate 60 (pillars|mf|K2|bbunet|dp0.5|@fix16scaled): 10 units
[2026-09-05 16:37:46] DA_UAV_v1 - INFO -   Candidate 61 (pillars|mf|K5|bbunet|dp0.5): 17 units
[2026-09-05 16:37:46] DA_UAV_v1 - INFO -   Candidate 62 (pillars|mf|K5|bbunet|dp0.5|@fix16legacy): 11 units
[2026-09-05 16:37:46] DA_UAV_v1 - INFO -   Candidate 63 (pillars|mf|K5|bbunet|dp0.5|@fix16scaled): 5 units
[2026-09-05 16:37:46] DA_UAV_v1 - INFO -   Candidate 64 (s_curve|diffusion|K20): 20 units
[2026-09-05 16:37:46] DA_UAV_v1 - INFO -   Candidate 65 (s_curve|fm|K10): 20 units
[2026-09-05 16:37:46] DA_UAV_v1 - INFO -   Candidate 66 (s_curve|fm|K1): 20 units
[2026-09-05 16:37:46] DA_UAV_v1 - INFO -   Candidate 67 (s_curve|fm|K20): 20 units
[2026-09-05 16:37:46] DA_UAV_v1 - INFO -   Candidate 68 (s_curve|fm|K2): 20 units
[2026-09-05 16:37:46] DA_UAV_v1 - INFO -   Candidate 69 (s_curve|fm|K5): 20 units
[2026-09-05 16:37:46] DA_UAV_v1 - INFO -   Candidate 70 (s_curve|mf|K10|bbunet|dp0.5): 23 units
[2026-09-05 16:37:46] DA_UAV_v1 - INFO -   Candidate 71 (s_curve|mf|K1|bbunet|dp0.5): 20 units
[2026-09-05 16:37:46] DA_UAV_v1 - INFO -   Candidate 72 (s_curve|mf|K20|bbunet|dp0.5): 20 units
[2026-09-05 16:37:46] DA_UAV_v1 - INFO -   Candidate 73 (s_curve|mf|K2|bbunet|dp0.5): 20 units
[2026-09-05 16:37:46] DA_UAV_v1 - INFO -   Candidate 74 (s_curve|mf|K5|bbunet|dp0.5): 20 units
[2026-09-05 16:37:46] DA_UAV_v1 - INFO -   Candidate 75 (s_curve|af|K1|bbsit|@u6unet_ae0): 10 units
[2026-09-05 16:37:46] DA_UAV_v1 - INFO -   Candidate 76 (s_curve|af|K2|bbsit|@u6unet_ae0): 10 units
[2026-09-05 16:37:46] DA_UAV_v1 - INFO -   Candidate 77 (s_curve|af|K5|bbsit|@u6unet_ae0): 14 units
[2026-09-05 16:37:46] DA_UAV_v1 - INFO -   Candidate 78 (s_curve|diffusion|K20): 8 units
[2026-09-05 16:37:46] discovery - INFO - Discovery manifest written: Data_Analysis/analysis_results/batch_uav_20260905_163742/logs/discovery_manifest.json
[2026-09-05 16:37:46] DA_UAV_v1 - INFO - [3/5] Loading 1098 units
[2026-09-05 16:37:47] DA_UAV_v1 - INFO -   25/1098 units processed
[2026-09-05 16:37:47] DA_UAV_v1 - INFO -   50/1098 units processed
[2026-09-05 16:37:48] DA_UAV_v1 - INFO -   75/1098 units processed
[2026-09-05 16:37:48] DA_UAV_v1 - INFO -   100/1098 units processed
[2026-09-05 16:37:49] DA_UAV_v1 - INFO -   125/1098 units processed
[2026-09-05 16:37:49] DA_UAV_v1 - INFO -   150/1098 units processed
[2026-09-05 16:37:50] DA_UAV_v1 - INFO -   175/1098 units processed
[2026-09-05 16:37:51] DA_UAV_v1 - INFO -   200/1098 units processed
[2026-09-05 16:37:51] DA_UAV_v1 - INFO -   225/1098 units processed
[2026-09-05 16:37:52] DA_UAV_v1 - INFO -   250/1098 units processed
[2026-09-05 16:37:52] DA_UAV_v1 - INFO -   275/1098 units processed
[2026-09-05 16:37:53] DA_UAV_v1 - INFO -   300/1098 units processed
[2026-09-05 16:37:54] DA_UAV_v1 - INFO -   325/1098 units processed
[2026-09-05 16:37:54] DA_UAV_v1 - INFO -   350/1098 units processed
[2026-09-05 16:37:55] DA_UAV_v1 - INFO -   375/1098 units processed
[2026-09-05 16:37:56] DA_UAV_v1 - INFO -   400/1098 units processed
[2026-09-05 16:37:56] DA_UAV_v1 - INFO -   425/1098 units processed
[2026-09-05 16:37:57] DA_UAV_v1 - INFO -   450/1098 units processed
[2026-09-05 16:37:57] DA_UAV_v1 - INFO -   475/1098 units processed
[2026-09-05 16:37:58] DA_UAV_v1 - INFO -   500/1098 units processed
[2026-09-05 16:37:59] DA_UAV_v1 - INFO -   525/1098 units processed
[2026-09-05 16:37:59] DA_UAV_v1 - INFO -   550/1098 units processed
[2026-09-05 16:38:00] DA_UAV_v1 - INFO -   575/1098 units processed
[2026-09-05 16:38:01] DA_UAV_v1 - INFO -   600/1098 units processed
[2026-09-05 16:38:01] DA_UAV_v1 - INFO -   625/1098 units processed
[2026-09-05 16:38:02] DA_UAV_v1 - INFO -   650/1098 units processed
[2026-09-05 16:38:02] DA_UAV_v1 - INFO -   675/1098 units processed
[2026-09-05 16:38:03] DA_UAV_v1 - INFO -   700/1098 units processed
[2026-09-05 16:38:03] DA_UAV_v1 - INFO -   725/1098 units processed
[2026-09-05 16:38:04] DA_UAV_v1 - INFO -   750/1098 units processed
[2026-09-05 16:38:05] DA_UAV_v1 - INFO -   775/1098 units processed
[2026-09-05 16:38:05] DA_UAV_v1 - INFO -   800/1098 units processed
[2026-09-05 16:38:06] DA_UAV_v1 - INFO -   825/1098 units processed
[2026-09-05 16:38:06] DA_UAV_v1 - INFO -   850/1098 units processed
[2026-09-05 16:38:07] DA_UAV_v1 - INFO -   875/1098 units processed
[2026-09-05 16:38:07] DA_UAV_v1 - INFO -   900/1098 units processed
[2026-09-05 16:38:08] DA_UAV_v1 - INFO -   925/1098 units processed
[2026-09-05 16:38:08] DA_UAV_v1 - INFO -   950/1098 units processed
[2026-09-05 16:38:09] DA_UAV_v1 - INFO -   975/1098 units processed
[2026-09-05 16:38:09] DA_UAV_v1 - INFO -   1000/1098 units processed
[2026-09-05 16:38:10] DA_UAV_v1 - INFO -   1025/1098 units processed
[2026-09-05 16:38:10] DA_UAV_v1 - INFO -   1050/1098 units processed
[2026-09-05 16:38:11] DA_UAV_v1 - INFO -   1075/1098 units processed
[2026-09-05 16:38:11] DA_UAV_v1 - INFO -   1098/1098 units processed
[2026-09-05 16:38:11] data_loader - INFO - Loading log written: Data_Analysis/analysis_results/batch_uav_20260905_163742/logs/loading.log
[2026-09-05 16:38:11] DA_UAV_v1 - INFO -   loaded=1098 failed=0 skipped=0 no_timing=21
[2026-09-05 16:38:11] DA_UAV_v1 - WARNING -   21 unit(s) have NO timing — see timing_missing in data_quality.csv. On UAV that means their diagnostics JSONs are missing, since the npz never carries timing.
[2026-09-05 16:38:11] DA_UAV_v1 - INFO - [4/5] Aggregating
[2026-09-05 16:38:11] aggregator - INFO - Aggregating 1098 units...
/u/home/llim/FMPCC/FM-PCC/Data_Analysis/DA_UAV_v1/aggregator.py:136: FutureWarning: The behavior of DataFrame concatenation with empty or all-NA entries is deprecated. In a future version, this will no longer exclude empty or all-NA columns when determining the result dtypes. To retain the old behavior, exclude the relevant entries before the concat operation.
  master = pd.concat(frames, ignore_index=True, sort=False)
[2026-09-05 16:38:16] aggregator - INFO -   dropped 14324 all-NaN metric rows (metrics a unit never measured)
[2026-09-05 16:38:17] aggregator - INFO -   dropped 14324 all-NaN metric rows (metrics a unit never measured)
[2026-09-05 16:38:17] aggregator - INFO -   k_sweep: 682 rollout(s) from 4 candidate(s) have no K and are excluded from uav_k_sweep.csv (normal for a Gen11 model-folder candidate): corridor|Gen11, empty|Gen11, pillars|Gen11, s_curve|Gen11. They stay complete in per_rollout_detail.csv. If one of these IS an eval-tag folder, discovery has already warned about it by name.
[2026-09-05 16:38:18] aggregator - INFO -   dropped 8654 all-NaN metric rows (metrics a unit never measured)
[2026-09-05 16:38:18] aggregator - WARNING -   k_sweep: 1078 cell(s) pool MORE THAN ONE candidate at the same K — they differ in an axis this table does not key on (mpc batch / controller / threshold / backbone / run tag). See the `candidates` column in uav_k_sweep.csv before reading those rows.
[2026-09-05 16:38:18] aggregator - WARNING -   4926 row(s) in this table are DEGENERATE HardFlow (hf_degenerate=1, n_genuine=0): sample-then-project, NOT HardFlow. Filter them out before any best-of / win-count / Pareto claim. See logs_in_develop/aggregated_hardflow_lowK/
[2026-09-05 16:38:18] aggregator - WARNING -   60 row(s) in this table are DEGENERATE HardFlow (hf_degenerate=1, n_genuine=0): sample-then-project, NOT HardFlow. Filter them out before any best-of / win-count / Pareto claim. See logs_in_develop/aggregated_hardflow_lowK/
[2026-09-05 16:38:18] aggregator - INFO - per_rollout=9242 rows, units_long=80104 rows, agg_long=80104 rows, k_sweep=76056 rows
[2026-09-05 16:38:18] aggregator - INFO - 
=== Cross-candidate ranking ===
  1. Candidate 9 (empty|K20|Gen11): 100.0% success+constraint, 117.4 ms/replan, K=20.0
  2. Candidate 11 (empty|Gen11): 100.0% success+constraint, nan ms/replan, K=nan
  3. Candidate 27 (s_curve|Gen11): 100.0% success+constraint, nan ms/replan, K=nan
  4. Candidate 8 (empty|Gen11): 85.7% success+constraint, 154.4 ms/replan, K=nan
  5. Candidate 34 (corridor|fm|K20): 63.9% success+constraint, 460.0 ms/replan, K=20.0
  6. Candidate 31 (corridor|af|K5|bbsit): 51.7% success+constraint, 166.2 ms/replan, K=5.0
  7. Candidate 32 (corridor|fm|K10): 51.7% success+constraint, 259.7 ms/replan, K=10.0
  8. Candidate 36 (corridor|fm|K5): 40.0% success+constraint, 183.7 ms/replan, K=5.0
  9. Candidate 37 (corridor|mf|K10|bbunet|dp0.5): 32.2% success+constraint, 336.4 ms/replan, K=10.0
  10. Candidate 39 (corridor|mf|K20|bbunet|dp0.5): 29.5% success+constraint, 421.6 ms/replan, K=20.0
  11. Candidate 30 (corridor|af|K2|bbsit): 27.0% success+constraint, 92.6 ms/replan, K=2.0
  12. Candidate 41 (corridor|mf|K5|bbunet|dp0.5): 23.9% success+constraint, 241.1 ms/replan, K=5.0
  13. Candidate 29 (corridor|af|K1|bbsit): 14.8% success+constraint, 135.4 ms/replan, K=1.0
  14. Candidate 40 (corridor|mf|K2|bbunet|dp0.5): 13.0% success+constraint, 251.6 ms/replan, K=2.0
  15. Candidate 38 (corridor|mf|K1|bbunet|dp0.5): 10.4% success+constraint, 233.6 ms/replan, K=1.0
  16. Candidate 7 (corridor|K20|Gen11): 9.4% success+constraint, 200.2 ms/replan, K=20.0
  17. Candidate 2 (corridor|K20|Gen11): 8.6% success+constraint, 120.1 ms/replan, K=20.0
  18. Candidate 28 (s_curve|K20|Gen11): 1.2% success+constraint, 296.1 ms/replan, K=20.0
  19. Candidate 73 (s_curve|mf|K2|bbunet|dp0.5): 1.0% success+constraint, 38.0 ms/replan, K=2.0
  20. Candidate 35 (corridor|fm|K2): 0.9% success+constraint, 124.2 ms/replan, K=2.0
  21. Candidate 1 (corridor|Gen11): 0.0% success+constraint, 253.4 ms/replan, K=nan
  22. Candidate 3 (corridor|Gen11): 0.0% success+constraint, nan ms/replan, K=nan
  23. Candidate 4 (corridor|Gen11): 0.0% success+constraint, nan ms/replan, K=nan
  24. Candidate 5 (corridor|Gen11): 0.0% success+constraint, 194.5 ms/replan, K=nan
  25. Candidate 6 (corridor|Gen11): 0.0% success+constraint, 264.6 ms/replan, K=nan
  26. Candidate 10 (empty|Gen11): 0.0% success+constraint, nan ms/replan, K=nan
  27. Candidate 12 (pillars|Gen11): 0.0% success+constraint, nan ms/replan, K=nan
  28. Candidate 13 (pillars|Gen11): 0.0% success+constraint, 156.3 ms/replan, K=nan
  29. Candidate 14 (pillars|Gen11): 0.0% success+constraint, 112.5 ms/replan, K=nan
  30. Candidate 15 (pillars|Gen11): 0.0% success+constraint, 111.3 ms/replan, K=nan
  31. Candidate 16 (pillars|K20|Gen11): 0.0% success+constraint, 1914.7 ms/replan, K=20.0
  32. Candidate 17 (pillars|K20|Gen11): 0.0% success+constraint, 111.9 ms/replan, K=20.0
  33. Candidate 18 (pillars|K20|Gen11): 0.0% success+constraint, 109.0 ms/replan, K=20.0
  34. Candidate 19 (pillars|K20|Gen11): 0.0% success+constraint, 743.1 ms/replan, K=20.0
  35. Candidate 20 (pillars|Gen11): 0.0% success+constraint, nan ms/replan, K=nan
  36. Candidate 21 (pillars|Gen11): 0.0% success+constraint, nan ms/replan, K=nan
  37. Candidate 22 (pillars|K20|Gen11): 0.0% success+constraint, 920.2 ms/replan, K=20.0
  38. Candidate 23 (s_curve|Gen11): 0.0% success+constraint, 154.2 ms/replan, K=nan
  39. Candidate 24 (s_curve|K20|Gen11): 0.0% success+constraint, 108.3 ms/replan, K=20.0
  40. Candidate 25 (s_curve|K20|Gen11): 0.0% success+constraint, 105.9 ms/replan, K=20.0
  41. Candidate 26 (s_curve|Gen11): 0.0% success+constraint, nan ms/replan, K=nan
  42. Candidate 33 (corridor|fm|K1): 0.0% success+constraint, 187.4 ms/replan, K=1.0
  43. Candidate 42 (pillars|af|K1|bbunet|@EPlatest_u6unet_ae02): 0.0% success+constraint, 69.2 ms/replan, K=1.0
  44. Candidate 43 (pillars|af|K2|bbunet|@EPlatest_u6unet_ae02): 0.0% success+constraint, 79.3 ms/replan, K=2.0
  45. Candidate 44 (pillars|af|K1|bbsit): 0.0% success+constraint, 53.2 ms/replan, K=1.0
  46. Candidate 45 (pillars|af|K1|bbsit|@u6sitlatest): 0.0% success+constraint, 57.7 ms/replan, K=1.0
  47. Candidate 46 (pillars|af|K2|bbsit): 0.0% success+constraint, 56.2 ms/replan, K=2.0
  48. Candidate 47 (pillars|af|K2|bbsit|@u6sitlatest): 0.0% success+constraint, 53.1 ms/replan, K=2.0
  49. Candidate 48 (pillars|af|K5|bbsit): 0.0% success+constraint, 650.0 ms/replan, K=5.0
  50. Candidate 49 (pillars|fm|K10): 0.0% success+constraint, 2014.1 ms/replan, K=10.0
  51. Candidate 50 (pillars|fm|K1): 0.0% success+constraint, 143.5 ms/replan, K=1.0
  52. Candidate 51 (pillars|fm|K20): 0.0% success+constraint, 5869.2 ms/replan, K=20.0
  53. Candidate 52 (pillars|fm|K2): 0.0% success+constraint, 132.3 ms/replan, K=2.0
  54. Candidate 53 (pillars|fm|K5): 0.0% success+constraint, 666.4 ms/replan, K=5.0
  55. Candidate 54 (pillars|mf|K10|bbunet|dp0.5): 0.0% success+constraint, 779.2 ms/replan, K=10.0
  56. Candidate 55 (pillars|mf|K1|bbunet|dp0.5): 0.0% success+constraint, 66.8 ms/replan, K=1.0
  57. Candidate 56 (pillars|mf|K1|bbunet|dp0.5|@fix16legacy): 0.0% success+constraint, 73.9 ms/replan, K=1.0
  58. Candidate 57 (pillars|mf|K1|bbunet|dp0.5|@fix16scaled): 0.0% success+constraint, 94.6 ms/replan, K=1.0
  59. Candidate 58 (pillars|mf|K2|bbunet|dp0.5): 0.0% success+constraint, 70.5 ms/replan, K=2.0
  60. Candidate 59 (pillars|mf|K2|bbunet|dp0.5|@fix16legacy): 0.0% success+constraint, 78.0 ms/replan, K=2.0
  61. Candidate 60 (pillars|mf|K2|bbunet|dp0.5|@fix16scaled): 0.0% success+constraint, 83.3 ms/replan, K=2.0
  62. Candidate 61 (pillars|mf|K5|bbunet|dp0.5): 0.0% success+constraint, 636.3 ms/replan, K=5.0
  63. Candidate 62 (pillars|mf|K5|bbunet|dp0.5|@fix16legacy): 0.0% success+constraint, 868.2 ms/replan, K=5.0
  64. Candidate 63 (pillars|mf|K5|bbunet|dp0.5|@fix16scaled): 0.0% success+constraint, 1519.6 ms/replan, K=5.0
  65. Candidate 64 (s_curve|diffusion|K20): 0.0% success+constraint, 1645.9 ms/replan, K=20.0
  66. Candidate 65 (s_curve|fm|K10): 0.0% success+constraint, 509.0 ms/replan, K=10.0
  67. Candidate 66 (s_curve|fm|K1): 0.0% success+constraint, 48.9 ms/replan, K=1.0
  68. Candidate 67 (s_curve|fm|K20): 0.0% success+constraint, 1286.1 ms/replan, K=20.0
  69. Candidate 68 (s_curve|fm|K2): 0.0% success+constraint, 58.8 ms/replan, K=2.0
  70. Candidate 69 (s_curve|fm|K5): 0.0% success+constraint, 297.9 ms/replan, K=5.0
  71. Candidate 70 (s_curve|mf|K10|bbunet|dp0.5): 0.0% success+constraint, 1485.5 ms/replan, K=10.0
  72. Candidate 71 (s_curve|mf|K1|bbunet|dp0.5): 0.0% success+constraint, 31.4 ms/replan, K=1.0
  73. Candidate 72 (s_curve|mf|K20|bbunet|dp0.5): 0.0% success+constraint, 2008.6 ms/replan, K=20.0
  74. Candidate 74 (s_curve|mf|K5|bbunet|dp0.5): 0.0% success+constraint, 443.0 ms/replan, K=5.0
  75. Candidate 75 (s_curve|af|K1|bbsit|@u6unet_ae0): 0.0% success+constraint, 213.9 ms/replan, K=1.0
  76. Candidate 76 (s_curve|af|K2|bbsit|@u6unet_ae0): 0.0% success+constraint, 53.4 ms/replan, K=2.0
  77. Candidate 77 (s_curve|af|K5|bbsit|@u6unet_ae0): 0.0% success+constraint, 723.4 ms/replan, K=5.0
  78. Candidate 78 (s_curve|diffusion|K20): 0.0% success+constraint, 3377.5 ms/replan, K=20.0
[2026-09-05 16:38:18] DA_UAV_v1 - INFO - [5/5] Writing reports
[2026-09-05 16:38:19] reporter - INFO - per_rollout_detail.csv: 9242 rows, 6.0 MB
[2026-09-05 16:38:19] reporter - INFO - uav_units_long.csv: 87638 rows, 32.5 MB
[2026-09-05 16:38:20] reporter - INFO - uav_aggregated_long.csv: 80104 rows, 29.9 MB
[2026-09-05 16:38:20] reporter - INFO - uav_k_sweep.csv: 76056 rows, 12.1 MB
[2026-09-05 16:38:20] reporter - INFO - data_quality.csv: 1098 rows, 0.8 MB
[2026-09-05 16:38:20] reporter - INFO - run_config.csv: 1098 rows, 0.4 MB
[2026-09-05 16:38:20] reporter - INFO - candidate_axes.csv: 78 rows, 0.0 MB
[2026-09-05 16:38:21] reporter - INFO - candidates_multidimensional_raw.csv: 40052 rows, 11.0 MB
[2026-09-05 16:38:21] reporter - INFO - candidates_multidimensional_aggregated.csv: 40052 rows, 11.5 MB
[2026-09-05 16:38:21] reporter - INFO - candidates_ranking.csv: 78 rows, 0.0 MB
[2026-09-05 16:38:21] reporter - INFO - candidates_detailed.csv: 78 rows, 0.0 MB
[2026-09-05 16:38:21] reporter - INFO - candidates_per_variant.csv: 2026 rows, 0.7 MB
[2026-09-05 16:38:21] reporter - INFO - Summary written: Data_Analysis/analysis_results/batch_uav_20260905_163742/candidates_summary.txt
[2026-09-05 16:38:21] reporter - INFO - 13 report files written to Data_Analysis/analysis_results/batch_uav_20260905_163742
[2026-09-05 16:38:21] DA_UAV_v1 - INFO - ======================================================================
[2026-09-05 16:38:21] DA_UAV_v1 - INFO - COMPLETE in 38.2s — Data_Analysis/analysis_results/batch_uav_20260905_163742
[2026-09-05 16:38:21] DA_UAV_v1 - INFO -   candidate_axes.csv                   what is in this batch
[2026-09-05 16:38:21] DA_UAV_v1 - INFO -   uav_k_sweep.csv                      metric vs K per engine
[2026-09-05 16:38:21] DA_UAV_v1 - INFO -   per_rollout_detail.csv               every rollout, wide
[2026-09-05 16:38:21] DA_UAV_v1 - INFO -   uav_units_long.csv                   per seed/geo/variant/mask
[2026-09-05 16:38:21] DA_UAV_v1 - INFO -   uav_aggregated_long.csv              pooled over seeds
[2026-09-05 16:38:21] DA_UAV_v1 - INFO -   candidates_multidimensional_*.csv    DA_Code_v3 visualizer
[2026-09-05 16:38:21] DA_UAV_v1 - INFO -   data_quality.csv                     circuit breaker / timing
[2026-09-05 16:38:21] DA_UAV_v1 - INFO - ======================================================================
DA_UAV_v1 batch analysis completed.
