/bin/bash: /u/home/llim/miniconda3/lib/libtinfo.so.6: no version information available (required by /bin/bash)
================================================================================
UAV-FM ALL PIPELINE (per-scene)  Mon Jun 22 22:12:40 UTC 2026
scenes=[empty corridor s_curve pillars]  seeds=[5 6 7]  n_trials=20  proj=fm_only
[ note ] requires the curated dataset (data/uav_fm/v1/) — run Aux-1 prepare first.
================================================================================
  scene=empty seed=5   train=21880 → eval=21881
  scene=empty seed=6   train=21882 → eval=21883
  scene=empty seed=7   train=21884 → eval=21885
  scene=corridor seed=5   train=21886 → eval=21887
  scene=corridor seed=6   train=21888 → eval=21889
  scene=corridor seed=7   train=21890 → eval=21891
  scene=s_curve seed=5   train=21892 → eval=21893
  scene=s_curve seed=6   train=21894 → eval=21895
  scene=s_curve seed=7   train=21896 → eval=21897
  scene=pillars seed=5   train=21898 → eval=21899
  scene=pillars seed=6   train=21900 → eval=21901
  scene=pillars seed=7   train=21902 → eval=21903
  aggregate (after all evals)  → Job 21904
--------------------------------------------------------------------------------
When done: logs/uav-<scene>/SCENE_SUMMARY.json + logs/fm_uav_ALL_SCENES_SUMMARY.json
================================================================================
