/bin/bash: /u/home/llim/miniconda3/lib/libtinfo.so.6: no version information available (required by /bin/bash)
================================================================================
JOB START: Tue Jun 23 10:32:23 UTC 2026  |  uav_fm_train  |  ID 21912  |  NODE i6-gpu-1
SCENE: pillars   SEED: 6
NVIDIA RTX A5000, 24564 MiB
NVIDIA RTX A5000, 24564 MiB
NVIDIA RTX A5000, 24564 MiB
NVIDIA RTX A5000, 24564 MiB
NVIDIA RTX A5000, 24564 MiB
NVIDIA RTX A5000, 24564 MiB
NVIDIA RTX A5000, 24564 MiB
NVIDIA RTX A5000, 24564 MiB
GIT REV:   73c19e9
================================================================================
[ uav_fm_train ] python FM_v3_uav_test/train_fm_uav.py --scene pillars --seed 6
/u/home/llim/FMPCC/FM-PCC/flow_matcher_v3_uav/datasets/normalization.py:159: RuntimeWarning: invalid value encountered in divide
  x = (x - self.mins) / (self.maxs - self.mins)
[ train ] UAV scene: pillars  (dataset string: uav-pillars)
[ train ] Seed source: cli --seed
[ train ] Training seeds: [6]
[ utils/setup ] Made savepath: logs/uav-pillars/flow_matching_v3_uav/H8_Dmodels.diffusion.FlowMatchingODE/6
[ train ] Saved seed manifest to: logs/uav-pillars/flow_matching_v3_uav/H8_Dmodels.diffusion.FlowMatchingODE/seeds_config.json

[utils/config ] Config: <class 'flow_matcher_v3_uav.datasets.sequence.SequenceDataset'>
    discount: 0.99
    env: uav-pillars
    horizon: 8
    include_returns: False
    max_path_length: 750
    normalizer: LimitsNormalizer
    preprocess_fns: []
    returns_scale: 750
    use_padding: True

[ utils/config ] Saved config to: logs/uav-pillars/flow_matching_v3_uav/H8_Dmodels.diffusion.FlowMatchingODE/6/dataset_config.pkl

[ utils/config ] Saved config to: logs/uav-pillars/flow_matching_v3_uav/H8_Dmodels.diffusion.FlowMatchingODE/6/dataset_config.json

[ datasets/buffer ] Fields:
    observations: (475, 750, 9)
    actions: (475, 750, 3)
    rewards: (475, 750, 1)
    terminals: (475, 750, 1)
    normed_observations: (475, 750, 9)
    normed_actions: (475, 750, 3)

[utils/config ] Config: <class 'flow_matcher_v3_uav.models.unet1d_temporal_cond.Flow_matcher_U_Net_v2'>
    cond_dim: 9
    condition_dropout: 0.25
    dim: 32
    dim_mults: (1, 2, 4, 8)
    horizon: 8
    returns_condition: False
    transition_dim: 12

[ utils/config ] Saved config to: logs/uav-pillars/flow_matching_v3_uav/H8_Dmodels.diffusion.FlowMatchingODE/6/model_config.pkl

[ utils/config ] Saved config to: logs/uav-pillars/flow_matching_v3_uav/H8_Dmodels.diffusion.FlowMatchingODE/6/model_config.json


[utils/config ] Config: <class 'flow_matcher_v3_uav.models.diffusion.FlowMatchingODE'>
    action_dim: 3
    action_weight: 1
    clip_denoised: False
    condition_guidance_w: 1.2
    flow_steps_v3: 10
    goal_dim: 0
    horizon: 8
    loss_discount: 1.0
    loss_type: l2
    n_timesteps: 20
    observation_dim: 9
    ode_inference_steps_v3: 10
    predict_epsilon: True
    returns_condition: False
    time_beta_alpha_v3: 1.5
    time_beta_beta_v3: 1.0

[ utils/config ] Saved config to: logs/uav-pillars/flow_matching_v3_uav/H8_Dmodels.diffusion.FlowMatchingODE/6/diffusion_config.pkl

[ utils/config ] Saved config to: logs/uav-pillars/flow_matching_v3_uav/H8_Dmodels.diffusion.FlowMatchingODE/6/diffusion_config.json


[utils/config ] Config: <class 'flow_matcher_v3_uav.utils.training.Trainer'>
    ema_decay: 0.995
    gradient_accumulate_every: 2
    n_steps_per_epoch: 1000
    n_train_steps: 100000.0
    results_folder: logs/uav-pillars/flow_matching_v3_uav/H8_Dmodels.diffusion.FlowMatchingODE/6
    train_batch_size: 8
    train_lr: 0.0001
    train_test_split: 0.9

[ utils/config ] Saved config to: logs/uav-pillars/flow_matching_v3_uav/H8_Dmodels.diffusion.FlowMatchingODE/6/trainer_config.pkl

[ utils/config ] Saved config to: logs/uav-pillars/flow_matching_v3_uav/H8_Dmodels.diffusion.FlowMatchingODE/6/trainer_config.json

  0%|          | 0/1000 [00:00<?, ?it/s]Epoch 0:   0%|          | 0/1000 [00:00<?, ?it/s]Epoch 0: 100%|██████████| 1000/1000 [00:57<00:00, 17.33it/s, a0_loss=nan, a0_loss_test=nan, diffusion_loss=nan, loss=nan, loss_test=nan, lr=0.0001, step=999]Epoch 0: 100%|██████████| 1000/1000 [00:57<00:00, 17.33it/s, a0_loss=nan, a0_loss_test=nan, diffusion_loss=nan, loss=nan, loss_test=nan, lr=0.0001, step=999]
Initial test loss:      nan, a0 loss:      nan
  0%|          | 0/1000 [00:00<?, ?it/s]Epoch 1:   0%|          | 0/1000 [00:00<?, ?it/s]slurmstepd-i6-gpu-1: error: *** JOB 21912 ON i6-gpu-1 CANCELLED AT 2026-06-23T10:33:29 ***
JOB END: Tue Jun 23 10:33:29 UTC 2026
