/bin/bash: /u/home/llim/miniconda3/lib/libtinfo.so.6: no version information available (required by /bin/bash)
JOB START: Fri May 29 22:35:25 UTC 2026
wandb: Currently logged in as: llmmail2021 (llmmail2021-technical-university-of-munich). Use `wandb login --relogin` to force relogin
wandb: wandb version 0.27.0 is available!  To upgrade, please run:
wandb:  $ pip install wandb --upgrade
wandb: Tracking run with wandb version 0.17.5
wandb: Run data is saved locally in /data/home/llim/FMPCC/FM-PCC/wandb/run-20260529_223529-86w7e5jk
wandb: Run `wandb offline` to turn off syncing.
wandb: Syncing run aligning-d3il-visual-visual_aligning_dpcc/H8_K1_Ddiffuser_visual_aligning.models.visual_gaussian_diffusion.VisualGaussianDiffusion_aw10_VFalse_steps900_bs64-S6
wandb: ⭐️ View project at https://wandb.ai/llmmail2021-technical-university-of-munich/FMPCC-visual-aligning-dpcc
wandb: 🚀 View run at https://wandb.ai/llmmail2021-technical-university-of-munich/FMPCC-visual-aligning-dpcc/runs/86w7e5jk
[ train ] Seeds: [6]  (source: cli --seeds)
[ utils/setup ] Made savepath: logs/aligning-d3il-visual/visual_aligning_dpcc/H8_K1_Ddiffuser_visual_aligning.models.visual_gaussian_diffusion.VisualGaussianDiffusion_aw10_VFalse_steps900_bs64/6
[ train ] dataset=StateOnlyAligningDataset (non-visual, 23D trajectory)

[utils/config ] Config: <class 'diffuser_visual_aligning.datasets.sequence.StateOnlyAligningDataset'>
    dataset_path: environments/dataset/data/aligning/train_files.pkl
    horizon: 8
    max_n_episodes: 900

[ utils/config ] Saved config to: logs/aligning-d3il-visual/visual_aligning_dpcc/H8_K1_Ddiffuser_visual_aligning.models.visual_gaussian_diffusion.VisualGaussianDiffusion_aw10_VFalse_steps900_bs64/6/dataset_config.pkl

[ utils/config ] Saved config to: logs/aligning-d3il-visual/visual_aligning_dpcc/H8_K1_Ddiffuser_visual_aligning.models.visual_gaussian_diffusion.VisualGaussianDiffusion_aw10_VFalse_steps900_bs64/6/dataset_config.json

Loading states (non-visual):   0%|          | 0/900 [00:00<?, ?it/s]Loading states (non-visual): 100%|██████████| 900/900 [00:00<00:00, 8312.52it/s]
[ StateOnlyAligningDataset ] 900 episodes, 168274 windows (horizon=8, traj_dim=23)
[ train ] Saved obs_normalizer → logs/aligning-d3il-visual/visual_aligning_dpcc/H8_K1_Ddiffuser_visual_aligning.models.visual_gaussian_diffusion.VisualGaussianDiffusion_aw10_VFalse_steps900_bs64/6/obs_normalizer.pkl
[ train ] Saved act_normalizer → logs/aligning-d3il-visual/visual_aligning_dpcc/H8_K1_Ddiffuser_visual_aligning.models.visual_gaussian_diffusion.VisualGaussianDiffusion_aw10_VFalse_steps900_bs64/6/act_normalizer.pkl
[ train ] obs_normalizer [ Normalizer ] dim: 20
    -: [ 0.22 -0.35  0.12  0.21 -0.36  0.1   0.31 -0.26 -0.01 -0.99 -0.07 -0.05
 -1.    0.4   0.2   0.    0.71  0.   -0.   -0.71]
    +: [ 0.72  0.47  0.25  0.74  0.49  0.27  0.66  0.39 -0.    1.    0.04  0.08
  1.    0.6   0.35  0.    1.    0.   -0.    0.71]

[ train ] act_normalizer [ Normalizer ] dim: 3
    -: [-0.01 -0.01 -0.01]
    +: [0.01 0.01 0.01]


[utils/config ] Config: <class 'diffuser_visual_aligning.models.visual_unet.VisualUNet'>
    config: Namespace(config='config.aligning-d3il-visual', seed=6, dataset='aligning-d3il-visual', model='diffuser_visual_aligning.models.visual_unet.VisualUNet', diffusion='diffuser_visual_aligning.models.visual_gaussian_diffusion.VisualGaussianDiffusion', action_dim=3, obs_dim=6, if_vision=False, horizon=8, n_diffusion_steps=1, action_weight=10, loss_type='l2', dim=32, dim_mults=(1, 2, 4, 8), condition_dropout=0.1, returns_condition=False, max_path_length=900, logbase='logs', prefix='visual_aligning_dpcc/', exp_name='visual_aligning_dpcc/H8_K1_Ddiffuser_visual_aligning.models.visual_gaussian_diffusion.VisualGaussianDiffusion_aw10_VFalse_steps900_bs64', batch_size=64, learning_rate=0.0002, ema_decay=0.995, n_steps_per_epoch=1000, n_train_steps=100000.0, gradient_accumulate_every=2, train_test_split=0.9, device='cuda', savepath='logs/aligning-d3il-visual/visual_aligning_dpcc/H8_K1_Ddiffuser_visual_aligning.models.visual_gaussian_diffusion.VisualGaussianDiffusion_aw10_VFalse_steps900_bs64/6')

[ utils/config ] Saved config to: logs/aligning-d3il-visual/visual_aligning_dpcc/H8_K1_Ddiffuser_visual_aligning.models.visual_gaussian_diffusion.VisualGaussianDiffusion_aw10_VFalse_steps900_bs64/6/model_config.pkl

[ utils/config ] Saved config to: logs/aligning-d3il-visual/visual_aligning_dpcc/H8_K1_Ddiffuser_visual_aligning.models.visual_gaussian_diffusion.VisualGaussianDiffusion_aw10_VFalse_steps900_bs64/6/model_config.json

[ train ] n_diffusion_steps = 1  (must match eval config to avoid denoising-chain mismatch)

[utils/config ] Config: <class 'diffuser_visual_aligning.models.visual_gaussian_diffusion.VisualGaussianDiffusion'>
    action_dim: 3
    action_weight: 10
    clip_denoised: False
    goal_dim: 0
    horizon: 8
    loss_type: l2
    n_timesteps: 1
    observation_dim: 20
    predict_epsilon: True

[ utils/config ] Saved config to: logs/aligning-d3il-visual/visual_aligning_dpcc/H8_K1_Ddiffuser_visual_aligning.models.visual_gaussian_diffusion.VisualGaussianDiffusion_aw10_VFalse_steps900_bs64/6/diffusion_config.pkl

[ utils/config ] Saved config to: logs/aligning-d3il-visual/visual_aligning_dpcc/H8_K1_Ddiffuser_visual_aligning.models.visual_gaussian_diffusion.VisualGaussianDiffusion_aw10_VFalse_steps900_bs64/6/diffusion_config.json


[utils/config ] Config: <class 'diffuser_visual_aligning.utils.training.Trainer'>
    ema_decay: 0.995
    gradient_accumulate_every: 2
    log_freq: 1000
    n_steps_per_epoch: 1000
    n_train_steps: 100000.0
    results_folder: logs/aligning-d3il-visual/visual_aligning_dpcc/H8_K1_Ddiffuser_visual_aligning.models.visual_gaussian_diffusion.VisualGaussianDiffusion_aw10_VFalse_steps900_bs64/6
    train_batch_size: 64
    train_lr: 0.0002
    train_test_split: 0.9

[ utils/config ] Saved config to: logs/aligning-d3il-visual/visual_aligning_dpcc/H8_K1_Ddiffuser_visual_aligning.models.visual_gaussian_diffusion.VisualGaussianDiffusion_aw10_VFalse_steps900_bs64/6/trainer_config.pkl

[ utils/config ] Saved config to: logs/aligning-d3il-visual/visual_aligning_dpcc/H8_K1_Ddiffuser_visual_aligning.models.visual_gaussian_diffusion.VisualGaussianDiffusion_aw10_VFalse_steps900_bs64/6/trainer_config.json

  0%|          | 0/1000 [00:00<?, ?it/s]Epoch 0:   0%|          | 0/1000 [00:00<?, ?it/s]Traceback (most recent call last):
  File "/data/home/llim/FMPCC/FM-PCC/diffuser_visual_aligning_test/train_visual_aligning_dpcc.py", line 261, in <module>
    trainer.train()
  File "/u/home/llim/FMPCC/FM-PCC/diffuser_visual_aligning/utils/training.py", line 194, in train
    self.train_epoch(steps_this_epoch, epoch)
  File "/u/home/llim/FMPCC/FM-PCC/diffuser_visual_aligning/utils/training.py", line 124, in train_epoch
    loss, infos = self.model.loss(*batch)
  File "/u/home/llim/FMPCC/FM-PCC/diffuser_visual_aligning/models/visual_gaussian_diffusion.py", line 39, in loss
    return self.p_losses(x, conditions, t)
  File "/u/home/llim/FMPCC/FM-PCC/diffuser_visual_aligning/models/diffusion.py", line 285, in p_losses
    x_recon = self.model(x_noisy, cond, t, returns)
  File "/u/home/llim/miniconda3/envs/FMPCC/lib/python3.10/site-packages/torch/nn/modules/module.py", line 1511, in _wrapped_call_impl
    return self._call_impl(*args, **kwargs)
  File "/u/home/llim/miniconda3/envs/FMPCC/lib/python3.10/site-packages/torch/nn/modules/module.py", line 1520, in _call_impl
    return forward_call(*args, **kwargs)
  File "/u/home/llim/FMPCC/FM-PCC/diffuser_visual_aligning/models/visual_unet.py", line 123, in forward
    out = self.backbone(
  File "/u/home/llim/miniconda3/envs/FMPCC/lib/python3.10/site-packages/torch/nn/modules/module.py", line 1511, in _wrapped_call_impl
    return self._call_impl(*args, **kwargs)
  File "/u/home/llim/miniconda3/envs/FMPCC/lib/python3.10/site-packages/torch/nn/modules/module.py", line 1520, in _call_impl
    return forward_call(*args, **kwargs)
  File "/u/home/llim/FMPCC/FM-PCC/diffuser_visual_aligning/models/unet1d_temporal_cond.py", line 243, in forward
    x = resnet(x, t)
  File "/u/home/llim/miniconda3/envs/FMPCC/lib/python3.10/site-packages/torch/nn/modules/module.py", line 1511, in _wrapped_call_impl
    return self._call_impl(*args, **kwargs)
  File "/u/home/llim/miniconda3/envs/FMPCC/lib/python3.10/site-packages/torch/nn/modules/module.py", line 1520, in _call_impl
    return forward_call(*args, **kwargs)
  File "/u/home/llim/FMPCC/FM-PCC/diffuser_visual_aligning/models/unet1d_temporal_cond.py", line 79, in forward
    out = self.blocks[0](x) + self.time_mlp(t)
  File "/u/home/llim/miniconda3/envs/FMPCC/lib/python3.10/site-packages/torch/nn/modules/module.py", line 1511, in _wrapped_call_impl
    return self._call_impl(*args, **kwargs)
  File "/u/home/llim/miniconda3/envs/FMPCC/lib/python3.10/site-packages/torch/nn/modules/module.py", line 1520, in _call_impl
    return forward_call(*args, **kwargs)
  File "/u/home/llim/FMPCC/FM-PCC/diffuser_visual_aligning/models/helpers.py", line 64, in forward
    return self.block(x)
  File "/u/home/llim/miniconda3/envs/FMPCC/lib/python3.10/site-packages/torch/nn/modules/module.py", line 1511, in _wrapped_call_impl
    return self._call_impl(*args, **kwargs)
  File "/u/home/llim/miniconda3/envs/FMPCC/lib/python3.10/site-packages/torch/nn/modules/module.py", line 1520, in _call_impl
    return forward_call(*args, **kwargs)
  File "/u/home/llim/miniconda3/envs/FMPCC/lib/python3.10/site-packages/torch/nn/modules/container.py", line 217, in forward
    input = module(input)
  File "/u/home/llim/miniconda3/envs/FMPCC/lib/python3.10/site-packages/torch/nn/modules/module.py", line 1511, in _wrapped_call_impl
    return self._call_impl(*args, **kwargs)
  File "/u/home/llim/miniconda3/envs/FMPCC/lib/python3.10/site-packages/torch/nn/modules/module.py", line 1520, in _call_impl
    return forward_call(*args, **kwargs)
  File "/u/home/llim/miniconda3/envs/FMPCC/lib/python3.10/site-packages/torch/nn/modules/conv.py", line 310, in forward
    return self._conv_forward(input, self.weight, self.bias)
  File "/u/home/llim/miniconda3/envs/FMPCC/lib/python3.10/site-packages/torch/nn/modules/conv.py", line 306, in _conv_forward
    return F.conv1d(input, weight, bias, self.stride,
RuntimeError: Given groups=1, weight of size [32, 9, 5], expected input[64, 23, 8] to have 9 channels, but got 23 channels instead
wandb: - 0.008 MB of 0.008 MB uploadedwandb: \ 0.008 MB of 0.008 MB uploadedwandb: | 0.008 MB of 0.008 MB uploadedwandb: / 0.016 MB of 0.036 MB uploaded (0.004 MB deduped)wandb: - 0.036 MB of 0.036 MB uploaded (0.004 MB deduped)wandb: 🚀 View run aligning-d3il-visual-visual_aligning_dpcc/H8_K1_Ddiffuser_visual_aligning.models.visual_gaussian_diffusion.VisualGaussianDiffusion_aw10_VFalse_steps900_bs64-S6 at: https://wandb.ai/llmmail2021-technical-university-of-munich/FMPCC-visual-aligning-dpcc/runs/86w7e5jk
wandb: ⭐️ View project at: https://wandb.ai/llmmail2021-technical-university-of-munich/FMPCC-visual-aligning-dpcc
wandb: Synced 6 W&B file(s), 0 media file(s), 2 artifact file(s) and 0 other file(s)
wandb: Find logs at: ./wandb/run-20260529_223529-86w7e5jk/logs
wandb: WARNING The new W&B backend becomes opt-out in version 0.18.0; try it out with `wandb.require("core")`! See https://wandb.me/wandb-core for more information.
