/bin/bash: /u/home/llim/miniconda3/lib/libtinfo.so.6: no version information available (required by /bin/bash)
========================================
COLLECT VISUAL AVOIDING CAMERA DATA
DATE:   Fri May 29 14:11:05 UTC 2026
NODE:   i6-gpu-1
JOB_ID: 20939
========================================
[ sbatch ] Repo root: /u/home/llim/FMPCC/FM-PCC
[ sbatch ] Python: /u/home/llim/miniconda3/envs/FMPCC/bin/python
[ sbatch ] Resolution: 96  MaxEp: all  TrainRatio: 0.9
pybullet build time: Nov 28 2023 23:45:17
[ collect ] symlink: /data/home/llim/FMPCC/FM-PCC/d3il/environments/dataset/data/avoiding/all_data/state → /data/home/llim/FMPCC/FM-PCC/d3il/environments/dataset/data/avoiding/data
[ collect ] 96 episodes  (resolution=96×96, skip_existing=True)
Traceback (most recent call last):
  File "/data/home/llim/FMPCC/FM-PCC/collect_visual_avoiding_data/collect_visual_avoiding_data.py", line 258, in <module>
    main()
  File "/data/home/llim/FMPCC/FM-PCC/collect_visual_avoiding_data/collect_visual_avoiding_data.py", line 201, in main
    env = build_env()
  File "/data/home/llim/FMPCC/FM-PCC/collect_visual_avoiding_data/collect_visual_avoiding_data.py", line 107, in build_env
    from d3il.environments.d3il.envs.gym_avoiding_env.gym_avoiding.envs.avoiding import \
  File "/data/home/llim/FMPCC/FM-PCC/d3il/environments/d3il/envs/gym_avoiding_env/gym_avoiding/envs/__init__.py", line 1, in <module>
    from .avoiding import ObstacleAvoidanceEnv
  File "/data/home/llim/FMPCC/FM-PCC/d3il/environments/d3il/envs/gym_avoiding_env/gym_avoiding/envs/avoiding.py", line 3, in <module>
    from environments.d3il.d3il_sim.sims.mj_beta.mj_utils.mj_helper import has_collision
  File "/data/home/llim/FMPCC/FM-PCC/d3il/environments/d3il/d3il_sim/sims/mj_beta/mj_utils/mj_helper.py", line 4, in <module>
    import mujoco
  File "/u/home/llim/miniconda3/envs/FMPCC/lib/python3.10/site-packages/mujoco/__init__.py", line 47, in <module>
    from mujoco.gl_context import *
  File "/u/home/llim/miniconda3/envs/FMPCC/lib/python3.10/site-packages/mujoco/gl_context.py", line 41, in <module>
    from mujoco.egl import GLContext as _GLContext
  File "/u/home/llim/miniconda3/envs/FMPCC/lib/python3.10/site-packages/mujoco/egl/__init__.py", line 26, in <module>
    raise ImportError(
ImportError: Cannot use EGL rendering platform. The PYOPENGL_PLATFORM environment variable is set to {!r} (should be either unset or 'egl').
========================================
JOB END: Fri May 29 14:11:07 UTC 2026
========================================
