/bin/bash: /u/home/llim/miniconda3/lib/libtinfo.so.6: no version information available (required by /bin/bash)
================================================================================
JOB START: Thu Jul  2 21:02:20 UTC 2026
JOB NAME:  run_patch_legacy_checkpoints
JOB ID:    22989
NODE:      i6-gpu-1
GIT REV:   2c1c187
================================================================================
[ patch ] Target: /u/home/llim/FMPCC/FM-PCC/logs/avoiding-d3il/flow_matching_v3_ode_selectable/H8_Dmodels.diffusion.FlowMatchingODE_a1.5_b1.0_aw10
[ patch ] Flags:  none

[ patch ] Path    : /u/home/llim/FMPCC/FM-PCC/logs/avoiding-d3il/flow_matching_v3_ode_selectable/H8_Dmodels.diffusion.FlowMatchingODE_a1.5_b1.0_aw10
[ patch ] Dry-run : False

[ scan ] Folder name  : clean
[ scan ] pkl   LEGACY  : 10/diffusion_config.pkl
[ scan ] pkl   LEGACY  : 6/diffusion_config.pkl
[ scan ] pkl   LEGACY  : 7/diffusion_config.pkl
[ scan ] pkl   LEGACY  : 8/diffusion_config.pkl
[ scan ] pkl   LEGACY  : 9/diffusion_config.pkl

  [pkl]  fixing: 10/diffusion_config.pkl
  [pkl]  fixing: 6/diffusion_config.pkl
  [pkl]  fixing: 7/diffusion_config.pkl
  [pkl]  fixing: 8/diffusion_config.pkl
  [pkl]  fixing: 9/diffusion_config.pkl

[ patch ] 5 item(s) fixed.

Job completed successfully.
