[2026-05-22 14:44:43] DA_VA_Batch - INFO - ======================================================================
[2026-05-22 14:44:43] DA_VA_Batch - INFO - FM Visual Aligning — Multi-Candidate Batch Analysis
[2026-05-22 14:44:43] DA_VA_Batch - INFO - ======================================================================
[2026-05-22 14:44:43] DA_VA_Batch - INFO - Start: 2026-05-22 14:44:43
[2026-05-22 14:44:43] DA_VA_Batch - INFO - Source: json  Seed: 6
[2026-05-22 14:44:43] DA_VA_Batch - INFO - Output: Data_Analysis/analysis_results/va_batch_20260522_144442
[2026-05-22 14:44:43] DA_VA_Batch - INFO - [1/5] Discovering candidates...
[2026-05-22 14:44:43] DA_VA_Batch - INFO - === Candidates Discovered ===
Total: 1

  A: H8_K100_Meuler_T0.5_Dfm_visual_aligning.models.visual_gaussian_diffusion.VisualGaussianDiffusion_VTrue_mpc4
      Path: /data/home/llim/FMPCC/FM-PCC/logs/aligning-d3il-visual/plans/fm_visual_aligning/H8_Dfm_visual_aligning.models.visual_gaussian_diffusion.VisualGaussianDiffusion_a1.5_b1.0_aw1_VTrue_steps1000_bs64/H8_K100_Meuler_T0.5_Dfm_visual_aligning.models.visual_gaussian_diffusion.VisualGaussianDiffusion_VTrue_mpc4
      Seeds Found: [6]

[2026-05-22 14:44:43] DA_VA_Batch - INFO - [3/5] Loading data...
[2026-05-22 14:44:43] DA_VA_Batch - INFO - [4/5] Aggregating...
[2026-05-22 14:44:43] DA_VA_Batch - INFO - [5A/5] Generating plots...
[2026-05-22 14:44:47] DA_VA_Batch - INFO - [5B/5] Generating reports...
[2026-05-22 14:44:47] DA_VA_Batch - INFO - ======================================================================
[2026-05-22 14:44:47] DA_VA_Batch - INFO - COMPLETE
[2026-05-22 14:44:47] DA_VA_Batch - INFO - Output: Data_Analysis/analysis_results/va_batch_20260522_144442
[2026-05-22 14:44:47] DA_VA_Batch - INFO - ======================================================================
