/bin/bash: /u/home/llim/miniconda3/lib/libtinfo.so.6: no version information available (required by /bin/bash)
================================================================================
JOB START: Sat Jul 18 13:37:12 UTC 2026
JOB NAME:  hardflow_pipeline   ID: 23559   NODE: i6-gpu-1
CONDA ENV: hardflow_clone   (clone of FMPCC — live env untouched)
HARDFLOW_REPO: /u/home/llim/FMPCC/FM-PCC/HardFlow
LOG COLLECT:   /u/home/llim/FMPCC/FM-PCC/logs/hardflow
NVIDIA RTX A5000, 530.41.03, 24564 MiB
NVIDIA RTX A5000, 530.41.03, 24564 MiB
NVIDIA RTX A5000, 530.41.03, 24564 MiB
NVIDIA RTX A5000, 530.41.03, 24564 MiB
NVIDIA RTX A5000, 530.41.03, 24564 MiB
NVIDIA RTX A5000, 530.41.03, 24564 MiB
NVIDIA RTX A5000, 530.41.03, 24564 MiB
NVIDIA RTX A5000, 530.41.03, 24564 MiB
HARDFLOW GIT: 28b6ed6
================================================================================
[ HF-BRIDGE ] python: /u/home/llim/miniconda3/envs/hardflow_clone/bin/python
[ HF-BRIDGE ] tyro OK, gym==0.20.0
[ GPU-CHECK ] CUDA_VISIBLE_DEVICES=2  MUJOCO_EGL_DEVICE_ID=2
[ HF-BRIDGE ] /u/home/llim/FMPCC/FM-PCC/HardFlow/logs -> /u/home/llim/FMPCC/FM-PCC/logs/hardflow
[ HF-BRIDGE ] cwd: /u/home/llim/FMPCC/FM-PCC/HardFlow
[ HF-PIPE ] no checkpoint -> bash run_scripts/train.sh
bash: /u/home/llim/miniconda3/lib/libtinfo.so.6: no version information available (required by bash)
=== Running: flow_type=cfm, env=avoiding-v0, horizon=16 ===
Traceback (most recent call last):
  File "/data/home/llim/FMPCC/FM-PCC/HardFlow/run/train.py", line 12, in <module>
    from torch.utils.tensorboard import SummaryWriter
  File "/u/home/llim/miniconda3/envs/hardflow_clone/lib/python3.10/site-packages/torch/utils/tensorboard/__init__.py", line 1, in <module>
    import tensorboard
ModuleNotFoundError: No module named 'tensorboard'
Total runtime: 0 hours, 0 minutes, 4 seconds
[ HF-PIPE ] method=hardflow_new -> bash run_scripts/eval_hardflow_new.sh
bash: /u/home/llim/miniconda3/lib/libtinfo.so.6: no version information available (required by bash)
=== Running HardFlow (new) on avoiding-v0, horizon=16, ode_t_steps=10 ===
[ datasets/buffer ] Finalized replay buffer | 96 episodes
[ datasets/sequence ] Calculating normalizer...
[ datasets/sequence ] Normalizer saved at logs/avoiding-v0/normalizer/normalizer_H16.pth
[ datasets/sequence ] Normalizer acquired
[ datasets/sequence ] Indices made
Normalizing...
  0%|          | 0/2 [00:00<?, ?it/s]100%|██████████| 2/2 [00:00<00:00, 2520.62it/s]
[ datasets/sequence ] Normalized
[ datasets/buffer ] Fields:
    observations: (96, 200, 4)
    actions: (96, 200, 2)
    rewards: (96, 200, 1)
    terminals: (96, 200, 1)
    timeouts: (96, 200, 1)
    normed_observations: (96, 200, 4)
    normed_actions: (96, 200, 2)
Loading fitted dynamics from logs/avoiding-v0/dynamics/linear_model.npz
Fitted dynamics loaded successfully
[ models/temporal ] Channel dimensions: [(6, 32), (32, 128), (128, 256)]
[(6, 32), (32, 128), (128, 256)]
Traceback (most recent call last):
  File "/data/home/llim/FMPCC/FM-PCC/HardFlow/run/eval.py", line 702, in <module>
    evaluate(cfg)
  File "/data/home/llim/FMPCC/FM-PCC/HardFlow/run/eval.py", line 540, in evaluate
    torch.load(
  File "/u/home/llim/miniconda3/envs/hardflow_clone/lib/python3.10/site-packages/torch/serialization.py", line 998, in load
    with _open_file_like(f, 'rb') as opened_file:
  File "/u/home/llim/miniconda3/envs/hardflow_clone/lib/python3.10/site-packages/torch/serialization.py", line 445, in _open_file_like
    return _open_file(name_or_buffer, mode)
  File "/u/home/llim/miniconda3/envs/hardflow_clone/lib/python3.10/site-packages/torch/serialization.py", line 426, in __init__
    super().__init__(open(name, mode))
FileNotFoundError: [Errno 2] No such file or directory: 'logs/avoiding-v0/flow/H16_1e6steps/model_ema_20.pth'
Total runtime: 0h 0m 5s
[ HF-PIPE ] method=original -> bash run_scripts/eval_original.sh
bash: /u/home/llim/miniconda3/lib/libtinfo.so.6: no version information available (required by bash)
=== Running Original on avoiding-v0, horizon=16, ode_t_steps=10 ===
save model to logs/avoiding-v0/eval/H16_1e6steps_original_10steps, old configs, checkpoints, and evaluation results will be overwritten.
[ datasets/buffer ] Finalized replay buffer | 96 episodes
[ datasets/sequence ] Calculating normalizer...
[ datasets/sequence ] Normalizer saved at logs/avoiding-v0/normalizer/normalizer_H16.pth
[ datasets/sequence ] Normalizer acquired
[ datasets/sequence ] Indices made
Normalizing...
  0%|          | 0/2 [00:00<?, ?it/s]100%|██████████| 2/2 [00:00<00:00, 2597.90it/s]
[ datasets/sequence ] Normalized
[ datasets/buffer ] Fields:
    observations: (96, 200, 4)
    actions: (96, 200, 2)
    rewards: (96, 200, 1)
    terminals: (96, 200, 1)
    timeouts: (96, 200, 1)
    normed_observations: (96, 200, 4)
    normed_actions: (96, 200, 2)
No fitted dynamics found, proceeding without dynamics model
[ models/temporal ] Channel dimensions: [(6, 32), (32, 128), (128, 256)]
[(6, 32), (32, 128), (128, 256)]
Traceback (most recent call last):
  File "/data/home/llim/FMPCC/FM-PCC/HardFlow/run/eval.py", line 702, in <module>
    evaluate(cfg)
  File "/data/home/llim/FMPCC/FM-PCC/HardFlow/run/eval.py", line 540, in evaluate
    torch.load(
  File "/u/home/llim/miniconda3/envs/hardflow_clone/lib/python3.10/site-packages/torch/serialization.py", line 998, in load
    with _open_file_like(f, 'rb') as opened_file:
  File "/u/home/llim/miniconda3/envs/hardflow_clone/lib/python3.10/site-packages/torch/serialization.py", line 445, in _open_file_like
    return _open_file(name_or_buffer, mode)
  File "/u/home/llim/miniconda3/envs/hardflow_clone/lib/python3.10/site-packages/torch/serialization.py", line 426, in __init__
    super().__init__(open(name, mode))
FileNotFoundError: [Errno 2] No such file or directory: 'logs/avoiding-v0/flow/H16_1e6steps/model_ema_20.pth'
Total runtime: 0h 0m 4s
[ HF-PIPE ] done. results:
total 0
drwxr-xr-x 4 llim tumuser 96 Jul 18 13:37 .
drwxr-xr-x 5 llim tumuser 68 Jul 16 13:47 ..
drwxr-xr-x 2 llim tumuser 33 Jul 18 13:37 H16_1e6steps_hardflow_new_10steps
drwxr-xr-x 2 llim tumuser 25 Jul 16 13:47 H16_1e6steps_original_10steps
================================================================================
JOB END: Sat Jul 18 13:37:26 UTC 2026
================================================================================
