/bin/bash: /u/home/llim/miniconda3/lib/libtinfo.so.6: no version information available (required by /bin/bash)
================================================================================
JOB START: Wed Jun  3 10:21:46 UTC 2026
JOB NAME:  train_fm_visual_avoiding
JOB ID:    21143
NODE:      i6-gpu-1
GPU INFO:
NVIDIA RTX A5000, 530.41.03, 24564 MiB
NVIDIA RTX A5000, 530.41.03, 24564 MiB
NVIDIA RTX A5000, 530.41.03, 24564 MiB
NVIDIA RTX A5000, 530.41.03, 24564 MiB
NVIDIA RTX A5000, 530.41.03, 24564 MiB
NVIDIA RTX A5000, 530.41.03, 24564 MiB
NVIDIA RTX A5000, 530.41.03, 24564 MiB
NVIDIA RTX A5000, 530.41.03, 24564 MiB
GIT REV:   d0c2a5c
================================================================================
wandb: Currently logged in as: llmmail2021 (llmmail2021-technical-university-of-munich). Use `wandb login --relogin` to force relogin
wandb: wandb version 0.27.0 is available!  To upgrade, please run:
wandb:  $ pip install wandb --upgrade
wandb: Tracking run with wandb version 0.17.5
wandb: Run data is saved locally in /data/home/llim/FMPCC/FM-PCC/wandb/run-20260603_102150-udmac9jb
wandb: Run `wandb offline` to turn off syncing.
wandb: Syncing run avoiding-d3il-visual-fm_visual_avoiding/H8_Dfm_visual_avoiding.models.visual_gaussian_diffusion.VisualFlowMatching_a1.5_b1.0_aw1_VTrue_steps200_bs64-S6
wandb: ⭐️ View project at https://wandb.ai/llmmail2021-technical-university-of-munich/FM-PCC-visual-avoiding-FM
wandb: 🚀 View run at https://wandb.ai/llmmail2021-technical-university-of-munich/FM-PCC-visual-avoiding-FM/runs/udmac9jb
[ train ] Seeds: [6]  (source: cli --seeds)
[ utils/setup ] Made savepath: logs/avoiding-d3il-visual/fm_visual_avoiding/H8_Dfm_visual_avoiding.models.visual_gaussian_diffusion.VisualFlowMatching_a1.5_b1.0_aw1_VTrue_steps200_bs64/6
Traceback (most recent call last):
  File "/data/home/llim/FMPCC/FM-PCC/fm_visual_avoiding_test/train_fm_visual_avoiding.py", line 172, in <module>
    from fm_visual_avoiding.datasets.sequence import ParityAvoidingDataset
  File "/u/home/llim/FMPCC/FM-PCC/fm_visual_avoiding/datasets/__init__.py", line 1, in <module>
    from .sequence import Batch, ParityAligningDataset, StateOnlyAligningDataset
ImportError: cannot import name 'ParityAligningDataset' from 'fm_visual_avoiding.datasets.sequence' (/u/home/llim/FMPCC/FM-PCC/fm_visual_avoiding/datasets/sequence.py)
wandb: - 0.008 MB of 0.008 MB uploadedwandb: \ 0.008 MB of 0.008 MB uploadedwandb: | 0.008 MB of 0.008 MB uploadedwandb: / 0.008 MB of 0.008 MB uploadedwandb: - 0.008 MB of 0.008 MB uploadedwandb: \ 0.016 MB of 0.024 MB uploadedwandb: | 0.028 MB of 0.028 MB uploadedwandb: 🚀 View run avoiding-d3il-visual-fm_visual_avoiding/H8_Dfm_visual_avoiding.models.visual_gaussian_diffusion.VisualFlowMatching_a1.5_b1.0_aw1_VTrue_steps200_bs64-S6 at: https://wandb.ai/llmmail2021-technical-university-of-munich/FM-PCC-visual-avoiding-FM/runs/udmac9jb
wandb: ⭐️ View project at: https://wandb.ai/llmmail2021-technical-university-of-munich/FM-PCC-visual-avoiding-FM
wandb: Synced 6 W&B file(s), 0 media file(s), 2 artifact file(s) and 0 other file(s)
wandb: Find logs at: ./wandb/run-20260603_102150-udmac9jb/logs
wandb: WARNING The new W&B backend becomes opt-out in version 0.18.0; try it out with `wandb.require("core")`! See https://wandb.me/wandb-core for more information.
