/bin/bash: /u/home/llim/miniconda3/lib/libtinfo.so.6: no version information available (required by /bin/bash)
================================================================================
JOB START: Wed Jun  3 15:48:36 UTC 2026
JOB NAME:  train_imf_visual_aligning
JOB ID:    21162
NODE:      i6-gpu-1
GPU INFO:
NVIDIA RTX A5000, 530.41.03, 24564 MiB
NVIDIA RTX A5000, 530.41.03, 24564 MiB
NVIDIA RTX A5000, 530.41.03, 24564 MiB
NVIDIA RTX A5000, 530.41.03, 24564 MiB
NVIDIA RTX A5000, 530.41.03, 24564 MiB
NVIDIA RTX A5000, 530.41.03, 24564 MiB
NVIDIA RTX A5000, 530.41.03, 24564 MiB
NVIDIA RTX A5000, 530.41.03, 24564 MiB
GIT REV:   7648a44
================================================================================
wandb: Currently logged in as: llmmail2021 (llmmail2021-technical-university-of-munich). Use `wandb login --relogin` to force relogin
wandb: wandb version 0.27.0 is available!  To upgrade, please run:
wandb:  $ pip install wandb --upgrade
wandb: Tracking run with wandb version 0.17.5
wandb: Run data is saved locally in /data/home/llim/FMPCC/FM-PCC/wandb/run-20260603_154839-fijanh4x
wandb: Run `wandb offline` to turn off syncing.
wandb: Syncing run aligning-d3il-visual-imf_visual_aligning/H8_Dimf_visual_aligning.models.visual_imf_diffusion.VisualIMF_a1.5_b1.0_aw1_VTrue_steps1000_bs64-S6
wandb: ⭐️ View project at https://wandb.ai/llmmail2021-technical-university-of-munich/FM-PCC-visual-aligning-iMF
wandb: 🚀 View run at https://wandb.ai/llmmail2021-technical-university-of-munich/FM-PCC-visual-aligning-iMF/runs/fijanh4x
[ train ] Seeds: [6]  (source: cli --seeds)
[ train ] dataset=ParityAligningDataset (visual, 9D trajectory)

[utils/config ] Config: <class 'imf_visual_aligning.datasets.sequence.ParityAligningDataset'>
    dataset_path: environments/dataset/data/aligning/train_files.pkl
    horizon: 8
    max_n_episodes: 1000

[ utils/config ] Saved config to: logs/aligning-d3il-visual/imf_visual_aligning/H8_Dimf_visual_aligning.models.visual_imf_diffusion.VisualIMF_a1.5_b1.0_aw1_VTrue_steps1000_bs64/6/dataset_config.pkl

[ utils/config ] Saved config to: logs/aligning-d3il-visual/imf_visual_aligning/H8_Dimf_visual_aligning.models.visual_imf_diffusion.VisualIMF_a1.5_b1.0_aw1_VTrue_steps1000_bs64/6/dataset_config_resume_2.json

Loading states:   0%|          | 0/900 [00:00<?, ?it/s]Loading states: 100%|██████████| 900/900 [00:00<00:00, 5755.10it/s]
Loading images:   0%|          | 0/900 [00:00<?, ?it/s]Loading images:  14%|█▍        | 128/900 [00:10<01:00, 12.79it/s]Loading images:  29%|██▉       | 264/900 [00:20<00:48, 13.23it/s]Loading images:  44%|████▍     | 400/900 [00:30<00:37, 13.25it/s]Loading images:  59%|█████▉    | 533/900 [00:41<00:29, 12.50it/s]Loading images:  72%|███████▏  | 648/900 [00:52<00:21, 11.86it/s]Loading images:  84%|████████▍ | 757/900 [01:02<00:12, 11.52it/s]Loading images:  97%|█████████▋| 872/900 [01:12<00:02, 11.50it/s]Loading images: 100%|██████████| 900/900 [01:15<00:00, 11.98it/s]
/u/home/llim/miniconda3/envs/FMPCC/lib/python3.10/site-packages/torchvision/models/_utils.py:208: UserWarning: The parameter 'pretrained' is deprecated since 0.13 and may be removed in the future, please use 'weights' instead.
  warnings.warn(
/u/home/llim/miniconda3/envs/FMPCC/lib/python3.10/site-packages/torchvision/models/_utils.py:223: UserWarning: Arguments other than a weight enum or `None` for 'weights' are deprecated since 0.13 and may be removed in the future. The current behavior is equivalent to passing `weights=None`.
  warnings.warn(msg)
[ ParityAligningDataset ] 900 episodes, 168274 windows (horizon=8, traj_dim=9)
[ train ] Saved obs_normalizer → logs/aligning-d3il-visual/imf_visual_aligning/H8_Dimf_visual_aligning.models.visual_imf_diffusion.VisualIMF_a1.5_b1.0_aw1_VTrue_steps1000_bs64/6/obs_normalizer.pkl
[ train ] Saved act_normalizer → logs/aligning-d3il-visual/imf_visual_aligning/H8_Dimf_visual_aligning.models.visual_imf_diffusion.VisualIMF_a1.5_b1.0_aw1_VTrue_steps1000_bs64/6/act_normalizer.pkl
[ train ] obs_normalizer [ Normalizer ] dim: 6
    -: [ 0.22 -0.35  0.12  0.21 -0.36  0.1 ]
    +: [0.72 0.47 0.25 0.74 0.49 0.27]

[ train ] act_normalizer [ Normalizer ] dim: 3
    -: [-0.01 -0.01 -0.01]
    +: [0.01 0.01 0.01]

ROBOMIMIC WARNING(
    No private macro file found!
    It is recommended to use a private macro file
    To setup, run: python /u/home/llim/FMPCC/FM-PCC/d3il/agents/models/robomimic/scripts/setup_macros.py
)
[ VisualUNet ] MultiImageObsEncoder initialized — LATENT_DIM=128, imagenet_norm=True, share_rgb_model=False
[ train ] n_timesteps (legacy buffer size) = 100  (iMF uses continuous time; this value only sizes legacy buffers)

[utils/config ] Config: <class 'imf_visual_aligning.models.visual_imf_diffusion.VisualIMF'>
    action_dim: 3
    action_weight: 1
    clip_denoised: False
    flow_steps_v3: 100
    goal_dim: 0
    horizon: 8
    if_vision: True
    loss_schedule: balanced
    loss_type: l2
    n_timesteps: 100
    observation_dim: 6
    ode_solver_backend_v3: legacy_euler
    ode_solver_method_v3: euler
    predict_epsilon: True
    time_beta_alpha_v3: 1.5
    time_beta_beta_v3: 1.0
    u_loss_weight: 1.0
    v_loss_weight: 0.1

[ utils/config ] Saved config to: logs/aligning-d3il-visual/imf_visual_aligning/H8_Dimf_visual_aligning.models.visual_imf_diffusion.VisualIMF_a1.5_b1.0_aw1_VTrue_steps1000_bs64/6/diffusion_config.pkl

[ utils/config ] Saved config to: logs/aligning-d3il-visual/imf_visual_aligning/H8_Dimf_visual_aligning.models.visual_imf_diffusion.VisualIMF_a1.5_b1.0_aw1_VTrue_steps1000_bs64/6/diffusion_config.json


[utils/config ] Config: <class 'imf_visual_aligning.utils.training.Trainer'>
    ema_decay: 0.995
    gradient_accumulate_every: 2
    log_freq: 1000
    n_steps_per_epoch: 1000
    n_train_steps: 100000.0
    results_folder: logs/aligning-d3il-visual/imf_visual_aligning/H8_Dimf_visual_aligning.models.visual_imf_diffusion.VisualIMF_a1.5_b1.0_aw1_VTrue_steps1000_bs64/6
    train_batch_size: 64
    train_lr: 0.0002
    train_test_split: 0.9

[ utils/config ] Saved config to: logs/aligning-d3il-visual/imf_visual_aligning/H8_Dimf_visual_aligning.models.visual_imf_diffusion.VisualIMF_a1.5_b1.0_aw1_VTrue_steps1000_bs64/6/trainer_config.pkl

[ utils/config ] Saved config to: logs/aligning-d3il-visual/imf_visual_aligning/H8_Dimf_visual_aligning.models.visual_imf_diffusion.VisualIMF_a1.5_b1.0_aw1_VTrue_steps1000_bs64/6/trainer_config.json

  0%|          | 0/1000 [00:00<?, ?it/s]Epoch 0:   0%|          | 0/1000 [00:00<?, ?it/s]Epoch 0: 100%|██████████| 1000/1000 [02:41<00:00,  6.19it/s, a0_loss=0.942, a0_loss_test=1.36, diffusion_loss=0.424, loss=0.198, loss_test=0.581, lr=0.0002, step=999]Epoch 0: 100%|██████████| 1000/1000 [02:41<00:00,  6.19it/s, a0_loss=0.942, a0_loss_test=1.36, diffusion_loss=0.424, loss=0.198, loss_test=0.581, lr=0.0002, step=999]
Initial test loss:   0.5807, a0 loss:   1.3603
  0%|          | 0/1000 [00:00<?, ?it/s]Epoch 1:   0%|          | 0/1000 [00:00<?, ?it/s]slurmstepd-i6-gpu-1: error: *** JOB 21162 ON i6-gpu-1 CANCELLED AT 2026-06-03T15:52:59 ***
