/bin/bash: /u/home/llim/miniconda3/lib/libtinfo.so.6: no version information available (required by /bin/bash)
JOB START: Thu May 21 20:22:58 UTC 2026
[ utils ] Set plot_path to: logs/avoiding-d3il/plans/flow_matching_v3_drifting/H8_Dmodels.diffusion.GaussianDiffusion_a1.5_b1.0_aw1/H8_K10_Meuler_T0.5_Dmodels.diffusion.GaussianDiffusion/plots/load_results_output_all_seeds
Eval ODE=10, FlowSteps=10, Beta=(1.5,1.0)
Eval ODE=10, FlowSteps=10, Beta=(1.5,1.0)
Eval ODE=10, FlowSteps=10, Beta=(1.5,1.0)
------------------ Variant: dpcc-r ------------------
Success rate (goal): 0.83
Success rate (goal + constraints): 0.17
Success rate (constraints): 0.17
Average steps: 88.20 +- 30.93
Average violations: 15.67 +- 28.43
Average total violations: 0.196 +- 0.345
Average time: 0.22 +- 0.06
$88.2 \pm 30.9$ & $0.83$ & $0.17$ & $15.7 \pm 28.4$ \\
Eval ODE=10, FlowSteps=10, Beta=(1.5,1.0)
Eval ODE=10, FlowSteps=10, Beta=(1.5,1.0)
Eval ODE=10, FlowSteps=10, Beta=(1.5,1.0)
------------------ Variant: dpcc-r-tightened ------------------
Success rate (goal): 1.00
Success rate (goal + constraints): 0.83
Success rate (constraints): 0.83
Average steps: 70.67 +- 14.96
Average violations: 0.33 +- 0.75
Average total violations: 0.000 +- 0.001
Average time: 0.23 +- 0.03
$70.7 \pm 15.0$ & $1.00$ & $0.83$ & $0.3 \pm 0.7$ \\
Eval ODE=10, FlowSteps=10, Beta=(1.5,1.0)
Eval ODE=10, FlowSteps=10, Beta=(1.5,1.0)
Eval ODE=10, FlowSteps=10, Beta=(1.5,1.0)
------------------ Variant: dpcc-c ------------------
Success rate (goal): 0.83
Success rate (goal + constraints): 0.33
Success rate (constraints): 0.33
Average steps: 101.00 +- 33.36
Average violations: 28.00 +- 36.83
Average total violations: 0.349 +- 0.459
Average time: 0.16 +- 0.00
$101.0 \pm 33.4$ & $0.83$ & $0.33$ & $28.0 \pm 36.8$ \\
Eval ODE=10, FlowSteps=10, Beta=(1.5,1.0)
Eval ODE=10, FlowSteps=10, Beta=(1.5,1.0)
Eval ODE=10, FlowSteps=10, Beta=(1.5,1.0)
------------------ Variant: dpcc-c-tightened ------------------
Success rate (goal): 1.00
Success rate (goal + constraints): 1.00
Success rate (constraints): 1.00
Average steps: 66.50 +- 6.87
Average violations: 0.00 +- 0.00
Average total violations: 0.000 +- 0.000
Average time: 0.21 +- 0.02
$66.5 \pm 6.9$ & $1.00$ & $1.00$ & $0.0 \pm 0.0$ \\
Eval ODE=10, FlowSteps=10, Beta=(1.5,1.0)
Eval ODE=10, FlowSteps=10, Beta=(1.5,1.0)
Eval ODE=10, FlowSteps=10, Beta=(1.5,1.0)
------------------ Variant: dpcc-t ------------------
Success rate (goal): 0.67
Success rate (goal + constraints): 0.17
Success rate (constraints): 0.17
Average steps: 124.25 +- 38.21
Average violations: 33.83 +- 35.42
Average total violations: 0.298 +- 0.320
Average time: 0.19 +- 0.03
$124.2 \pm 38.2$ & $0.67$ & $0.17$ & $33.8 \pm 35.4$ \\
Eval ODE=10, FlowSteps=10, Beta=(1.5,1.0)
Eval ODE=10, FlowSteps=10, Beta=(1.5,1.0)
Eval ODE=10, FlowSteps=10, Beta=(1.5,1.0)
------------------ Variant: dpcc-t-tightened ------------------
Success rate (goal): 1.00
Success rate (goal + constraints): 1.00
Success rate (constraints): 1.00
Average steps: 65.00 +- 8.10
Average violations: 0.00 +- 0.00
Average total violations: 0.000 +- 0.000
Average time: 0.22 +- 0.01
$65.0 \pm 8.1$ & $1.00$ & $1.00$ & $0.0 \pm 0.0$ \\
Eval ODE=10, FlowSteps=10, Beta=(1.5,1.0)
Eval ODE=10, FlowSteps=10, Beta=(1.5,1.0)
Eval ODE=10, FlowSteps=10, Beta=(1.5,1.0)
------------------ Variant: diffuser ------------------
Success rate (goal): 1.00
Success rate (goal + constraints): 0.00
Success rate (constraints): 0.00
Average steps: 74.50 +- 18.50
Average violations: 18.67 +- 11.23
Average total violations: 5.371 +- 5.078
Average time: 0.09 +- 0.00
$74.5 \pm 18.5$ & $1.00$ & $0.00$ & $18.7 \pm 11.2$ \\
Eval ODE=10, FlowSteps=10, Beta=(1.5,1.0)
Eval ODE=10, FlowSteps=10, Beta=(1.5,1.0)
Eval ODE=10, FlowSteps=10, Beta=(1.5,1.0)
------------------ Variant: gradient ------------------
Success rate (goal): 1.00
Success rate (goal + constraints): 0.00
Success rate (constraints): 0.00
Average steps: 74.33 +- 17.68
Average violations: 18.83 +- 12.12
Average total violations: 5.213 +- 4.888
Average time: 0.09 +- 0.00
$74.3 \pm 17.7$ & $1.00$ & $0.00$ & $18.8 \pm 12.1$ \\
Eval ODE=10, FlowSteps=10, Beta=(1.5,1.0)
Eval ODE=10, FlowSteps=10, Beta=(1.5,1.0)
Eval ODE=10, FlowSteps=10, Beta=(1.5,1.0)
------------------ Variant: gradient-tightened ------------------
Success rate (goal): 1.00
Success rate (goal + constraints): 0.00
Success rate (constraints): 0.00
Average steps: 74.17 +- 17.84
Average violations: 19.17 +- 11.82
Average total violations: 4.564 +- 4.167
Average time: 0.09 +- 0.00
$74.2 \pm 17.8$ & $1.00$ & $0.00$ & $19.2 \pm 11.8$ \\
Eval ODE=10, FlowSteps=10, Beta=(1.5,1.0)
Eval ODE=10, FlowSteps=10, Beta=(1.5,1.0)
Eval ODE=10, FlowSteps=10, Beta=(1.5,1.0)
------------------ Variant: post_processing ------------------
Success rate (goal): 0.83
Success rate (goal + constraints): 0.17
Success rate (constraints): 0.17
Average steps: 88.20 +- 30.93
Average violations: 15.67 +- 28.43
Average total violations: 0.196 +- 0.345
Average time: 0.22 +- 0.06
$88.2 \pm 30.9$ & $0.83$ & $0.17$ & $15.7 \pm 28.4$ \\
Eval ODE=10, FlowSteps=10, Beta=(1.5,1.0)
Eval ODE=10, FlowSteps=10, Beta=(1.5,1.0)
Eval ODE=10, FlowSteps=10, Beta=(1.5,1.0)
------------------ Variant: post_processing-tightened ------------------
Success rate (goal): 1.00
Success rate (goal + constraints): 0.83
Success rate (constraints): 0.83
Average steps: 70.67 +- 14.96
Average violations: 0.33 +- 0.75
Average total violations: 0.000 +- 0.001
Average time: 0.23 +- 0.03
$70.7 \pm 15.0$ & $1.00$ & $0.83$ & $0.3 \pm 0.7$ \\
Eval ODE=10, FlowSteps=10, Beta=(1.5,1.0)
Eval ODE=10, FlowSteps=10, Beta=(1.5,1.0)
Eval ODE=10, FlowSteps=10, Beta=(1.5,1.0)
------------------ Variant: model_free ------------------
Success rate (goal): 1.00
Success rate (goal + constraints): 0.00
Success rate (constraints): 0.00
Average steps: 75.67 +- 18.02
Average violations: 19.83 +- 12.35
Average total violations: 4.655 +- 4.235
Average time: 0.12 +- 0.00
$75.7 \pm 18.0$ & $1.00$ & $0.00$ & $19.8 \pm 12.3$ \\
Eval ODE=10, FlowSteps=10, Beta=(1.5,1.0)
Eval ODE=10, FlowSteps=10, Beta=(1.5,1.0)
Eval ODE=10, FlowSteps=10, Beta=(1.5,1.0)
------------------ Variant: model_free-tightened ------------------
Success rate (goal): 1.00
Success rate (goal + constraints): 0.00
Success rate (constraints): 0.00
Average steps: 75.83 +- 17.86
Average violations: 19.83 +- 12.60
Average total violations: 4.444 +- 4.038
Average time: 0.13 +- 0.00
$75.8 \pm 17.9$ & $1.00$ & $0.00$ & $19.8 \pm 12.6$ \\
Eval ODE=10, FlowSteps=10, Beta=(1.5,1.0)
Eval ODE=10, FlowSteps=10, Beta=(1.5,1.0)
Eval ODE=10, FlowSteps=10, Beta=(1.5,1.0)
------------------ Variant: dpcc-c-tightened-dt0p25 ------------------
Success rate (goal): 1.00
Success rate (goal + constraints): 1.00
Success rate (constraints): 1.00
Average steps: 78.00 +- 7.19
Average violations: 0.00 +- 0.00
Average total violations: 0.000 +- 0.000
Average time: 0.38 +- 0.05
$78.0 \pm 7.2$ & $1.00$ & $1.00$ & $0.0 \pm 0.0$ \\
Eval ODE=10, FlowSteps=10, Beta=(1.5,1.0)
Eval ODE=10, FlowSteps=10, Beta=(1.5,1.0)
Eval ODE=10, FlowSteps=10, Beta=(1.5,1.0)
------------------ Variant: dpcc-c-tightened-dt0p5 ------------------
Success rate (goal): 1.00
Success rate (goal + constraints): 1.00
Success rate (constraints): 1.00
Average steps: 70.17 +- 7.01
Average violations: 0.00 +- 0.00
Average total violations: 0.000 +- 0.000
Average time: 0.36 +- 0.06
$70.2 \pm 7.0$ & $1.00$ & $1.00$ & $0.0 \pm 0.0$ \\
Eval ODE=10, FlowSteps=10, Beta=(1.5,1.0)
Eval ODE=10, FlowSteps=10, Beta=(1.5,1.0)
Eval ODE=10, FlowSteps=10, Beta=(1.5,1.0)
------------------ Variant: dpcc-c-tightened-dt2p0 ------------------
Success rate (goal): 0.83
Success rate (goal + constraints): 0.67
Success rate (constraints): 0.67
Average steps: 76.40 +- 13.62
Average violations: 2.83 +- 6.34
Average total violations: 0.566 +- 1.266
Average time: 0.20 +- 0.00
$76.4 \pm 13.6$ & $0.83$ & $0.67$ & $2.8 \pm 6.3$ \\
Eval ODE=10, FlowSteps=10, Beta=(1.5,1.0)
Eval ODE=10, FlowSteps=10, Beta=(1.5,1.0)
Eval ODE=10, FlowSteps=10, Beta=(1.5,1.0)
------------------ Variant: dpcc-c-tightened-dt4p0 ------------------
Success rate (goal): 1.00
Success rate (goal + constraints): 1.00
Success rate (constraints): 1.00
Average steps: 117.67 +- 10.55
Average violations: 0.00 +- 0.00
Average total violations: 0.000 +- 0.000
Average time: 0.17 +- 0.00
$117.7 \pm 10.5$ & $1.00$ & $1.00$ & $0.0 \pm 0.0$ \\
[0.8333333333333334, 0.6666666666666666, 0.8333333333333334]
[0.16666666666666666, 0.16666666666666666, 0.3333333333333333]
[88.2, 124.25, 101.0]
[30.93477008157649, 38.205856880850085, 33.36465195382682]
[1.0, 1.0, 1.0]
[0.8333333333333334, 1.0, 1.0]
[70.66666666666667, 65.0, 66.5]
[14.962917124975627, 8.103497187428813, 6.87386354243376]
Job completed successfully.
