/bin/bash: /u/home/llim/miniconda3/lib/libtinfo.so.6: no version information available (required by /bin/bash)
================================================================================
JOB START: Tue Jun 16 22:04:35 UTC 2026
JOB NAME:  imf_train
JOB ID:    21656
NODE:      i6-gpu-1
GPU INFO:
NVIDIA RTX A5000, 530.41.03, 24564 MiB
NVIDIA RTX A5000, 530.41.03, 24564 MiB
NVIDIA RTX A5000, 530.41.03, 24564 MiB
NVIDIA RTX A5000, 530.41.03, 24564 MiB
NVIDIA RTX A5000, 530.41.03, 24564 MiB
NVIDIA RTX A5000, 530.41.03, 24564 MiB
NVIDIA RTX A5000, 530.41.03, 24564 MiB
NVIDIA RTX A5000, 530.41.03, 24564 MiB
GIT REV:   57908e5
================================================================================
[ GPU-CHECK ] CUDA_VISIBLE_DEVICES=1  MUJOCO_EGL_DEVICE_ID=1
wandb: Currently logged in as: llmmail2021 (llmmail2021-technical-university-of-munich). Use `wandb login --relogin` to force relogin
wandb: wandb version 0.27.2 is available!  To upgrade, please run:
wandb:  $ pip install wandb --upgrade
wandb: Tracking run with wandb version 0.17.5
wandb: Run data is saved locally in /data/home/llim/FMPCC/FM-PCC/wandb/run-20260616_220444-rf2xw1ax
wandb: Run `wandb offline` to turn off syncing.
wandb: Syncing run iMF-seed-6
wandb: ⭐️ View project at https://wandb.ai/llmmail2021-technical-university-of-munich/FMPCC-iMF
wandb: 🚀 View run at https://wandb.ai/llmmail2021-technical-university-of-munich/FMPCC-iMF/runs/rf2xw1ax
================================================================================
[ train ] iMeanFlow Training (iMF-PCC)
[ train ] Engine: Improved Mean Flows (dual-velocity decomposition)
[ train ] Repo: github.com/Lyy-iiis/imeanflow
[ train ] Seeds: [6] (cli --seeds)
[ train ] W&B: True (project: FMPCC-iMF)
================================================================================

[ train ] Seed 6

[utils/config ] Config: <class 'diffuser.datasets.sequence.SequenceDataset'>
    discount: 0.99
    env: avoiding-d3il
    horizon: 8
    include_returns: True
    max_path_length: 150
    normalizer: LimitsNormalizer
    preprocess_fns: []
    returns_scale: 400
    use_padding: True

[ utils/config ] Saved config to: logs/avoiding-d3il/flow_matching_v3_imeanflow/H8_Dflow_matcher_v3_imeanflow.models.iMeanFlowODE_a1.0_b1.0_aw10_objmeanflow_jvp/6/dataset_config_resume_1.json

[ datasets/buffer ] Fields:
    observations: (96, 150, 4)
    actions: (96, 150, 2)
    rewards: (96, 150, 1)
    terminals: (96, 150, 1)
    normed_observations: (96, 150, 4)
    normed_actions: (96, 150, 2)

[utils/config ] Config: <class 'flow_matcher_v3_imeanflow.models.imf_engine.iMeanFlowEngine'>
    depth: 8
    dropout_rate: 0.1
    dual_head: True
    freq_dim: 256
    interval_cfg: True
    mlp_dim: 256
    num_heads: 4
    seq_len: 8
    state_dim: 6
    time_dim: 256

[ utils/config ] Saved config to: logs/avoiding-d3il/flow_matching_v3_imeanflow/H8_Dflow_matcher_v3_imeanflow.models.iMeanFlowODE_a1.0_b1.0_aw10_objmeanflow_jvp/6/model_config_resume_1.json


[utils/config ] Config: <class 'flow_matcher_v3_imeanflow.models.imf_diffusion.iMeanFlowODE'>
    action_dim: 2
    action_weight: 10
    clip_denoised: False
    condition_guidance_w: 1.2
    flow_steps_v3: 10
    goal_dim: 0
    horizon: 8
    imf_objective: meanflow_jvp
    loss_discount: 1.0
    loss_schedule: balanced
    loss_type: l2
    meanflow_adaptive_c: 0.001
    meanflow_adaptive_p: 0.5
    meanflow_aux_weight: 0.05
    meanflow_cfg_omega: 4.0
    meanflow_cfg_t_max: 0.6
    meanflow_cfg_t_min: 0.4
    meanflow_r_equals_t_frac: 0.25
    observation_dim: 4
    ode_inference_steps_v3: 10
    predict_epsilon: True
    returns_condition: True
    time_beta_alpha_v3: 1.0
    time_beta_beta_v3: 1.0
    transition_epochs: 0
    u_loss_weight: 1.0
    v_loss_weight: 0.1
    warmup_epochs: 0

[ utils/config ] Saved config to: logs/avoiding-d3il/flow_matching_v3_imeanflow/H8_Dflow_matcher_v3_imeanflow.models.iMeanFlowODE_a1.0_b1.0_aw10_objmeanflow_jvp/6/diffusion_config_resume_1.json


[utils/config ] Config: <class 'diffuser.utils.training.Trainer'>
    ema_decay: 0.995
    gradient_accumulate_every: 2
    n_steps_per_epoch: 1000
    n_train_steps: 100000
    results_folder: logs/avoiding-d3il/flow_matching_v3_imeanflow/H8_Dflow_matcher_v3_imeanflow.models.iMeanFlowODE_a1.0_b1.0_aw10_objmeanflow_jvp/6
    train_batch_size: 32
    train_device: cuda
    train_lr: 0.0005
    train_test_split: 0.9

[ utils/config ] Saved config to: logs/avoiding-d3il/flow_matching_v3_imeanflow/H8_Dflow_matcher_v3_imeanflow.models.iMeanFlowODE_a1.0_b1.0_aw10_objmeanflow_jvp/6/trainer_config_resume_1.json

[ train ] Starting training (steps: 100000)
  0%|          | 0/1000 [00:00<?, ?it/s]Epoch 0:   0%|          | 0/1000 [00:00<?, ?it/s]Initial test loss:   0.7369, a0 loss:   1.6980
slurmstepd-i6-gpu-1: error: *** JOB 21656 ON i6-gpu-1 CANCELLED AT 2026-06-16T22:05:54 ***
================================================================================
JOB END:   Tue Jun 16 22:05:54 UTC 2026
================================================================================
