/bin/bash: /u/home/llim/miniconda3/lib/libtinfo.so.6: no version information available (required by /bin/bash)
[ U6 ] checkpoint   = best (default; no _EP fragment)
================================================================================
JOB START: Fri Sep 11 01:55:17 UTC 2026  |  uav_mix_train  |  ID 25635  |  NODE i6-gpu-1
ENGINE: diffusion   SCENE: pillars   SEEDS: 6
NVIDIA RTX A5000, 24564 MiB
NVIDIA RTX A5000, 24564 MiB
NVIDIA RTX A5000, 24564 MiB
NVIDIA RTX A5000, 24564 MiB
NVIDIA RTX A5000, 24564 MiB
NVIDIA RTX A5000, 24564 MiB
NVIDIA RTX A5000, 24564 MiB
NVIDIA RTX A5000, 24564 MiB
GIT REV:   8dfae0ea
================================================================================
[ GPU-CHECK ] CUDA_VISIBLE_DEVICES=0  MUJOCO_EGL_DEVICE_ID=0
--------------------------------------------------------------------------------
[ uav_mix_train ] engine=diffusion scene=pillars seed=6  Fri Sep 11 01:55:18 UTC 2026
[ uav_mix_train ] python mix_uav_test/train_mix_uav.py --engine diffusion --scene pillars --seed 6 --use-wandb --wandb-project FM-PCC-uav-mix --wandb-group uav-diffusion-pillars
wandb: Currently logged in as: llmmail2021 (llmmail2021-technical-university-of-munich). Use `wandb login --relogin` to force relogin
wandb: wandb version 0.30.0 is available!  To upgrade, please run:
wandb:  $ pip install wandb --upgrade
wandb: Tracking run with wandb version 0.17.5
wandb: Run data is saved locally in /data/home/llim/FMPCC/FM-PCC/wandb/run-20260911_015522-e30bya74
wandb: Run `wandb offline` to turn off syncing.
wandb: Syncing run uav-pillars-mix_uav_diffusion-H8_Dddpm_diffusion.GaussianDiffusion_9D_K20-S6-slurm-25635
wandb: ⭐️ View project at https://wandb.ai/llmmail2021-technical-university-of-munich/FM-PCC-uav-mix
wandb: 🚀 View run at https://wandb.ai/llmmail2021-technical-university-of-munich/FM-PCC-uav-mix/runs/e30bya74
================================================================================
[ train ] Gen15 UAV Mix-ML — engine: diffusion  (DDPM / DPCC baseline (GaussianDiffusion))
[ train ] UAV scene: pillars  (dataset string: uav-pillars)
[ train ] Seed source: cli --seed
[ train ] Training seeds: [6]
================================================================================
[ utils/setup ] Made savepath: logs/UAV_MIX/uav-pillars/mix_uav_diffusion/H8_Dmodels.ddpm_diffusion.GaussianDiffusion_9D_K20/6
[ train ] max_path_length: 750 → 560 (scene=pillars)
[ train ] Saved seed manifest to: logs/UAV_MIX/uav-pillars/mix_uav_diffusion/H8_Dmodels.ddpm_diffusion.GaussianDiffusion_9D_K20/seeds_config.json

[utils/config ] Config: <class 'mix_uav.datasets.sequence.SequenceDataset'>
    cond_mode: pos_only
    discount: 0.99
    env: uav-pillars
    horizon: 8
    include_returns: False
    max_path_length: 560
    normalizer: SafeLimitsNormalizer
    preprocess_fns: []
    returns_scale: 560
    use_padding: True

[ utils/config ] Saved config to: logs/UAV_MIX/uav-pillars/mix_uav_diffusion/H8_Dmodels.ddpm_diffusion.GaussianDiffusion_9D_K20/6/dataset_config.pkl

[ utils/config ] Saved config to: logs/UAV_MIX/uav-pillars/mix_uav_diffusion/H8_Dmodels.ddpm_diffusion.GaussianDiffusion_9D_K20/6/dataset_config.json

[ utils/normalization ] Constant data in actions[2] | max = min = 9.89530235095265e-13 → Fix_16 widened by eps=3.086e-05 (mode=scaled). unnormalize scale for this channel = 3.086e-05 data-units per unit output.
[ utils/normalization ] ⚠ Fix_16: ALL dimensions constant — no reference scale; falling back to eps=1.0.
[ utils/normalization ] Constant data in rewards[0] | max = min = 0.0 → Fix_16 widened by eps=1.000e+00 (mode=scaled). unnormalize scale for this channel = 1.000e+00 data-units per unit output.
[ datasets/buffer ] Fields:
    observations: (475, 560, 6)
    actions: (475, 560, 3)
    rewards: (475, 560, 1)
    terminals: (475, 560, 1)
    normed_observations: (475, 560, 6)
    normed_actions: (475, 560, 3)

[utils/config ] Config: <class 'mix_uav.models.unet1d_ddpm_cond.UNet1DTemporalCondModel'>
    cond_dim: 6
    condition_dropout: 0.25
    dim: 32
    dim_mults: (1, 2, 4, 8)
    horizon: 8
    returns_condition: False
    transition_dim: 9

[ utils/config ] Saved config to: logs/UAV_MIX/uav-pillars/mix_uav_diffusion/H8_Dmodels.ddpm_diffusion.GaussianDiffusion_9D_K20/6/model_config.pkl

[ utils/config ] Saved config to: logs/UAV_MIX/uav-pillars/mix_uav_diffusion/H8_Dmodels.ddpm_diffusion.GaussianDiffusion_9D_K20/6/model_config.json


[utils/config ] Config: <class 'mix_uav.models.ddpm_diffusion.GaussianDiffusion'>
    action_dim: 3
    action_weight: 1
    clip_denoised: False
    condition_guidance_w: 1.2
    goal_dim: 0
    horizon: 8
    loss_discount: 1.0
    loss_type: l2
    n_timesteps: 20
    observation_dim: 6
    predict_epsilon: True
    returns_condition: False

[ utils/config ] Saved config to: logs/UAV_MIX/uav-pillars/mix_uav_diffusion/H8_Dmodels.ddpm_diffusion.GaussianDiffusion_9D_K20/6/diffusion_config.pkl

[ utils/config ] Saved config to: logs/UAV_MIX/uav-pillars/mix_uav_diffusion/H8_Dmodels.ddpm_diffusion.GaussianDiffusion_9D_K20/6/diffusion_config.json


[utils/config ] Config: <class 'mix_uav.utils.training.Trainer'>
    ema_decay: 0.995
    gradient_accumulate_every: 2
    n_steps_per_epoch: 1000
    n_train_steps: 100000
    results_folder: logs/UAV_MIX/uav-pillars/mix_uav_diffusion/H8_Dmodels.ddpm_diffusion.GaussianDiffusion_9D_K20/6
    train_batch_size: 8
    train_lr: 0.0001
    train_test_split: 0.9

[ utils/config ] Saved config to: logs/UAV_MIX/uav-pillars/mix_uav_diffusion/H8_Dmodels.ddpm_diffusion.GaussianDiffusion_9D_K20/6/trainer_config.pkl

[ utils/config ] Saved config to: logs/UAV_MIX/uav-pillars/mix_uav_diffusion/H8_Dmodels.ddpm_diffusion.GaussianDiffusion_9D_K20/6/trainer_config.json

[ train ] engine=diffusion  backbone=unet  params=3,955,177 (3.96 M)
[ train ] savepath: logs/UAV_MIX/uav-pillars/mix_uav_diffusion/H8_Dmodels.ddpm_diffusion.GaussianDiffusion_9D_K20/6
Initial test loss:   0.5281, a0 loss:   1.0523
[ train ] epoch 0 step 1000/100000  loss=0.35214  diffusion_loss=0.70428  a0_loss=1.0403  loss_test=0.52812  a0_loss_test=1.0523  lr=0.0001  step=999
[ train ] epoch 1 step 2000/100000  loss=0.18507  diffusion_loss=0.37014  a0_loss=0.48799  loss_test=0.33024  a0_loss_test=0.89526  lr=9.9975e-05  step=1999
[ train ] epoch 2 step 3000/100000  loss=0.10894  diffusion_loss=0.21787  a0_loss=0.15779  loss_test=0.1872  a0_loss_test=0.53252  lr=9.9899e-05  step=2999
[ train ] epoch 3 step 4000/100000  loss=0.05768  diffusion_loss=0.11536  a0_loss=0.084439  loss_test=0.11102  a0_loss_test=0.30052  lr=9.9774e-05  step=3999
[ train ] epoch 4 step 5000/100000  loss=0.041527  diffusion_loss=0.083055  a0_loss=0.087592  loss_test=0.060188  a0_loss_test=0.11852  lr=9.9598e-05  step=4999
[ train ] epoch 5 step 6000/100000  loss=0.028633  diffusion_loss=0.057266  a0_loss=0.054549  loss_test=0.045794  a0_loss_test=0.11589  lr=9.9372e-05  step=5999
[ train ] epoch 6 step 7000/100000  loss=0.018065  diffusion_loss=0.036129  a0_loss=0.027279  loss_test=0.030867  a0_loss_test=0.07747  lr=9.9096e-05  step=6999
[ train ] epoch 7 step 8000/100000  loss=0.038359  diffusion_loss=0.076718  a0_loss=0.06668  loss_test=0.026069  a0_loss_test=0.06177  lr=9.8771e-05  step=7999
[ train ] epoch 8 step 9000/100000  loss=0.015686  diffusion_loss=0.031372  a0_loss=0.021001  loss_test=0.024256  a0_loss_test=0.059535  lr=9.8397e-05  step=8999
[ train ] epoch 9 step 10000/100000  loss=0.020763  diffusion_loss=0.041526  a0_loss=0.064772  loss_test=0.017356  a0_loss_test=0.05262  lr=9.7975e-05  step=9999
[ train ] epoch 10 step 11000/100000  loss=0.012973  diffusion_loss=0.025947  a0_loss=0.030879  loss_test=0.014515  a0_loss_test=0.044701  lr=9.7504e-05  step=10999
[ train ] epoch 11 step 12000/100000  loss=0.0088107  diffusion_loss=0.017621  a0_loss=0.034649  loss_test=0.015288  a0_loss_test=0.042985  lr=9.6985e-05  step=11999
[ train ] epoch 12 step 13000/100000  loss=0.037578  diffusion_loss=0.075155  a0_loss=0.17568  loss_test=0.012639  a0_loss_test=0.047918  lr=9.6418e-05  step=12999
[ train ] epoch 13 step 14000/100000  loss=0.013816  diffusion_loss=0.027633  a0_loss=0.050318  loss_test=0.012738  a0_loss_test=0.038914  lr=9.5805e-05  step=13999
[ train ] epoch 14 step 15000/100000  loss=0.0080259  diffusion_loss=0.016052  a0_loss=0.012715  loss_test=0.011334  a0_loss_test=0.045565  lr=9.5146e-05  step=14999
[ train ] epoch 15 step 16000/100000  loss=0.025588  diffusion_loss=0.051175  a0_loss=0.10272  loss_test=0.011737  a0_loss_test=0.038054  lr=9.4442e-05  step=15999
[ train ] epoch 16 step 17000/100000  loss=0.0080971  diffusion_loss=0.016194  a0_loss=0.015507  loss_test=0.009518  a0_loss_test=0.03131  lr=9.3692e-05  step=16999
[ train ] epoch 17 step 18000/100000  loss=0.012925  diffusion_loss=0.025851  a0_loss=0.043386  loss_test=0.0090469  a0_loss_test=0.032825  lr=9.2899e-05  step=17999
[ train ] epoch 18 step 19000/100000  loss=0.0065365  diffusion_loss=0.013073  a0_loss=0.024048  loss_test=0.0081816  a0_loss_test=0.029367  lr=9.2063e-05  step=18999
[ train ] epoch 19 step 20000/100000  loss=0.0038532  diffusion_loss=0.0077063  a0_loss=0.016933  loss_test=0.0083875  a0_loss_test=0.031826  lr=9.1184e-05  step=19999
[ train ] epoch 20 step 21000/100000  loss=0.010349  diffusion_loss=0.020697  a0_loss=0.042014  loss_test=0.0082166  a0_loss_test=0.027252  lr=9.0264e-05  step=20999
[ train ] epoch 21 step 22000/100000  loss=0.0080855  diffusion_loss=0.016171  a0_loss=0.016699  loss_test=0.0081023  a0_loss_test=0.029284  lr=8.9303e-05  step=21999
[ train ] epoch 22 step 23000/100000  loss=0.011316  diffusion_loss=0.022632  a0_loss=0.058143  loss_test=0.0075857  a0_loss_test=0.027452  lr=8.8302e-05  step=22999
[ train ] epoch 23 step 24000/100000  loss=0.0035461  diffusion_loss=0.0070922  a0_loss=0.019519  loss_test=0.0075109  a0_loss_test=0.023199  lr=8.7263e-05  step=23999
[ train ] epoch 24 step 25000/100000  loss=0.0079361  diffusion_loss=0.015872  a0_loss=0.026702  loss_test=0.0068557  a0_loss_test=0.026094  lr=8.6187e-05  step=24999
[ train ] epoch 25 step 26000/100000  loss=0.010179  diffusion_loss=0.020358  a0_loss=0.056425  loss_test=0.0064454  a0_loss_test=0.027643  lr=8.5074e-05  step=25999
[ train ] epoch 26 step 27000/100000  loss=0.0097062  diffusion_loss=0.019412  a0_loss=0.048972  loss_test=0.0060375  a0_loss_test=0.025102  lr=8.3925e-05  step=26999
[ train ] epoch 27 step 28000/100000  loss=0.0033657  diffusion_loss=0.0067314  a0_loss=0.010239  loss_test=0.0060594  a0_loss_test=0.023845  lr=8.2743e-05  step=27999
[ train ] epoch 28 step 29000/100000  loss=0.0028077  diffusion_loss=0.0056154  a0_loss=0.005472  loss_test=0.0052908  a0_loss_test=0.022957  lr=8.1528e-05  step=28999
[ train ] epoch 29 step 30000/100000  loss=0.0061086  diffusion_loss=0.012217  a0_loss=0.018528  loss_test=0.0066879  a0_loss_test=0.024626  lr=8.028e-05  step=29999
[ train ] epoch 30 step 31000/100000  loss=0.0031509  diffusion_loss=0.0063018  a0_loss=0.0099077  loss_test=0.0075262  a0_loss_test=0.029295  lr=7.9003e-05  step=30999
[ train ] epoch 31 step 32000/100000  loss=0.0033382  diffusion_loss=0.0066764  a0_loss=0.010325  loss_test=0.0065471  a0_loss_test=0.025056  lr=7.7696e-05  step=31999
[ train ] epoch 32 step 33000/100000  loss=0.012363  diffusion_loss=0.024727  a0_loss=0.056605  loss_test=0.0061059  a0_loss_test=0.024098  lr=7.6361e-05  step=32999
[ train ] epoch 33 step 34000/100000  loss=0.008221  diffusion_loss=0.016442  a0_loss=0.025945  loss_test=0.0056307  a0_loss_test=0.022141  lr=7.5e-05  step=33999
[ train ] epoch 34 step 35000/100000  loss=0.0035099  diffusion_loss=0.0070197  a0_loss=0.0092219  loss_test=0.0051709  a0_loss_test=0.01895  lr=7.3614e-05  step=34999
[ train ] epoch 35 step 36000/100000  loss=0.0032747  diffusion_loss=0.0065493  a0_loss=0.006282  loss_test=0.0045566  a0_loss_test=0.018557  lr=7.2203e-05  step=35999
[ train ] epoch 36 step 37000/100000  loss=0.0027785  diffusion_loss=0.005557  a0_loss=0.0089098  loss_test=0.0048931  a0_loss_test=0.02095  lr=7.0771e-05  step=36999
[ train ] epoch 37 step 38000/100000  loss=0.0065777  diffusion_loss=0.013155  a0_loss=0.012566  loss_test=0.0052141  a0_loss_test=0.018865  lr=6.9317e-05  step=37999
[ train ] epoch 38 step 39000/100000  loss=0.0045907  diffusion_loss=0.0091813  a0_loss=0.024697  loss_test=0.0046965  a0_loss_test=0.020649  lr=6.7844e-05  step=38999
[ train ] epoch 39 step 40000/100000  loss=0.007313  diffusion_loss=0.014626  a0_loss=0.028961  loss_test=0.0043629  a0_loss_test=0.019234  lr=6.6353e-05  step=39999
[ train ] epoch 40 step 41000/100000  loss=0.0016221  diffusion_loss=0.0032441  a0_loss=0.0055412  loss_test=0.0048319  a0_loss_test=0.021052  lr=6.4846e-05  step=40999
[ train ] epoch 41 step 42000/100000  loss=0.0043418  diffusion_loss=0.0086836  a0_loss=0.021994  loss_test=0.0042085  a0_loss_test=0.019857  lr=6.3324e-05  step=41999
[ train ] epoch 42 step 43000/100000  loss=0.0033809  diffusion_loss=0.0067617  a0_loss=0.020672  loss_test=0.0037997  a0_loss_test=0.01656  lr=6.1788e-05  step=42999
[ train ] epoch 43 step 44000/100000  loss=0.0040019  diffusion_loss=0.0080039  a0_loss=0.02126  loss_test=0.0038801  a0_loss_test=0.01537  lr=6.024e-05  step=43999
[ train ] epoch 44 step 45000/100000  loss=0.0020091  diffusion_loss=0.0040181  a0_loss=0.0038377  loss_test=0.0044816  a0_loss_test=0.016605  lr=5.8682e-05  step=44999
[ train ] epoch 45 step 46000/100000  loss=0.0015424  diffusion_loss=0.0030848  a0_loss=0.0043248  loss_test=0.0047134  a0_loss_test=0.021541  lr=5.7116e-05  step=45999
[ train ] epoch 46 step 47000/100000  loss=0.0034584  diffusion_loss=0.0069169  a0_loss=0.019444  loss_test=0.0044447  a0_loss_test=0.02267  lr=5.5542e-05  step=46999
[ train ] epoch 47 step 48000/100000  loss=0.0058668  diffusion_loss=0.011734  a0_loss=0.010029  loss_test=0.0033325  a0_loss_test=0.01466  lr=5.3962e-05  step=47999
[ train ] epoch 48 step 49000/100000  loss=0.0040154  diffusion_loss=0.0080307  a0_loss=0.012943  loss_test=0.0038491  a0_loss_test=0.017253  lr=5.2379e-05  step=48999
[ train ] epoch 49 step 50000/100000  loss=0.0010665  diffusion_loss=0.002133  a0_loss=0.0029811  loss_test=0.0034924  a0_loss_test=0.016947  lr=5.0793e-05  step=49999
[ train ] epoch 50 step 51000/100000  loss=0.0021112  diffusion_loss=0.0042223  a0_loss=0.013439  loss_test=0.0036822  a0_loss_test=0.016524  lr=4.9207e-05  step=50999
[ train ] epoch 51 step 52000/100000  loss=0.0036685  diffusion_loss=0.0073369  a0_loss=0.014219  loss_test=0.004258  a0_loss_test=0.018552  lr=4.7621e-05  step=51999
[ train ] epoch 52 step 53000/100000  loss=0.0011312  diffusion_loss=0.0022624  a0_loss=0.0036526  loss_test=0.0032753  a0_loss_test=0.014577  lr=4.6038e-05  step=52999
[ train ] epoch 53 step 54000/100000  loss=0.0020144  diffusion_loss=0.0040287  a0_loss=0.0088503  loss_test=0.0032438  a0_loss_test=0.014702  lr=4.4458e-05  step=53999
[ train ] epoch 54 step 55000/100000  loss=0.0024923  diffusion_loss=0.0049847  a0_loss=0.0063093  loss_test=0.0032201  a0_loss_test=0.015039  lr=4.2884e-05  step=54999
[ train ] epoch 55 step 56000/100000  loss=0.00458  diffusion_loss=0.0091601  a0_loss=0.016194  loss_test=0.0029063  a0_loss_test=0.012223  lr=4.1318e-05  step=55999
[ train ] epoch 56 step 57000/100000  loss=0.0032628  diffusion_loss=0.0065257  a0_loss=0.017982  loss_test=0.0034965  a0_loss_test=0.013794  lr=3.976e-05  step=56999
[ train ] epoch 57 step 58000/100000  loss=0.0023786  diffusion_loss=0.0047571  a0_loss=0.0075592  loss_test=0.0032991  a0_loss_test=0.014164  lr=3.8212e-05  step=57999
[ train ] epoch 58 step 59000/100000  loss=0.0010781  diffusion_loss=0.0021561  a0_loss=0.0038443  loss_test=0.0029932  a0_loss_test=0.014246  lr=3.6676e-05  step=58999
[ train ] epoch 59 step 60000/100000  loss=0.002079  diffusion_loss=0.0041581  a0_loss=0.013444  loss_test=0.0036636  a0_loss_test=0.016607  lr=3.5154e-05  step=59999
[ train ] epoch 60 step 61000/100000  loss=0.0025215  diffusion_loss=0.005043  a0_loss=0.01388  loss_test=0.0026056  a0_loss_test=0.011727  lr=3.3647e-05  step=60999
[ train ] epoch 61 step 62000/100000  loss=0.0015729  diffusion_loss=0.0031459  a0_loss=0.0076946  loss_test=0.0032909  a0_loss_test=0.016175  lr=3.2156e-05  step=61999
[ train ] epoch 62 step 63000/100000  loss=0.0022162  diffusion_loss=0.0044323  a0_loss=0.0092186  loss_test=0.002969  a0_loss_test=0.013767  lr=3.0683e-05  step=62999
[ train ] epoch 63 step 64000/100000  loss=0.00091695  diffusion_loss=0.0018339  a0_loss=0.0030153  loss_test=0.0024661  a0_loss_test=0.010593  lr=2.9229e-05  step=63999
[ train ] epoch 64 step 65000/100000  loss=0.0016619  diffusion_loss=0.0033237  a0_loss=0.0072479  loss_test=0.0033807  a0_loss_test=0.014008  lr=2.7797e-05  step=64999
[ train ] epoch 65 step 66000/100000  loss=0.0011242  diffusion_loss=0.0022484  a0_loss=0.0043598  loss_test=0.0029966  a0_loss_test=0.014685  lr=2.6386e-05  step=65999
[ train ] epoch 66 step 67000/100000  loss=0.0029967  diffusion_loss=0.0059934  a0_loss=0.013277  loss_test=0.00265  a0_loss_test=0.012265  lr=2.5e-05  step=66999
[ train ] epoch 67 step 68000/100000  loss=0.0062062  diffusion_loss=0.012412  a0_loss=0.040896  loss_test=0.0023101  a0_loss_test=0.010961  lr=2.3639e-05  step=67999
[ train ] epoch 68 step 69000/100000  loss=0.0017435  diffusion_loss=0.0034871  a0_loss=0.013953  loss_test=0.0024532  a0_loss_test=0.011131  lr=2.2304e-05  step=68999
[ train ] epoch 69 step 70000/100000  loss=0.003218  diffusion_loss=0.0064361  a0_loss=0.02571  loss_test=0.002473  a0_loss_test=0.010913  lr=2.0997e-05  step=69999
[ train ] epoch 70 step 71000/100000  loss=0.0041183  diffusion_loss=0.0082365  a0_loss=0.030377  loss_test=0.0024844  a0_loss_test=0.012592  lr=1.972e-05  step=70999
[ train ] epoch 71 step 72000/100000  loss=0.00075831  diffusion_loss=0.0015166  a0_loss=0.003296  loss_test=0.0025073  a0_loss_test=0.011879  lr=1.8472e-05  step=71999
[ train ] epoch 72 step 73000/100000  loss=0.0033867  diffusion_loss=0.0067733  a0_loss=0.012026  loss_test=0.0022448  a0_loss_test=0.010436  lr=1.7257e-05  step=72999
[ train ] epoch 73 step 74000/100000  loss=0.0020052  diffusion_loss=0.0040105  a0_loss=0.011401  loss_test=0.0022142  a0_loss_test=0.010474  lr=1.6075e-05  step=73999
[ train ] epoch 74 step 75000/100000  loss=0.0025039  diffusion_loss=0.0050079  a0_loss=0.014349  loss_test=0.0023826  a0_loss_test=0.013217  lr=1.4926e-05  step=74999
[ train ] epoch 75 step 76000/100000  loss=0.003558  diffusion_loss=0.0071159  a0_loss=0.017942  loss_test=0.0021593  a0_loss_test=0.010723  lr=1.3813e-05  step=75999
[ train ] epoch 76 step 77000/100000  loss=0.00072575  diffusion_loss=0.0014515  a0_loss=0.00055371  loss_test=0.002019  a0_loss_test=0.0092454  lr=1.2737e-05  step=76999
[ train ] epoch 77 step 78000/100000  loss=0.002862  diffusion_loss=0.0057241  a0_loss=0.013255  loss_test=0.0021362  a0_loss_test=0.010513  lr=1.1698e-05  step=77999
[ train ] epoch 78 step 79000/100000  loss=0.0010819  diffusion_loss=0.0021639  a0_loss=0.0044067  loss_test=0.0019815  a0_loss_test=0.0096008  lr=1.0697e-05  step=78999
[ train ] epoch 79 step 80000/100000  loss=0.001499  diffusion_loss=0.0029979  a0_loss=0.0064809  loss_test=0.0021868  a0_loss_test=0.010806  lr=9.7365e-06  step=79999
[ train ] epoch 80 step 81000/100000  loss=0.0028612  diffusion_loss=0.0057223  a0_loss=0.014485  loss_test=0.0021872  a0_loss_test=0.011068  lr=8.8162e-06  step=80999
[ train ] epoch 81 step 82000/100000  loss=0.0025774  diffusion_loss=0.0051548  a0_loss=0.016088  loss_test=0.0023614  a0_loss_test=0.011521  lr=7.9373e-06  step=81999
[ train ] epoch 82 step 83000/100000  loss=0.0010938  diffusion_loss=0.0021876  a0_loss=0.0018589  loss_test=0.0019117  a0_loss_test=0.0086803  lr=7.1008e-06  step=82999
[ train ] epoch 83 step 84000/100000  loss=0.0042873  diffusion_loss=0.0085746  a0_loss=0.022088  loss_test=0.0021316  a0_loss_test=0.01027  lr=6.3075e-06  step=83999
[ train ] epoch 84 step 85000/100000  loss=0.0014427  diffusion_loss=0.0028854  a0_loss=0.005864  loss_test=0.001847  a0_loss_test=0.0085285  lr=5.5582e-06  step=84999
[ train ] epoch 85 step 86000/100000  loss=0.0030212  diffusion_loss=0.0060425  a0_loss=0.013462  loss_test=0.0020943  a0_loss_test=0.010206  lr=4.8537e-06  step=85999
[ train ] epoch 86 step 87000/100000  loss=0.0011635  diffusion_loss=0.002327  a0_loss=0.0049535  loss_test=0.0017654  a0_loss_test=0.0082321  lr=4.1946e-06  step=86999
[ train ] epoch 87 step 88000/100000  loss=0.0005905  diffusion_loss=0.001181  a0_loss=0.0020458  loss_test=0.0017145  a0_loss_test=0.0081689  lr=3.5816e-06  step=87999
[ train ] epoch 88 step 89000/100000  loss=0.0018157  diffusion_loss=0.0036314  a0_loss=0.0091953  loss_test=0.0017813  a0_loss_test=0.0080926  lr=3.0154e-06  step=88999
[ train ] epoch 89 step 90000/100000  loss=0.00073266  diffusion_loss=0.0014653  a0_loss=0.002571  loss_test=0.0019155  a0_loss_test=0.0087074  lr=2.4964e-06  step=89999
[ train ] epoch 90 step 91000/100000  loss=0.0058249  diffusion_loss=0.01165  a0_loss=0.052524  loss_test=0.001706  a0_loss_test=0.008347  lr=2.0254e-06  step=90999
[ train ] epoch 91 step 92000/100000  loss=0.0028482  diffusion_loss=0.0056963  a0_loss=0.014076  loss_test=0.0016448  a0_loss_test=0.0072924  lr=1.6026e-06  step=91999
[ train ] epoch 92 step 93000/100000  loss=0.00085535  diffusion_loss=0.0017107  a0_loss=0.0015238  loss_test=0.0015428  a0_loss_test=0.0070655  lr=1.2285e-06  step=92999
[ train ] epoch 93 step 94000/100000  loss=0.001232  diffusion_loss=0.002464  a0_loss=0.0070645  loss_test=0.0019588  a0_loss_test=0.0092956  lr=9.0357e-07  step=93999
[ train ] epoch 94 step 95000/100000  loss=0.00079837  diffusion_loss=0.0015967  a0_loss=0.0016038  loss_test=0.0020455  a0_loss_test=0.0094141  lr=6.2806e-07  step=94999
[ train ] epoch 95 step 96000/100000  loss=0.00080616  diffusion_loss=0.0016123  a0_loss=0.002442  loss_test=0.001959  a0_loss_test=0.0086062  lr=4.0226e-07  step=95999
[ train ] epoch 96 step 97000/100000  loss=0.00091059  diffusion_loss=0.0018212  a0_loss=0.00078815  loss_test=0.0018899  a0_loss_test=0.0089756  lr=2.264e-07  step=96999
[ train ] epoch 97 step 98000/100000  loss=0.0022408  diffusion_loss=0.0044816  a0_loss=0.012049  loss_test=0.001704  a0_loss_test=0.008184  lr=1.0067e-07  step=97999
[ train ] epoch 98 step 99000/100000  loss=0.00072828  diffusion_loss=0.0014566  a0_loss=0.0011207  loss_test=0.0016729  a0_loss_test=0.0081192  lr=2.5173e-08  step=98999
[ train ] epoch 99 step 100000/100000  loss=0.0023947  diffusion_loss=0.0047894  a0_loss=0.012519  loss_test=0.0017195  a0_loss_test=0.0079547  lr=0  step=99999
[ utils/training ] final checkpoint: step 100000 (the periodic save only reaches 80000); "latest" now resolves to the end of the schedule
wandb: - 0.015 MB of 0.015 MB uploadedwandb: \ 0.015 MB of 0.015 MB uploadedwandb: | 0.015 MB of 0.015 MB uploadedwandb: / 0.015 MB of 0.015 MB uploadedwandb: - 0.025 MB of 0.034 MB uploaded (0.004 MB deduped)wandb: \ 0.025 MB of 0.034 MB uploaded (0.004 MB deduped)wandb: | 0.057 MB of 0.057 MB uploaded (0.004 MB deduped)wandb:                                                                                
wandb: W&B sync reduced upload amount by 6.5%
wandb: 
wandb: Run history:
wandb:  test/a0_loss █▅▂▁▁▁▁▁▁▁▁▁▁▁▁▁▁▁▁▁▁▁▁▁▁▁▁▁▁▁▁▁▁▁▁▁▁▁▁▁
wandb:     test/loss █▃▂▁▁▁▁▁▁▁▁▁▁▁▁▁▁▁▁▁▁▁▁▁▁▁▁▁▁▁▁▁▁▁▁▁▁▁▁▁
wandb: train/a0_loss █▃▂▂▁▁▁▁▁▂▁▁▁▁▁▁▁▁▁▁▁▁▁▁▁▁▁▁▁▁▁▁▁▁▁▁▁▁▁▁
wandb:    train/loss █▃▂▁▁▁▁▁▁▁▁▁▁▁▁▁▁▁▁▁▁▁▁▁▁▁▁▁▁▁▁▁▁▁▁▁▁▁▁▁
wandb: 
wandb: Run summary:
wandb:           engine diffusion
wandb:  final_test_loss 0.00172
wandb: final_train_loss 0.0006
wandb:             seed 6
wandb:           status completed
wandb:     test/a0_loss 0.00795
wandb:        test/loss 0.00172
wandb:    train/a0_loss 0.00192
wandb:       train/loss 0.0006
wandb: 
wandb: 🚀 View run uav-pillars-mix_uav_diffusion-H8_Dddpm_diffusion.GaussianDiffusion_9D_K20-S6-slurm-25635 at: https://wandb.ai/llmmail2021-technical-university-of-munich/FM-PCC-uav-mix/runs/e30bya74
wandb: ⭐️ View project at: https://wandb.ai/llmmail2021-technical-university-of-munich/FM-PCC-uav-mix
wandb: Synced 6 W&B file(s), 0 media file(s), 3 artifact file(s) and 0 other file(s)
wandb: Find logs at: ./wandb/run-20260911_015522-e30bya74/logs
wandb: WARNING The new W&B backend becomes opt-out in version 0.18.0; try it out with `wandb.require("core")`! See https://wandb.me/wandb-core for more information.
Gen15 UAV Mix-ML training completed (engine=diffusion).
Job completed successfully. Trained engine=diffusion scene=pillars for seeds=[6]
JOB END: Fri Sep 11 04:21:17 UTC 2026
