=== Batch Loading Summary ===

Candidate 1:
  Files Found: 18
  Files Loaded: 18
  Files Failed: 30

Candidate 2:
  Files Found: 176
  Files Loaded: 176
  Files Failed: 112

Candidate 3:
  Files Found: 51
  Files Loaded: 51
  Files Failed: 21

Candidate 4:
  Files Found: 51
  Files Loaded: 51
  Files Failed: 21

Candidate 5:
  Files Found: 39
  Files Loaded: 39
  Files Failed: 33

Candidate 6:
  Files Found: 243
  Files Loaded: 243
  Files Failed: 117

Candidate 7:
  Files Found: 255
  Files Loaded: 255
  Files Failed: 105

Candidate 8:
  Files Found: 255
  Files Loaded: 255
  Files Failed: 105

Candidate 9:
  Files Found: 0
  Files Loaded: 0
  Files Failed: 0

Candidate 10:
  Files Found: 255
  Files Loaded: 255
  Files Failed: 105

Candidate 11:
  Files Found: 255
  Files Loaded: 255
  Files Failed: 105

Candidate 12:
  Files Found: 255
  Files Loaded: 255
  Files Failed: 105

Candidate 13:
  Files Found: 39
  Files Loaded: 39
  Files Failed: 33

Candidate 14:
  Files Found: 39
  Files Loaded: 39
  Files Failed: 33

Candidate 15:
  Files Found: 39
  Files Loaded: 39
  Files Failed: 33

Candidate 16:
  Files Found: 39
  Files Loaded: 39
  Files Failed: 33

Candidate 17:
  Files Found: 39
  Files Loaded: 39
  Files Failed: 33

Candidate 18:
  Files Found: 39
  Files Loaded: 39
  Files Failed: 33

Candidate 19:
  Files Found: 39
  Files Loaded: 39
  Files Failed: 33

Candidate 20:
  Files Found: 39
  Files Loaded: 39
  Files Failed: 33

Candidate 21:
  Files Found: 51
  Files Loaded: 51
  Files Failed: 21

Candidate 22:
  Files Found: 9
  Files Loaded: 9
  Files Failed: 63

Candidate 23:
  Files Found: 9
  Files Loaded: 9
  Files Failed: 63

Candidate 24:
  Files Found: 9
  Files Loaded: 9
  Files Failed: 63

Candidate 25:
  Files Found: 9
  Files Loaded: 9
  Files Failed: 63

Candidate 26:
  Files Found: 9
  Files Loaded: 9
  Files Failed: 63

Candidate 27:
  Files Found: 9
  Files Loaded: 9
  Files Failed: 63

Candidate 28:
  Files Found: 0
  Files Loaded: 0
  Files Failed: 72

Candidate 29:
  Files Found: 120
  Files Loaded: 120
  Files Failed: 240

Candidate 30:
  Files Found: 0
  Files Loaded: 0
  Files Failed: 0

Candidate 31:
  Files Found: 24
  Files Loaded: 24
  Files Failed: 48

Candidate 32:
  Files Found: 0
  Files Loaded: 0
  Files Failed: 0

Candidate 33:
  Files Found: 51
  Files Loaded: 51
  Files Failed: 21

Candidate 34:
  Files Found: 51
  Files Loaded: 51
  Files Failed: 21

Candidate 35:
  Files Found: 51
  Files Loaded: 51
  Files Failed: 21

Candidate 36:
  Files Found: 51
  Files Loaded: 51
  Files Failed: 21

Candidate 37:
  Files Found: 51
  Files Loaded: 51
  Files Failed: 21

Candidate 38:
  Files Found: 51
  Files Loaded: 51
  Files Failed: 21

Candidate 39:
  Files Found: 51
  Files Loaded: 51
  Files Failed: 21

Candidate 40:
  Files Found: 51
  Files Loaded: 51
  Files Failed: 21

Candidate 41:
  Files Found: 51
  Files Loaded: 51
  Files Failed: 21

Candidate 42:
  Files Found: 51
  Files Loaded: 51
  Files Failed: 21

Candidate 43:
  Files Found: 51
  Files Loaded: 51
  Files Failed: 21

Candidate 44:
  Files Found: 51
  Files Loaded: 51
  Files Failed: 21

Candidate 45:
  Files Found: 39
  Files Loaded: 39
  Files Failed: 33

Candidate 46:
  Files Found: 39
  Files Loaded: 39
  Files Failed: 33

Candidate 47:
  Files Found: 39
  Files Loaded: 39
  Files Failed: 33

Candidate 48:
  Files Found: 51
  Files Loaded: 51
  Files Failed: 21

Candidate 49:
  Files Found: 39
  Files Loaded: 39
  Files Failed: 33

Candidate 50:
  Files Found: 51
  Files Loaded: 51
  Files Failed: 21

Candidate 51:
  Files Found: 51
  Files Loaded: 51
  Files Failed: 21

Candidate 52:
  Files Found: 39
  Files Loaded: 39
  Files Failed: 33

Candidate 53:
  Files Found: 39
  Files Loaded: 39
  Files Failed: 33

Candidate 54:
  Files Found: 51
  Files Loaded: 51
  Files Failed: 21

Candidate 55:
  Files Found: 0
  Files Loaded: 0
  Files Failed: 0

Candidate 56:
  Files Found: 51
  Files Loaded: 51
  Files Failed: 21

Candidate 57:
  Files Found: 51
  Files Loaded: 51
  Files Failed: 21

Candidate 58:
  Files Found: 51
  Files Loaded: 51
  Files Failed: 21

Candidate 59:
  Files Found: 51
  Files Loaded: 51
  Files Failed: 21

Candidate 60:
  Files Found: 39
  Files Loaded: 39
  Files Failed: 33

Candidate 61:
  Files Found: 51
  Files Loaded: 51
  Files Failed: 21

Candidate 62:
  Files Found: 51
  Files Loaded: 51
  Files Failed: 21

Candidate 63:
  Files Found: 39
  Files Loaded: 39
  Files Failed: 33

Candidate 64:
  Files Found: 39
  Files Loaded: 39
  Files Failed: 33

Candidate 65:
  Files Found: 39
  Files Loaded: 39
  Files Failed: 33

Candidate 66:
  Files Found: 39
  Files Loaded: 39
  Files Failed: 33

Candidate 67:
  Files Found: 39
  Files Loaded: 39
  Files Failed: 33

Candidate 68:
  Files Found: 39
  Files Loaded: 39
  Files Failed: 33

Candidate 69:
  Files Found: 39
  Files Loaded: 39
  Files Failed: 33

Candidate 70:
  Files Found: 39
  Files Loaded: 39
  Files Failed: 33

Candidate 71:
  Files Found: 39
  Files Loaded: 39
  Files Failed: 33

Candidate 72:
  Files Found: 39
  Files Loaded: 39
  Files Failed: 33

Candidate 73:
  Files Found: 39
  Files Loaded: 39
  Files Failed: 33

Candidate 74:
  Files Found: 39
  Files Loaded: 39
  Files Failed: 33

Candidate 75:
  Files Found: 39
  Files Loaded: 39
  Files Failed: 33

Candidate 76:
  Files Found: 0
  Files Loaded: 0
  Files Failed: 0

Candidate 77:
  Files Found: 195
  Files Loaded: 195
  Files Failed: 165

Candidate 78:
  Files Found: 39
  Files Loaded: 39
  Files Failed: 33

Candidate 79:
  Files Found: 255
  Files Loaded: 255
  Files Failed: 105

Candidate 80:
  Files Found: 255
  Files Loaded: 255
  Files Failed: 105

Candidate 81:
  Files Found: 255
  Files Loaded: 255
  Files Failed: 105

Candidate 82:
  Files Found: 255
  Files Loaded: 255
  Files Failed: 105

Candidate 83:
  Files Found: 255
  Files Loaded: 255
  Files Failed: 105

Candidate 84:
  Files Found: 255
  Files Loaded: 255
  Files Failed: 105

Candidate 85:
  Files Found: 0
  Files Loaded: 0
  Files Failed: 0

=== Total ===
Total Files Loaded: 6080
Total Files Failed: 3832