/bin/bash: /u/home/llim/miniconda3/lib/libtinfo.so.6: no version information available (required by /bin/bash)
[2026-08-08 10:53:43] DA_VA_v2 - INFO - ======================================================================
[2026-08-08 10:53:43] DA_VA_v2 - INFO - DA_VA_v2 — visual-aligning batch analysis
[2026-08-08 10:53:43] DA_VA_v2 - INFO - ======================================================================
[2026-08-08 10:53:43] DA_VA_v2 - INFO - Start:  2026-08-08 10:53:43
[2026-08-08 10:53:43] DA_VA_v2 - INFO - Parent: logs/aligning-d3il-visual/plans
[2026-08-08 10:53:43] DA_VA_v2 - INFO - Output: Data_Analysis/analysis_results/batch_va2_20260808_105342
[2026-08-08 10:53:43] DA_VA_v2 - INFO - Manifest: /data/home/llim/FMPCC/FM-PCC/Data_Analysis/analysis_results/results_manifest.json
[2026-08-08 10:53:43] DA_VA_v2 - INFO - [1/5] Discovering candidates
[2026-08-08 10:53:43] discovery - INFO - Candidate 1: H8_K20_Meuler_T0.5_Dfm_visual_aligning.models.visual_gaussian_diffusion.VisualFlowMatching_VTrue_mpc4_filmv2  seeds=[6]
[2026-08-08 10:53:43] discovery - INFO - Candidate 2: H8_K20_Meuler_T0.5_Dfm_visual_aligning.models.visual_gaussian_diffusion.VisualFlowMatching_VTrue_mpc4_filmv2  seeds=[6]
[2026-08-08 10:53:43] discovery - INFO - Candidate 3: H8_K20_Meuler_T0.5_Dfm_visual_aligning.models.visual_gaussian_diffusion.VisualFlowMatching_VTrue_mpc4_filmv2  seeds=[6]
[2026-08-08 10:53:43] discovery - INFO - Candidate 4: H8_K20_Meuler_T0.5_Dfm_visual_aligning.models.visual_gaussian_diffusion.VisualFlowMatching_VTrue_mpc4_filmv1  seeds=[6]
[2026-08-08 10:53:43] discovery - INFO - Candidate 5: H8_K100_Meuler_T0.5_Dmix_visual_aligning.models.visual_af_diffusion.VisualAlphaFlow_VTrue_mpc4_filmv1_Eaf  seeds=[6]
[2026-08-08 10:53:43] discovery - INFO - Candidate 6: H8_K2_Meuler_T0.5_Dmix_visual_aligning.models.visual_af_diffusion.VisualAlphaFlow_VTrue_mpc4_filmv1_Eaf  seeds=[6]
[2026-08-08 10:53:43] discovery - INFO - Candidate 7: H8_K100_T0.5_Dmix_visual_aligning.models.visual_gaussian_diffusion.VisualGaussianDiffusion_VTrue_mpc4_filmv1_Ediffusion  seeds=[6]
[2026-08-08 10:53:43] discovery - INFO - Candidate 8: H8_K100_Meuler_T0.5_Dmix_visual_aligning.models.visual_fm_diffusion.VisualFlowMatching_VTrue_mpc4_filmv1_Efm  seeds=[6]
[2026-08-08 10:53:43] discovery - INFO - Candidate 9: H8_K100_Meuler_T0.5_Dmix_visual_aligning.models.visual_mf_diffusion.VisualMeanFlow_VTrue_mpc4_filmv1_Emf  seeds=[6]
[2026-08-08 10:53:43] discovery - INFO - Candidate 10: H8_K2_Meuler_T0.5_Dmix_visual_aligning.models.visual_mf_diffusion.VisualMeanFlow_VTrue_mpc4_filmv1_Emf  seeds=[6]
[2026-08-08 10:53:43] discovery - INFO - Candidate 11: H8_K20_T0.5_Ddiffuser_visual_aligning.models.visual_gaussian_diffusion.VisualGaussianDiffusion_VTrue_steps400_mpc4_filmv2  seeds=[6]
[2026-08-08 10:53:43] discovery - INFO - Total candidates discovered: 11
[2026-08-08 10:53:43] DA_VA_v2 - INFO - 
=== Candidates Discovered ===
Total: 11

  1: H8_K20_Meuler_T0.5_Dfm_visual_aligning.models.visual_gaussian_diffusion.VisualFlowMatching_VTrue_mpc4_filmv2
      Path:  /data/home/llim/FMPCC/FM-PCC/logs/aligning-d3il-visual/plans/fm_visual_aligning/(Bf_U8_Legacy_complex_struct)H8_Dfm_visual_aligning.models.visual_gaussian_diffusion.VisualFlowMatching_a1.5_b1.0_aw1_VTrue_steps1000_bs64_filmv2/H8_K20_Meuler_T0.5_Dfm_visual_aligning.models.visual_gaussian_diffusion.VisualFlowMatching_VTrue_mpc4_filmv2
      Seeds: [6]

  2: H8_K20_Meuler_T0.5_Dfm_visual_aligning.models.visual_gaussian_diffusion.VisualFlowMatching_VTrue_mpc4_filmv2
      Path:  /data/home/llim/FMPCC/FM-PCC/logs/aligning-d3il-visual/plans/fm_visual_aligning/(legacy_correcct_besides_bounds_for_comapre)H8_Dfm_visual_aligning.models.visual_gaussian_diffusion.VisualFlowMatching_a1.5_b1.0_aw1_VTrue_steps1000_bs64_filmv2/H8_K20_Meuler_T0.5_Dfm_visual_aligning.models.visual_gaussian_diffusion.VisualFlowMatching_VTrue_mpc4_filmv2
      Seeds: [6]

  3: H8_K20_Meuler_T0.5_Dfm_visual_aligning.models.visual_gaussian_diffusion.VisualFlowMatching_VTrue_mpc4_filmv2
      Path:  /data/home/llim/FMPCC/FM-PCC/logs/aligning-d3il-visual/plans/fm_visual_aligning/H8_Dfm_visual_aligning.models.visual_gaussian_diffusion.VisualFlowMatching_a1.5_b1.0_aw1_VTrue_steps1000_bs64_filmv2/H8_K20_Meuler_T0.5_Dfm_visual_aligning.models.visual_gaussian_diffusion.VisualFlowMatching_VTrue_mpc4_filmv2
      Seeds: [6]

  4: H8_K20_Meuler_T0.5_Dfm_visual_aligning.models.visual_gaussian_diffusion.VisualFlowMatching_VTrue_mpc4_filmv1
      Path:  /data/home/llim/FMPCC/FM-PCC/logs/aligning-d3il-visual/plans/fm_visual_aligning/H8_Dfm_visual_aligning.models.visual_gaussian_diffusion.VisualFlowMatching_a1.5_b1.0_aw1_VTrue_steps900_bs64_filmv1/H8_K20_Meuler_T0.5_Dfm_visual_aligning.models.visual_gaussian_diffusion.VisualFlowMatching_VTrue_mpc4_filmv1
      Seeds: [6]

  5: H8_K100_Meuler_T0.5_Dmix_visual_aligning.models.visual_af_diffusion.VisualAlphaFlow_VTrue_mpc4_filmv1_Eaf
      Path:  /data/home/llim/FMPCC/FM-PCC/logs/aligning-d3il-visual/plans/mix_visual_aligning_af/H8_Dmix_visual_aligning.models.visual_af_diffusion.VisualAlphaFlow_a1.5_b1.0_aw1_VTrue_steps1000_bs64_filmv1_Eaf_tslogit_normal_afschsigmoid/H8_K100_Meuler_T0.5_Dmix_visual_aligning.models.visual_af_diffusion.VisualAlphaFlow_VTrue_mpc4_filmv1_Eaf
      Seeds: [6]

  6: H8_K2_Meuler_T0.5_Dmix_visual_aligning.models.visual_af_diffusion.VisualAlphaFlow_VTrue_mpc4_filmv1_Eaf
      Path:  /data/home/llim/FMPCC/FM-PCC/logs/aligning-d3il-visual/plans/mix_visual_aligning_af/H8_Dmix_visual_aligning.models.visual_af_diffusion.VisualAlphaFlow_a1.5_b1.0_aw1_VTrue_steps1000_bs64_filmv1_Eaf_tslogit_normal_afschsigmoid/H8_K2_Meuler_T0.5_Dmix_visual_aligning.models.visual_af_diffusion.VisualAlphaFlow_VTrue_mpc4_filmv1_Eaf
      Seeds: [6]

  7: H8_K100_T0.5_Dmix_visual_aligning.models.visual_gaussian_diffusion.VisualGaussianDiffusion_VTrue_mpc4_filmv1_Ediffusion
      Path:  /data/home/llim/FMPCC/FM-PCC/logs/aligning-d3il-visual/plans/mix_visual_aligning_diffusion/H8_K100_Dmix_visual_aligning.models.visual_gaussian_diffusion.VisualGaussianDiffusion_aw10_VTrue_steps1000_bs64_filmv1_Ediffusion/H8_K100_T0.5_Dmix_visual_aligning.models.visual_gaussian_diffusion.VisualGaussianDiffusion_VTrue_mpc4_filmv1_Ediffusion
      Seeds: [6]

  8: H8_K100_Meuler_T0.5_Dmix_visual_aligning.models.visual_fm_diffusion.VisualFlowMatching_VTrue_mpc4_filmv1_Efm
      Path:  /data/home/llim/FMPCC/FM-PCC/logs/aligning-d3il-visual/plans/mix_visual_aligning_fm/H8_Dmix_visual_aligning.models.visual_fm_diffusion.VisualFlowMatching_a1.5_b1.0_aw1_VTrue_steps1000_bs64_filmv1_Efm/H8_K100_Meuler_T0.5_Dmix_visual_aligning.models.visual_fm_diffusion.VisualFlowMatching_VTrue_mpc4_filmv1_Efm
      Seeds: [6]

  9: H8_K100_Meuler_T0.5_Dmix_visual_aligning.models.visual_mf_diffusion.VisualMeanFlow_VTrue_mpc4_filmv1_Emf
      Path:  /data/home/llim/FMPCC/FM-PCC/logs/aligning-d3il-visual/plans/mix_visual_aligning_mf/H8_Dmix_visual_aligning.models.visual_mf_diffusion.VisualMeanFlow_a1.5_b1.0_aw1_VTrue_steps1000_bs64_filmv1_Emf_tslogit_normal/H8_K100_Meuler_T0.5_Dmix_visual_aligning.models.visual_mf_diffusion.VisualMeanFlow_VTrue_mpc4_filmv1_Emf
      Seeds: [6]

  10: H8_K2_Meuler_T0.5_Dmix_visual_aligning.models.visual_mf_diffusion.VisualMeanFlow_VTrue_mpc4_filmv1_Emf
      Path:  /data/home/llim/FMPCC/FM-PCC/logs/aligning-d3il-visual/plans/mix_visual_aligning_mf/H8_Dmix_visual_aligning.models.visual_mf_diffusion.VisualMeanFlow_a1.5_b1.0_aw1_VTrue_steps1000_bs64_filmv1_Emf_tslogit_normal/H8_K2_Meuler_T0.5_Dmix_visual_aligning.models.visual_mf_diffusion.VisualMeanFlow_VTrue_mpc4_filmv1_Emf
      Seeds: [6]

  11: H8_K20_T0.5_Ddiffuser_visual_aligning.models.visual_gaussian_diffusion.VisualGaussianDiffusion_VTrue_steps400_mpc4_filmv2
      Path:  /data/home/llim/FMPCC/FM-PCC/logs/aligning-d3il-visual/plans/visual_aligning_dpcc/H8_K20_Ddiffuser_visual_aligning.models.visual_gaussian_diffusion.VisualGaussianDiffusion_aw10_VTrue_steps1000_bs64_filmv2/H8_K20_T0.5_Ddiffuser_visual_aligning.models.visual_gaussian_diffusion.VisualGaussianDiffusion_VTrue_steps400_mpc4_filmv2
      Seeds: [6]

[2026-08-08 10:53:43] DA_VA_v2 - INFO - [2/5] Enumerating result units
[2026-08-08 10:53:43] DA_VA_v2 - INFO -   Candidate 1 (H8_K20_Meuler_T0.5_Dfm_visual_aligning.models.visual_gaussia): 24 units
[2026-08-08 10:53:43] DA_VA_v2 - INFO -   Candidate 2 (H8_K20_Meuler_T0.5_Dfm_visual_aligning.models.visual_gaussia): 12 units
[2026-08-08 10:53:43] DA_VA_v2 - INFO -   Candidate 3 (H8_K20_Meuler_T0.5_Dfm_visual_aligning.models.visual_gaussia): 19 units
[2026-08-08 10:53:43] DA_VA_v2 - INFO -   Candidate 4 (H8_K20_Meuler_T0.5_Dfm_visual_aligning.models.visual_gaussia): 26 units
[2026-08-08 10:53:43] DA_VA_v2 - INFO -   Candidate 5 (H8_K100_Meuler_T0.5_Dmix_visual_aligning.models.visual_af_di): 2 units
[2026-08-08 10:53:43] DA_VA_v2 - INFO -   Candidate 6 (H8_K2_Meuler_T0.5_Dmix_visual_aligning.models.visual_af_diff): 38 units
[2026-08-08 10:53:43] DA_VA_v2 - INFO -   Candidate 7 (H8_K100_T0.5_Dmix_visual_aligning.models.visual_gaussian_dif): 2 units
[2026-08-08 10:53:43] DA_VA_v2 - INFO -   Candidate 8 (H8_K100_Meuler_T0.5_Dmix_visual_aligning.models.visual_fm_di): 2 units
[2026-08-08 10:53:43] DA_VA_v2 - INFO -   Candidate 9 (H8_K100_Meuler_T0.5_Dmix_visual_aligning.models.visual_mf_di): 2 units
[2026-08-08 10:53:43] DA_VA_v2 - INFO -   Candidate 10 (H8_K2_Meuler_T0.5_Dmix_visual_aligning.models.visual_mf_diff): 38 units
[2026-08-08 10:53:43] DA_VA_v2 - INFO -   Candidate 11 (H8_K20_T0.5_Ddiffuser_visual_aligning.models.visual_gaussian): 37 units
[2026-08-08 10:53:43] discovery - INFO - Discovery manifest written: Data_Analysis/analysis_results/batch_va2_20260808_105342/logs/discovery_manifest.json
[2026-08-08 10:53:43] DA_VA_v2 - INFO - [3/5] Loading 202 units
[2026-08-08 10:53:43] DA_VA_v2 - INFO -   25/202 units processed
[2026-08-08 10:53:43] DA_VA_v2 - INFO -   50/202 units processed
[2026-08-08 10:53:43] DA_VA_v2 - INFO -   75/202 units processed
[2026-08-08 10:53:44] DA_VA_v2 - INFO -   100/202 units processed
[2026-08-08 10:53:44] DA_VA_v2 - INFO -   125/202 units processed
[2026-08-08 10:53:44] DA_VA_v2 - INFO -   150/202 units processed
[2026-08-08 10:53:45] DA_VA_v2 - INFO -   175/202 units processed
[2026-08-08 10:53:45] DA_VA_v2 - INFO -   200/202 units processed
[2026-08-08 10:53:45] DA_VA_v2 - INFO -   202/202 units processed
[2026-08-08 10:53:45] data_loader - INFO - Loading log written: Data_Analysis/analysis_results/batch_va2_20260808_105342/logs/loading.log
[2026-08-08 10:53:45] DA_VA_v2 - INFO -   loaded=202 failed=0 skipped=0
[2026-08-08 10:53:45] DA_VA_v2 - INFO - [4/5] Aggregating
[2026-08-08 10:53:45] aggregator - INFO - Aggregating 202 units...
[2026-08-08 10:53:46] aggregator - INFO - per_rollout=3275 rows, units_long=22624 rows, agg_long=22624 rows
[2026-08-08 10:53:46] aggregator - INFO - 
=== Cross-candidate ranking ===
  1. Candidate 5 (H8_K100_Meuler_T0.5_Dmix_visual_aligning.models.visu): 4.5% goal+constraint, 8660.7 ms/replan
  2. Candidate 10 (H8_K2_Meuler_T0.5_Dmix_visual_aligning.models.visual): 2.0% goal+constraint, 62.3 ms/replan
  3. Candidate 6 (H8_K2_Meuler_T0.5_Dmix_visual_aligning.models.visual): 0.4% goal+constraint, 62.8 ms/replan
  4. Candidate 1 (H8_K20_Meuler_T0.5_Dfm_visual_aligning.models.visual): 0.0% goal+constraint, 629.7 ms/replan
  5. Candidate 2 (H8_K20_Meuler_T0.5_Dfm_visual_aligning.models.visual): 0.0% goal+constraint, 5327.7 ms/replan
  6. Candidate 3 (H8_K20_Meuler_T0.5_Dfm_visual_aligning.models.visual): 0.0% goal+constraint, 3641.7 ms/replan
  7. Candidate 4 (H8_K20_Meuler_T0.5_Dfm_visual_aligning.models.visual): 0.0% goal+constraint, 1736.3 ms/replan
  8. Candidate 7 (H8_K100_T0.5_Dmix_visual_aligning.models.visual_gaus): 0.0% goal+constraint, 5021.1 ms/replan
  9. Candidate 8 (H8_K100_Meuler_T0.5_Dmix_visual_aligning.models.visu): 0.0% goal+constraint, 4563.1 ms/replan
  10. Candidate 9 (H8_K100_Meuler_T0.5_Dmix_visual_aligning.models.visu): 0.0% goal+constraint, 7940.7 ms/replan
  11. Candidate 11 (H8_K20_T0.5_Ddiffuser_visual_aligning.models.visual_): 0.0% goal+constraint, 1008.1 ms/replan
[2026-08-08 10:53:46] DA_VA_v2 - INFO - [5/5] Writing reports
[2026-08-08 10:53:47] reporter - INFO - per_rollout_detail.csv: 3275 rows
[2026-08-08 10:53:47] reporter - INFO - va2_units_long.csv: 23212 rows
[2026-08-08 10:53:47] reporter - INFO - va2_aggregated_long.csv: 22624 rows
[2026-08-08 10:53:47] reporter - INFO - data_quality.csv: 202 rows
[2026-08-08 10:53:47] reporter - INFO - run_config.csv: 193 rows
[2026-08-08 10:53:47] reporter - INFO - candidates_multidimensional_raw.csv: 11312 rows
[2026-08-08 10:53:47] reporter - INFO - candidates_multidimensional_aggregated.csv: 11312 rows
[2026-08-08 10:53:47] reporter - INFO - candidates_ranking.csv: 11 rows
[2026-08-08 10:53:47] reporter - INFO - candidates_detailed.csv: 11 rows
[2026-08-08 10:53:47] reporter - INFO - candidates_per_variant.csv: 404 rows
[2026-08-08 10:53:47] reporter - INFO - Summary written: Data_Analysis/analysis_results/batch_va2_20260808_105342/candidates_summary.txt
[2026-08-08 10:53:47] reporter - INFO - 11 report files written to Data_Analysis/analysis_results/batch_va2_20260808_105342
[2026-08-08 10:53:47] DA_VA_v2 - INFO - ======================================================================
[2026-08-08 10:53:47] DA_VA_v2 - INFO - COMPLETE in 4.5s — Data_Analysis/analysis_results/batch_va2_20260808_105342
[2026-08-08 10:53:47] DA_VA_v2 - INFO -   per_rollout_detail.csv               every rollout, wide
[2026-08-08 10:53:47] DA_VA_v2 - INFO -   va2_units_long.csv                   per seed/geo/variant/mask
[2026-08-08 10:53:47] DA_VA_v2 - INFO -   va2_aggregated_long.csv              pooled over seeds
[2026-08-08 10:53:47] DA_VA_v2 - INFO -   candidates_multidimensional_*.csv    DA_Code_v3 visualizer
[2026-08-08 10:53:47] DA_VA_v2 - INFO -   data_quality.csv                     frozen / circuit breaker
[2026-08-08 10:53:47] DA_VA_v2 - INFO - ======================================================================
DA_VA_v2 batch analysis completed.
