/bin/bash: /u/home/llim/miniconda3/lib/libtinfo.so.6: no version information available (required by /bin/bash)
================================================================================
UAV-FM DATA PREPARE (Aux-1)  Mon Jun 22 21:05:47 UTC 2026  | JOB 21873 | NODE i6-gpu-1
scenes=[empty corridor s_curve pillars]  out=data/uav_fm/v1  pillars_src=<default>
================================================================================
[ prepare ] Repo: /u/home/llim/FMPCC/FM-PCC
[ prepare ] curating …
[ curate ] empty: 500 episodes  ←  /data/home/llim/FMPCC/FM-PCC/logs/uav_expert_data/empty
[ curate ] corridor: 500 episodes  ←  /data/home/llim/FMPCC/FM-PCC/logs/uav_expert_data/corridor
[ curate ] s_curve: 500 episodes  ←  /data/home/llim/FMPCC/FM-PCC/logs/uav_expert_data/s_curve
[ curate ] pillars: 475 episodes  ←  /data/home/llim/FMPCC/FM-PCC/logs/uav_expert_data/pillars
[ curate ] wrote 1975 episodes + manifest.json → data/uav_fm/v1
[ prepare ] verifying data/uav_fm/v1 …
  empty     flat_pkls= 500  manifest= 500  [OK]
  corridor  flat_pkls= 500  manifest= 500  [OK]
  s_curve   flat_pkls= 500  manifest= 500  [OK]
  pillars   flat_pkls= 475  manifest= 475  [OK]
DATASET READY ✓  → submit Slurm_Codes/sbatch/uav_fm/fm_uav_all_pipeline.sh (per-scene, see U2)
[ prepare ] done.
JOB END: Mon Jun 22 21:05:48 UTC 2026
