/bin/bash: /u/home/llim/miniconda3/lib/libtinfo.so.6: no version information available (required by /bin/bash)
[2026-06-30 01:04:50] DA_Batch_v2 - INFO - ======================================================================
[2026-06-30 01:04:50] DA_Batch_v2 - INFO - FM v3 ODE-Selectable: Multi-Candidate Batch Analysis (v2)
[2026-06-30 01:04:50] DA_Batch_v2 - INFO - ======================================================================
[2026-06-30 01:04:50] DA_Batch_v2 - INFO - Start time: 2026-06-30 01:04:50
[2026-06-30 01:04:50] DA_Batch_v2 - INFO - Output directory: Data_Analysis/analysis_results/batch_avoiding_combined_20260630_010449
[2026-06-30 01:04:50] DA_Batch_v2 - INFO - 
[2026-06-30 01:04:50] DA_Batch_v2 - INFO - [PHASE 1/5] AUTO-DISCOVERING CANDIDATES
[2026-06-30 01:04:50] DA_Batch_v2 - INFO - ----------------------------------------------------------------------
Candidate G (H8_K10_Meuler_T0.5_Dmodels.diffusion.GaussianDiffusion) is MISSING seeds: [7, 8, 9, 10]
Candidate H (H8_K10_Meuler_T0.5_Dflow_matcher_v3_imeanflow.models.iMeanFlowODE) is MISSING seeds: [7, 8, 9, 10]
Candidate I (H8_K10_Meuler_T0.5_Dflow_matcher_v3_imeanflow.models.iMeanFlowODE) is MISSING seeds: [7, 8, 9, 10]
Candidate J (H8_K10_Meuler_T0.5_Dflow_matcher_v3_imeanflow.models.iMeanFlowODE) is MISSING seeds: [7, 8, 9, 10]
Candidate K (H8_K2_Meuler_T0.5_Dflow_matcher_v3_imeanflow.models.iMeanFlowODE) is MISSING seeds: [7, 8, 9, 10]
Candidate L (H8_K10_Meuler_T0.5_Dflow_matcher_v3_imeanflow.models.iMeanFlowODE) is MISSING seeds: [7, 8, 9, 10]
Candidate M (H8_K10_Meuler_T0.5_Dflow_matcher_v3_imeanflow.models.iMeanFlowODE) is MISSING seeds: [7, 8, 9, 10]
Candidate N (H8_K10_Meuler_T0.5_Dflow_matcher_v3_imeanflow.models.iMeanFlowODE) is MISSING seeds: [7, 8, 9, 10]
Candidate O (H8_K2_Meuler_T0.5_Dflow_matcher_v3_imeanflow.models.iMeanFlowODE) is MISSING seeds: [7, 8, 9, 10]
Candidate P ((legacy_F2)H8_K2_Meuler_T0.5_Dflow_matcher_v3_imeanflow.models.iMeanFlowODE) is MISSING seeds: [7, 8, 9, 10]
Candidate Q (H8_K10_Meuler_T0.5_Dflow_matcher_v3_imeanflow.models.iMeanFlowODE) is MISSING seeds: [7, 8, 9, 10]
Candidate R (H8_K20_Meuler_T0.5_Dflow_matcher_v3_imeanflow.models.iMeanFlowODE) is MISSING seeds: [7, 8, 9, 10]
Candidate S (H8_K2_Meuler_T0.5_Dflow_matcher_v3_imeanflow.models.iMeanFlowODE) is MISSING seeds: [7, 8, 9, 10]
Candidate T (H8_K10_Meuler_T0.5_Dflow_matcher_v3_imeanflow.models.iMeanFlowODE) is MISSING seeds: [7, 8, 9, 10]
Candidate U (H8_K10_Meuler_T0.5_Dflow_matcher_v3_imeanflow.models.iMeanFlowODE) is MISSING seeds: [7, 8, 9, 10]
Candidate V (H8_K10_Meuler_T0.5_Dflow_matcher_v3_imeanflow.models.iMeanFlowODE) is MISSING seeds: [7, 8, 9, 10]
Candidate W (H8_K10_Meuler_T0.5_Dflow_matcher_v3_imeanflow.models.iMeanFlowODE) is MISSING seeds: [7, 8, 9, 10]
Candidate X (H8_K20_Meuler_T0.5_Dflow_matcher_v3_imeanflow.models.iMeanFlowODE) is MISSING seeds: [7, 8, 9, 10]
Candidate Y (H8_K20_Mrk4_T0.5_Dflow_matcher_v3_imeanflow.models.iMeanFlowODE) is MISSING seeds: [7, 8, 9, 10]
Candidate Z (H8_K2_Mrk4_T0.5_Dflow_matcher_v3_imeanflow.models.iMeanFlowODE) is MISSING seeds: [7, 8, 9, 10]
Candidate [ (H8_K40_Meuler_T0.5_Dflow_matcher_v3_imeanflow.models.iMeanFlowODE) is MISSING seeds: [7, 8, 9, 10]
Candidate \ (H8_K10_Mrk4_T0.5_Dflow_matcher_v3_imeanflow.models.iMeanFlowODE) is MISSING seeds: [7, 8, 9, 10]
Candidate ] (H8_K10_Meuler_Dflow_matcher_v3_imeanflow.models.iMFDiffusion) is MISSING seeds: [7, 8, 9, 10]
Candidate ^ (H8_K1_Meuler_T0.5_Dflow_matcher_v3_imeanflow.models.iMeanFlowODE) is MISSING seeds: [7, 8, 9, 10]
Candidate _ (H8_K2_Meuler_T0.5_Dflow_matcher_v3_imeanflow.models.iMeanFlowODE) is MISSING seeds: [7, 8, 9, 10]
Candidate ` (H8_K10_Meuler_T0.5_Dflow_matcher_v3_imeanflow.models.iMeanFlowODE) is MISSING seeds: [7, 8, 9, 10]
Candidate a (H8_K10_Meuler_T0.5_Dflow_matcher_v3_imeanflow.models.iMeanFlowODE) is MISSING seeds: [7, 8, 9, 10]
Candidate b (H8_K2_Meuler_T0.5_Dflow_matcher_v3_imeanflow.models.iMeanFlowODE) is MISSING seeds: [7, 8, 9, 10]
Candidate i (H8_K100_Meuler_T0.5_Dfm_visual_avoiding.models.visual_gaussian_diffusion.VisualFlowMatching_VTrue_mpc4) is MISSING seeds: [7, 8, 9, 10]
Candidate B (H8_K20_Meuler_T0.5_Dfm_visual_avoiding.models.visual_gaussian_diffusion.VisualFlowMatching_VTrue_mpc4) is MISSING seeds: [7, 8, 9, 10]
Candidate D (H8_K20_T0.5_Ddiffuser_visual_avoiding.models.visual_gaussian_diffusion.VisualGaussianDiffusion_VTrue_steps200_mpc4) is MISSING seeds: [7, 8, 9, 10]
[2026-06-30 01:04:50] DA_Batch_v2 - INFO - === Candidates Discovered ===
Total: 45

  A: H8_K20_Meuler_T0.5_Dfm_visual_avoiding.models.visual_gaussian_diffusion.VisualFlowMatching_VTrue_mpc4
      Path: /data/home/llim/FMPCC/FM-PCC/logs/avoiding-d3il-visual/plans/fm_visual_avoiding(unfull)/H8_K20_Meuler_T0.5_Dfm_visual_avoiding.models.visual_gaussian_diffusion.VisualFlowMatching/H8_K20_Meuler_T0.5_Dfm_visual_avoiding.models.visual_gaussian_diffusion.VisualFlowMatching_VTrue_mpc4
      Seeds Found: [6]
      WARNING: Missing Seeds [7, 8, 9, 10]

  B: H8_K20_Meuler_T0.5_Dfm_visual_avoiding.models.visual_gaussian_diffusion.VisualFlowMatching_VTrue_mpc4
      Path: /data/home/llim/FMPCC/FM-PCC/logs/avoiding-d3il-visual/plans/fm_visual_avoiding/H8_K20_Meuler_T0.5_Dfm_visual_avoiding.models.visual_gaussian_diffusion.VisualFlowMatching/H8_K20_Meuler_T0.5_Dfm_visual_avoiding.models.visual_gaussian_diffusion.VisualFlowMatching_VTrue_mpc4
      Seeds Found: [6, 7, 8, 9, 10]

  C: H8_K20_T0.5_Ddiffuser_visual_avoiding.models.visual_gaussian_diffusion.VisualGaussianDiffusion_VTrue_steps200_mpc4
      Path: /data/home/llim/FMPCC/FM-PCC/logs/avoiding-d3il-visual/plans/visual_avoiding_dpcc(unfull)/H8_K20_Ddiffuser_visual_avoiding.models.visual_gaussian_diffusion.VisualGaussianDiffusion_aw10_VTrue_steps200_bs64/H8_K20_T0.5_Ddiffuser_visual_avoiding.models.visual_gaussian_diffusion.VisualGaussianDiffusion_VTrue_steps200_mpc4
      Seeds Found: [6]
      WARNING: Missing Seeds [7, 8, 9, 10]

  D: H8_K20_T0.5_Ddiffuser_visual_avoiding.models.visual_gaussian_diffusion.VisualGaussianDiffusion_VTrue_steps200_mpc4
      Path: /data/home/llim/FMPCC/FM-PCC/logs/avoiding-d3il-visual/plans/visual_avoiding_dpcc/H8_K20_Ddiffuser_visual_avoiding.models.visual_gaussian_diffusion.VisualGaussianDiffusion_aw10_VTrue_steps200_bs64/H8_K20_T0.5_Ddiffuser_visual_avoiding.models.visual_gaussian_diffusion.VisualGaussianDiffusion_VTrue_steps200_mpc4
      Seeds Found: [6, 7, 8, 9, 10]

  E: H8_K10_Dmodels.GaussianDiffusion_aw10_thres0.5
      Path: /data/home/llim/FMPCC/FM-PCC/logs/avoiding-d3il/plans/diffusion/H8_K10_Dmodels.GaussianDiffusion_aw10_thres0.5
      Seeds Found: [6, 7, 8, 9, 10]

  F: H8_K1_T0.5_Dmodels.GaussianDiffusion
      Path: /data/home/llim/FMPCC/FM-PCC/logs/avoiding-d3il/plans/diffusion/H8_K1_Dmodels.GaussianDiffusion_aw10/H8_K1_T0.5_Dmodels.GaussianDiffusion
      Seeds Found: [6, 7, 8, 9, 10]

  G: H8_K20_T0.5_Dmodels.GaussianDiffusion
      Path: /data/home/llim/FMPCC/FM-PCC/logs/avoiding-d3il/plans/diffusion/H8_K20_Dmodels.GaussianDiffusion_aw10/H8_K20_T0.5_Dmodels.GaussianDiffusion
      Seeds Found: [6, 7, 8, 9, 10]

  H: H8_K20_Dmodels.GaussianDiffusion_aw10_thres0.5
      Path: /data/home/llim/FMPCC/FM-PCC/logs/avoiding-d3il/plans/diffusion/H8_K20_Dmodels.GaussianDiffusion_aw10_thres0.5
      Seeds Found: [6, 7, 8, 9, 10]

  I: H8_K20_T0.5_Dmodels.GaussianDiffusion_aw1
      Path: /data/home/llim/FMPCC/FM-PCC/logs/avoiding-d3il/plans/diffusion/H8_K20_T0.5_Dmodels.GaussianDiffusion_aw1
      Seeds Found: [6, 7, 8, 9, 10]

  J: H8_K20_T1_Dmodels.GaussianDiffusion_aw10
      Path: /data/home/llim/FMPCC/FM-PCC/logs/avoiding-d3il/plans/diffusion/H8_K20_T1_Dmodels.GaussianDiffusion_aw10
      Seeds Found: [6, 7, 8, 9, 10]

  K: H8_K10_Meuler_T0.5_Dmodels.diffusion.GaussianDiffusion
      Path: /data/home/llim/FMPCC/FM-PCC/logs/avoiding-d3il/plans/flow_matching_v3_drifting/H8_Dmodels.diffusion.GaussianDiffusion_a1.5_b1.0_aw1/H8_K10_Meuler_T0.5_Dmodels.diffusion.GaussianDiffusion
      Seeds Found: [6]
      WARNING: Missing Seeds [7, 8, 9, 10]

  L: H8_K10_Meuler_T0.5_Dflow_matcher_v3_imeanflow.models.iMeanFlowODE
      Path: /data/home/llim/FMPCC/FM-PCC/logs/avoiding-d3il/plans/flow_matching_v3_imeanflow(1e4_U5)/H8_Dflow_matcher_v3_imeanflow.models.iMeanFlowODE_a1.0_b1.0_aw10_objmeanflow_jvp/H8_K10_Meuler_T0.5_Dflow_matcher_v3_imeanflow.models.iMeanFlowODE
      Seeds Found: [6]
      WARNING: Missing Seeds [7, 8, 9, 10]

  M: H8_K2_Meuler_T0.5_Dflow_matcher_v3_imeanflow.models.iMeanFlowODE
      Path: /data/home/llim/FMPCC/FM-PCC/logs/avoiding-d3il/plans/flow_matching_v3_imeanflow(1e4_U5)/H8_Dflow_matcher_v3_imeanflow.models.iMeanFlowODE_a1.0_b1.0_aw10_objmeanflow_jvp/H8_K2_Meuler_T0.5_Dflow_matcher_v3_imeanflow.models.iMeanFlowODE
      Seeds Found: [6]
      WARNING: Missing Seeds [7, 8, 9, 10]

  N: H8_K10_Meuler_T0.5_Dflow_matcher_v3_imeanflow.models.iMeanFlowODE
      Path: /data/home/llim/FMPCC/FM-PCC/logs/avoiding-d3il/plans/flow_matching_v3_imeanflow(1e4_beta_U4)/H8_Dflow_matcher_v3_imeanflow.models.iMeanFlowODE_a1.5_b1.0_aw10_objmeanflow_jvp/H8_K10_Meuler_T0.5_Dflow_matcher_v3_imeanflow.models.iMeanFlowODE
      Seeds Found: [6]
      WARNING: Missing Seeds [7, 8, 9, 10]

  O: H8_K10_Meuler_T0.5_Dflow_matcher_v3_imeanflow.models.iMeanFlowODE
      Path: /data/home/llim/FMPCC/FM-PCC/logs/avoiding-d3il/plans/flow_matching_v3_imeanflow(1e5_U5)/H8_Dflow_matcher_v3_imeanflow.models.iMeanFlowODE_a1.0_b1.0_aw10_objmeanflow_jvp/H8_K10_Meuler_T0.5_Dflow_matcher_v3_imeanflow.models.iMeanFlowODE
      Seeds Found: [6]
      WARNING: Missing Seeds [7, 8, 9, 10]

  P: H8_K10_Meuler_T0.5_Dflow_matcher_v3_imeanflow.models.iMeanFlowODE
      Path: /data/home/llim/FMPCC/FM-PCC/logs/avoiding-d3il/plans/flow_matching_v3_imeanflow(1e5_beta_U4)/H8_Dflow_matcher_v3_imeanflow.models.iMeanFlowODE_a1.5_b1.0_aw10_objmeanflow_jvp/H8_K10_Meuler_T0.5_Dflow_matcher_v3_imeanflow.models.iMeanFlowODE
      Seeds Found: [6]
      WARNING: Missing Seeds [7, 8, 9, 10]

  Q: H8_K2_Meuler_T0.5_Dflow_matcher_v3_imeanflow.models.iMeanFlowODE
      Path: /data/home/llim/FMPCC/FM-PCC/logs/avoiding-d3il/plans/flow_matching_v3_imeanflow(1e5_beta_U4)/H8_Dflow_matcher_v3_imeanflow.models.iMeanFlowODE_a1.5_b1.0_aw10_objmeanflow_jvp/H8_K2_Meuler_T0.5_Dflow_matcher_v3_imeanflow.models.iMeanFlowODE
      Seeds Found: [6]
      WARNING: Missing Seeds [7, 8, 9, 10]

  R: (legacy_F2)H8_K2_Meuler_T0.5_Dflow_matcher_v3_imeanflow.models.iMeanFlowODE
      Path: /data/home/llim/FMPCC/FM-PCC/logs/avoiding-d3il/plans/flow_matching_v3_imeanflow(Bf_U3)/H8_Dflow_matcher_v3_imeanflow.models.iMeanFlowODE_a1.5_b1.0_aw10/(legacy_F2)H8_K2_Meuler_T0.5_Dflow_matcher_v3_imeanflow.models.iMeanFlowODE
      Seeds Found: [6]
      WARNING: Missing Seeds [7, 8, 9, 10]

  S: H8_K10_Meuler_T0.5_Dflow_matcher_v3_imeanflow.models.iMeanFlowODE
      Path: /data/home/llim/FMPCC/FM-PCC/logs/avoiding-d3il/plans/flow_matching_v3_imeanflow(Bf_U3)/H8_Dflow_matcher_v3_imeanflow.models.iMeanFlowODE_a1.5_b1.0_aw10/H8_K10_Meuler_T0.5_Dflow_matcher_v3_imeanflow.models.iMeanFlowODE
      Seeds Found: [6]
      WARNING: Missing Seeds [7, 8, 9, 10]

  T: H8_K20_Meuler_T0.5_Dflow_matcher_v3_imeanflow.models.iMeanFlowODE
      Path: /data/home/llim/FMPCC/FM-PCC/logs/avoiding-d3il/plans/flow_matching_v3_imeanflow(Bf_U3)/H8_Dflow_matcher_v3_imeanflow.models.iMeanFlowODE_a1.5_b1.0_aw10/H8_K20_Meuler_T0.5_Dflow_matcher_v3_imeanflow.models.iMeanFlowODE
      Seeds Found: [6]
      WARNING: Missing Seeds [7, 8, 9, 10]

  U: H8_K2_Meuler_T0.5_Dflow_matcher_v3_imeanflow.models.iMeanFlowODE
      Path: /data/home/llim/FMPCC/FM-PCC/logs/avoiding-d3il/plans/flow_matching_v3_imeanflow(Bf_U3)/H8_Dflow_matcher_v3_imeanflow.models.iMeanFlowODE_a1.5_b1.0_aw10/H8_K2_Meuler_T0.5_Dflow_matcher_v3_imeanflow.models.iMeanFlowODE
      Seeds Found: [6]
      WARNING: Missing Seeds [7, 8, 9, 10]

  V: H8_K10_Meuler_T0.5_Dflow_matcher_v3_imeanflow.models.iMeanFlowODE
      Path: /data/home/llim/FMPCC/FM-PCC/logs/avoiding-d3il/plans/flow_matching_v3_imeanflow(Bf_U3p2Final)/H8_Dflow_matcher_v3_imeanflow.models.iMeanFlowODE_a1.5_b1.0_aw10/H8_K10_Meuler_T0.5_Dflow_matcher_v3_imeanflow.models.iMeanFlowODE
      Seeds Found: [6]
      WARNING: Missing Seeds [7, 8, 9, 10]

  W: H8_K10_Meuler_T0.5_Dflow_matcher_v3_imeanflow.models.iMeanFlowODE
      Path: /data/home/llim/FMPCC/FM-PCC/logs/avoiding-d3il/plans/flow_matching_v3_imeanflow(Bf_U4)/H8_Dflow_matcher_v3_imeanflow.models.iMeanFlowODE_a1.5_b1.0_aw10/H8_K10_Meuler_T0.5_Dflow_matcher_v3_imeanflow.models.iMeanFlowODE
      Seeds Found: [6]
      WARNING: Missing Seeds [7, 8, 9, 10]

  X: H8_K10_Meuler_T0.5_Dflow_matcher_v3_imeanflow.models.iMeanFlowODE
      Path: /data/home/llim/FMPCC/FM-PCC/logs/avoiding-d3il/plans/flow_matching_v3_imeanflow(U6_DiT_1e4)/H8_Dflow_matcher_v3_imeanflow.models.iMeanFlowODE_a1.0_b1.0_aw10_objmeanflow_jvp_bbdit/H8_K10_Meuler_T0.5_Dflow_matcher_v3_imeanflow.models.iMeanFlowODE
      Seeds Found: [6]
      WARNING: Missing Seeds [7, 8, 9, 10]

  Y: H8_K10_Meuler_T0.5_Dflow_matcher_v3_imeanflow.models.iMeanFlowODE
      Path: /data/home/llim/FMPCC/FM-PCC/logs/avoiding-d3il/plans/flow_matching_v3_imeanflow(cfgO_0_in_eval_DiT_1e5)/H8_Dflow_matcher_v3_imeanflow.models.iMeanFlowODE_a1.0_b1.0_aw10_objmeanflow_jvp_bbdit/H8_K10_Meuler_T0.5_Dflow_matcher_v3_imeanflow.models.iMeanFlowODE
      Seeds Found: [6]
      WARNING: Missing Seeds [7, 8, 9, 10]

  Z: H8_K20_Meuler_T0.5_Dflow_matcher_v3_imeanflow.models.iMeanFlowODE
      Path: /data/home/llim/FMPCC/FM-PCC/logs/avoiding-d3il/plans/flow_matching_v3_imeanflow(cfgO_0_in_eval_DiT_1e5)/H8_Dflow_matcher_v3_imeanflow.models.iMeanFlowODE_a1.0_b1.0_aw10_objmeanflow_jvp_bbdit/H8_K20_Meuler_T0.5_Dflow_matcher_v3_imeanflow.models.iMeanFlowODE
      Seeds Found: [6]
      WARNING: Missing Seeds [7, 8, 9, 10]

  [: H8_K20_Mrk4_T0.5_Dflow_matcher_v3_imeanflow.models.iMeanFlowODE
      Path: /data/home/llim/FMPCC/FM-PCC/logs/avoiding-d3il/plans/flow_matching_v3_imeanflow(cfgO_0_in_eval_DiT_1e5)/H8_Dflow_matcher_v3_imeanflow.models.iMeanFlowODE_a1.0_b1.0_aw10_objmeanflow_jvp_bbdit/H8_K20_Mrk4_T0.5_Dflow_matcher_v3_imeanflow.models.iMeanFlowODE
      Seeds Found: [6]
      WARNING: Missing Seeds [7, 8, 9, 10]

  \: H8_K2_Mrk4_T0.5_Dflow_matcher_v3_imeanflow.models.iMeanFlowODE
      Path: /data/home/llim/FMPCC/FM-PCC/logs/avoiding-d3il/plans/flow_matching_v3_imeanflow(cfgO_0_in_eval_DiT_1e5)/H8_Dflow_matcher_v3_imeanflow.models.iMeanFlowODE_a1.0_b1.0_aw10_objmeanflow_jvp_bbdit/H8_K2_Mrk4_T0.5_Dflow_matcher_v3_imeanflow.models.iMeanFlowODE
      Seeds Found: [6]
      WARNING: Missing Seeds [7, 8, 9, 10]

  ]: H8_K40_Meuler_T0.5_Dflow_matcher_v3_imeanflow.models.iMeanFlowODE
      Path: /data/home/llim/FMPCC/FM-PCC/logs/avoiding-d3il/plans/flow_matching_v3_imeanflow(cfgO_0_in_eval_DiT_1e5)/H8_Dflow_matcher_v3_imeanflow.models.iMeanFlowODE_a1.0_b1.0_aw10_objmeanflow_jvp_bbdit/H8_K40_Meuler_T0.5_Dflow_matcher_v3_imeanflow.models.iMeanFlowODE
      Seeds Found: [6]
      WARNING: Missing Seeds [7, 8, 9, 10]

  ^: H8_K10_Mrk4_T0.5_Dflow_matcher_v3_imeanflow.models.iMeanFlowODE
      Path: /data/home/llim/FMPCC/FM-PCC/logs/avoiding-d3il/plans/flow_matching_v3_imeanflow(cfgO_0_in_eval_DiT_1e5)/H8_Dflow_matcher_v3_imeanflow.models.iMeanFlowODE_a1.0_b1.0_aw20_objmeanflow_jvp_bbdit/H8_K10_Mrk4_T0.5_Dflow_matcher_v3_imeanflow.models.iMeanFlowODE
      Seeds Found: [6]
      WARNING: Missing Seeds [7, 8, 9, 10]

  _: H8_K10_Meuler_Dflow_matcher_v3_imeanflow.models.iMFDiffusion
      Path: /data/home/llim/FMPCC/FM-PCC/logs/avoiding-d3il/plans/flow_matching_v3_imeanflow(incorrect)/H8_Dflow_matcher_v3_imeanflow.models.iMFDiffusion_a1.5_b1.0_aw10/H8_K10_Meuler_Dflow_matcher_v3_imeanflow.models.iMFDiffusion
      Seeds Found: [6]
      WARNING: Missing Seeds [7, 8, 9, 10]

  `: H8_K1_Meuler_T0.5_Dflow_matcher_v3_imeanflow.models.iMeanFlowODE
      Path: /data/home/llim/FMPCC/FM-PCC/logs/avoiding-d3il/plans/flow_matching_v3_imeanflow(incorrect)/H8_Dflow_matcher_v3_imeanflow.models.iMeanFlowODE_a1.5_b1.0_aw10/H8_K1_Meuler_T0.5_Dflow_matcher_v3_imeanflow.models.iMeanFlowODE
      Seeds Found: [6]
      WARNING: Missing Seeds [7, 8, 9, 10]

  a: H8_K2_Meuler_T0.5_Dflow_matcher_v3_imeanflow.models.iMeanFlowODE
      Path: /data/home/llim/FMPCC/FM-PCC/logs/avoiding-d3il/plans/flow_matching_v3_imeanflow(incorrect)/H8_Dflow_matcher_v3_imeanflow.models.iMeanFlowODE_a1.5_b1.0_aw10/H8_K2_Meuler_T0.5_Dflow_matcher_v3_imeanflow.models.iMeanFlowODE
      Seeds Found: [6]
      WARNING: Missing Seeds [7, 8, 9, 10]

  b: H8_K10_Meuler_T0.5_Dflow_matcher_v3_imeanflow.models.iMeanFlowODE
      Path: /data/home/llim/FMPCC/FM-PCC/logs/avoiding-d3il/plans/flow_matching_v3_imeanflow(uniform_no_aux_U4_1e5)/H8_Dflow_matcher_v3_imeanflow.models.iMeanFlowODE_a1_b1.0_aw10_objmeanflow_jvp/H8_K10_Meuler_T0.5_Dflow_matcher_v3_imeanflow.models.iMeanFlowODE
      Seeds Found: [6]
      WARNING: Missing Seeds [7, 8, 9, 10]

  c: H8_K10_Meuler_T0.5_Dflow_matcher_v3_imeanflow.models.iMeanFlowODE
      Path: /data/home/llim/FMPCC/FM-PCC/logs/avoiding-d3il/plans/flow_matching_v3_imeanflow(with_o4_cfg_DiT_1e5)/H8_Dflow_matcher_v3_imeanflow.models.iMeanFlowODE_a1.0_b1.0_aw10_objmeanflow_jvp_bbdit/H8_K10_Meuler_T0.5_Dflow_matcher_v3_imeanflow.models.iMeanFlowODE
      Seeds Found: [6]
      WARNING: Missing Seeds [7, 8, 9, 10]

  d: H8_K2_Meuler_T0.5_Dflow_matcher_v3_imeanflow.models.iMeanFlowODE
      Path: /data/home/llim/FMPCC/FM-PCC/logs/avoiding-d3il/plans/flow_matching_v3_imeanflow(with_o4_cfg_DiT_1e5)/H8_Dflow_matcher_v3_imeanflow.models.iMeanFlowODE_a1.0_b1.0_aw10_objmeanflow_jvp_bbdit/H8_K2_Meuler_T0.5_Dflow_matcher_v3_imeanflow.models.iMeanFlowODE
      Seeds Found: [6]
      WARNING: Missing Seeds [7, 8, 9, 10]

  e: H8_K10_Meuler_T0.5_Dflow_matcher_v3_imeanflow.models.iMeanFlowODE
      Path: /data/home/llim/FMPCC/FM-PCC/logs/avoiding-d3il/plans/flow_matching_v3_imeanflow/H8_Dflow_matcher_v3_imeanflow.models.iMeanFlowODE_a1.0_b1.0_aw10_objmeanflow_jvp_bbdit/H8_K10_Meuler_T0.5_Dflow_matcher_v3_imeanflow.models.iMeanFlowODE
      Seeds Found: [6]
      WARNING: Missing Seeds [7, 8, 9, 10]

  f: H8_K10_Meuler_T0.5_Dflow_matcher_v3_imeanflow.models.iMeanFlowODE
      Path: /data/home/llim/FMPCC/FM-PCC/logs/avoiding-d3il/plans/flow_matching_v3_imeanflow/H8_Dflow_matcher_v3_imeanflow.models.iMeanFlowODE_a1.0_b1.0_aw10_objmeanflow_jvp_bbunet_tslogit_normal/H8_K10_Meuler_T0.5_Dflow_matcher_v3_imeanflow.models.iMeanFlowODE
      Seeds Found: [6]
      WARNING: Missing Seeds [7, 8, 9, 10]

  g: H8_K10_Dmodels.diffusion.GaussianDiffusion
      Path: /data/home/llim/FMPCC/FM-PCC/logs/avoiding-d3il/plans/flow_matching_v3_ode_selectable/H8_Dmodels.diffusion.GaussianDiffusion_a1.5_b1.0_aw1/H8_K10_Dmodels.diffusion.GaussianDiffusion
      Seeds Found: [6, 7, 8, 9, 10]

  h: H8_K10_Meuler_T1_Dmodels.diffusion.GaussianDiffusion
      Path: /data/home/llim/FMPCC/FM-PCC/logs/avoiding-d3il/plans/flow_matching_v3_ode_selectable/H8_Dmodels.diffusion.GaussianDiffusion_a1.5_b1.0_aw1/H8_K10_Meuler_T1_Dmodels.diffusion.GaussianDiffusion
      Seeds Found: [6, 7, 8, 9, 10]

  i: H8_K1_Meuler_T0.5_Dmodels.diffusion.GaussianDiffusion
      Path: /data/home/llim/FMPCC/FM-PCC/logs/avoiding-d3il/plans/flow_matching_v3_ode_selectable/H8_Dmodels.diffusion.GaussianDiffusion_a1.5_b1.0_aw1/H8_K1_Meuler_T0.5_Dmodels.diffusion.GaussianDiffusion
      Seeds Found: [6, 7, 8, 9, 10]

  j: H8_K20_Meuler_Dmodels.diffusion.GaussianDiffusion
      Path: /data/home/llim/FMPCC/FM-PCC/logs/avoiding-d3il/plans/flow_matching_v3_ode_selectable/H8_Dmodels.diffusion.GaussianDiffusion_a1.5_b1.0_aw1/H8_K20_Meuler_Dmodels.diffusion.GaussianDiffusion
      Seeds Found: [6, 7, 8, 9, 10]

  k: H8_K5_Mmidpoint_Dmodels.diffusion.GaussianDiffusion
      Path: /data/home/llim/FMPCC/FM-PCC/logs/avoiding-d3il/plans/flow_matching_v3_ode_selectable/H8_Dmodels.diffusion.GaussianDiffusion_a1.5_b1.0_aw1/H8_K5_Mmidpoint_Dmodels.diffusion.GaussianDiffusion
      Seeds Found: [6, 7, 8, 9, 10]

  l: H8_K10_Meuler_Dmodels.diffusion.GaussianDiffusion
      Path: /data/home/llim/FMPCC/FM-PCC/logs/avoiding-d3il/plans/flow_matching_v3_ode_selectable/H8_Dmodels.diffusion.GaussianDiffusion_a1.5_b1.0_aw10/H8_K10_Meuler_Dmodels.diffusion.GaussianDiffusion
      Seeds Found: [6, 7, 8, 9, 10]

  m: H8_K100_Meuler_T0.5_Dfm_visual_avoiding.models.visual_gaussian_diffusion.VisualFlowMatching_VTrue_mpc4
      Path: /data/home/llim/FMPCC/FM-PCC/logs/avoiding-d3il/plans/fm_visual_avoiding/H8_K100_Meuler_T0.5_Dfm_visual_avoiding.models.visual_gaussian_diffusion.VisualFlowMatching/H8_K100_Meuler_T0.5_Dfm_visual_avoiding.models.visual_gaussian_diffusion.VisualFlowMatching_VTrue_mpc4
      Seeds Found: [6]
      WARNING: Missing Seeds [7, 8, 9, 10]

[2026-06-30 01:04:50] DA_Batch_v2 - INFO - [PHASE 3/5] BATCH LOADING DATA
[2026-06-30 01:04:50] DA_Batch_v2 - INFO - ----------------------------------------------------------------------
Seed 6: results directory not found at /data/home/llim/FMPCC/FM-PCC/logs/avoiding-d3il/plans/diffusion/H8_K20_Dmodels.GaussianDiffusion_aw10/H8_K20_T0.5_Dmodels.GaussianDiffusion/6/results
Seed 7: results directory not found at /data/home/llim/FMPCC/FM-PCC/logs/avoiding-d3il/plans/diffusion/H8_K20_Dmodels.GaussianDiffusion_aw10/H8_K20_T0.5_Dmodels.GaussianDiffusion/7/results
Seed 8: results directory not found at /data/home/llim/FMPCC/FM-PCC/logs/avoiding-d3il/plans/diffusion/H8_K20_Dmodels.GaussianDiffusion_aw10/H8_K20_T0.5_Dmodels.GaussianDiffusion/8/results
Seed 9: results directory not found at /data/home/llim/FMPCC/FM-PCC/logs/avoiding-d3il/plans/diffusion/H8_K20_Dmodels.GaussianDiffusion_aw10/H8_K20_T0.5_Dmodels.GaussianDiffusion/9/results
Seed 10: results directory not found at /data/home/llim/FMPCC/FM-PCC/logs/avoiding-d3il/plans/diffusion/H8_K20_Dmodels.GaussianDiffusion_aw10/H8_K20_T0.5_Dmodels.GaussianDiffusion/10/results
Seed 6: results directory not found at /data/home/llim/FMPCC/FM-PCC/logs/avoiding-d3il/plans/flow_matching_v3_imeanflow(cfgO_0_in_eval_DiT_1e5)/H8_Dflow_matcher_v3_imeanflow.models.iMeanFlowODE_a1.0_b1.0_aw20_objmeanflow_jvp_bbdit/H8_K10_Mrk4_T0.5_Dflow_matcher_v3_imeanflow.models.iMeanFlowODE/6/results
Seed 6: results directory not found at /data/home/llim/FMPCC/FM-PCC/logs/avoiding-d3il/plans/fm_visual_avoiding/H8_K100_Meuler_T0.5_Dfm_visual_avoiding.models.visual_gaussian_diffusion.VisualFlowMatching/H8_K100_Meuler_T0.5_Dfm_visual_avoiding.models.visual_gaussian_diffusion.VisualFlowMatching_VTrue_mpc4/6/results
[2026-06-30 01:04:57] DA_Batch_v2 - INFO - 
[2026-06-30 01:04:57] DA_Batch_v2 - INFO - [PHASE 4/5] BATCH AGGREGATION
[2026-06-30 01:04:57] DA_Batch_v2 - INFO - ----------------------------------------------------------------------
[2026-06-30 01:04:58] DA_Batch_v2 - INFO - 
[2026-06-30 01:04:58] DA_Batch_v2 - INFO - [PHASE 5A/5] GENERATING COMPARISON PLOTS
[2026-06-30 01:04:58] DA_Batch_v2 - INFO - ----------------------------------------------------------------------
[2026-06-30 01:07:15] DA_Batch_v2 - INFO - 
[2026-06-30 01:07:15] DA_Batch_v2 - INFO - [PHASE 5B/5] GENERATING REPORTS
[2026-06-30 01:07:15] DA_Batch_v2 - INFO - ----------------------------------------------------------------------
[2026-06-30 01:07:16] DA_Batch_v2 - INFO - 
[2026-06-30 01:07:16] DA_Batch_v2 - INFO - ======================================================================
[2026-06-30 01:07:16] DA_Batch_v2 - INFO - BATCH ANALYSIS COMPLETE
[2026-06-30 01:07:16] DA_Batch_v2 - INFO - ======================================================================
[2026-06-30 01:07:16] DA_Batch_v2 - INFO - End time: 2026-06-30 01:07:16
[2026-06-30 01:07:16] DA_Batch_v2 - INFO - Results saved to: Data_Analysis/analysis_results/batch_avoiding_combined_20260630_010449
[2026-06-30 01:07:16] DA_Batch_v2 - INFO - 
[2026-06-30 01:07:16] DA_Batch_v2 - INFO - Key outputs:
[2026-06-30 01:07:16] DA_Batch_v2 - INFO -   - Plots: Data_Analysis/analysis_results/batch_avoiding_combined_20260630_010449/plots
[2026-06-30 01:07:16] DA_Batch_v2 - INFO -   - Summary: Data_Analysis/analysis_results/batch_avoiding_combined_20260630_010449/candidates_summary.txt
[2026-06-30 01:07:16] DA_Batch_v2 - INFO -   - Rankings: Data_Analysis/analysis_results/batch_avoiding_combined_20260630_010449/candidates_ranking.csv
[2026-06-30 01:07:16] DA_Batch_v2 - INFO -   - Logs: Data_Analysis/analysis_results/batch_avoiding_combined_20260630_010449/logs
[2026-06-30 01:07:16] DA_Batch_v2 - INFO - ======================================================================
[ DA ] Updated manifest at: /data/home/llim/FMPCC/FM-PCC/Data_Analysis/analysis_results/results_manifest.json
[ DA ] Matrix analysis complete. Saved to: Data_Analysis/analysis_results/batch_avoiding_combined_20260630_010449/plots
DA Batch Analysis (avoiding combined) job completed successfully.
