/bin/bash: /u/home/llim/miniconda3/lib/libtinfo.so.6: no version information available (required by /bin/bash)
========================================
UAV EXPERT DATA COLLECTION (Epoch 4)
DATE:     Tue Jun  9 09:18:54 UTC 2026
NODE:     i6-gpu-1
JOB_ID:   21354
ARRAY_ID: none
========================================
[ sbatch ] Repo: /u/home/llim/FMPCC/FM-PCC
[ sbatch ] scene=pillars  n_trials=500  gain=pid_default  seed=0
Traceback (most recent call last):
  File "/data/home/llim/FMPCC/FM-PCC/uav_expert_data_collect/collect.py", line 31, in <module>
    from uav_expert_data_collect.generator import (
  File "/data/home/llim/FMPCC/FM-PCC/uav_expert_data_collect/generator.py", line 20, in <module>
    import mujoco
  File "/u/home/llim/miniconda3/envs/FMPCC/lib/python3.10/site-packages/mujoco/__init__.py", line 47, in <module>
    from mujoco.gl_context import *
  File "/u/home/llim/miniconda3/envs/FMPCC/lib/python3.10/site-packages/mujoco/gl_context.py", line 38, in <module>
    from mujoco.osmesa import GLContext as _GLContext
  File "/u/home/llim/miniconda3/envs/FMPCC/lib/python3.10/site-packages/mujoco/osmesa/__init__.py", line 31, in <module>
    from OpenGL import GL
  File "/u/home/llim/miniconda3/envs/FMPCC/lib/python3.10/site-packages/OpenGL/GL/__init__.py", line 4, in <module>
    from OpenGL.GL.VERSION.GL_1_1 import *
  File "/u/home/llim/miniconda3/envs/FMPCC/lib/python3.10/site-packages/OpenGL/GL/VERSION/GL_1_1.py", line 14, in <module>
    from OpenGL.raw.GL.VERSION.GL_1_1 import *
  File "/u/home/llim/miniconda3/envs/FMPCC/lib/python3.10/site-packages/OpenGL/raw/GL/VERSION/GL_1_1.py", line 7, in <module>
    from OpenGL.raw.GL import _errors
  File "/u/home/llim/miniconda3/envs/FMPCC/lib/python3.10/site-packages/OpenGL/raw/GL/_errors.py", line 4, in <module>
    _error_checker = _ErrorChecker( _p, _p.GL.glGetError )
AttributeError: 'NoneType' object has no attribute 'glGetError'
========================================
JOB END: Tue Jun  9 09:18:55 UTC 2026
========================================
