/bin/bash: /u/home/llim/miniconda3/lib/libtinfo.so.6: no version information available (required by /bin/bash)
========================================
UAV TRAJECTORY GIF GENERATION (Epoch 5 WS-B)
DATE:     Tue Jun  9 13:21:40 UTC 2026
NODE:     i6-gpu-1
JOB_ID:   21367
========================================
[ sbatch ] Repo: /u/home/llim/FMPCC/FM-PCC
[ sbatch ] Python: /u/home/llim/miniconda3/envs/FMPCC/bin/python
[ sbatch ] MaxEp: 3  Scene: pillars  MP4: no  Stride: 3
[ gif-gen ] 3 episodes  res=96  fps=10  stride=3  mp4=False  overlay=True

[ gif-gen ] Scene: pillars (3 episodes)
  pillars:   0%|          | 0/3 [00:00<?, ?it/s]  pillars:  33%|███▎      | 1/3 [00:01<00:02,  1.47s/it]  pillars:  67%|██████▋   | 2/3 [00:03<00:01,  1.56s/it]  pillars: 100%|██████████| 3/3 [00:05<00:00,  1.75s/it]  pillars: 100%|██████████| 3/3 [00:05<00:00,  1.69s/it]

============================================================
[ gif-gen ] Done.
  Generated:   3 GIFs
  Skipped:     0 (already existed)
  Errors:      0
  Output dir:  /data/home/llim/FMPCC/FM-PCC/logs/uav_expert_data/gifs/
============================================================
[ sbatch ] GIF generation complete.
Output: logs/uav_expert_data/gifs/
========================================
JOB END: Tue Jun  9 13:21:46 UTC 2026
========================================
