/bin/bash: /u/home/llim/miniconda3/lib/libtinfo.so.6: no version information available (required by /bin/bash)
================================================================================
JOB START: Tue Jul 21 10:53:09 UTC 2026
JOB NAME:  hf_imf_train   ID: 23637   NODE: i6-gpu-1
CONDA ENV: hardflow_clone   (clone of FMPCC — live env untouched)
HARDFLOW_REPO: /u/home/llim/FMPCC/FM-PCC/HardFlow
LOG COLLECT:   /u/home/llim/FMPCC/FM-PCC/logs/hardflow
NVIDIA RTX A5000, 530.41.03, 24564 MiB
NVIDIA RTX A5000, 530.41.03, 24564 MiB
NVIDIA RTX A5000, 530.41.03, 24564 MiB
NVIDIA RTX A5000, 530.41.03, 24564 MiB
NVIDIA RTX A5000, 530.41.03, 24564 MiB
NVIDIA RTX A5000, 530.41.03, 24564 MiB
NVIDIA RTX A5000, 530.41.03, 24564 MiB
NVIDIA RTX A5000, 530.41.03, 24564 MiB
HARDFLOW GIT: 4d40284
================================================================================
[ HF-BRIDGE ] python: /u/home/llim/miniconda3/envs/hardflow_clone/bin/python
[ HF-BRIDGE ] tyro OK, gym==0.20.0
[ HF-BRIDGE ] W&B key found -> WANDB_MODE=online
[ GPU-CHECK ] CUDA_VISIBLE_DEVICES=7  MUJOCO_EGL_DEVICE_ID=7
[ HF-BRIDGE ] /u/home/llim/FMPCC/FM-PCC/HardFlow/logs -> /u/home/llim/FMPCC/FM-PCC/logs/hardflow
[ HF-BRIDGE ] cwd: /u/home/llim/FMPCC/FM-PCC/HardFlow
[ HF-IMF-TRAIN ] gates first: python run/imf_gates.py

=== G0: TemporalImfUnet mechanics (avoiding config) ===
[ models/temporal_imf ] Channel dimensions: [(6, 32), (32, 128), (128, 256)]
[ PASS ] G0 shapes: tau=float: u(3, 16, 6) v(3, 16, 6)
[ PASS ] G0 shapes: tau=Tensor: u(3, 16, 6) v(3, 16, 6)
[ PASS ] G0 shapes: tau=float: u(3, 16, 6) v(3, 16, 6)
[ info ] TemporalImfUnet params: 3.69M

=== G1: 1D GMM end-to-end (convention / loss / sampler) ===
[ train ] step 0: raw_mse_u 5.3623 raw_mse_v 5.3333
[ train ] step 1000: raw_mse_u 25.7487 raw_mse_v 3.9826
[ train ] step 2000: raw_mse_u 24.1426 raw_mse_v 4.1025
[ train ] step 3000: raw_mse_u 16.5437 raw_mse_v 3.7099
[ PASS ] G1-A h->0 (u ~= v): rel err 0.0008
[ PASS ] G1-B 1-NFE lands on data (sign): mean|x| 2.089 (target ~2), near-mode frac 0.98, min-mode frac 0.48, W1 0.276
[ PASS ] G1-C K1 ~ K2 (W1): W1(K1,K2) 0.067
[ PASS ] G1-D jump composition (W1): W1 0.084

ALL GATES PASSED — cleared for Phase 2 (training).
[ HF-IMF-TRAIN ] bash run_scripts/train_imf.sh
bash: /u/home/llim/miniconda3/lib/libtinfo.so.6: no version information available (required by bash)
=== Gen13 iMF train: env=avoiding-v0 horizon=16 steps=100000 ===
[ datasets/buffer ] Finalized replay buffer | 96 episodes
[ datasets/sequence ] Calculating normalizer...
[ datasets/sequence ] Normalizer saved at logs/avoiding-v0/normalizer/normalizer_H16.pth
[ datasets/sequence ] Normalizer acquired
[ datasets/sequence ] Indices made
Normalizing...
  0%|          | 0/2 [00:00<?, ?it/s]100%|██████████| 2/2 [00:00<00:00, 2575.56it/s]
wandb: Currently logged in as: llmmail2021 (llmmail2021-technical-university-of-munich). Use `wandb login --relogin` to force relogin
wandb: wandb version 0.28.1 is available!  To upgrade, please run:
wandb:  $ pip install wandb --upgrade
wandb: Tracking run with wandb version 0.17.5
wandb: Run data is saved locally in ./logs/avoiding-v0/flow/H16_imf_lrfix_100k/wandb/run-20260721_105343-11ddfhy7
wandb: Run `wandb offline` to turn off syncing.
wandb: Syncing run HF-iMF-H16_imf_lrfix_100k-seed0
wandb: ⭐️ View project at https://wandb.ai/llmmail2021-technical-university-of-munich/FMPCC-HF-iMF
wandb: 🚀 View run at https://wandb.ai/llmmail2021-technical-university-of-munich/FMPCC-HF-iMF/runs/11ddfhy7
[ datasets/sequence ] Normalized
[ datasets/buffer ] Fields:
    observations: (96, 200, 4)
    actions: (96, 200, 2)
    rewards: (96, 200, 1)
    terminals: (96, 200, 1)
    timeouts: (96, 200, 1)
    normed_observations: (96, 200, 4)
    normed_actions: (96, 200, 2)
[ models/temporal_imf ] Channel dimensions: [(6, 32), (32, 128), (128, 256)]
[ train_imf ] tensorboard not installed -> metrics.csv only
[ train_imf ] W&B online: project=FMPCC-HF-iMF run=HF-iMF-H16_imf_lrfix_100k-seed0
[ train_imf ] non-tty (batch) mode: progress bar disabled, logging every 200 steps of 100000
[ train_imf ] step 0  raw_mse_u 139.3966  raw_mse_v 131.0064  a0 1.57035  gnorm 2.74  (adaptive loss 1.9998 — flat by design)
[ train_imf ] step 200  raw_mse_u 103.9880  raw_mse_v 103.6647  a0 1.04597  gnorm 1.87  (adaptive loss 1.9998 — flat by design)
[ train_imf ] step 400  raw_mse_u 97.3819  raw_mse_v 96.4964  a0 1.80287  gnorm 2.17  (adaptive loss 1.9998 — flat by design)
[ train_imf ] step 600  raw_mse_u 87.4690  raw_mse_v 86.7585  a0 1.15866  gnorm 4.32  (adaptive loss 1.9998 — flat by design)
[ train_imf ] step 800  raw_mse_u 89.0248  raw_mse_v 88.7923  a0 1.22914  gnorm 4.31  (adaptive loss 1.9998 — flat by design)
[ train_imf ] step 1000  raw_mse_u 77.9826  raw_mse_v 76.3508  a0 1.08446  gnorm 5.39  (adaptive loss 1.9997 — flat by design)
[ train_imf ] step 1200  raw_mse_u 81.7745  raw_mse_v 80.7262  a0 1.51872  gnorm 9.48  (adaptive loss 1.9997 — flat by design)
[ train_imf ] step 1400  raw_mse_u 72.7910  raw_mse_v 70.3445  a0 1.16538  gnorm 7.79  (adaptive loss 1.9997 — flat by design)
[ train_imf ] step 1600  raw_mse_u 72.1098  raw_mse_v 70.5444  a0 1.19826  gnorm 26.16  (adaptive loss 1.9997 — flat by design)
[ train_imf ] step 1800  raw_mse_u 65.1238  raw_mse_v 63.2988  a0 1.87117  gnorm 11.84  (adaptive loss 1.9997 — flat by design)
[ train_imf ] step 2000  raw_mse_u 64.8407  raw_mse_v 65.8741  a0 1.53282  gnorm 12.99  (adaptive loss 1.9997 — flat by design)
[ train_imf ] step 2200  raw_mse_u 62.4895  raw_mse_v 62.3165  a0 1.37515  gnorm 17.72  (adaptive loss 1.9997 — flat by design)
[ train_imf ] step 2400  raw_mse_u 61.7370  raw_mse_v 61.5266  a0 1.18143  gnorm 12.04  (adaptive loss 1.9997 — flat by design)
[ train_imf ] step 2600  raw_mse_u 53.9245  raw_mse_v 51.6689  a0 1.05195  gnorm 12.22  (adaptive loss 1.9996 — flat by design)
[ train_imf ] step 2800  raw_mse_u 55.2513  raw_mse_v 54.0955  a0 1.01313  gnorm 14.56  (adaptive loss 1.9996 — flat by design)
[ train_imf ] step 3000  raw_mse_u 52.7311  raw_mse_v 49.7620  a0 0.60987  gnorm 14.98  (adaptive loss 1.9996 — flat by design)
[ train_imf ] step 3200  raw_mse_u 48.4572  raw_mse_v 48.2473  a0 0.91899  gnorm 25.46  (adaptive loss 1.9995 — flat by design)
[ train_imf ] step 3400  raw_mse_u 46.9931  raw_mse_v 45.2767  a0 0.78229  gnorm 19.67  (adaptive loss 1.9995 — flat by design)
[ train_imf ] step 3600  raw_mse_u 43.7082  raw_mse_v 41.4815  a0 0.95004  gnorm 22.21  (adaptive loss 1.9995 — flat by design)
[ train_imf ] step 3800  raw_mse_u 44.9890  raw_mse_v 43.7004  a0 1.28355  gnorm 40.81  (adaptive loss 1.9995 — flat by design)
[ train_imf ] step 4000  raw_mse_u 42.5239  raw_mse_v 38.7737  a0 0.85257  gnorm 26.60  (adaptive loss 1.9994 — flat by design)
[ train_imf ] step 4200  raw_mse_u 40.7058  raw_mse_v 37.9534  a0 1.12952  gnorm 21.79  (adaptive loss 1.9995 — flat by design)
[ train_imf ] step 4400  raw_mse_u 39.6435  raw_mse_v 37.1955  a0 1.00638  gnorm 29.94  (adaptive loss 1.9994 — flat by design)
[ train_imf ] step 4600  raw_mse_u 39.8916  raw_mse_v 36.1386  a0 0.62314  gnorm 23.98  (adaptive loss 1.9994 — flat by design)
[ train_imf ] step 4800  raw_mse_u 36.8064  raw_mse_v 33.9249  a0 0.68750  gnorm 22.18  (adaptive loss 1.9993 — flat by design)
[ train_imf ] step 5000  raw_mse_u 37.5527  raw_mse_v 33.3378  a0 0.74624  gnorm 40.89  (adaptive loss 1.9993 — flat by design)
[ train_imf ] step 5200  raw_mse_u 32.2268  raw_mse_v 28.9092  a0 0.59824  gnorm 49.39  (adaptive loss 1.9992 — flat by design)
[ train_imf ] step 5400  raw_mse_u 39.7027  raw_mse_v 36.9940  a0 0.75081  gnorm 44.76  (adaptive loss 1.9994 — flat by design)
[ train_imf ] step 5600  raw_mse_u 31.8255  raw_mse_v 26.7184  a0 0.66952  gnorm 28.46  (adaptive loss 1.9992 — flat by design)
[ train_imf ] step 5800  raw_mse_u 36.6584  raw_mse_v 32.8509  a0 0.51542  gnorm 56.05  (adaptive loss 1.9992 — flat by design)
[ train_imf ] step 6000  raw_mse_u 42.6747  raw_mse_v 35.2503  a0 0.92327  gnorm 36.73  (adaptive loss 1.9993 — flat by design)
[ train_imf ] step 6200  raw_mse_u 28.7686  raw_mse_v 24.8053  a0 0.66221  gnorm 56.27  (adaptive loss 1.9991 — flat by design)
[ train_imf ] step 6400  raw_mse_u 34.3722  raw_mse_v 33.2637  a0 0.53347  gnorm 42.22  (adaptive loss 1.9992 — flat by design)
[ train_imf ] step 6600  raw_mse_u 29.4575  raw_mse_v 25.6512  a0 0.83149  gnorm 56.66  (adaptive loss 1.9991 — flat by design)
[ train_imf ] step 6800  raw_mse_u 31.1566  raw_mse_v 28.6146  a0 0.77590  gnorm 55.60  (adaptive loss 1.9991 — flat by design)
[ train_imf ] step 7000  raw_mse_u 27.9837  raw_mse_v 23.6425  a0 0.57333  gnorm 34.84  (adaptive loss 1.9990 — flat by design)
[ train_imf ] step 7200  raw_mse_u 32.6696  raw_mse_v 30.0115  a0 0.39535  gnorm 38.11  (adaptive loss 1.9991 — flat by design)
[ train_imf ] step 7400  raw_mse_u 34.5183  raw_mse_v 31.0896  a0 0.58044  gnorm 69.42  (adaptive loss 1.9991 — flat by design)
[ train_imf ] step 7600  raw_mse_u 26.9516  raw_mse_v 24.0870  a0 0.45909  gnorm 58.41  (adaptive loss 1.9991 — flat by design)
[ train_imf ] step 7800  raw_mse_u 38.4823  raw_mse_v 29.2706  a0 0.81781  gnorm 49.89  (adaptive loss 1.9992 — flat by design)
[ train_imf ] step 8000  raw_mse_u 27.6932  raw_mse_v 24.8212  a0 0.58892  gnorm 75.10  (adaptive loss 1.9991 — flat by design)
[ train_imf ] step 8200  raw_mse_u 33.5946  raw_mse_v 27.5838  a0 0.61093  gnorm 69.40  (adaptive loss 1.9991 — flat by design)
[ train_imf ] step 8400  raw_mse_u 25.1423  raw_mse_v 20.4978  a0 0.68397  gnorm 52.07  (adaptive loss 1.9989 — flat by design)
[ train_imf ] step 8600  raw_mse_u 25.4683  raw_mse_v 23.5193  a0 0.28071  gnorm 36.48  (adaptive loss 1.9989 — flat by design)
[ train_imf ] step 8800  raw_mse_u 34.8062  raw_mse_v 28.8794  a0 0.58955  gnorm 46.59  (adaptive loss 1.9991 — flat by design)
[ train_imf ] step 9000  raw_mse_u 33.4065  raw_mse_v 29.4153  a0 0.62171  gnorm 37.52  (adaptive loss 1.9992 — flat by design)
[ train_imf ] step 9200  raw_mse_u 32.6808  raw_mse_v 26.9183  a0 0.76620  gnorm 42.95  (adaptive loss 1.9989 — flat by design)
[ train_imf ] step 9400  raw_mse_u 23.9954  raw_mse_v 22.2105  a0 0.45182  gnorm 56.26  (adaptive loss 1.9989 — flat by design)
[ train_imf ] step 9600  raw_mse_u 28.0357  raw_mse_v 24.6466  a0 1.07975  gnorm 72.36  (adaptive loss 1.9989 — flat by design)
[ train_imf ] step 9800  raw_mse_u 26.5607  raw_mse_v 25.5994  a0 0.43277  gnorm 76.78  (adaptive loss 1.9989 — flat by design)
[ train_imf ] step 10000  raw_mse_u 26.5499  raw_mse_v 22.8550  a0 0.44560  gnorm 38.79  (adaptive loss 1.9989 — flat by design)
[ train_imf ] step 10200  raw_mse_u 22.3418  raw_mse_v 18.4349  a0 0.62064  gnorm 76.36  (adaptive loss 1.9988 — flat by design)
[ train_imf ] step 10400  raw_mse_u 20.9873  raw_mse_v 19.5104  a0 0.36612  gnorm 40.11  (adaptive loss 1.9986 — flat by design)
[ train_imf ] step 10600  raw_mse_u 30.8236  raw_mse_v 27.1593  a0 0.57042  gnorm 48.40  (adaptive loss 1.9989 — flat by design)
[ train_imf ] step 10800  raw_mse_u 25.7850  raw_mse_v 22.2176  a0 0.40891  gnorm 30.74  (adaptive loss 1.9989 — flat by design)
[ train_imf ] step 11000  raw_mse_u 29.2861  raw_mse_v 23.5105  a0 0.55853  gnorm 52.29  (adaptive loss 1.9989 — flat by design)
[ train_imf ] step 11200  raw_mse_u 26.0426  raw_mse_v 25.0048  a0 0.52114  gnorm 53.73  (adaptive loss 1.9990 — flat by design)
[ train_imf ] step 11400  raw_mse_u 27.7924  raw_mse_v 23.1990  a0 0.68354  gnorm 41.67  (adaptive loss 1.9990 — flat by design)
[ train_imf ] step 11600  raw_mse_u 29.7136  raw_mse_v 19.5375  a0 0.54691  gnorm 85.86  (adaptive loss 1.9988 — flat by design)
[ train_imf ] step 11800  raw_mse_u 25.8710  raw_mse_v 22.4026  a0 0.41443  gnorm 45.47  (adaptive loss 1.9989 — flat by design)
[ train_imf ] step 12000  raw_mse_u 28.2621  raw_mse_v 25.1645  a0 0.74639  gnorm 42.68  (adaptive loss 1.9989 — flat by design)
[ train_imf ] step 12200  raw_mse_u 25.2704  raw_mse_v 23.2021  a0 0.51953  gnorm 60.31  (adaptive loss 1.9989 — flat by design)
[ train_imf ] step 12400  raw_mse_u 27.9875  raw_mse_v 21.7745  a0 0.77376  gnorm 55.93  (adaptive loss 1.9989 — flat by design)
[ train_imf ] step 12600  raw_mse_u 24.0392  raw_mse_v 23.2576  a0 0.73505  gnorm 71.78  (adaptive loss 1.9990 — flat by design)
[ train_imf ] step 12800  raw_mse_u 25.6899  raw_mse_v 21.6354  a0 0.69225  gnorm 45.23  (adaptive loss 1.9988 — flat by design)
[ train_imf ] step 13000  raw_mse_u 25.3532  raw_mse_v 23.3054  a0 0.72255  gnorm 49.01  (adaptive loss 1.9987 — flat by design)
[ train_imf ] step 13200  raw_mse_u 21.9663  raw_mse_v 20.7643  a0 0.61315  gnorm 62.15  (adaptive loss 1.9988 — flat by design)
[ train_imf ] step 13400  raw_mse_u 27.0729  raw_mse_v 20.8161  a0 0.70325  gnorm 50.60  (adaptive loss 1.9987 — flat by design)
[ train_imf ] step 13600  raw_mse_u 25.0489  raw_mse_v 22.6770  a0 0.61654  gnorm 41.57  (adaptive loss 1.9989 — flat by design)
[ train_imf ] step 13800  raw_mse_u 25.3883  raw_mse_v 21.6222  a0 0.55586  gnorm 43.65  (adaptive loss 1.9988 — flat by design)
[ train_imf ] step 14000  raw_mse_u 27.0051  raw_mse_v 25.2286  a0 1.10742  gnorm 49.18  (adaptive loss 1.9989 — flat by design)
[ train_imf ] step 14200  raw_mse_u 25.5979  raw_mse_v 23.6408  a0 0.52799  gnorm 59.66  (adaptive loss 1.9987 — flat by design)
[ train_imf ] step 14400  raw_mse_u 22.5197  raw_mse_v 21.1360  a0 0.44862  gnorm 48.04  (adaptive loss 1.9989 — flat by design)
[ train_imf ] step 14600  raw_mse_u 21.5930  raw_mse_v 17.9878  a0 0.55502  gnorm 49.73  (adaptive loss 1.9987 — flat by design)
[ train_imf ] step 14800  raw_mse_u 25.0031  raw_mse_v 20.9740  a0 0.50650  gnorm 51.77  (adaptive loss 1.9987 — flat by design)
[ train_imf ] step 15000  raw_mse_u 22.4852  raw_mse_v 19.9542  a0 0.44471  gnorm 58.44  (adaptive loss 1.9985 — flat by design)
[ train_imf ] step 15200  raw_mse_u 23.1798  raw_mse_v 19.4297  a0 0.57099  gnorm 53.76  (adaptive loss 1.9987 — flat by design)
[ train_imf ] step 15400  raw_mse_u 22.0571  raw_mse_v 19.2349  a0 0.70903  gnorm 69.37  (adaptive loss 1.9987 — flat by design)
[ train_imf ] step 15600  raw_mse_u 28.2995  raw_mse_v 26.8096  a0 0.52710  gnorm 86.49  (adaptive loss 1.9987 — flat by design)
[ train_imf ] step 15800  raw_mse_u 16.9789  raw_mse_v 14.5955  a0 0.53242  gnorm 41.92  (adaptive loss 1.9984 — flat by design)
[ train_imf ] step 16000  raw_mse_u 21.1261  raw_mse_v 20.8110  a0 0.52769  gnorm 67.67  (adaptive loss 1.9988 — flat by design)
[ train_imf ] step 16200  raw_mse_u 23.4941  raw_mse_v 21.1546  a0 0.47633  gnorm 58.46  (adaptive loss 1.9986 — flat by design)
[ train_imf ] step 16400  raw_mse_u 25.7677  raw_mse_v 23.7084  a0 0.72742  gnorm 44.03  (adaptive loss 1.9989 — flat by design)
[ train_imf ] step 16600  raw_mse_u 19.5353  raw_mse_v 16.2914  a0 0.48146  gnorm 65.77  (adaptive loss 1.9984 — flat by design)
[ train_imf ] step 16800  raw_mse_u 24.6324  raw_mse_v 20.0868  a0 0.67523  gnorm 54.26  (adaptive loss 1.9986 — flat by design)
[ train_imf ] step 17000  raw_mse_u 16.8567  raw_mse_v 14.7244  a0 0.41004  gnorm 83.75  (adaptive loss 1.9984 — flat by design)
[ train_imf ] step 17200  raw_mse_u 20.6728  raw_mse_v 19.9328  a0 0.49713  gnorm 62.93  (adaptive loss 1.9983 — flat by design)
[ train_imf ] step 17400  raw_mse_u 21.4004  raw_mse_v 19.9997  a0 0.44274  gnorm 92.21  (adaptive loss 1.9988 — flat by design)
[ train_imf ] step 17600  raw_mse_u 28.3874  raw_mse_v 26.6325  a0 0.59519  gnorm 64.21  (adaptive loss 1.9990 — flat by design)
[ train_imf ] step 17800  raw_mse_u 31.6745  raw_mse_v 23.8544  a0 0.86657  gnorm 41.34  (adaptive loss 1.9989 — flat by design)
[ train_imf ] step 18000  raw_mse_u 18.8393  raw_mse_v 16.1541  a0 0.36619  gnorm 70.39  (adaptive loss 1.9985 — flat by design)
[ train_imf ] step 18200  raw_mse_u 25.1026  raw_mse_v 22.3859  a0 0.48061  gnorm 63.28  (adaptive loss 1.9987 — flat by design)
[ train_imf ] step 18400  raw_mse_u 21.1915  raw_mse_v 19.5467  a0 0.48985  gnorm 59.62  (adaptive loss 1.9988 — flat by design)
[ train_imf ] step 18600  raw_mse_u 21.2892  raw_mse_v 17.2862  a0 0.42350  gnorm 55.52  (adaptive loss 1.9986 — flat by design)
[ train_imf ] step 18800  raw_mse_u 26.3704  raw_mse_v 21.4624  a0 0.66162  gnorm 41.57  (adaptive loss 1.9988 — flat by design)
[ train_imf ] step 19000  raw_mse_u 27.0295  raw_mse_v 22.4929  a0 0.61389  gnorm 54.14  (adaptive loss 1.9987 — flat by design)
[ train_imf ] step 19200  raw_mse_u 22.7954  raw_mse_v 20.9764  a0 0.41527  gnorm 66.55  (adaptive loss 1.9987 — flat by design)
[ train_imf ] step 19400  raw_mse_u 23.0776  raw_mse_v 21.1044  a0 0.47439  gnorm 58.01  (adaptive loss 1.9986 — flat by design)
[ train_imf ] step 19600  raw_mse_u 18.2354  raw_mse_v 18.0026  a0 0.41434  gnorm 57.32  (adaptive loss 1.9985 — flat by design)
[ train_imf ] step 19800  raw_mse_u 25.8931  raw_mse_v 17.0364  a0 0.20684  gnorm 57.66  (adaptive loss 1.9984 — flat by design)
[ train_imf ] step 20000  raw_mse_u 18.3142  raw_mse_v 17.3459  a0 0.28160  gnorm 47.24  (adaptive loss 1.9986 — flat by design)
[ train_imf ] step 20200  raw_mse_u 24.1288  raw_mse_v 18.3187  a0 0.52495  gnorm 52.80  (adaptive loss 1.9987 — flat by design)
[ train_imf ] step 20400  raw_mse_u 20.8100  raw_mse_v 18.7495  a0 0.61006  gnorm 65.48  (adaptive loss 1.9984 — flat by design)
[ train_imf ] step 20600  raw_mse_u 21.0556  raw_mse_v 18.3832  a0 0.46827  gnorm 55.03  (adaptive loss 1.9985 — flat by design)
[ train_imf ] step 20800  raw_mse_u 33.1399  raw_mse_v 17.6155  a0 0.60809  gnorm 46.45  (adaptive loss 1.9986 — flat by design)
[ train_imf ] step 21000  raw_mse_u 22.1698  raw_mse_v 18.9800  a0 0.67071  gnorm 52.50  (adaptive loss 1.9986 — flat by design)
[ train_imf ] step 21200  raw_mse_u 21.6509  raw_mse_v 17.9387  a0 0.51627  gnorm 43.73  (adaptive loss 1.9985 — flat by design)
[ train_imf ] step 21400  raw_mse_u 21.7242  raw_mse_v 18.5414  a0 0.47092  gnorm 40.28  (adaptive loss 1.9985 — flat by design)
[ train_imf ] step 21600  raw_mse_u 20.9647  raw_mse_v 18.5097  a0 0.59251  gnorm 70.67  (adaptive loss 1.9985 — flat by design)
[ train_imf ] step 21800  raw_mse_u 19.4503  raw_mse_v 16.1265  a0 0.15398  gnorm 51.89  (adaptive loss 1.9983 — flat by design)
[ train_imf ] step 22000  raw_mse_u 23.4657  raw_mse_v 19.8382  a0 0.62406  gnorm 49.91  (adaptive loss 1.9987 — flat by design)
[ train_imf ] step 22200  raw_mse_u 23.8372  raw_mse_v 20.6441  a0 0.58013  gnorm 45.41  (adaptive loss 1.9984 — flat by design)
[ train_imf ] step 22400  raw_mse_u 19.3232  raw_mse_v 18.6419  a0 0.32869  gnorm 41.92  (adaptive loss 1.9984 — flat by design)
[ train_imf ] step 22600  raw_mse_u 26.3032  raw_mse_v 22.1988  a0 0.66770  gnorm 63.24  (adaptive loss 1.9987 — flat by design)
[ train_imf ] step 22800  raw_mse_u 15.4023  raw_mse_v 14.5004  a0 0.26794  gnorm 58.92  (adaptive loss 1.9984 — flat by design)
[ train_imf ] step 23000  raw_mse_u 18.5907  raw_mse_v 16.8693  a0 0.42303  gnorm 53.68  (adaptive loss 1.9984 — flat by design)
[ train_imf ] step 23200  raw_mse_u 18.3916  raw_mse_v 17.3633  a0 0.31172  gnorm 67.47  (adaptive loss 1.9982 — flat by design)
[ train_imf ] step 23400  raw_mse_u 23.8925  raw_mse_v 20.5851  a0 0.61458  gnorm 50.87  (adaptive loss 1.9986 — flat by design)
[ train_imf ] step 23600  raw_mse_u 28.1760  raw_mse_v 21.7536  a0 0.47173  gnorm 45.95  (adaptive loss 1.9988 — flat by design)
[ train_imf ] step 23800  raw_mse_u 27.8724  raw_mse_v 17.8973  a0 0.48864  gnorm 47.30  (adaptive loss 1.9982 — flat by design)
[ train_imf ] step 24000  raw_mse_u 23.4566  raw_mse_v 19.9676  a0 0.79864  gnorm 67.62  (adaptive loss 1.9984 — flat by design)
[ train_imf ] step 24200  raw_mse_u 24.1660  raw_mse_v 18.9845  a0 0.36268  gnorm 35.18  (adaptive loss 1.9984 — flat by design)
[ train_imf ] step 24400  raw_mse_u 27.8505  raw_mse_v 15.9984  a0 0.78530  gnorm 65.74  (adaptive loss 1.9984 — flat by design)
[ train_imf ] step 24600  raw_mse_u 19.4111  raw_mse_v 16.2277  a0 0.23363  gnorm 54.99  (adaptive loss 1.9984 — flat by design)
[ train_imf ] step 24800  raw_mse_u 18.0960  raw_mse_v 17.0396  a0 0.39526  gnorm 53.58  (adaptive loss 1.9986 — flat by design)
[ train_imf ] step 25000  raw_mse_u 22.0332  raw_mse_v 19.9917  a0 0.43013  gnorm 35.90  (adaptive loss 1.9986 — flat by design)
[ train_imf ] step 25200  raw_mse_u 19.4955  raw_mse_v 16.6871  a0 0.36156  gnorm 73.57  (adaptive loss 1.9982 — flat by design)
[ train_imf ] step 25400  raw_mse_u 21.6734  raw_mse_v 18.8065  a0 0.52544  gnorm 63.92  (adaptive loss 1.9986 — flat by design)
[ train_imf ] step 25600  raw_mse_u 22.4015  raw_mse_v 21.9589  a0 0.46367  gnorm 48.26  (adaptive loss 1.9986 — flat by design)
[ train_imf ] step 25800  raw_mse_u 17.9797  raw_mse_v 18.4246  a0 0.53049  gnorm 49.46  (adaptive loss 1.9985 — flat by design)
[ train_imf ] step 26000  raw_mse_u 17.2718  raw_mse_v 16.1411  a0 0.22040  gnorm 31.98  (adaptive loss 1.9984 — flat by design)
[ train_imf ] step 26200  raw_mse_u 20.0785  raw_mse_v 17.2532  a0 0.61343  gnorm 62.95  (adaptive loss 1.9983 — flat by design)
[ train_imf ] step 26400  raw_mse_u 15.5462  raw_mse_v 15.3441  a0 0.29352  gnorm 60.61  (adaptive loss 1.9982 — flat by design)
[ train_imf ] step 26600  raw_mse_u 15.6869  raw_mse_v 14.0057  a0 0.26036  gnorm 64.60  (adaptive loss 1.9981 — flat by design)
[ train_imf ] step 26800  raw_mse_u 21.9869  raw_mse_v 19.0187  a0 0.48937  gnorm 42.94  (adaptive loss 1.9985 — flat by design)
[ train_imf ] step 27000  raw_mse_u 18.7306  raw_mse_v 19.2450  a0 0.50099  gnorm 55.13  (adaptive loss 1.9986 — flat by design)
[ train_imf ] step 27200  raw_mse_u 16.5832  raw_mse_v 14.3976  a0 0.30865  gnorm 58.59  (adaptive loss 1.9982 — flat by design)
[ train_imf ] step 27400  raw_mse_u 24.3766  raw_mse_v 18.6195  a0 0.48789  gnorm 51.03  (adaptive loss 1.9987 — flat by design)
[ train_imf ] step 27600  raw_mse_u 20.4791  raw_mse_v 17.5809  a0 0.49488  gnorm 45.07  (adaptive loss 1.9986 — flat by design)
[ train_imf ] step 27800  raw_mse_u 16.3281  raw_mse_v 13.9153  a0 0.30188  gnorm 68.12  (adaptive loss 1.9981 — flat by design)
[ train_imf ] step 28000  raw_mse_u 24.4092  raw_mse_v 22.2378  a0 0.66384  gnorm 52.69  (adaptive loss 1.9987 — flat by design)
[ train_imf ] step 28200  raw_mse_u 21.3730  raw_mse_v 19.3726  a0 0.75029  gnorm 57.32  (adaptive loss 1.9985 — flat by design)
[ train_imf ] step 28400  raw_mse_u 22.0534  raw_mse_v 20.6910  a0 0.50275  gnorm 48.16  (adaptive loss 1.9987 — flat by design)
[ train_imf ] step 28600  raw_mse_u 21.5369  raw_mse_v 17.7011  a0 0.64255  gnorm 71.10  (adaptive loss 1.9985 — flat by design)
[ train_imf ] step 28800  raw_mse_u 21.5388  raw_mse_v 19.3686  a0 0.47906  gnorm 51.78  (adaptive loss 1.9986 — flat by design)
[ train_imf ] step 29000  raw_mse_u 28.6863  raw_mse_v 16.9872  a0 0.32347  gnorm 52.77  (adaptive loss 1.9980 — flat by design)
[ train_imf ] step 29200  raw_mse_u 19.2219  raw_mse_v 19.8553  a0 0.56367  gnorm 81.94  (adaptive loss 1.9986 — flat by design)
[ train_imf ] step 29400  raw_mse_u 22.7590  raw_mse_v 20.2974  a0 0.62177  gnorm 40.97  (adaptive loss 1.9986 — flat by design)
[ train_imf ] step 29600  raw_mse_u 20.7223  raw_mse_v 18.8183  a0 0.33153  gnorm 47.74  (adaptive loss 1.9985 — flat by design)
[ train_imf ] step 29800  raw_mse_u 17.1581  raw_mse_v 16.8237  a0 0.35638  gnorm 48.47  (adaptive loss 1.9985 — flat by design)
[ train_imf ] step 30000  raw_mse_u 22.4756  raw_mse_v 18.9861  a0 0.75466  gnorm 41.61  (adaptive loss 1.9986 — flat by design)
[ train_imf ] step 30200  raw_mse_u 19.2181  raw_mse_v 18.1343  a0 0.57844  gnorm 48.06  (adaptive loss 1.9983 — flat by design)
[ train_imf ] step 30400  raw_mse_u 16.7376  raw_mse_v 15.1692  a0 0.57068  gnorm 65.38  (adaptive loss 1.9981 — flat by design)
[ train_imf ] step 30600  raw_mse_u 19.5237  raw_mse_v 19.9182  a0 0.42801  gnorm 41.28  (adaptive loss 1.9985 — flat by design)
[ train_imf ] step 30800  raw_mse_u 24.4782  raw_mse_v 18.6103  a0 0.63379  gnorm 62.35  (adaptive loss 1.9986 — flat by design)
[ train_imf ] step 31000  raw_mse_u 18.6803  raw_mse_v 16.9180  a0 0.38196  gnorm 37.38  (adaptive loss 1.9984 — flat by design)
[ train_imf ] step 31200  raw_mse_u 17.4244  raw_mse_v 13.8838  a0 0.57362  gnorm 46.90  (adaptive loss 1.9980 — flat by design)
[ train_imf ] step 31400  raw_mse_u 20.3418  raw_mse_v 18.8805  a0 0.50460  gnorm 41.30  (adaptive loss 1.9985 — flat by design)
[ train_imf ] step 31600  raw_mse_u 20.1327  raw_mse_v 19.8107  a0 0.45947  gnorm 37.45  (adaptive loss 1.9986 — flat by design)
[ train_imf ] step 31800  raw_mse_u 21.6258  raw_mse_v 18.9023  a0 0.44540  gnorm 72.35  (adaptive loss 1.9983 — flat by design)
[ train_imf ] step 32000  raw_mse_u 24.3438  raw_mse_v 19.6951  a0 0.60415  gnorm 52.03  (adaptive loss 1.9984 — flat by design)
[ train_imf ] step 32200  raw_mse_u 20.2775  raw_mse_v 15.6292  a0 0.50173  gnorm 53.05  (adaptive loss 1.9983 — flat by design)
[ train_imf ] step 32400  raw_mse_u 23.2104  raw_mse_v 19.9783  a0 0.92149  gnorm 59.67  (adaptive loss 1.9985 — flat by design)
[ train_imf ] step 32600  raw_mse_u 17.2115  raw_mse_v 15.1660  a0 0.20238  gnorm 56.30  (adaptive loss 1.9984 — flat by design)
[ train_imf ] step 32800  raw_mse_u 26.1039  raw_mse_v 17.3686  a0 0.51354  gnorm 51.13  (adaptive loss 1.9981 — flat by design)
[ train_imf ] step 33000  raw_mse_u 17.1287  raw_mse_v 15.1141  a0 0.67867  gnorm 47.05  (adaptive loss 1.9981 — flat by design)
[ train_imf ] step 33200  raw_mse_u 18.5735  raw_mse_v 14.8927  a0 0.47440  gnorm 60.19  (adaptive loss 1.9983 — flat by design)
[ train_imf ] step 33400  raw_mse_u 18.1442  raw_mse_v 16.6008  a0 0.28535  gnorm 69.20  (adaptive loss 1.9983 — flat by design)
[ train_imf ] step 33600  raw_mse_u 31.5531  raw_mse_v 18.9254  a0 0.50159  gnorm 46.87  (adaptive loss 1.9983 — flat by design)
[ train_imf ] step 33800  raw_mse_u 19.8610  raw_mse_v 16.1103  a0 0.65309  gnorm 56.89  (adaptive loss 1.9985 — flat by design)
[ train_imf ] step 34000  raw_mse_u 14.1933  raw_mse_v 11.6121  a0 0.31388  gnorm 65.97  (adaptive loss 1.9978 — flat by design)
[ train_imf ] step 34200  raw_mse_u 57.1631  raw_mse_v 18.1659  a0 1.54543  gnorm 53.00  (adaptive loss 1.9986 — flat by design)
[ train_imf ] step 34400  raw_mse_u 21.3034  raw_mse_v 16.0094  a0 0.41418  gnorm 62.22  (adaptive loss 1.9984 — flat by design)
[ train_imf ] step 34600  raw_mse_u 17.6306  raw_mse_v 16.0732  a0 0.28476  gnorm 62.20  (adaptive loss 1.9983 — flat by design)
[ train_imf ] step 34800  raw_mse_u 16.6205  raw_mse_v 15.2484  a0 0.37752  gnorm 39.03  (adaptive loss 1.9981 — flat by design)
[ train_imf ] step 35000  raw_mse_u 26.2632  raw_mse_v 25.1052  a0 0.50415  gnorm 43.38  (adaptive loss 1.9986 — flat by design)
[ train_imf ] step 35200  raw_mse_u 20.6943  raw_mse_v 18.0424  a0 0.40622  gnorm 43.70  (adaptive loss 1.9983 — flat by design)
[ train_imf ] step 35400  raw_mse_u 18.4507  raw_mse_v 17.3576  a0 0.29525  gnorm 32.27  (adaptive loss 1.9984 — flat by design)
[ train_imf ] step 35600  raw_mse_u 29.1395  raw_mse_v 13.5891  a0 0.58503  gnorm 82.07  (adaptive loss 1.9981 — flat by design)
[ train_imf ] step 35800  raw_mse_u 18.2662  raw_mse_v 14.7677  a0 0.76250  gnorm 81.45  (adaptive loss 1.9982 — flat by design)
[ train_imf ] step 36000  raw_mse_u 18.2532  raw_mse_v 15.1165  a0 0.41050  gnorm 48.71  (adaptive loss 1.9983 — flat by design)
[ train_imf ] step 36200  raw_mse_u 14.4059  raw_mse_v 13.1972  a0 0.37203  gnorm 58.45  (adaptive loss 1.9981 — flat by design)
[ train_imf ] step 36400  raw_mse_u 18.6308  raw_mse_v 12.1446  a0 0.49294  gnorm 60.52  (adaptive loss 1.9981 — flat by design)
[ train_imf ] step 36600  raw_mse_u 18.8670  raw_mse_v 15.8814  a0 0.51673  gnorm 33.47  (adaptive loss 1.9984 — flat by design)
[ train_imf ] step 36800  raw_mse_u 17.4808  raw_mse_v 19.0843  a0 0.40060  gnorm 44.67  (adaptive loss 1.9984 — flat by design)
[ train_imf ] step 37000  raw_mse_u 21.8851  raw_mse_v 17.5463  a0 0.43265  gnorm 42.08  (adaptive loss 1.9984 — flat by design)
[ train_imf ] step 37200  raw_mse_u 18.5891  raw_mse_v 16.2576  a0 0.31813  gnorm 36.51  (adaptive loss 1.9984 — flat by design)
[ train_imf ] step 37400  raw_mse_u 18.6125  raw_mse_v 16.8009  a0 0.44040  gnorm 46.97  (adaptive loss 1.9979 — flat by design)
[ train_imf ] step 37600  raw_mse_u 16.8589  raw_mse_v 15.2726  a0 0.40263  gnorm 31.26  (adaptive loss 1.9984 — flat by design)
[ train_imf ] step 37800  raw_mse_u 19.4858  raw_mse_v 18.4735  a0 0.73435  gnorm 64.23  (adaptive loss 1.9985 — flat by design)
[ train_imf ] step 38000  raw_mse_u 24.4211  raw_mse_v 20.9810  a0 0.72192  gnorm 40.14  (adaptive loss 1.9985 — flat by design)
[ train_imf ] step 38200  raw_mse_u 22.7420  raw_mse_v 19.5050  a0 0.63210  gnorm 59.77  (adaptive loss 1.9983 — flat by design)
[ train_imf ] step 38400  raw_mse_u 34.7495  raw_mse_v 15.0180  a0 0.79237  gnorm 47.98  (adaptive loss 1.9981 — flat by design)
[ train_imf ] step 38600  raw_mse_u 20.5146  raw_mse_v 20.1819  a0 0.46803  gnorm 49.74  (adaptive loss 1.9984 — flat by design)
[ train_imf ] step 38800  raw_mse_u 18.5265  raw_mse_v 14.9503  a0 0.43955  gnorm 71.12  (adaptive loss 1.9980 — flat by design)
[ train_imf ] step 39000  raw_mse_u 18.0076  raw_mse_v 15.4022  a0 0.48993  gnorm 42.41  (adaptive loss 1.9981 — flat by design)
[ train_imf ] step 39200  raw_mse_u 19.1204  raw_mse_v 15.1020  a0 0.47561  gnorm 57.21  (adaptive loss 1.9983 — flat by design)
[ train_imf ] step 39400  raw_mse_u 16.8626  raw_mse_v 14.1361  a0 0.29905  gnorm 45.88  (adaptive loss 1.9982 — flat by design)
[ train_imf ] step 39600  raw_mse_u 18.8170  raw_mse_v 13.1526  a0 0.37185  gnorm 54.18  (adaptive loss 1.9981 — flat by design)
[ train_imf ] step 39800  raw_mse_u 22.5967  raw_mse_v 20.4615  a0 0.40219  gnorm 58.69  (adaptive loss 1.9983 — flat by design)
[ train_imf ] step 40000  raw_mse_u 22.5088  raw_mse_v 23.0755  a0 0.55882  gnorm 72.13  (adaptive loss 1.9981 — flat by design)
[ train_imf ] step 40200  raw_mse_u 20.7992  raw_mse_v 19.0595  a0 0.42213  gnorm 49.66  (adaptive loss 1.9984 — flat by design)
[ train_imf ] step 40400  raw_mse_u 19.3450  raw_mse_v 15.9918  a0 0.34769  gnorm 38.96  (adaptive loss 1.9984 — flat by design)
[ train_imf ] step 40600  raw_mse_u 16.7598  raw_mse_v 15.6427  a0 0.30430  gnorm 67.63  (adaptive loss 1.9982 — flat by design)
[ train_imf ] step 40800  raw_mse_u 18.3474  raw_mse_v 15.2859  a0 0.38229  gnorm 49.75  (adaptive loss 1.9980 — flat by design)
[ train_imf ] step 41000  raw_mse_u 16.3402  raw_mse_v 16.7823  a0 0.25071  gnorm 56.72  (adaptive loss 1.9980 — flat by design)
[ train_imf ] step 41200  raw_mse_u 16.3951  raw_mse_v 13.5429  a0 0.49475  gnorm 62.98  (adaptive loss 1.9980 — flat by design)
[ train_imf ] step 41400  raw_mse_u 13.2261  raw_mse_v 12.7938  a0 0.35980  gnorm 62.19  (adaptive loss 1.9981 — flat by design)
[ train_imf ] step 41600  raw_mse_u 16.0486  raw_mse_v 14.0989  a0 0.31271  gnorm 42.21  (adaptive loss 1.9982 — flat by design)
[ train_imf ] step 41800  raw_mse_u 18.5950  raw_mse_v 13.2577  a0 0.48787  gnorm 48.95  (adaptive loss 1.9980 — flat by design)
[ train_imf ] step 42000  raw_mse_u 20.7448  raw_mse_v 20.1602  a0 0.28880  gnorm 42.23  (adaptive loss 1.9983 — flat by design)
[ train_imf ] step 42200  raw_mse_u 25.6043  raw_mse_v 17.0171  a0 0.69426  gnorm 44.23  (adaptive loss 1.9985 — flat by design)
[ train_imf ] step 42400  raw_mse_u 16.5353  raw_mse_v 16.1862  a0 0.37949  gnorm 52.84  (adaptive loss 1.9981 — flat by design)
[ train_imf ] step 42600  raw_mse_u 21.2154  raw_mse_v 17.8454  a0 0.52219  gnorm 35.51  (adaptive loss 1.9983 — flat by design)
[ train_imf ] step 42800  raw_mse_u 20.3505  raw_mse_v 16.6932  a0 0.39879  gnorm 53.75  (adaptive loss 1.9982 — flat by design)
[ train_imf ] step 43000  raw_mse_u 20.2469  raw_mse_v 15.3509  a0 0.45998  gnorm 48.20  (adaptive loss 1.9985 — flat by design)
[ train_imf ] step 43200  raw_mse_u 17.8758  raw_mse_v 15.1182  a0 0.37461  gnorm 58.16  (adaptive loss 1.9985 — flat by design)
[ train_imf ] step 43400  raw_mse_u 20.6403  raw_mse_v 16.7180  a0 0.34108  gnorm 65.27  (adaptive loss 1.9985 — flat by design)
[ train_imf ] step 43600  raw_mse_u 16.1736  raw_mse_v 15.1932  a0 0.21337  gnorm 62.90  (adaptive loss 1.9984 — flat by design)
[ train_imf ] step 43800  raw_mse_u 19.2878  raw_mse_v 18.7682  a0 0.53819  gnorm 59.35  (adaptive loss 1.9983 — flat by design)
[ train_imf ] step 44000  raw_mse_u 19.7732  raw_mse_v 20.0636  a0 0.36619  gnorm 48.75  (adaptive loss 1.9983 — flat by design)
[ train_imf ] step 44200  raw_mse_u 24.1533  raw_mse_v 16.2729  a0 0.54195  gnorm 53.00  (adaptive loss 1.9981 — flat by design)
[ train_imf ] step 44400  raw_mse_u 16.2014  raw_mse_v 11.7584  a0 0.37749  gnorm 56.48  (adaptive loss 1.9978 — flat by design)
[ train_imf ] step 44600  raw_mse_u 16.9807  raw_mse_v 15.8233  a0 0.35479  gnorm 52.15  (adaptive loss 1.9982 — flat by design)
[ train_imf ] step 44800  raw_mse_u 15.1971  raw_mse_v 15.0145  a0 0.29016  gnorm 56.78  (adaptive loss 1.9982 — flat by design)
[ train_imf ] step 45000  raw_mse_u 19.9322  raw_mse_v 17.5027  a0 0.37933  gnorm 49.50  (adaptive loss 1.9986 — flat by design)
[ train_imf ] step 45200  raw_mse_u 16.5838  raw_mse_v 18.4801  a0 0.32046  gnorm 48.17  (adaptive loss 1.9984 — flat by design)
[ train_imf ] step 45400  raw_mse_u 15.2514  raw_mse_v 12.2438  a0 0.32500  gnorm 48.50  (adaptive loss 1.9981 — flat by design)
[ train_imf ] step 45600  raw_mse_u 15.9857  raw_mse_v 14.7670  a0 0.32896  gnorm 43.60  (adaptive loss 1.9981 — flat by design)
[ train_imf ] step 45800  raw_mse_u 17.5306  raw_mse_v 17.7335  a0 0.47113  gnorm 47.32  (adaptive loss 1.9981 — flat by design)
[ train_imf ] step 46000  raw_mse_u 52.6963  raw_mse_v 16.9257  a0 0.88619  gnorm 58.23  (adaptive loss 1.9983 — flat by design)
[ train_imf ] step 46200  raw_mse_u 15.6220  raw_mse_v 14.9543  a0 0.29051  gnorm 61.73  (adaptive loss 1.9981 — flat by design)
[ train_imf ] step 46400  raw_mse_u 16.3234  raw_mse_v 15.0102  a0 0.24938  gnorm 40.81  (adaptive loss 1.9983 — flat by design)
[ train_imf ] step 46600  raw_mse_u 18.3658  raw_mse_v 14.9730  a0 0.36948  gnorm 42.47  (adaptive loss 1.9983 — flat by design)
[ train_imf ] step 46800  raw_mse_u 18.2348  raw_mse_v 13.3985  a0 0.47597  gnorm 40.85  (adaptive loss 1.9981 — flat by design)
[ train_imf ] step 47000  raw_mse_u 14.1884  raw_mse_v 12.2918  a0 0.26936  gnorm 37.78  (adaptive loss 1.9979 — flat by design)
[ train_imf ] step 47200  raw_mse_u 22.8827  raw_mse_v 20.0771  a0 0.32987  gnorm 46.83  (adaptive loss 1.9986 — flat by design)
[ train_imf ] step 47400  raw_mse_u 18.4260  raw_mse_v 17.5516  a0 0.30048  gnorm 51.02  (adaptive loss 1.9984 — flat by design)
[ train_imf ] step 47600  raw_mse_u 27.7868  raw_mse_v 21.0648  a0 0.63113  gnorm 26.93  (adaptive loss 1.9985 — flat by design)
[ train_imf ] step 47800  raw_mse_u 13.9137  raw_mse_v 11.7653  a0 0.32088  gnorm 60.44  (adaptive loss 1.9976 — flat by design)
[ train_imf ] step 48000  raw_mse_u 14.0842  raw_mse_v 10.5615  a0 0.24904  gnorm 39.97  (adaptive loss 1.9976 — flat by design)
[ train_imf ] step 48200  raw_mse_u 17.4515  raw_mse_v 15.9142  a0 0.35510  gnorm 43.75  (adaptive loss 1.9981 — flat by design)
[ train_imf ] step 48400  raw_mse_u 16.0432  raw_mse_v 12.7465  a0 0.35448  gnorm 52.08  (adaptive loss 1.9981 — flat by design)
[ train_imf ] step 48600  raw_mse_u 20.1209  raw_mse_v 17.2741  a0 0.41954  gnorm 44.97  (adaptive loss 1.9981 — flat by design)
[ train_imf ] step 48800  raw_mse_u 16.5855  raw_mse_v 16.1835  a0 0.35936  gnorm 44.64  (adaptive loss 1.9978 — flat by design)
[ train_imf ] step 49000  raw_mse_u 21.6261  raw_mse_v 19.1775  a0 0.66984  gnorm 57.40  (adaptive loss 1.9985 — flat by design)
[ train_imf ] step 49200  raw_mse_u 19.5469  raw_mse_v 18.3996  a0 0.36063  gnorm 54.76  (adaptive loss 1.9981 — flat by design)
[ train_imf ] step 49400  raw_mse_u 15.3554  raw_mse_v 15.6699  a0 0.55834  gnorm 50.21  (adaptive loss 1.9980 — flat by design)
[ train_imf ] step 49600  raw_mse_u 15.2522  raw_mse_v 13.4098  a0 0.32283  gnorm 39.99  (adaptive loss 1.9980 — flat by design)
[ train_imf ] step 49800  raw_mse_u 18.9746  raw_mse_v 14.9861  a0 0.48875  gnorm 51.21  (adaptive loss 1.9984 — flat by design)
[ train_imf ] step 50000  raw_mse_u 24.5967  raw_mse_v 16.1968  a0 0.49429  gnorm 67.38  (adaptive loss 1.9982 — flat by design)
[ train_imf ] step 50200  raw_mse_u 18.4350  raw_mse_v 14.8803  a0 0.45950  gnorm 60.77  (adaptive loss 1.9981 — flat by design)
[ train_imf ] step 50400  raw_mse_u 20.3339  raw_mse_v 14.1153  a0 0.59733  gnorm 41.52  (adaptive loss 1.9983 — flat by design)
[ train_imf ] step 50600  raw_mse_u 21.9092  raw_mse_v 12.6497  a0 0.47100  gnorm 49.62  (adaptive loss 1.9979 — flat by design)
[ train_imf ] step 50800  raw_mse_u 16.1264  raw_mse_v 16.5677  a0 0.31118  gnorm 49.42  (adaptive loss 1.9983 — flat by design)
[ train_imf ] step 51000  raw_mse_u 23.6117  raw_mse_v 15.0099  a0 0.30623  gnorm 60.01  (adaptive loss 1.9980 — flat by design)
[ train_imf ] step 51200  raw_mse_u 24.5898  raw_mse_v 22.0935  a0 0.52291  gnorm 50.39  (adaptive loss 1.9981 — flat by design)
[ train_imf ] step 51400  raw_mse_u 17.7288  raw_mse_v 18.2865  a0 0.32989  gnorm 51.85  (adaptive loss 1.9976 — flat by design)
[ train_imf ] step 51600  raw_mse_u 14.6736  raw_mse_v 13.4765  a0 0.40919  gnorm 37.38  (adaptive loss 1.9982 — flat by design)
[ train_imf ] step 51800  raw_mse_u 22.6856  raw_mse_v 16.3432  a0 0.42178  gnorm 57.37  (adaptive loss 1.9981 — flat by design)
[ train_imf ] step 52000  raw_mse_u 19.0205  raw_mse_v 13.6976  a0 0.64960  gnorm 60.31  (adaptive loss 1.9981 — flat by design)
[ train_imf ] step 52200  raw_mse_u 13.8946  raw_mse_v 11.8335  a0 0.23222  gnorm 63.86  (adaptive loss 1.9978 — flat by design)
[ train_imf ] step 52400  raw_mse_u 15.6562  raw_mse_v 13.6519  a0 0.30807  gnorm 49.50  (adaptive loss 1.9980 — flat by design)
[ train_imf ] step 52600  raw_mse_u 16.0602  raw_mse_v 12.4412  a0 0.25225  gnorm 41.52  (adaptive loss 1.9978 — flat by design)
[ train_imf ] step 52800  raw_mse_u 17.7657  raw_mse_v 14.0184  a0 0.53025  gnorm 58.45  (adaptive loss 1.9979 — flat by design)
[ train_imf ] step 53000  raw_mse_u 23.6268  raw_mse_v 18.1018  a0 0.32809  gnorm 47.33  (adaptive loss 1.9982 — flat by design)
[ train_imf ] step 53200  raw_mse_u 14.7881  raw_mse_v 13.3882  a0 0.28586  gnorm 46.08  (adaptive loss 1.9981 — flat by design)
[ train_imf ] step 53400  raw_mse_u 14.0612  raw_mse_v 13.2619  a0 0.37726  gnorm 61.96  (adaptive loss 1.9981 — flat by design)
[ train_imf ] step 53600  raw_mse_u 18.5792  raw_mse_v 15.2529  a0 0.58664  gnorm 62.58  (adaptive loss 1.9980 — flat by design)
[ train_imf ] step 53800  raw_mse_u 18.2171  raw_mse_v 15.8739  a0 0.51130  gnorm 34.88  (adaptive loss 1.9984 — flat by design)
[ train_imf ] step 54000  raw_mse_u 21.2874  raw_mse_v 18.9552  a0 0.65473  gnorm 50.28  (adaptive loss 1.9983 — flat by design)
[ train_imf ] step 54200  raw_mse_u 15.7586  raw_mse_v 14.9209  a0 0.36552  gnorm 45.25  (adaptive loss 1.9981 — flat by design)
[ train_imf ] step 54400  raw_mse_u 19.9068  raw_mse_v 19.6482  a0 0.47052  gnorm 56.51  (adaptive loss 1.9984 — flat by design)
[ train_imf ] step 54600  raw_mse_u 17.0256  raw_mse_v 15.0134  a0 0.34604  gnorm 39.52  (adaptive loss 1.9983 — flat by design)
[ train_imf ] step 54800  raw_mse_u 14.5751  raw_mse_v 13.2771  a0 0.34200  gnorm 53.14  (adaptive loss 1.9977 — flat by design)
[ train_imf ] step 55000  raw_mse_u 18.0335  raw_mse_v 14.6965  a0 0.42197  gnorm 48.88  (adaptive loss 1.9979 — flat by design)
[ train_imf ] step 55200  raw_mse_u 24.0243  raw_mse_v 18.9288  a0 0.59241  gnorm 58.60  (adaptive loss 1.9981 — flat by design)
[ train_imf ] step 55400  raw_mse_u 22.6611  raw_mse_v 16.9186  a0 0.50538  gnorm 39.67  (adaptive loss 1.9981 — flat by design)
[ train_imf ] step 55600  raw_mse_u 29.8053  raw_mse_v 14.2905  a0 0.51661  gnorm 60.21  (adaptive loss 1.9981 — flat by design)
[ train_imf ] step 55800  raw_mse_u 32.2519  raw_mse_v 18.8859  a0 0.40021  gnorm 44.14  (adaptive loss 1.9986 — flat by design)
[ train_imf ] step 56000  raw_mse_u 15.0300  raw_mse_v 12.5841  a0 0.25053  gnorm 54.57  (adaptive loss 1.9978 — flat by design)
[ train_imf ] step 56200  raw_mse_u 16.7088  raw_mse_v 12.1945  a0 0.39045  gnorm 44.33  (adaptive loss 1.9978 — flat by design)
[ train_imf ] step 56400  raw_mse_u 20.9536  raw_mse_v 19.6549  a0 0.43837  gnorm 76.72  (adaptive loss 1.9984 — flat by design)
[ train_imf ] step 56600  raw_mse_u 18.7977  raw_mse_v 17.4838  a0 0.65970  gnorm 34.09  (adaptive loss 1.9984 — flat by design)
[ train_imf ] step 56800  raw_mse_u 17.4917  raw_mse_v 17.8626  a0 0.38460  gnorm 30.19  (adaptive loss 1.9979 — flat by design)
[ train_imf ] step 57000  raw_mse_u 19.8472  raw_mse_v 13.8189  a0 0.43316  gnorm 39.58  (adaptive loss 1.9978 — flat by design)
[ train_imf ] step 57200  raw_mse_u 29.7849  raw_mse_v 16.4967  a0 0.94223  gnorm 39.23  (adaptive loss 1.9982 — flat by design)
[ train_imf ] step 57400  raw_mse_u 16.2624  raw_mse_v 15.9385  a0 0.29554  gnorm 44.91  (adaptive loss 1.9982 — flat by design)
[ train_imf ] step 57600  raw_mse_u 18.4727  raw_mse_v 12.8989  a0 0.36302  gnorm 47.49  (adaptive loss 1.9978 — flat by design)
[ train_imf ] step 57800  raw_mse_u 12.4929  raw_mse_v 13.5083  a0 0.33048  gnorm 55.56  (adaptive loss 1.9976 — flat by design)
[ train_imf ] step 58000  raw_mse_u 16.4866  raw_mse_v 14.1457  a0 0.39938  gnorm 37.00  (adaptive loss 1.9981 — flat by design)
[ train_imf ] step 58200  raw_mse_u 20.6552  raw_mse_v 18.7392  a0 0.60047  gnorm 63.11  (adaptive loss 1.9984 — flat by design)
[ train_imf ] step 58400  raw_mse_u 17.6223  raw_mse_v 15.1323  a0 0.36998  gnorm 60.99  (adaptive loss 1.9979 — flat by design)
[ train_imf ] step 58600  raw_mse_u 35.2466  raw_mse_v 15.6222  a0 0.55593  gnorm 43.94  (adaptive loss 1.9981 — flat by design)
[ train_imf ] step 58800  raw_mse_u 21.8154  raw_mse_v 14.7094  a0 0.48374  gnorm 33.93  (adaptive loss 1.9980 — flat by design)
[ train_imf ] step 59000  raw_mse_u 14.1378  raw_mse_v 13.0573  a0 0.30656  gnorm 57.82  (adaptive loss 1.9982 — flat by design)
[ train_imf ] step 59200  raw_mse_u 19.9501  raw_mse_v 14.9561  a0 0.32703  gnorm 63.40  (adaptive loss 1.9978 — flat by design)
[ train_imf ] step 59400  raw_mse_u 13.2574  raw_mse_v 13.7392  a0 0.22076  gnorm 58.71  (adaptive loss 1.9977 — flat by design)
[ train_imf ] step 59600  raw_mse_u 17.9610  raw_mse_v 12.1720  a0 0.31423  gnorm 48.05  (adaptive loss 1.9978 — flat by design)
[ train_imf ] step 59800  raw_mse_u 13.8904  raw_mse_v 13.7669  a0 0.26349  gnorm 37.70  (adaptive loss 1.9979 — flat by design)
[ train_imf ] step 60000  raw_mse_u 14.0884  raw_mse_v 14.7255  a0 0.27953  gnorm 49.83  (adaptive loss 1.9980 — flat by design)
[ train_imf ] step 60200  raw_mse_u 13.9220  raw_mse_v 11.9652  a0 0.23833  gnorm 49.18  (adaptive loss 1.9978 — flat by design)
[ train_imf ] step 60400  raw_mse_u 18.1196  raw_mse_v 11.8449  a0 0.68343  gnorm 48.54  (adaptive loss 1.9976 — flat by design)
[ train_imf ] step 60600  raw_mse_u 25.5723  raw_mse_v 16.2219  a0 0.49462  gnorm 43.55  (adaptive loss 1.9976 — flat by design)
[ train_imf ] step 60800  raw_mse_u 16.2158  raw_mse_v 13.1728  a0 0.45725  gnorm 41.67  (adaptive loss 1.9978 — flat by design)
[ train_imf ] step 61000  raw_mse_u 14.1755  raw_mse_v 12.7900  a0 0.60618  gnorm 41.12  (adaptive loss 1.9980 — flat by design)
[ train_imf ] step 61200  raw_mse_u 22.8884  raw_mse_v 18.0745  a0 0.59257  gnorm 46.72  (adaptive loss 1.9986 — flat by design)
[ train_imf ] step 61400  raw_mse_u 19.4734  raw_mse_v 17.8471  a0 0.35631  gnorm 67.35  (adaptive loss 1.9980 — flat by design)
[ train_imf ] step 61600  raw_mse_u 17.9108  raw_mse_v 14.8885  a0 0.43519  gnorm 54.94  (adaptive loss 1.9981 — flat by design)
[ train_imf ] step 61800  raw_mse_u 13.3215  raw_mse_v 13.1539  a0 0.27442  gnorm 50.99  (adaptive loss 1.9977 — flat by design)
[ train_imf ] step 62000  raw_mse_u 31.2423  raw_mse_v 14.2031  a0 0.50206  gnorm 66.88  (adaptive loss 1.9980 — flat by design)
[ train_imf ] step 62200  raw_mse_u 18.2947  raw_mse_v 19.0575  a0 0.46137  gnorm 44.52  (adaptive loss 1.9983 — flat by design)
[ train_imf ] step 62400  raw_mse_u 15.7856  raw_mse_v 14.5805  a0 0.26704  gnorm 52.28  (adaptive loss 1.9982 — flat by design)
[ train_imf ] step 62600  raw_mse_u 16.6646  raw_mse_v 13.0106  a0 0.25438  gnorm 58.23  (adaptive loss 1.9979 — flat by design)
[ train_imf ] step 62800  raw_mse_u 11.7770  raw_mse_v 11.4790  a0 0.20852  gnorm 49.64  (adaptive loss 1.9976 — flat by design)
[ train_imf ] step 63000  raw_mse_u 17.9033  raw_mse_v 15.1507  a0 0.52158  gnorm 42.66  (adaptive loss 1.9979 — flat by design)
[ train_imf ] step 63200  raw_mse_u 40.7424  raw_mse_v 16.6149  a0 1.14772  gnorm 47.17  (adaptive loss 1.9983 — flat by design)
[ train_imf ] step 63400  raw_mse_u 14.7829  raw_mse_v 12.4987  a0 0.35636  gnorm 34.48  (adaptive loss 1.9980 — flat by design)
[ train_imf ] step 63600  raw_mse_u 14.2828  raw_mse_v 16.4145  a0 0.45776  gnorm 45.82  (adaptive loss 1.9981 — flat by design)
[ train_imf ] step 63800  raw_mse_u 19.7255  raw_mse_v 14.1554  a0 0.42975  gnorm 39.30  (adaptive loss 1.9978 — flat by design)
[ train_imf ] step 64000  raw_mse_u 24.8517  raw_mse_v 14.4546  a0 0.60607  gnorm 48.84  (adaptive loss 1.9975 — flat by design)
[ train_imf ] step 64200  raw_mse_u 19.4946  raw_mse_v 15.8619  a0 0.33992  gnorm 32.20  (adaptive loss 1.9979 — flat by design)
[ train_imf ] step 64400  raw_mse_u 14.6567  raw_mse_v 10.8232  a0 0.28033  gnorm 52.72  (adaptive loss 1.9978 — flat by design)
[ train_imf ] step 64600  raw_mse_u 14.4582  raw_mse_v 15.8942  a0 0.26227  gnorm 30.41  (adaptive loss 1.9979 — flat by design)
[ train_imf ] step 64800  raw_mse_u 13.0898  raw_mse_v 9.7758  a0 0.70006  gnorm 63.82  (adaptive loss 1.9972 — flat by design)
[ train_imf ] step 65000  raw_mse_u 21.1565  raw_mse_v 14.9522  a0 0.30539  gnorm 59.37  (adaptive loss 1.9982 — flat by design)
[ train_imf ] step 65200  raw_mse_u 21.1876  raw_mse_v 17.0988  a0 0.56369  gnorm 40.57  (adaptive loss 1.9979 — flat by design)
[ train_imf ] step 65400  raw_mse_u 18.0070  raw_mse_v 13.2037  a0 0.59448  gnorm 60.03  (adaptive loss 1.9978 — flat by design)
[ train_imf ] step 65600  raw_mse_u 13.3831  raw_mse_v 11.8394  a0 0.24559  gnorm 47.89  (adaptive loss 1.9977 — flat by design)
[ train_imf ] step 65800  raw_mse_u 18.7831  raw_mse_v 20.5610  a0 0.34671  gnorm 52.61  (adaptive loss 1.9985 — flat by design)
[ train_imf ] step 66000  raw_mse_u 15.2707  raw_mse_v 12.6672  a0 0.37822  gnorm 51.66  (adaptive loss 1.9981 — flat by design)
[ train_imf ] step 66200  raw_mse_u 14.5660  raw_mse_v 14.8403  a0 0.25960  gnorm 62.70  (adaptive loss 1.9981 — flat by design)
[ train_imf ] step 66400  raw_mse_u 12.3908  raw_mse_v 11.7470  a0 0.48269  gnorm 56.64  (adaptive loss 1.9978 — flat by design)
[ train_imf ] step 66600  raw_mse_u 19.1648  raw_mse_v 14.1824  a0 0.42566  gnorm 59.07  (adaptive loss 1.9980 — flat by design)
[ train_imf ] step 66800  raw_mse_u 30.8576  raw_mse_v 15.0857  a0 0.28914  gnorm 59.87  (adaptive loss 1.9984 — flat by design)
[ train_imf ] step 67000  raw_mse_u 20.1755  raw_mse_v 18.4137  a0 0.42718  gnorm 40.40  (adaptive loss 1.9982 — flat by design)
[ train_imf ] step 67200  raw_mse_u 15.1246  raw_mse_v 14.7302  a0 0.24484  gnorm 41.54  (adaptive loss 1.9980 — flat by design)
[ train_imf ] step 67400  raw_mse_u 25.6649  raw_mse_v 14.2858  a0 0.55327  gnorm 58.30  (adaptive loss 1.9981 — flat by design)
[ train_imf ] step 67600  raw_mse_u 17.6742  raw_mse_v 17.0410  a0 0.54014  gnorm 64.40  (adaptive loss 1.9985 — flat by design)
[ train_imf ] step 67800  raw_mse_u 18.5237  raw_mse_v 16.8169  a0 0.38907  gnorm 52.65  (adaptive loss 1.9983 — flat by design)
[ train_imf ] step 68000  raw_mse_u 13.0838  raw_mse_v 10.8321  a0 0.16849  gnorm 42.33  (adaptive loss 1.9979 — flat by design)
[ train_imf ] step 68200  raw_mse_u 24.3689  raw_mse_v 18.7247  a0 0.49567  gnorm 49.78  (adaptive loss 1.9981 — flat by design)
[ train_imf ] step 68400  raw_mse_u 23.8306  raw_mse_v 21.5500  a0 0.56119  gnorm 40.90  (adaptive loss 1.9981 — flat by design)
[ train_imf ] step 68600  raw_mse_u 16.5535  raw_mse_v 15.8092  a0 0.48045  gnorm 52.73  (adaptive loss 1.9979 — flat by design)
[ train_imf ] step 68800  raw_mse_u 15.3024  raw_mse_v 13.6939  a0 0.32917  gnorm 40.92  (adaptive loss 1.9979 — flat by design)
[ train_imf ] step 69000  raw_mse_u 20.4349  raw_mse_v 11.9388  a0 0.77941  gnorm 53.59  (adaptive loss 1.9979 — flat by design)
[ train_imf ] step 69200  raw_mse_u 16.2456  raw_mse_v 15.6849  a0 0.37787  gnorm 54.91  (adaptive loss 1.9978 — flat by design)
[ train_imf ] step 69400  raw_mse_u 18.4823  raw_mse_v 17.1166  a0 0.30841  gnorm 49.12  (adaptive loss 1.9977 — flat by design)
[ train_imf ] step 69600  raw_mse_u 28.6145  raw_mse_v 13.2025  a0 0.29083  gnorm 42.19  (adaptive loss 1.9974 — flat by design)
[ train_imf ] step 69800  raw_mse_u 15.8185  raw_mse_v 17.0185  a0 0.36034  gnorm 34.78  (adaptive loss 1.9981 — flat by design)
[ train_imf ] step 70000  raw_mse_u 13.3512  raw_mse_v 12.4768  a0 0.33310  gnorm 50.90  (adaptive loss 1.9976 — flat by design)
[ train_imf ] step 70200  raw_mse_u 11.6496  raw_mse_v 10.3478  a0 0.19204  gnorm 48.43  (adaptive loss 1.9977 — flat by design)
[ train_imf ] step 70400  raw_mse_u 21.3261  raw_mse_v 17.1223  a0 0.35453  gnorm 41.80  (adaptive loss 1.9983 — flat by design)
[ train_imf ] step 70600  raw_mse_u 12.6182  raw_mse_v 11.8613  a0 0.18152  gnorm 45.67  (adaptive loss 1.9976 — flat by design)
[ train_imf ] step 70800  raw_mse_u 15.8568  raw_mse_v 14.1521  a0 0.36216  gnorm 38.76  (adaptive loss 1.9980 — flat by design)
[ train_imf ] step 71000  raw_mse_u 13.7626  raw_mse_v 13.0478  a0 0.25544  gnorm 39.72  (adaptive loss 1.9980 — flat by design)
[ train_imf ] step 71200  raw_mse_u 25.1672  raw_mse_v 18.8938  a0 0.69317  gnorm 47.60  (adaptive loss 1.9981 — flat by design)
[ train_imf ] step 71400  raw_mse_u 17.4386  raw_mse_v 13.7717  a0 0.47165  gnorm 55.22  (adaptive loss 1.9977 — flat by design)
[ train_imf ] step 71600  raw_mse_u 21.9164  raw_mse_v 13.2293  a0 0.45176  gnorm 42.66  (adaptive loss 1.9981 — flat by design)
[ train_imf ] step 71800  raw_mse_u 27.0005  raw_mse_v 18.5651  a0 0.52067  gnorm 50.40  (adaptive loss 1.9980 — flat by design)
[ train_imf ] step 72000  raw_mse_u 22.3657  raw_mse_v 18.6588  a0 0.48549  gnorm 50.32  (adaptive loss 1.9983 — flat by design)
[ train_imf ] step 72200  raw_mse_u 48.2773  raw_mse_v 13.9514  a0 1.85457  gnorm 63.78  (adaptive loss 1.9977 — flat by design)
[ train_imf ] step 72400  raw_mse_u 14.0561  raw_mse_v 11.5712  a0 0.26077  gnorm 58.85  (adaptive loss 1.9979 — flat by design)
[ train_imf ] step 72600  raw_mse_u 15.9880  raw_mse_v 14.6245  a0 0.46855  gnorm 54.30  (adaptive loss 1.9976 — flat by design)
[ train_imf ] step 72800  raw_mse_u 18.8311  raw_mse_v 13.8621  a0 0.33722  gnorm 47.36  (adaptive loss 1.9979 — flat by design)
[ train_imf ] step 73000  raw_mse_u 17.8606  raw_mse_v 15.7809  a0 0.37915  gnorm 70.41  (adaptive loss 1.9981 — flat by design)
[ train_imf ] step 73200  raw_mse_u 14.4686  raw_mse_v 16.1145  a0 0.42290  gnorm 39.27  (adaptive loss 1.9982 — flat by design)
[ train_imf ] step 73400  raw_mse_u 15.2018  raw_mse_v 16.6490  a0 0.34027  gnorm 58.86  (adaptive loss 1.9978 — flat by design)
[ train_imf ] step 73600  raw_mse_u 13.0604  raw_mse_v 13.0308  a0 0.21244  gnorm 45.90  (adaptive loss 1.9979 — flat by design)
[ train_imf ] step 73800  raw_mse_u 16.1462  raw_mse_v 13.3189  a0 0.27669  gnorm 33.81  (adaptive loss 1.9980 — flat by design)
[ train_imf ] step 74000  raw_mse_u 25.1313  raw_mse_v 20.7025  a0 0.61581  gnorm 45.75  (adaptive loss 1.9984 — flat by design)
[ train_imf ] step 74200  raw_mse_u 22.0252  raw_mse_v 16.8026  a0 0.59892  gnorm 60.69  (adaptive loss 1.9981 — flat by design)
[ train_imf ] step 74400  raw_mse_u 17.7053  raw_mse_v 17.6386  a0 0.32264  gnorm 44.15  (adaptive loss 1.9984 — flat by design)
[ train_imf ] step 74600  raw_mse_u 13.2007  raw_mse_v 12.7625  a0 0.29122  gnorm 36.49  (adaptive loss 1.9981 — flat by design)
[ train_imf ] step 74800  raw_mse_u 14.2933  raw_mse_v 12.7595  a0 0.23856  gnorm 56.71  (adaptive loss 1.9980 — flat by design)
[ train_imf ] step 75000  raw_mse_u 14.0305  raw_mse_v 13.7466  a0 0.25461  gnorm 55.59  (adaptive loss 1.9979 — flat by design)
[ train_imf ] step 75200  raw_mse_u 31.4720  raw_mse_v 13.3117  a0 0.59177  gnorm 56.48  (adaptive loss 1.9979 — flat by design)
[ train_imf ] step 75400  raw_mse_u 17.5674  raw_mse_v 15.3577  a0 0.46294  gnorm 52.41  (adaptive loss 1.9980 — flat by design)
[ train_imf ] step 75600  raw_mse_u 20.7516  raw_mse_v 16.9143  a0 0.48401  gnorm 47.55  (adaptive loss 1.9980 — flat by design)
[ train_imf ] step 75800  raw_mse_u 15.8542  raw_mse_v 14.9316  a0 0.21498  gnorm 36.02  (adaptive loss 1.9979 — flat by design)
[ train_imf ] step 76000  raw_mse_u 18.9454  raw_mse_v 18.5951  a0 0.40217  gnorm 60.28  (adaptive loss 1.9979 — flat by design)
[ train_imf ] step 76200  raw_mse_u 9.5662  raw_mse_v 9.4012  a0 0.18950  gnorm 102.64  (adaptive loss 1.9976 — flat by design)
[ train_imf ] step 76400  raw_mse_u 14.4638  raw_mse_v 12.5681  a0 0.37781  gnorm 55.44  (adaptive loss 1.9979 — flat by design)
[ train_imf ] step 76600  raw_mse_u 14.3901  raw_mse_v 13.7544  a0 0.24228  gnorm 55.80  (adaptive loss 1.9981 — flat by design)
[ train_imf ] step 76800  raw_mse_u 15.8076  raw_mse_v 15.4653  a0 0.21719  gnorm 60.01  (adaptive loss 1.9979 — flat by design)
[ train_imf ] step 77000  raw_mse_u 15.2238  raw_mse_v 12.9842  a0 0.23882  gnorm 53.12  (adaptive loss 1.9977 — flat by design)
[ train_imf ] step 77200  raw_mse_u 16.9558  raw_mse_v 14.8416  a0 0.44433  gnorm 58.04  (adaptive loss 1.9981 — flat by design)
[ train_imf ] step 77400  raw_mse_u 13.9990  raw_mse_v 12.8589  a0 0.23177  gnorm 41.16  (adaptive loss 1.9973 — flat by design)
[ train_imf ] step 77600  raw_mse_u 28.0214  raw_mse_v 17.9457  a0 0.82295  gnorm 50.19  (adaptive loss 1.9982 — flat by design)
[ train_imf ] step 77800  raw_mse_u 16.5401  raw_mse_v 14.9156  a0 0.54370  gnorm 58.21  (adaptive loss 1.9979 — flat by design)
[ train_imf ] step 78000  raw_mse_u 16.6421  raw_mse_v 13.2708  a0 0.38133  gnorm 51.15  (adaptive loss 1.9977 — flat by design)
[ train_imf ] step 78200  raw_mse_u 16.2485  raw_mse_v 15.7999  a0 0.34364  gnorm 46.62  (adaptive loss 1.9981 — flat by design)
[ train_imf ] step 78400  raw_mse_u 17.9937  raw_mse_v 18.5489  a0 0.35264  gnorm 46.57  (adaptive loss 1.9982 — flat by design)
[ train_imf ] step 78600  raw_mse_u 17.5932  raw_mse_v 13.4588  a0 0.41694  gnorm 41.13  (adaptive loss 1.9980 — flat by design)
[ train_imf ] step 78800  raw_mse_u 15.9292  raw_mse_v 14.9659  a0 0.25882  gnorm 32.00  (adaptive loss 1.9983 — flat by design)
[ train_imf ] step 79000  raw_mse_u 16.3260  raw_mse_v 15.5360  a0 0.43788  gnorm 55.45  (adaptive loss 1.9979 — flat by design)
[ train_imf ] step 79200  raw_mse_u 26.6528  raw_mse_v 15.3887  a0 0.58801  gnorm 55.01  (adaptive loss 1.9975 — flat by design)
[ train_imf ] step 79400  raw_mse_u 15.0998  raw_mse_v 13.8947  a0 0.24371  gnorm 30.84  (adaptive loss 1.9981 — flat by design)
[ train_imf ] step 79600  raw_mse_u 17.5983  raw_mse_v 15.0480  a0 0.32569  gnorm 45.00  (adaptive loss 1.9982 — flat by design)
[ train_imf ] step 79800  raw_mse_u 15.3943  raw_mse_v 14.3715  a0 0.45137  gnorm 42.96  (adaptive loss 1.9976 — flat by design)
[ train_imf ] step 80000  raw_mse_u 13.9559  raw_mse_v 13.6392  a0 0.30185  gnorm 54.24  (adaptive loss 1.9980 — flat by design)
[ train_imf ] step 80200  raw_mse_u 21.6693  raw_mse_v 19.5877  a0 0.47238  gnorm 41.00  (adaptive loss 1.9983 — flat by design)
[ train_imf ] step 80400  raw_mse_u 55.7621  raw_mse_v 12.2720  a0 0.26825  gnorm 41.29  (adaptive loss 1.9973 — flat by design)
[ train_imf ] step 80600  raw_mse_u 20.5533  raw_mse_v 14.3836  a0 0.51244  gnorm 48.68  (adaptive loss 1.9981 — flat by design)
[ train_imf ] step 80800  raw_mse_u 12.7003  raw_mse_v 11.2964  a0 0.26996  gnorm 57.64  (adaptive loss 1.9978 — flat by design)
[ train_imf ] step 81000  raw_mse_u 12.2040  raw_mse_v 11.0853  a0 0.22126  gnorm 33.86  (adaptive loss 1.9978 — flat by design)
[ train_imf ] step 81200  raw_mse_u 20.3990  raw_mse_v 15.1445  a0 0.23865  gnorm 40.54  (adaptive loss 1.9979 — flat by design)
[ train_imf ] step 81400  raw_mse_u 20.9990  raw_mse_v 17.3794  a0 0.42737  gnorm 25.08  (adaptive loss 1.9979 — flat by design)
[ train_imf ] step 81600  raw_mse_u 16.6605  raw_mse_v 13.8092  a0 0.45143  gnorm 49.16  (adaptive loss 1.9980 — flat by design)
[ train_imf ] step 81800  raw_mse_u 18.1530  raw_mse_v 13.1926  a0 0.44449  gnorm 60.84  (adaptive loss 1.9981 — flat by design)
[ train_imf ] step 82000  raw_mse_u 14.6617  raw_mse_v 13.0471  a0 0.44613  gnorm 44.09  (adaptive loss 1.9978 — flat by design)
[ train_imf ] step 82200  raw_mse_u 18.8472  raw_mse_v 13.9130  a0 0.20425  gnorm 48.40  (adaptive loss 1.9975 — flat by design)
[ train_imf ] step 82400  raw_mse_u 13.3331  raw_mse_v 12.5645  a0 0.28414  gnorm 52.25  (adaptive loss 1.9977 — flat by design)
[ train_imf ] step 82600  raw_mse_u 13.6685  raw_mse_v 10.1873  a0 0.48305  gnorm 58.49  (adaptive loss 1.9976 — flat by design)
[ train_imf ] step 82800  raw_mse_u 16.6407  raw_mse_v 10.9178  a0 0.33826  gnorm 84.41  (adaptive loss 1.9975 — flat by design)
[ train_imf ] step 83000  raw_mse_u 16.3123  raw_mse_v 15.3105  a0 0.36847  gnorm 31.27  (adaptive loss 1.9978 — flat by design)
[ train_imf ] step 83200  raw_mse_u 15.4046  raw_mse_v 13.2898  a0 0.34810  gnorm 37.40  (adaptive loss 1.9978 — flat by design)
[ train_imf ] step 83400  raw_mse_u 20.4462  raw_mse_v 17.6732  a0 0.38496  gnorm 49.66  (adaptive loss 1.9983 — flat by design)
[ train_imf ] step 83600  raw_mse_u 26.1311  raw_mse_v 18.2842  a0 0.63129  gnorm 62.29  (adaptive loss 1.9981 — flat by design)
[ train_imf ] step 83800  raw_mse_u 19.3706  raw_mse_v 16.2179  a0 0.33435  gnorm 52.84  (adaptive loss 1.9979 — flat by design)
[ train_imf ] step 84000  raw_mse_u 19.9444  raw_mse_v 11.9120  a0 0.46483  gnorm 36.96  (adaptive loss 1.9970 — flat by design)
[ train_imf ] step 84200  raw_mse_u 20.9554  raw_mse_v 18.6372  a0 0.41138  gnorm 49.06  (adaptive loss 1.9983 — flat by design)
[ train_imf ] step 84400  raw_mse_u 17.0094  raw_mse_v 14.8120  a0 0.25863  gnorm 36.61  (adaptive loss 1.9982 — flat by design)
[ train_imf ] step 84600  raw_mse_u 18.3496  raw_mse_v 13.8584  a0 0.65295  gnorm 53.33  (adaptive loss 1.9980 — flat by design)
[ train_imf ] step 84800  raw_mse_u 16.5124  raw_mse_v 17.4309  a0 0.39677  gnorm 51.26  (adaptive loss 1.9982 — flat by design)
[ train_imf ] step 85000  raw_mse_u 15.5816  raw_mse_v 13.9826  a0 0.36261  gnorm 41.03  (adaptive loss 1.9980 — flat by design)
[ train_imf ] step 85200  raw_mse_u 18.3696  raw_mse_v 14.1157  a0 0.52566  gnorm 46.39  (adaptive loss 1.9977 — flat by design)
[ train_imf ] step 85400  raw_mse_u 17.7931  raw_mse_v 13.6922  a0 0.49083  gnorm 46.93  (adaptive loss 1.9979 — flat by design)
[ train_imf ] step 85600  raw_mse_u 18.0900  raw_mse_v 18.1914  a0 0.45000  gnorm 34.61  (adaptive loss 1.9980 — flat by design)
[ train_imf ] step 85800  raw_mse_u 15.1599  raw_mse_v 14.0081  a0 0.49202  gnorm 44.55  (adaptive loss 1.9979 — flat by design)
[ train_imf ] step 86000  raw_mse_u 21.3171  raw_mse_v 18.7001  a0 0.45749  gnorm 73.36  (adaptive loss 1.9983 — flat by design)
[ train_imf ] step 86200  raw_mse_u 15.0674  raw_mse_v 13.7473  a0 0.30456  gnorm 56.14  (adaptive loss 1.9980 — flat by design)
[ train_imf ] step 86400  raw_mse_u 14.7100  raw_mse_v 13.2203  a0 0.43128  gnorm 54.40  (adaptive loss 1.9977 — flat by design)
[ train_imf ] step 86600  raw_mse_u 17.2806  raw_mse_v 14.4952  a0 0.34322  gnorm 54.49  (adaptive loss 1.9979 — flat by design)
[ train_imf ] step 86800  raw_mse_u 14.3970  raw_mse_v 13.2301  a0 0.29281  gnorm 74.28  (adaptive loss 1.9980 — flat by design)
[ train_imf ] step 87000  raw_mse_u 19.4047  raw_mse_v 15.8743  a0 0.37851  gnorm 77.63  (adaptive loss 1.9980 — flat by design)
[ train_imf ] step 87200  raw_mse_u 16.2707  raw_mse_v 13.0736  a0 0.49079  gnorm 41.08  (adaptive loss 1.9978 — flat by design)
[ train_imf ] step 87400  raw_mse_u 16.4281  raw_mse_v 14.1379  a0 0.20788  gnorm 44.10  (adaptive loss 1.9977 — flat by design)
[ train_imf ] step 87600  raw_mse_u 14.0051  raw_mse_v 10.2887  a0 0.31241  gnorm 73.99  (adaptive loss 1.9973 — flat by design)
[ train_imf ] step 87800  raw_mse_u 19.2461  raw_mse_v 12.4824  a0 0.32223  gnorm 57.31  (adaptive loss 1.9981 — flat by design)
[ train_imf ] step 88000  raw_mse_u 14.9627  raw_mse_v 15.2585  a0 0.53938  gnorm 58.87  (adaptive loss 1.9979 — flat by design)
[ train_imf ] step 88200  raw_mse_u 42.4127  raw_mse_v 15.8191  a0 0.88464  gnorm 68.69  (adaptive loss 1.9978 — flat by design)
[ train_imf ] step 88400  raw_mse_u 211.0192  raw_mse_v 14.3877  a0 3.28049  gnorm 41.72  (adaptive loss 1.9979 — flat by design)
[ train_imf ] step 88600  raw_mse_u 14.1125  raw_mse_v 13.9769  a0 0.33182  gnorm 38.89  (adaptive loss 1.9977 — flat by design)
[ train_imf ] step 88800  raw_mse_u 21.4980  raw_mse_v 18.8676  a0 0.46810  gnorm 49.36  (adaptive loss 1.9979 — flat by design)
[ train_imf ] step 89000  raw_mse_u 20.4336  raw_mse_v 11.9496  a0 0.41595  gnorm 66.10  (adaptive loss 1.9977 — flat by design)
[ train_imf ] step 89200  raw_mse_u 20.1132  raw_mse_v 14.8695  a0 0.49222  gnorm 44.65  (adaptive loss 1.9979 — flat by design)
[ train_imf ] step 89400  raw_mse_u 14.7033  raw_mse_v 14.8930  a0 0.19712  gnorm 41.23  (adaptive loss 1.9977 — flat by design)
[ train_imf ] step 89600  raw_mse_u 16.5253  raw_mse_v 13.3593  a0 0.31969  gnorm 75.06  (adaptive loss 1.9977 — flat by design)
[ train_imf ] step 89800  raw_mse_u 25.9575  raw_mse_v 12.0515  a0 0.42016  gnorm 57.72  (adaptive loss 1.9979 — flat by design)
[ train_imf ] step 90000  raw_mse_u 16.8285  raw_mse_v 15.3062  a0 0.53268  gnorm 78.79  (adaptive loss 1.9983 — flat by design)
[ train_imf ] step 90200  raw_mse_u 14.9228  raw_mse_v 14.1854  a0 0.32174  gnorm 38.61  (adaptive loss 1.9980 — flat by design)
[ train_imf ] step 90400  raw_mse_u 14.9566  raw_mse_v 12.8843  a0 0.24647  gnorm 41.52  (adaptive loss 1.9979 — flat by design)
[ train_imf ] step 90600  raw_mse_u 17.9570  raw_mse_v 15.4257  a0 0.34020  gnorm 29.04  (adaptive loss 1.9981 — flat by design)
[ train_imf ] step 90800  raw_mse_u 19.1467  raw_mse_v 16.1359  a0 0.55060  gnorm 76.07  (adaptive loss 1.9980 — flat by design)
[ train_imf ] step 91000  raw_mse_u 13.8910  raw_mse_v 12.7400  a0 0.14827  gnorm 37.13  (adaptive loss 1.9979 — flat by design)
[ train_imf ] step 91200  raw_mse_u 22.8374  raw_mse_v 16.7446  a0 0.33524  gnorm 67.56  (adaptive loss 1.9983 — flat by design)
[ train_imf ] step 91400  raw_mse_u 38.7219  raw_mse_v 15.0407  a0 0.81717  gnorm 63.46  (adaptive loss 1.9975 — flat by design)
[ train_imf ] step 91600  raw_mse_u 26.1630  raw_mse_v 15.4579  a0 0.43323  gnorm 44.04  (adaptive loss 1.9980 — flat by design)
[ train_imf ] step 91800  raw_mse_u 27.4385  raw_mse_v 12.7524  a0 0.86093  gnorm 53.39  (adaptive loss 1.9980 — flat by design)
[ train_imf ] step 92000  raw_mse_u 15.7008  raw_mse_v 13.6965  a0 0.32097  gnorm 53.56  (adaptive loss 1.9982 — flat by design)
[ train_imf ] step 92200  raw_mse_u 26.0652  raw_mse_v 12.7087  a0 0.20603  gnorm 56.07  (adaptive loss 1.9976 — flat by design)
[ train_imf ] step 92400  raw_mse_u 14.1003  raw_mse_v 12.4669  a0 0.36786  gnorm 53.44  (adaptive loss 1.9974 — flat by design)
[ train_imf ] step 92600  raw_mse_u 45.8008  raw_mse_v 14.8147  a0 0.74220  gnorm 44.62  (adaptive loss 1.9984 — flat by design)
[ train_imf ] step 92800  raw_mse_u 17.2295  raw_mse_v 13.8093  a0 0.59178  gnorm 32.63  (adaptive loss 1.9980 — flat by design)
[ train_imf ] step 93000  raw_mse_u 13.8497  raw_mse_v 13.7193  a0 0.21474  gnorm 32.44  (adaptive loss 1.9976 — flat by design)
[ train_imf ] step 93200  raw_mse_u 18.3631  raw_mse_v 14.6910  a0 0.28546  gnorm 31.30  (adaptive loss 1.9977 — flat by design)
[ train_imf ] step 93400  raw_mse_u 20.8002  raw_mse_v 18.4054  a0 0.81262  gnorm 87.58  (adaptive loss 1.9976 — flat by design)
[ train_imf ] step 93600  raw_mse_u 15.2438  raw_mse_v 14.0412  a0 0.23315  gnorm 49.44  (adaptive loss 1.9975 — flat by design)
[ train_imf ] step 93800  raw_mse_u 16.8835  raw_mse_v 14.3726  a0 0.19268  gnorm 28.72  (adaptive loss 1.9979 — flat by design)
[ train_imf ] step 94000  raw_mse_u 17.7824  raw_mse_v 14.9458  a0 0.38595  gnorm 56.03  (adaptive loss 1.9978 — flat by design)
[ train_imf ] step 94200  raw_mse_u 18.6299  raw_mse_v 13.6314  a0 0.35203  gnorm 74.61  (adaptive loss 1.9977 — flat by design)
[ train_imf ] step 94400  raw_mse_u 39.4675  raw_mse_v 19.6152  a0 0.67256  gnorm 59.56  (adaptive loss 1.9984 — flat by design)
[ train_imf ] step 94600  raw_mse_u 18.9753  raw_mse_v 19.2708  a0 0.31018  gnorm 32.88  (adaptive loss 1.9975 — flat by design)
[ train_imf ] step 94800  raw_mse_u 16.9348  raw_mse_v 12.1536  a0 0.34180  gnorm 50.15  (adaptive loss 1.9976 — flat by design)
[ train_imf ] step 95000  raw_mse_u 14.8359  raw_mse_v 12.8512  a0 0.29950  gnorm 55.75  (adaptive loss 1.9977 — flat by design)
[ train_imf ] step 95200  raw_mse_u 17.8358  raw_mse_v 10.9828  a0 0.82699  gnorm 63.02  (adaptive loss 1.9973 — flat by design)
[ train_imf ] step 95400  raw_mse_u 12.5739  raw_mse_v 11.0190  a0 0.27097  gnorm 61.58  (adaptive loss 1.9976 — flat by design)
[ train_imf ] step 95600  raw_mse_u 14.8137  raw_mse_v 13.4180  a0 0.28204  gnorm 59.07  (adaptive loss 1.9980 — flat by design)
[ train_imf ] step 95800  raw_mse_u 24.8341  raw_mse_v 18.3386  a0 0.62551  gnorm 45.89  (adaptive loss 1.9982 — flat by design)
[ train_imf ] step 96000  raw_mse_u 24.5960  raw_mse_v 10.4637  a0 0.28955  gnorm 48.36  (adaptive loss 1.9976 — flat by design)
[ train_imf ] step 96200  raw_mse_u 15.5796  raw_mse_v 13.1838  a0 0.40515  gnorm 44.42  (adaptive loss 1.9979 — flat by design)
[ train_imf ] step 96400  raw_mse_u 14.5222  raw_mse_v 12.0200  a0 0.28775  gnorm 46.54  (adaptive loss 1.9976 — flat by design)
[ train_imf ] step 96600  raw_mse_u 17.9625  raw_mse_v 12.4030  a0 0.39982  gnorm 50.53  (adaptive loss 1.9977 — flat by design)
[ train_imf ] step 96800  raw_mse_u 16.3083  raw_mse_v 12.5344  a0 0.24073  gnorm 57.92  (adaptive loss 1.9979 — flat by design)
[ train_imf ] step 97000  raw_mse_u 28.7596  raw_mse_v 14.0980  a0 0.54851  gnorm 43.77  (adaptive loss 1.9978 — flat by design)
[ train_imf ] step 97200  raw_mse_u 13.4923  raw_mse_v 12.7459  a0 0.28000  gnorm 40.91  (adaptive loss 1.9979 — flat by design)
[ train_imf ] step 97400  raw_mse_u 17.6384  raw_mse_v 14.6752  a0 0.35378  gnorm 48.95  (adaptive loss 1.9977 — flat by design)
[ train_imf ] step 97600  raw_mse_u 26.4734  raw_mse_v 18.6188  a0 0.51378  gnorm 76.70  (adaptive loss 1.9982 — flat by design)
[ train_imf ] step 97800  raw_mse_u 18.2657  raw_mse_v 13.6895  a0 0.52795  gnorm 46.09  (adaptive loss 1.9978 — flat by design)
[ train_imf ] step 98000  raw_mse_u 26.4430  raw_mse_v 16.9419  a0 0.57906  gnorm 76.73  (adaptive loss 1.9977 — flat by design)
[ train_imf ] step 98200  raw_mse_u 14.9377  raw_mse_v 14.2452  a0 0.61059  gnorm 49.18  (adaptive loss 1.9975 — flat by design)
[ train_imf ] step 98400  raw_mse_u 22.6405  raw_mse_v 16.6859  a0 0.42027  gnorm 45.22  (adaptive loss 1.9975 — flat by design)
[ train_imf ] step 98600  raw_mse_u 23.6677  raw_mse_v 19.7362  a0 0.44325  gnorm 57.44  (adaptive loss 1.9980 — flat by design)
[ train_imf ] step 98800  raw_mse_u 28.6561  raw_mse_v 14.3154  a0 0.68592  gnorm 42.89  (adaptive loss 1.9975 — flat by design)
[ train_imf ] step 99000  raw_mse_u 12.6006  raw_mse_v 12.4022  a0 0.32569  gnorm 82.14  (adaptive loss 1.9971 — flat by design)
[ train_imf ] step 99200  raw_mse_u 19.6777  raw_mse_v 15.9937  a0 0.48666  gnorm 33.31  (adaptive loss 1.9978 — flat by design)
[ train_imf ] step 99400  raw_mse_u 19.6978  raw_mse_v 16.3714  a0 0.50367  gnorm 40.41  (adaptive loss 1.9981 — flat by design)
[ train_imf ] step 99600  raw_mse_u 17.6042  raw_mse_v 11.9135  a0 0.14976  gnorm 34.03  (adaptive loss 1.9979 — flat by design)
[ train_imf ] step 99800  raw_mse_u 17.8471  raw_mse_v 14.2513  a0 0.37686  gnorm 32.86  (adaptive loss 1.9983 — flat by design)
wandb: - 0.009 MB of 0.009 MB uploadedwandb: \ 0.009 MB of 0.009 MB uploadedwandb: | 0.009 MB of 0.009 MB uploadedwandb: / 0.009 MB of 0.009 MB uploadedwandb: - 0.017 MB of 0.029 MB uploaded (0.004 MB deduped)wandb: \ 0.092 MB of 0.092 MB uploaded (0.004 MB deduped)wandb: | 0.092 MB of 0.092 MB uploaded (0.004 MB deduped)wandb: / 0.092 MB of 0.092 MB uploaded (0.004 MB deduped)wandb:                                                                                
wandb: W&B sync reduced upload amount by 4.1%
wandb: 
wandb: Run history:
wandb:    a0_mse █▄▅▆▄▅▃▃▃▃▃▂▂▂▅▄▂▃▂▃▂▂▂▂▂▃▁▃▃▄▁▃▃▂▂▁▆▂▂▂
wandb:   fm_frac ▁▁▁▁▁▁▁▁▁▁▁▁▁▁▁▁▁▁▁▁▁▁▁▁▁▁▁▁▁▁▁▁▁▁▁▁▁▁▁▁
wandb: grad_norm ▁▂▅▅▇▇▄▆▆▅▆▇▄▇█▆▇▆▆▅▆▆▅▆▇▄▆▅▅▆▆▆▃▅█▄▅▇▅█
wandb:    h_mean ▇▇▃▆▅▃▄▅▄▅▄▃▅▅▄▅▅▃▄▄▂▂▆▅▂▄▄▅▅█▂▁▆▃▆▄▅▂▅▃
wandb:      loss ██▇▇▆▆▄▅▅▅▅▄▅▄▄▄▄▄▄▄▃▄▅▄▃▃▄▃▃▄▄▃▃▃▃▃▄▃▃▁
wandb: raw_mse_u █▅▄▃▂▂▁▂▂▂▂▁▂▂▂▂▁▂▁▂▂▁▃▁▂▂▁▁▂▂▁▁▂▂▂▁▂▂▂▁
wandb: raw_mse_v █▅▃▃▂▂▁▂▂▁▂▁▁▁▁▂▁▂▁▁▁▁▂▁▂▁▁▁▂▁▁▁▁▁▁▁▁▁▁▁
wandb: 
wandb: Run summary:
wandb:    a0_mse 0.37686
wandb:   fm_frac 0.25
wandb: grad_norm 32.86268
wandb:    h_mean 0.22392
wandb:      loss 1.99832
wandb: raw_mse_u 17.84708
wandb: raw_mse_v 14.25126
wandb: 
wandb: 🚀 View run HF-iMF-H16_imf_lrfix_100k-seed0 at: https://wandb.ai/llmmail2021-technical-university-of-munich/FMPCC-HF-iMF/runs/11ddfhy7
wandb: ⭐️ View project at: https://wandb.ai/llmmail2021-technical-university-of-munich/FMPCC-HF-iMF
wandb: Synced 6 W&B file(s), 0 media file(s), 2 artifact file(s) and 0 other file(s)
wandb: Find logs at: ./logs/avoiding-v0/flow/H16_imf_lrfix_100k/wandb/run-20260721_105343-11ddfhy7/logs
wandb: WARNING The new W&B backend becomes opt-out in version 0.18.0; try it out with `wandb.require("core")`! See https://wandb.me/wandb-core for more information.
[ train_imf ] done. final checkpoints saved with cp index 4
Total runtime: 3h 37m 21s
[ HF-IMF-TRAIN ] done. checkpoints:
total 144852
drwxr-xr-x 3 llim tumuser     4096 Jul 21 14:30 .
drwxr-xr-x 6 llim tumuser      112 Jul 21 10:53 ..
-rw-r--r-- 1 llim tumuser      554 Jul 21 10:53 config.yaml
-rw-r--r-- 1 llim tumuser    62512 Jul 21 14:30 metrics.csv
-rw-r--r-- 1 llim tumuser 14823362 Jul 21 10:53 model_0.pth
-rw-r--r-- 1 llim tumuser 14823362 Jul 21 11:35 model_1.pth
-rw-r--r-- 1 llim tumuser 14823362 Jul 21 12:36 model_2.pth
-rw-r--r-- 1 llim tumuser 14823362 Jul 21 13:44 model_3.pth
-rw-r--r-- 1 llim tumuser 14823362 Jul 21 14:30 model_4.pth
-rw-r--r-- 1 llim tumuser 14824562 Jul 21 10:53 model_ema_0.pth
-rw-r--r-- 1 llim tumuser 14824562 Jul 21 11:35 model_ema_1.pth
-rw-r--r-- 1 llim tumuser 14824562 Jul 21 12:36 model_ema_2.pth
-rw-r--r-- 1 llim tumuser 14824562 Jul 21 13:44 model_ema_3.pth
-rw-r--r-- 1 llim tumuser 14824562 Jul 21 14:30 model_ema_4.pth
drwxr-xr-x 3 llim tumuser      123 Jul 21 10:53 wandb
================================================================================
JOB END: Tue Jul 21 14:30:58 UTC 2026
================================================================================
