/bin/bash: /u/home/llim/miniconda3/lib/libtinfo.so.6: no version information available (required by /bin/bash)
================================================================================
JOB START: Tue Jul 21 16:47:41 UTC 2026
JOB NAME:  hf_imf_train   ID: 23670   NODE: i6-gpu-1
CONDA ENV: hardflow_clone   (clone of FMPCC — live env untouched)
HARDFLOW_REPO: /u/home/llim/FMPCC/FM-PCC/HardFlow
LOG COLLECT:   /u/home/llim/FMPCC/FM-PCC/logs/hardflow
NVIDIA RTX A5000, 530.41.03, 24564 MiB
NVIDIA RTX A5000, 530.41.03, 24564 MiB
NVIDIA RTX A5000, 530.41.03, 24564 MiB
NVIDIA RTX A5000, 530.41.03, 24564 MiB
NVIDIA RTX A5000, 530.41.03, 24564 MiB
NVIDIA RTX A5000, 530.41.03, 24564 MiB
NVIDIA RTX A5000, 530.41.03, 24564 MiB
NVIDIA RTX A5000, 530.41.03, 24564 MiB
HARDFLOW GIT: 36efd5a
================================================================================
[ HF-BRIDGE ] python: /u/home/llim/miniconda3/envs/hardflow_clone/bin/python
[ HF-BRIDGE ] tyro OK, gym==0.20.0
[ HF-BRIDGE ] W&B key found -> WANDB_MODE=online
[ GPU-CHECK ] CUDA_VISIBLE_DEVICES=1  MUJOCO_EGL_DEVICE_ID=1
[ HF-BRIDGE ] /u/home/llim/FMPCC/FM-PCC/HardFlow/logs -> /u/home/llim/FMPCC/FM-PCC/logs/hardflow
[ HF-BRIDGE ] cwd: /u/home/llim/FMPCC/FM-PCC/HardFlow
[ HF-IMF-TRAIN ] gates first: python run/imf_gates.py

=== G0: TemporalImfUnet mechanics (avoiding config) ===
[ models/temporal_imf ] Channel dimensions: [(6, 32), (32, 128), (128, 256)]
[ PASS ] G0 shapes: tau=float: u(3, 16, 6) v(3, 16, 6)
[ PASS ] G0 shapes: tau=Tensor: u(3, 16, 6) v(3, 16, 6)
[ PASS ] G0 shapes: tau=float: u(3, 16, 6) v(3, 16, 6)
[ info ] TemporalImfUnet params: 3.69M

=== G1: 1D GMM end-to-end (convention / loss / sampler) ===
[ train ] step 0: raw_mse_u 5.3623 raw_mse_v 5.3333
[ train ] step 1000: raw_mse_u 25.7487 raw_mse_v 3.9826
[ train ] step 2000: raw_mse_u 24.1426 raw_mse_v 4.1025
[ train ] step 3000: raw_mse_u 16.5437 raw_mse_v 3.7099
[ PASS ] G1-A h->0 (u ~= v): rel err 0.0008
[ PASS ] G1-B 1-NFE lands on data (sign): mean|x| 2.089 (target ~2), near-mode frac 0.98, min-mode frac 0.48, W1 0.276
[ PASS ] G1-C K1 ~ K2 (W1): W1(K1,K2) 0.067
[ PASS ] G1-D jump composition (W1): W1 0.084

ALL GATES PASSED — cleared for Phase 2 (training).
[ HF-IMF-TRAIN ] bash run_scripts/train_imf.sh
bash: /u/home/llim/miniconda3/lib/libtinfo.so.6: no version information available (required by bash)
=== Gen13 iMF train: env=avoiding-v0 horizon=16 steps=100000 ===
[ datasets/buffer ] Finalized replay buffer | 96 episodes
[ datasets/sequence ] Calculating normalizer...
[ datasets/sequence ] Normalizer saved at logs/avoiding-v0/normalizer/normalizer_H16.pth
[ datasets/sequence ] Normalizer acquired
[ datasets/sequence ] Indices made
Normalizing...
  0%|          | 0/2 [00:00<?, ?it/s]100%|██████████| 2/2 [00:00<00:00, 2320.50it/s]
wandb: Currently logged in as: llmmail2021 (llmmail2021-technical-university-of-munich). Use `wandb login --relogin` to force relogin
wandb: wandb version 0.28.1 is available!  To upgrade, please run:
wandb:  $ pip install wandb --upgrade
wandb: Tracking run with wandb version 0.17.5
wandb: Run data is saved locally in ./logs/avoiding-v0/flow/H16_imf_lronly_100k/wandb/run-20260721_164815-3jytavyp
wandb: Run `wandb offline` to turn off syncing.
wandb: Syncing run HF-iMF-H16_imf_lronly_100k-seed0-slurm-23670
wandb: ⭐️ View project at https://wandb.ai/llmmail2021-technical-university-of-munich/FMPCC-HF-iMF
wandb: 🚀 View run at https://wandb.ai/llmmail2021-technical-university-of-munich/FMPCC-HF-iMF/runs/3jytavyp
[ datasets/sequence ] Normalized
[ datasets/buffer ] Fields:
    observations: (96, 200, 4)
    actions: (96, 200, 2)
    rewards: (96, 200, 1)
    terminals: (96, 200, 1)
    timeouts: (96, 200, 1)
    normed_observations: (96, 200, 4)
    normed_actions: (96, 200, 2)
[ models/temporal_imf ] Channel dimensions: [(6, 32), (32, 128), (128, 256)]
[ train_imf ] tensorboard not installed -> metrics.csv only
[ train_imf ] W&B online: project=FMPCC-HF-iMF run=HF-iMF-H16_imf_lronly_100k-seed0-slurm-23670
[ train_imf ] non-tty (batch) mode: progress bar disabled, logging every 200 steps of 100000
[ train_imf ] step 0  raw_mse_u 139.3966  raw_mse_v 131.0064  a0 1.57035  gnorm 2.74  (adaptive loss 1.9998 — flat by design)
[ train_imf ] step 200  raw_mse_u 104.3584  raw_mse_v 104.1978  a0 1.04655  gnorm 1.86  (adaptive loss 1.9998 — flat by design)
[ train_imf ] step 400  raw_mse_u 96.1484  raw_mse_v 95.6505  a0 1.78769  gnorm 2.89  (adaptive loss 1.9998 — flat by design)
[ train_imf ] step 600  raw_mse_u 84.9453  raw_mse_v 84.3345  a0 1.15365  gnorm 4.25  (adaptive loss 1.9998 — flat by design)
[ train_imf ] step 800  raw_mse_u 84.6994  raw_mse_v 84.3866  a0 1.22716  gnorm 4.50  (adaptive loss 1.9998 — flat by design)
[ train_imf ] step 1000  raw_mse_u 71.9398  raw_mse_v 70.0711  a0 1.06846  gnorm 7.79  (adaptive loss 1.9997 — flat by design)
[ train_imf ] step 1200  raw_mse_u 73.4178  raw_mse_v 72.2390  a0 1.46935  gnorm 9.80  (adaptive loss 1.9997 — flat by design)
[ train_imf ] step 1400  raw_mse_u 63.0608  raw_mse_v 60.3213  a0 1.07371  gnorm 13.97  (adaptive loss 1.9997 — flat by design)
[ train_imf ] step 1600  raw_mse_u 59.9789  raw_mse_v 59.2219  a0 1.14643  gnorm 15.74  (adaptive loss 1.9996 — flat by design)
[ train_imf ] step 1800  raw_mse_u 53.5836  raw_mse_v 51.7244  a0 1.73457  gnorm 18.23  (adaptive loss 1.9996 — flat by design)
[ train_imf ] step 2000  raw_mse_u 52.0979  raw_mse_v 52.1377  a0 1.46236  gnorm 17.56  (adaptive loss 1.9996 — flat by design)
[ train_imf ] step 2200  raw_mse_u 50.3128  raw_mse_v 48.5320  a0 1.27840  gnorm 18.76  (adaptive loss 1.9996 — flat by design)
[ train_imf ] step 2400  raw_mse_u 49.6435  raw_mse_v 47.6234  a0 1.05380  gnorm 17.59  (adaptive loss 1.9995 — flat by design)
[ train_imf ] step 2600  raw_mse_u 41.5395  raw_mse_v 37.5120  a0 0.86708  gnorm 19.88  (adaptive loss 1.9994 — flat by design)
[ train_imf ] step 2800  raw_mse_u 41.9608  raw_mse_v 39.4394  a0 0.85438  gnorm 21.52  (adaptive loss 1.9994 — flat by design)
[ train_imf ] step 3000  raw_mse_u 40.6893  raw_mse_v 35.2476  a0 0.49300  gnorm 17.63  (adaptive loss 1.9994 — flat by design)
[ train_imf ] step 3200  raw_mse_u 37.0292  raw_mse_v 35.4331  a0 0.77024  gnorm 31.29  (adaptive loss 1.9993 — flat by design)
[ train_imf ] step 3400  raw_mse_u 35.6073  raw_mse_v 32.8168  a0 0.58478  gnorm 27.51  (adaptive loss 1.9993 — flat by design)
[ train_imf ] step 3600  raw_mse_u 32.5779  raw_mse_v 29.1744  a0 0.62975  gnorm 34.43  (adaptive loss 1.9992 — flat by design)
[ train_imf ] step 3800  raw_mse_u 32.5333  raw_mse_v 29.5409  a0 0.98855  gnorm 51.08  (adaptive loss 1.9992 — flat by design)
[ train_imf ] step 4000  raw_mse_u 33.9509  raw_mse_v 29.3721  a0 0.67037  gnorm 34.67  (adaptive loss 1.9992 — flat by design)
[ train_imf ] step 4200  raw_mse_u 31.9024  raw_mse_v 27.9047  a0 0.79447  gnorm 39.29  (adaptive loss 1.9992 — flat by design)
[ train_imf ] step 4400  raw_mse_u 31.3977  raw_mse_v 27.3248  a0 0.87914  gnorm 24.89  (adaptive loss 1.9992 — flat by design)
[ train_imf ] step 4600  raw_mse_u 32.1818  raw_mse_v 26.9898  a0 0.51691  gnorm 40.29  (adaptive loss 1.9991 — flat by design)
[ train_imf ] step 4800  raw_mse_u 30.3092  raw_mse_v 26.2903  a0 0.52830  gnorm 59.05  (adaptive loss 1.9990 — flat by design)
[ train_imf ] step 5000  raw_mse_u 30.8367  raw_mse_v 25.3502  a0 0.64365  gnorm 47.73  (adaptive loss 1.9991 — flat by design)
[ train_imf ] step 5200  raw_mse_u 25.3662  raw_mse_v 21.7862  a0 0.43188  gnorm 50.27  (adaptive loss 1.9989 — flat by design)
[ train_imf ] step 5400  raw_mse_u 32.4718  raw_mse_v 30.1028  a0 0.66687  gnorm 53.25  (adaptive loss 1.9991 — flat by design)
[ train_imf ] step 5600  raw_mse_u 27.4169  raw_mse_v 21.2086  a0 0.67907  gnorm 39.91  (adaptive loss 1.9990 — flat by design)
[ train_imf ] step 5800  raw_mse_u 32.2976  raw_mse_v 26.6244  a0 0.57265  gnorm 55.17  (adaptive loss 1.9990 — flat by design)
[ train_imf ] step 6000  raw_mse_u 40.4478  raw_mse_v 30.5680  a0 1.18981  gnorm 30.76  (adaptive loss 1.9992 — flat by design)
[ train_imf ] step 6200  raw_mse_u 23.9339  raw_mse_v 20.5535  a0 0.58898  gnorm 74.08  (adaptive loss 1.9989 — flat by design)
[ train_imf ] step 6400  raw_mse_u 29.9419  raw_mse_v 30.6316  a0 0.46766  gnorm 42.30  (adaptive loss 1.9991 — flat by design)
[ train_imf ] step 6600  raw_mse_u 26.2566  raw_mse_v 21.4106  a0 0.72745  gnorm 52.97  (adaptive loss 1.9988 — flat by design)
[ train_imf ] step 6800  raw_mse_u 27.4068  raw_mse_v 24.9064  a0 0.88974  gnorm 49.54  (adaptive loss 1.9989 — flat by design)
[ train_imf ] step 7000  raw_mse_u 25.0726  raw_mse_v 21.6234  a0 0.48914  gnorm 46.99  (adaptive loss 1.9988 — flat by design)
[ train_imf ] step 7200  raw_mse_u 28.9133  raw_mse_v 26.2779  a0 0.37292  gnorm 45.76  (adaptive loss 1.9989 — flat by design)
[ train_imf ] step 7400  raw_mse_u 31.5908  raw_mse_v 28.0887  a0 0.69031  gnorm 42.89  (adaptive loss 1.9989 — flat by design)
[ train_imf ] step 7600  raw_mse_u 23.9038  raw_mse_v 21.4807  a0 0.45619  gnorm 53.93  (adaptive loss 1.9989 — flat by design)
[ train_imf ] step 7800  raw_mse_u 36.8487  raw_mse_v 25.5528  a0 0.70504  gnorm 49.06  (adaptive loss 1.9990 — flat by design)
[ train_imf ] step 8000  raw_mse_u 23.9743  raw_mse_v 20.1429  a0 0.59443  gnorm 57.58  (adaptive loss 1.9989 — flat by design)
[ train_imf ] step 8200  raw_mse_u 31.7063  raw_mse_v 23.9685  a0 0.64451  gnorm 61.73  (adaptive loss 1.9990 — flat by design)
[ train_imf ] step 8400  raw_mse_u 21.8624  raw_mse_v 18.4106  a0 0.59517  gnorm 39.23  (adaptive loss 1.9988 — flat by design)
[ train_imf ] step 8600  raw_mse_u 21.9275  raw_mse_v 20.3560  a0 0.26212  gnorm 38.79  (adaptive loss 1.9988 — flat by design)
[ train_imf ] step 8800  raw_mse_u 32.7548  raw_mse_v 26.0578  a0 0.55659  gnorm 38.14  (adaptive loss 1.9990 — flat by design)
[ train_imf ] step 9000  raw_mse_u 33.6535  raw_mse_v 27.3229  a0 0.66591  gnorm 32.02  (adaptive loss 1.9991 — flat by design)
[ train_imf ] step 9200  raw_mse_u 30.5946  raw_mse_v 25.3036  a0 0.69764  gnorm 44.90  (adaptive loss 1.9988 — flat by design)
[ train_imf ] step 9400  raw_mse_u 21.6576  raw_mse_v 19.9439  a0 0.41779  gnorm 46.76  (adaptive loss 1.9988 — flat by design)
[ train_imf ] step 9600  raw_mse_u 26.6372  raw_mse_v 24.0019  a0 0.94013  gnorm 53.19  (adaptive loss 1.9988 — flat by design)
[ train_imf ] step 9800  raw_mse_u 23.7463  raw_mse_v 22.5409  a0 0.40889  gnorm 62.15  (adaptive loss 1.9987 — flat by design)
[ train_imf ] step 10000  raw_mse_u 25.1379  raw_mse_v 21.1505  a0 0.41722  gnorm 37.69  (adaptive loss 1.9988 — flat by design)
[ train_imf ] step 10200  raw_mse_u 21.1591  raw_mse_v 16.0872  a0 0.65099  gnorm 64.82  (adaptive loss 1.9987 — flat by design)
[ train_imf ] step 10400  raw_mse_u 19.4193  raw_mse_v 18.3134  a0 0.36695  gnorm 36.40  (adaptive loss 1.9984 — flat by design)
[ train_imf ] step 10600  raw_mse_u 31.6416  raw_mse_v 25.4988  a0 0.61392  gnorm 47.57  (adaptive loss 1.9988 — flat by design)
[ train_imf ] step 10800  raw_mse_u 23.9917  raw_mse_v 21.4034  a0 0.38300  gnorm 31.05  (adaptive loss 1.9988 — flat by design)
[ train_imf ] step 11000  raw_mse_u 28.3933  raw_mse_v 21.1124  a0 0.60201  gnorm 38.52  (adaptive loss 1.9987 — flat by design)
[ train_imf ] step 11200  raw_mse_u 24.3639  raw_mse_v 23.2482  a0 0.52611  gnorm 43.43  (adaptive loss 1.9988 — flat by design)
[ train_imf ] step 11400  raw_mse_u 26.8423  raw_mse_v 21.6263  a0 0.69504  gnorm 39.29  (adaptive loss 1.9989 — flat by design)
[ train_imf ] step 11600  raw_mse_u 29.3886  raw_mse_v 17.7521  a0 0.43486  gnorm 79.69  (adaptive loss 1.9987 — flat by design)
[ train_imf ] step 11800  raw_mse_u 24.8796  raw_mse_v 21.5633  a0 0.38502  gnorm 45.06  (adaptive loss 1.9988 — flat by design)
[ train_imf ] step 12000  raw_mse_u 27.3652  raw_mse_v 22.8492  a0 0.70006  gnorm 35.35  (adaptive loss 1.9988 — flat by design)
[ train_imf ] step 12200  raw_mse_u 23.8117  raw_mse_v 22.5900  a0 0.49952  gnorm 60.66  (adaptive loss 1.9988 — flat by design)
[ train_imf ] step 12400  raw_mse_u 27.6204  raw_mse_v 20.1846  a0 0.75415  gnorm 54.03  (adaptive loss 1.9988 — flat by design)
[ train_imf ] step 12600  raw_mse_u 24.3489  raw_mse_v 21.8595  a0 0.75830  gnorm 61.94  (adaptive loss 1.9989 — flat by design)
[ train_imf ] step 12800  raw_mse_u 24.3311  raw_mse_v 20.2548  a0 0.67581  gnorm 54.04  (adaptive loss 1.9988 — flat by design)
[ train_imf ] step 13000  raw_mse_u 24.1904  raw_mse_v 22.2416  a0 0.73199  gnorm 43.69  (adaptive loss 1.9986 — flat by design)
[ train_imf ] step 13200  raw_mse_u 20.6591  raw_mse_v 18.8332  a0 0.56727  gnorm 67.31  (adaptive loss 1.9987 — flat by design)
[ train_imf ] step 13400  raw_mse_u 25.6826  raw_mse_v 20.4062  a0 0.75483  gnorm 48.72  (adaptive loss 1.9986 — flat by design)
[ train_imf ] step 13600  raw_mse_u 22.8038  raw_mse_v 20.4879  a0 0.53453  gnorm 35.65  (adaptive loss 1.9988 — flat by design)
[ train_imf ] step 13800  raw_mse_u 23.9335  raw_mse_v 21.0848  a0 0.47164  gnorm 43.20  (adaptive loss 1.9987 — flat by design)
[ train_imf ] step 14000  raw_mse_u 25.6927  raw_mse_v 23.9771  a0 1.02456  gnorm 39.77  (adaptive loss 1.9988 — flat by design)
[ train_imf ] step 14200  raw_mse_u 24.6164  raw_mse_v 23.1380  a0 0.52968  gnorm 56.67  (adaptive loss 1.9986 — flat by design)
[ train_imf ] step 14400  raw_mse_u 21.4675  raw_mse_v 20.7751  a0 0.45315  gnorm 44.67  (adaptive loss 1.9988 — flat by design)
[ train_imf ] step 14600  raw_mse_u 19.7214  raw_mse_v 16.8817  a0 0.49857  gnorm 41.48  (adaptive loss 1.9986 — flat by design)
[ train_imf ] step 14800  raw_mse_u 23.5001  raw_mse_v 20.2257  a0 0.50041  gnorm 42.82  (adaptive loss 1.9986 — flat by design)
[ train_imf ] step 15000  raw_mse_u 20.4724  raw_mse_v 18.3151  a0 0.41876  gnorm 46.05  (adaptive loss 1.9983 — flat by design)
[ train_imf ] step 15200  raw_mse_u 20.4669  raw_mse_v 18.6138  a0 0.49102  gnorm 37.60  (adaptive loss 1.9986 — flat by design)
[ train_imf ] step 15400  raw_mse_u 19.6019  raw_mse_v 17.9034  a0 0.64416  gnorm 41.80  (adaptive loss 1.9986 — flat by design)
[ train_imf ] step 15600  raw_mse_u 26.1099  raw_mse_v 24.9725  a0 0.46431  gnorm 45.48  (adaptive loss 1.9986 — flat by design)
[ train_imf ] step 15800  raw_mse_u 16.1645  raw_mse_v 14.0345  a0 0.54405  gnorm 43.97  (adaptive loss 1.9983 — flat by design)
[ train_imf ] step 16000  raw_mse_u 20.3648  raw_mse_v 20.4729  a0 0.57054  gnorm 50.72  (adaptive loss 1.9987 — flat by design)
[ train_imf ] step 16200  raw_mse_u 21.2136  raw_mse_v 20.1366  a0 0.44948  gnorm 51.29  (adaptive loss 1.9985 — flat by design)
[ train_imf ] step 16400  raw_mse_u 24.4559  raw_mse_v 23.0812  a0 0.69383  gnorm 43.65  (adaptive loss 1.9988 — flat by design)
[ train_imf ] step 16600  raw_mse_u 18.3604  raw_mse_v 15.3583  a0 0.49828  gnorm 56.39  (adaptive loss 1.9983 — flat by design)
[ train_imf ] step 16800  raw_mse_u 22.8399  raw_mse_v 18.2261  a0 0.64080  gnorm 54.61  (adaptive loss 1.9985 — flat by design)
[ train_imf ] step 17000  raw_mse_u 15.6429  raw_mse_v 13.5985  a0 0.36848  gnorm 67.52  (adaptive loss 1.9983 — flat by design)
[ train_imf ] step 17200  raw_mse_u 19.4987  raw_mse_v 18.9935  a0 0.52553  gnorm 59.20  (adaptive loss 1.9982 — flat by design)
[ train_imf ] step 17400  raw_mse_u 19.8109  raw_mse_v 18.9069  a0 0.40771  gnorm 66.72  (adaptive loss 1.9987 — flat by design)
[ train_imf ] step 17600  raw_mse_u 25.7682  raw_mse_v 25.1691  a0 0.45666  gnorm 43.53  (adaptive loss 1.9989 — flat by design)
[ train_imf ] step 17800  raw_mse_u 26.9276  raw_mse_v 23.0480  a0 0.78482  gnorm 36.79  (adaptive loss 1.9989 — flat by design)
[ train_imf ] step 18000  raw_mse_u 18.0798  raw_mse_v 15.7010  a0 0.31540  gnorm 74.15  (adaptive loss 1.9984 — flat by design)
[ train_imf ] step 18200  raw_mse_u 23.9870  raw_mse_v 21.5201  a0 0.50791  gnorm 57.76  (adaptive loss 1.9986 — flat by design)
[ train_imf ] step 18400  raw_mse_u 19.8304  raw_mse_v 18.2962  a0 0.46014  gnorm 37.81  (adaptive loss 1.9987 — flat by design)
[ train_imf ] step 18600  raw_mse_u 20.9237  raw_mse_v 16.6968  a0 0.42045  gnorm 47.04  (adaptive loss 1.9985 — flat by design)
[ train_imf ] step 18800  raw_mse_u 25.5829  raw_mse_v 20.5923  a0 0.62490  gnorm 46.71  (adaptive loss 1.9987 — flat by design)
[ train_imf ] step 19000  raw_mse_u 25.2346  raw_mse_v 22.2422  a0 0.56326  gnorm 67.79  (adaptive loss 1.9986 — flat by design)
[ train_imf ] step 19200  raw_mse_u 22.6611  raw_mse_v 20.5385  a0 0.39155  gnorm 49.66  (adaptive loss 1.9987 — flat by design)
[ train_imf ] step 19400  raw_mse_u 21.7884  raw_mse_v 20.3416  a0 0.41740  gnorm 46.59  (adaptive loss 1.9985 — flat by design)
[ train_imf ] step 19600  raw_mse_u 17.3928  raw_mse_v 16.9952  a0 0.42399  gnorm 54.04  (adaptive loss 1.9984 — flat by design)
[ train_imf ] step 19800  raw_mse_u 27.3640  raw_mse_v 16.6162  a0 0.18493  gnorm 69.00  (adaptive loss 1.9983 — flat by design)
[ train_imf ] step 20000  raw_mse_u 17.7719  raw_mse_v 16.9878  a0 0.25219  gnorm 45.75  (adaptive loss 1.9986 — flat by design)
[ train_imf ] step 20200  raw_mse_u 23.0711  raw_mse_v 17.7253  a0 0.52581  gnorm 62.25  (adaptive loss 1.9986 — flat by design)
[ train_imf ] step 20400  raw_mse_u 19.5968  raw_mse_v 18.0096  a0 0.57057  gnorm 56.65  (adaptive loss 1.9984 — flat by design)
[ train_imf ] step 20600  raw_mse_u 20.1779  raw_mse_v 18.1385  a0 0.48556  gnorm 44.40  (adaptive loss 1.9984 — flat by design)
[ train_imf ] step 20800  raw_mse_u 47.1904  raw_mse_v 16.0894  a0 0.80743  gnorm 49.79  (adaptive loss 1.9985 — flat by design)
[ train_imf ] step 21000  raw_mse_u 22.3498  raw_mse_v 18.7736  a0 0.79157  gnorm 50.20  (adaptive loss 1.9986 — flat by design)
[ train_imf ] step 21200  raw_mse_u 18.8815  raw_mse_v 18.0331  a0 0.45087  gnorm 44.63  (adaptive loss 1.9984 — flat by design)
[ train_imf ] step 21400  raw_mse_u 21.3716  raw_mse_v 18.3634  a0 0.43084  gnorm 40.45  (adaptive loss 1.9985 — flat by design)
[ train_imf ] step 21600  raw_mse_u 20.2720  raw_mse_v 17.4876  a0 0.56829  gnorm 58.02  (adaptive loss 1.9984 — flat by design)
[ train_imf ] step 21800  raw_mse_u 21.2491  raw_mse_v 16.0232  a0 0.14036  gnorm 50.87  (adaptive loss 1.9983 — flat by design)
[ train_imf ] step 22000  raw_mse_u 22.4691  raw_mse_v 18.9309  a0 0.57856  gnorm 47.04  (adaptive loss 1.9986 — flat by design)
[ train_imf ] step 22200  raw_mse_u 22.9558  raw_mse_v 20.2374  a0 0.53868  gnorm 43.93  (adaptive loss 1.9984 — flat by design)
[ train_imf ] step 22400  raw_mse_u 18.9068  raw_mse_v 18.2873  a0 0.34443  gnorm 31.85  (adaptive loss 1.9983 — flat by design)
[ train_imf ] step 22600  raw_mse_u 26.5587  raw_mse_v 21.8545  a0 0.66260  gnorm 57.52  (adaptive loss 1.9986 — flat by design)
[ train_imf ] step 22800  raw_mse_u 14.2678  raw_mse_v 13.4826  a0 0.22803  gnorm 55.21  (adaptive loss 1.9983 — flat by design)
[ train_imf ] step 23000  raw_mse_u 18.1177  raw_mse_v 16.0952  a0 0.40542  gnorm 55.39  (adaptive loss 1.9984 — flat by design)
[ train_imf ] step 23200  raw_mse_u 18.4542  raw_mse_v 17.1094  a0 0.32225  gnorm 55.08  (adaptive loss 1.9981 — flat by design)
[ train_imf ] step 23400  raw_mse_u 22.9389  raw_mse_v 19.7876  a0 0.60709  gnorm 48.71  (adaptive loss 1.9986 — flat by design)
[ train_imf ] step 23600  raw_mse_u 27.0856  raw_mse_v 20.9870  a0 0.42925  gnorm 44.78  (adaptive loss 1.9987 — flat by design)
[ train_imf ] step 23800  raw_mse_u 29.6270  raw_mse_v 17.7108  a0 0.53957  gnorm 42.49  (adaptive loss 1.9981 — flat by design)
[ train_imf ] step 24000  raw_mse_u 22.3721  raw_mse_v 19.0183  a0 0.80264  gnorm 61.41  (adaptive loss 1.9984 — flat by design)
[ train_imf ] step 24200  raw_mse_u 21.0241  raw_mse_v 18.2189  a0 0.31132  gnorm 45.84  (adaptive loss 1.9983 — flat by design)
[ train_imf ] step 24400  raw_mse_u 18.8654  raw_mse_v 15.7875  a0 0.58146  gnorm 40.94  (adaptive loss 1.9983 — flat by design)
[ train_imf ] step 24600  raw_mse_u 18.6635  raw_mse_v 15.1280  a0 0.24300  gnorm 43.53  (adaptive loss 1.9983 — flat by design)
[ train_imf ] step 24800  raw_mse_u 17.9397  raw_mse_v 16.3934  a0 0.37161  gnorm 55.72  (adaptive loss 1.9985 — flat by design)
[ train_imf ] step 25000  raw_mse_u 22.5168  raw_mse_v 19.5702  a0 0.36684  gnorm 31.01  (adaptive loss 1.9985 — flat by design)
[ train_imf ] step 25200  raw_mse_u 18.4641  raw_mse_v 15.8142  a0 0.35198  gnorm 75.12  (adaptive loss 1.9981 — flat by design)
[ train_imf ] step 25400  raw_mse_u 20.3374  raw_mse_v 18.8638  a0 0.50575  gnorm 44.30  (adaptive loss 1.9986 — flat by design)
[ train_imf ] step 25600  raw_mse_u 22.0591  raw_mse_v 22.3239  a0 0.42938  gnorm 47.78  (adaptive loss 1.9985 — flat by design)
[ train_imf ] step 25800  raw_mse_u 18.6848  raw_mse_v 18.4114  a0 0.56035  gnorm 49.13  (adaptive loss 1.9984 — flat by design)
[ train_imf ] step 26000  raw_mse_u 16.3925  raw_mse_v 15.7737  a0 0.24846  gnorm 34.91  (adaptive loss 1.9983 — flat by design)
[ train_imf ] step 26200  raw_mse_u 19.1277  raw_mse_v 16.7809  a0 0.50239  gnorm 54.48  (adaptive loss 1.9983 — flat by design)
[ train_imf ] step 26400  raw_mse_u 14.8680  raw_mse_v 14.8009  a0 0.28399  gnorm 51.81  (adaptive loss 1.9981 — flat by design)
[ train_imf ] step 26600  raw_mse_u 15.1448  raw_mse_v 13.9094  a0 0.25725  gnorm 60.59  (adaptive loss 1.9981 — flat by design)
[ train_imf ] step 26800  raw_mse_u 21.1439  raw_mse_v 18.1990  a0 0.43341  gnorm 42.54  (adaptive loss 1.9985 — flat by design)
[ train_imf ] step 27000  raw_mse_u 17.8802  raw_mse_v 18.3082  a0 0.47211  gnorm 51.85  (adaptive loss 1.9985 — flat by design)
[ train_imf ] step 27200  raw_mse_u 18.4843  raw_mse_v 14.6276  a0 0.30178  gnorm 56.19  (adaptive loss 1.9981 — flat by design)
[ train_imf ] step 27400  raw_mse_u 25.3000  raw_mse_v 18.1243  a0 0.49783  gnorm 42.84  (adaptive loss 1.9986 — flat by design)
[ train_imf ] step 27600  raw_mse_u 20.2687  raw_mse_v 16.8200  a0 0.47706  gnorm 38.48  (adaptive loss 1.9985 — flat by design)
[ train_imf ] step 27800  raw_mse_u 15.3866  raw_mse_v 13.2316  a0 0.25036  gnorm 46.18  (adaptive loss 1.9980 — flat by design)
[ train_imf ] step 28000  raw_mse_u 27.1151  raw_mse_v 22.0750  a0 0.69641  gnorm 49.64  (adaptive loss 1.9987 — flat by design)
[ train_imf ] step 28200  raw_mse_u 20.4762  raw_mse_v 19.2058  a0 0.69276  gnorm 45.22  (adaptive loss 1.9984 — flat by design)
[ train_imf ] step 28400  raw_mse_u 21.1210  raw_mse_v 19.6616  a0 0.47990  gnorm 39.58  (adaptive loss 1.9986 — flat by design)
[ train_imf ] step 28600  raw_mse_u 20.9350  raw_mse_v 17.0406  a0 0.69123  gnorm 51.16  (adaptive loss 1.9984 — flat by design)
[ train_imf ] step 28800  raw_mse_u 19.7008  raw_mse_v 19.2675  a0 0.45582  gnorm 41.16  (adaptive loss 1.9986 — flat by design)
[ train_imf ] step 29000  raw_mse_u 42.8577  raw_mse_v 16.6370  a0 0.33805  gnorm 63.11  (adaptive loss 1.9979 — flat by design)
[ train_imf ] step 29200  raw_mse_u 18.9317  raw_mse_v 19.4704  a0 0.56102  gnorm 65.42  (adaptive loss 1.9985 — flat by design)
[ train_imf ] step 29400  raw_mse_u 22.2998  raw_mse_v 19.7710  a0 0.59850  gnorm 39.67  (adaptive loss 1.9986 — flat by design)
[ train_imf ] step 29600  raw_mse_u 19.7294  raw_mse_v 18.7672  a0 0.30373  gnorm 53.17  (adaptive loss 1.9985 — flat by design)
[ train_imf ] step 29800  raw_mse_u 16.3721  raw_mse_v 16.0732  a0 0.28889  gnorm 51.63  (adaptive loss 1.9984 — flat by design)
[ train_imf ] step 30000  raw_mse_u 23.0129  raw_mse_v 19.1624  a0 0.69983  gnorm 43.50  (adaptive loss 1.9985 — flat by design)
[ train_imf ] step 30200  raw_mse_u 18.0620  raw_mse_v 17.6707  a0 0.52528  gnorm 50.83  (adaptive loss 1.9982 — flat by design)
[ train_imf ] step 30400  raw_mse_u 16.2856  raw_mse_v 14.7185  a0 0.63173  gnorm 60.47  (adaptive loss 1.9980 — flat by design)
[ train_imf ] step 30600  raw_mse_u 19.4987  raw_mse_v 19.5657  a0 0.44628  gnorm 35.59  (adaptive loss 1.9986 — flat by design)
[ train_imf ] step 30800  raw_mse_u 23.5131  raw_mse_v 17.2786  a0 0.63744  gnorm 52.42  (adaptive loss 1.9986 — flat by design)
[ train_imf ] step 31000  raw_mse_u 18.2495  raw_mse_v 16.5897  a0 0.33376  gnorm 35.44  (adaptive loss 1.9983 — flat by design)
[ train_imf ] step 31200  raw_mse_u 15.1186  raw_mse_v 13.3407  a0 0.48020  gnorm 35.54  (adaptive loss 1.9978 — flat by design)
[ train_imf ] step 31400  raw_mse_u 20.8802  raw_mse_v 18.8919  a0 0.55235  gnorm 43.72  (adaptive loss 1.9985 — flat by design)
[ train_imf ] step 31600  raw_mse_u 19.4719  raw_mse_v 19.3749  a0 0.41542  gnorm 35.96  (adaptive loss 1.9985 — flat by design)
[ train_imf ] step 31800  raw_mse_u 20.6801  raw_mse_v 18.6834  a0 0.37857  gnorm 66.00  (adaptive loss 1.9982 — flat by design)
[ train_imf ] step 32000  raw_mse_u 21.7247  raw_mse_v 19.7338  a0 0.56223  gnorm 48.14  (adaptive loss 1.9984 — flat by design)
[ train_imf ] step 32200  raw_mse_u 19.1083  raw_mse_v 14.8354  a0 0.49108  gnorm 48.96  (adaptive loss 1.9982 — flat by design)
[ train_imf ] step 32400  raw_mse_u 25.3185  raw_mse_v 19.3579  a0 0.91647  gnorm 50.42  (adaptive loss 1.9985 — flat by design)
[ train_imf ] step 32600  raw_mse_u 17.2163  raw_mse_v 14.9236  a0 0.17821  gnorm 49.88  (adaptive loss 1.9983 — flat by design)
[ train_imf ] step 32800  raw_mse_u 25.9498  raw_mse_v 17.3750  a0 0.49379  gnorm 44.89  (adaptive loss 1.9982 — flat by design)
[ train_imf ] step 33000  raw_mse_u 18.6439  raw_mse_v 15.0391  a0 0.74332  gnorm 44.96  (adaptive loss 1.9981 — flat by design)
[ train_imf ] step 33200  raw_mse_u 18.6485  raw_mse_v 14.5157  a0 0.45083  gnorm 66.36  (adaptive loss 1.9983 — flat by design)
[ train_imf ] step 33400  raw_mse_u 18.0372  raw_mse_v 16.0560  a0 0.31492  gnorm 64.94  (adaptive loss 1.9983 — flat by design)
[ train_imf ] step 33600  raw_mse_u 24.5270  raw_mse_v 18.7583  a0 0.39822  gnorm 50.09  (adaptive loss 1.9983 — flat by design)
[ train_imf ] step 33800  raw_mse_u 19.4375  raw_mse_v 15.7692  a0 0.63272  gnorm 60.74  (adaptive loss 1.9984 — flat by design)
[ train_imf ] step 34000  raw_mse_u 13.0582  raw_mse_v 11.2851  a0 0.28564  gnorm 59.33  (adaptive loss 1.9977 — flat by design)
[ train_imf ] step 34200  raw_mse_u 43.5262  raw_mse_v 18.1190  a0 1.15252  gnorm 49.27  (adaptive loss 1.9985 — flat by design)
[ train_imf ] step 34400  raw_mse_u 24.5366  raw_mse_v 15.2376  a0 0.48005  gnorm 52.42  (adaptive loss 1.9983 — flat by design)
[ train_imf ] step 34600  raw_mse_u 17.6231  raw_mse_v 15.7913  a0 0.27411  gnorm 49.26  (adaptive loss 1.9982 — flat by design)
[ train_imf ] step 34800  raw_mse_u 16.3162  raw_mse_v 15.2963  a0 0.34444  gnorm 35.74  (adaptive loss 1.9981 — flat by design)
[ train_imf ] step 35000  raw_mse_u 24.3288  raw_mse_v 22.9957  a0 0.50857  gnorm 42.24  (adaptive loss 1.9985 — flat by design)
[ train_imf ] step 35200  raw_mse_u 19.4556  raw_mse_v 17.0342  a0 0.35687  gnorm 40.71  (adaptive loss 1.9982 — flat by design)
[ train_imf ] step 35400  raw_mse_u 18.8036  raw_mse_v 17.1331  a0 0.32937  gnorm 34.89  (adaptive loss 1.9983 — flat by design)
[ train_imf ] step 35600  raw_mse_u 20.3313  raw_mse_v 13.3512  a0 0.47363  gnorm 75.35  (adaptive loss 1.9980 — flat by design)
[ train_imf ] step 35800  raw_mse_u 17.7844  raw_mse_v 14.5857  a0 0.66793  gnorm 62.78  (adaptive loss 1.9980 — flat by design)
[ train_imf ] step 36000  raw_mse_u 17.5709  raw_mse_v 14.4220  a0 0.37070  gnorm 44.77  (adaptive loss 1.9983 — flat by design)
[ train_imf ] step 36200  raw_mse_u 14.2236  raw_mse_v 13.4113  a0 0.34219  gnorm 51.66  (adaptive loss 1.9981 — flat by design)
[ train_imf ] step 36400  raw_mse_u 20.0435  raw_mse_v 11.9923  a0 0.62480  gnorm 68.64  (adaptive loss 1.9980 — flat by design)
[ train_imf ] step 36600  raw_mse_u 18.0350  raw_mse_v 14.9908  a0 0.50723  gnorm 36.36  (adaptive loss 1.9983 — flat by design)
[ train_imf ] step 36800  raw_mse_u 17.6906  raw_mse_v 19.0549  a0 0.35987  gnorm 55.25  (adaptive loss 1.9985 — flat by design)
[ train_imf ] step 37000  raw_mse_u 19.8411  raw_mse_v 17.2976  a0 0.41762  gnorm 48.30  (adaptive loss 1.9984 — flat by design)
[ train_imf ] step 37200  raw_mse_u 18.5769  raw_mse_v 16.0528  a0 0.33389  gnorm 36.17  (adaptive loss 1.9984 — flat by design)
[ train_imf ] step 37400  raw_mse_u 18.5828  raw_mse_v 17.2539  a0 0.39286  gnorm 36.29  (adaptive loss 1.9979 — flat by design)
[ train_imf ] step 37600  raw_mse_u 17.3113  raw_mse_v 14.8515  a0 0.41122  gnorm 29.59  (adaptive loss 1.9983 — flat by design)
[ train_imf ] step 37800  raw_mse_u 18.9827  raw_mse_v 17.9086  a0 0.75748  gnorm 61.13  (adaptive loss 1.9984 — flat by design)
[ train_imf ] step 38000  raw_mse_u 25.8006  raw_mse_v 21.0689  a0 0.71153  gnorm 43.56  (adaptive loss 1.9985 — flat by design)
[ train_imf ] step 38200  raw_mse_u 19.3133  raw_mse_v 20.2261  a0 0.54115  gnorm 57.66  (adaptive loss 1.9983 — flat by design)
[ train_imf ] step 38400  raw_mse_u 37.1007  raw_mse_v 14.4425  a0 0.85389  gnorm 48.52  (adaptive loss 1.9981 — flat by design)
[ train_imf ] step 38600  raw_mse_u 21.0539  raw_mse_v 20.3732  a0 0.49295  gnorm 38.00  (adaptive loss 1.9983 — flat by design)
[ train_imf ] step 38800  raw_mse_u 24.1055  raw_mse_v 14.6604  a0 0.69073  gnorm 61.54  (adaptive loss 1.9979 — flat by design)
[ train_imf ] step 39000  raw_mse_u 17.3290  raw_mse_v 15.3651  a0 0.47371  gnorm 43.68  (adaptive loss 1.9980 — flat by design)
[ train_imf ] step 39200  raw_mse_u 19.2062  raw_mse_v 15.0945  a0 0.45759  gnorm 55.89  (adaptive loss 1.9983 — flat by design)
[ train_imf ] step 39400  raw_mse_u 17.1106  raw_mse_v 13.4525  a0 0.35033  gnorm 42.77  (adaptive loss 1.9981 — flat by design)
[ train_imf ] step 39600  raw_mse_u 22.5152  raw_mse_v 12.9907  a0 0.39054  gnorm 46.53  (adaptive loss 1.9980 — flat by design)
[ train_imf ] step 39800  raw_mse_u 23.4101  raw_mse_v 19.9506  a0 0.40772  gnorm 57.50  (adaptive loss 1.9983 — flat by design)
[ train_imf ] step 40000  raw_mse_u 23.2828  raw_mse_v 22.9515  a0 0.56434  gnorm 63.49  (adaptive loss 1.9981 — flat by design)
[ train_imf ] step 40200  raw_mse_u 20.4079  raw_mse_v 18.7249  a0 0.43165  gnorm 42.51  (adaptive loss 1.9984 — flat by design)
[ train_imf ] step 40400  raw_mse_u 16.1782  raw_mse_v 15.7010  a0 0.29157  gnorm 32.22  (adaptive loss 1.9983 — flat by design)
[ train_imf ] step 40600  raw_mse_u 16.0986  raw_mse_v 15.4570  a0 0.24326  gnorm 69.14  (adaptive loss 1.9982 — flat by design)
[ train_imf ] step 40800  raw_mse_u 18.3729  raw_mse_v 14.7959  a0 0.37107  gnorm 41.61  (adaptive loss 1.9979 — flat by design)
[ train_imf ] step 41000  raw_mse_u 16.3044  raw_mse_v 16.8173  a0 0.24315  gnorm 53.18  (adaptive loss 1.9980 — flat by design)
[ train_imf ] step 41200  raw_mse_u 15.8664  raw_mse_v 13.3697  a0 0.48890  gnorm 57.87  (adaptive loss 1.9979 — flat by design)
[ train_imf ] step 41400  raw_mse_u 13.6228  raw_mse_v 12.5634  a0 0.38619  gnorm 62.65  (adaptive loss 1.9980 — flat by design)
[ train_imf ] step 41600  raw_mse_u 16.2249  raw_mse_v 13.7021  a0 0.29524  gnorm 42.94  (adaptive loss 1.9982 — flat by design)
[ train_imf ] step 41800  raw_mse_u 16.5425  raw_mse_v 13.4424  a0 0.58295  gnorm 52.66  (adaptive loss 1.9979 — flat by design)
[ train_imf ] step 42000  raw_mse_u 20.2706  raw_mse_v 19.5130  a0 0.28481  gnorm 34.97  (adaptive loss 1.9982 — flat by design)
[ train_imf ] step 42200  raw_mse_u 24.9871  raw_mse_v 16.4117  a0 0.59559  gnorm 39.96  (adaptive loss 1.9985 — flat by design)
[ train_imf ] step 42400  raw_mse_u 15.8662  raw_mse_v 15.9242  a0 0.34930  gnorm 46.67  (adaptive loss 1.9980 — flat by design)
[ train_imf ] step 42600  raw_mse_u 20.4827  raw_mse_v 17.4853  a0 0.48029  gnorm 34.72  (adaptive loss 1.9982 — flat by design)
[ train_imf ] step 42800  raw_mse_u 19.6831  raw_mse_v 16.4135  a0 0.35749  gnorm 42.95  (adaptive loss 1.9981 — flat by design)
[ train_imf ] step 43000  raw_mse_u 22.2709  raw_mse_v 14.2718  a0 0.49374  gnorm 44.11  (adaptive loss 1.9984 — flat by design)
[ train_imf ] step 43200  raw_mse_u 17.0334  raw_mse_v 14.9655  a0 0.33963  gnorm 51.92  (adaptive loss 1.9984 — flat by design)
[ train_imf ] step 43400  raw_mse_u 19.9243  raw_mse_v 17.4190  a0 0.35978  gnorm 54.13  (adaptive loss 1.9985 — flat by design)
[ train_imf ] step 43600  raw_mse_u 16.2846  raw_mse_v 15.9301  a0 0.22008  gnorm 65.00  (adaptive loss 1.9983 — flat by design)
[ train_imf ] step 43800  raw_mse_u 23.5843  raw_mse_v 18.2811  a0 0.69729  gnorm 57.81  (adaptive loss 1.9983 — flat by design)
[ train_imf ] step 44000  raw_mse_u 20.6269  raw_mse_v 19.7592  a0 0.33700  gnorm 52.89  (adaptive loss 1.9983 — flat by design)
[ train_imf ] step 44200  raw_mse_u 25.2398  raw_mse_v 17.5943  a0 0.61133  gnorm 54.29  (adaptive loss 1.9981 — flat by design)
[ train_imf ] step 44400  raw_mse_u 16.8140  raw_mse_v 11.9269  a0 0.39481  gnorm 61.14  (adaptive loss 1.9979 — flat by design)
[ train_imf ] step 44600  raw_mse_u 16.9971  raw_mse_v 15.3825  a0 0.34146  gnorm 48.99  (adaptive loss 1.9982 — flat by design)
[ train_imf ] step 44800  raw_mse_u 15.4414  raw_mse_v 14.7009  a0 0.30082  gnorm 54.35  (adaptive loss 1.9982 — flat by design)
[ train_imf ] step 45000  raw_mse_u 19.6665  raw_mse_v 17.1828  a0 0.33894  gnorm 45.62  (adaptive loss 1.9985 — flat by design)
[ train_imf ] step 45200  raw_mse_u 16.3286  raw_mse_v 18.3711  a0 0.28187  gnorm 40.71  (adaptive loss 1.9983 — flat by design)
[ train_imf ] step 45400  raw_mse_u 15.4763  raw_mse_v 12.3797  a0 0.34950  gnorm 41.74  (adaptive loss 1.9982 — flat by design)
[ train_imf ] step 45600  raw_mse_u 15.5193  raw_mse_v 14.4096  a0 0.31289  gnorm 43.17  (adaptive loss 1.9980 — flat by design)
[ train_imf ] step 45800  raw_mse_u 17.3312  raw_mse_v 17.9196  a0 0.48272  gnorm 47.40  (adaptive loss 1.9981 — flat by design)
[ train_imf ] step 46000  raw_mse_u 48.6810  raw_mse_v 17.1915  a0 0.54866  gnorm 46.96  (adaptive loss 1.9983 — flat by design)
[ train_imf ] step 46200  raw_mse_u 15.5081  raw_mse_v 14.7236  a0 0.26921  gnorm 53.32  (adaptive loss 1.9980 — flat by design)
[ train_imf ] step 46400  raw_mse_u 15.7475  raw_mse_v 14.7971  a0 0.23216  gnorm 30.45  (adaptive loss 1.9983 — flat by design)
[ train_imf ] step 46600  raw_mse_u 18.2763  raw_mse_v 14.9762  a0 0.36669  gnorm 41.76  (adaptive loss 1.9982 — flat by design)
[ train_imf ] step 46800  raw_mse_u 18.0752  raw_mse_v 13.3712  a0 0.44159  gnorm 39.71  (adaptive loss 1.9981 — flat by design)
[ train_imf ] step 47000  raw_mse_u 14.0145  raw_mse_v 11.9870  a0 0.25871  gnorm 36.13  (adaptive loss 1.9979 — flat by design)
[ train_imf ] step 47200  raw_mse_u 20.5731  raw_mse_v 20.2005  a0 0.32071  gnorm 50.71  (adaptive loss 1.9986 — flat by design)
[ train_imf ] step 47400  raw_mse_u 17.8997  raw_mse_v 17.2912  a0 0.30282  gnorm 51.08  (adaptive loss 1.9984 — flat by design)
[ train_imf ] step 47600  raw_mse_u 30.8481  raw_mse_v 22.3559  a0 0.73661  gnorm 33.16  (adaptive loss 1.9985 — flat by design)
[ train_imf ] step 47800  raw_mse_u 13.8308  raw_mse_v 11.6003  a0 0.31208  gnorm 52.74  (adaptive loss 1.9975 — flat by design)
[ train_imf ] step 48000  raw_mse_u 14.6485  raw_mse_v 10.1803  a0 0.26152  gnorm 44.79  (adaptive loss 1.9976 — flat by design)
[ train_imf ] step 48200  raw_mse_u 16.7015  raw_mse_v 16.3107  a0 0.28555  gnorm 34.37  (adaptive loss 1.9980 — flat by design)
[ train_imf ] step 48400  raw_mse_u 15.7405  raw_mse_v 12.9628  a0 0.38002  gnorm 51.62  (adaptive loss 1.9981 — flat by design)
[ train_imf ] step 48600  raw_mse_u 18.4009  raw_mse_v 16.5584  a0 0.41320  gnorm 38.02  (adaptive loss 1.9980 — flat by design)
[ train_imf ] step 48800  raw_mse_u 30.3759  raw_mse_v 14.8070  a0 0.58539  gnorm 59.54  (adaptive loss 1.9977 — flat by design)
[ train_imf ] step 49000  raw_mse_u 23.1496  raw_mse_v 18.0066  a0 0.67309  gnorm 55.27  (adaptive loss 1.9985 — flat by design)
[ train_imf ] step 49200  raw_mse_u 18.7036  raw_mse_v 18.0654  a0 0.34710  gnorm 50.87  (adaptive loss 1.9979 — flat by design)
[ train_imf ] step 49400  raw_mse_u 16.2751  raw_mse_v 15.6194  a0 0.60348  gnorm 44.09  (adaptive loss 1.9980 — flat by design)
[ train_imf ] step 49600  raw_mse_u 15.5053  raw_mse_v 12.9652  a0 0.32650  gnorm 36.53  (adaptive loss 1.9979 — flat by design)
[ train_imf ] step 49800  raw_mse_u 19.0185  raw_mse_v 14.7248  a0 0.45302  gnorm 51.49  (adaptive loss 1.9983 — flat by design)
[ train_imf ] step 50000  raw_mse_u 19.1257  raw_mse_v 15.8092  a0 0.46821  gnorm 48.80  (adaptive loss 1.9981 — flat by design)
[ train_imf ] step 50200  raw_mse_u 19.7881  raw_mse_v 14.9334  a0 0.47582  gnorm 54.98  (adaptive loss 1.9981 — flat by design)
[ train_imf ] step 50400  raw_mse_u 18.3638  raw_mse_v 13.9899  a0 0.54459  gnorm 40.84  (adaptive loss 1.9982 — flat by design)
[ train_imf ] step 50600  raw_mse_u 20.1267  raw_mse_v 12.6795  a0 0.40450  gnorm 43.08  (adaptive loss 1.9978 — flat by design)
[ train_imf ] step 50800  raw_mse_u 16.0139  raw_mse_v 15.5959  a0 0.34074  gnorm 45.82  (adaptive loss 1.9983 — flat by design)
[ train_imf ] step 51000  raw_mse_u 24.1898  raw_mse_v 14.7667  a0 0.30337  gnorm 58.33  (adaptive loss 1.9980 — flat by design)
[ train_imf ] step 51200  raw_mse_u 23.9949  raw_mse_v 21.9204  a0 0.44905  gnorm 46.42  (adaptive loss 1.9979 — flat by design)
[ train_imf ] step 51400  raw_mse_u 17.3401  raw_mse_v 18.1174  a0 0.37598  gnorm 47.10  (adaptive loss 1.9976 — flat by design)
[ train_imf ] step 51600  raw_mse_u 14.2120  raw_mse_v 13.3567  a0 0.38919  gnorm 39.19  (adaptive loss 1.9982 — flat by design)
[ train_imf ] step 51800  raw_mse_u 17.8048  raw_mse_v 15.8975  a0 0.35162  gnorm 49.94  (adaptive loss 1.9981 — flat by design)
[ train_imf ] step 52000  raw_mse_u 20.0018  raw_mse_v 13.4044  a0 0.55492  gnorm 40.51  (adaptive loss 1.9980 — flat by design)
[ train_imf ] step 52200  raw_mse_u 22.1022  raw_mse_v 11.5197  a0 0.32862  gnorm 67.32  (adaptive loss 1.9978 — flat by design)
[ train_imf ] step 52400  raw_mse_u 16.2007  raw_mse_v 13.6719  a0 0.32800  gnorm 54.92  (adaptive loss 1.9980 — flat by design)
[ train_imf ] step 52600  raw_mse_u 15.8369  raw_mse_v 12.3968  a0 0.25738  gnorm 42.50  (adaptive loss 1.9978 — flat by design)
[ train_imf ] step 52800  raw_mse_u 15.0889  raw_mse_v 14.1395  a0 0.41737  gnorm 52.16  (adaptive loss 1.9978 — flat by design)
[ train_imf ] step 53000  raw_mse_u 31.3613  raw_mse_v 19.2546  a0 0.47586  gnorm 39.00  (adaptive loss 1.9982 — flat by design)
[ train_imf ] step 53200  raw_mse_u 15.1325  raw_mse_v 14.0157  a0 0.30317  gnorm 69.09  (adaptive loss 1.9982 — flat by design)
[ train_imf ] step 53400  raw_mse_u 14.1454  raw_mse_v 13.2404  a0 0.38560  gnorm 57.00  (adaptive loss 1.9981 — flat by design)
[ train_imf ] step 53600  raw_mse_u 15.5806  raw_mse_v 16.0067  a0 0.31709  gnorm 58.11  (adaptive loss 1.9980 — flat by design)
[ train_imf ] step 53800  raw_mse_u 20.3991  raw_mse_v 15.9787  a0 0.68090  gnorm 47.69  (adaptive loss 1.9983 — flat by design)
[ train_imf ] step 54000  raw_mse_u 19.9961  raw_mse_v 18.2020  a0 0.57185  gnorm 54.06  (adaptive loss 1.9983 — flat by design)
[ train_imf ] step 54200  raw_mse_u 15.2415  raw_mse_v 14.7830  a0 0.33144  gnorm 40.79  (adaptive loss 1.9980 — flat by design)
[ train_imf ] step 54400  raw_mse_u 20.7196  raw_mse_v 19.8047  a0 0.44944  gnorm 52.20  (adaptive loss 1.9984 — flat by design)
[ train_imf ] step 54600  raw_mse_u 16.4864  raw_mse_v 14.7859  a0 0.36372  gnorm 39.70  (adaptive loss 1.9983 — flat by design)
[ train_imf ] step 54800  raw_mse_u 15.2575  raw_mse_v 13.4127  a0 0.39113  gnorm 51.74  (adaptive loss 1.9977 — flat by design)
[ train_imf ] step 55000  raw_mse_u 18.1564  raw_mse_v 15.1127  a0 0.35185  gnorm 53.45  (adaptive loss 1.9979 — flat by design)
[ train_imf ] step 55200  raw_mse_u 37.7537  raw_mse_v 18.4404  a0 0.82504  gnorm 49.12  (adaptive loss 1.9980 — flat by design)
[ train_imf ] step 55400  raw_mse_u 31.6756  raw_mse_v 17.0263  a0 0.74373  gnorm 37.70  (adaptive loss 1.9981 — flat by design)
[ train_imf ] step 55600  raw_mse_u 34.3601  raw_mse_v 14.0320  a0 0.75766  gnorm 59.43  (adaptive loss 1.9980 — flat by design)
[ train_imf ] step 55800  raw_mse_u 35.0275  raw_mse_v 18.7515  a0 0.47434  gnorm 36.85  (adaptive loss 1.9986 — flat by design)
[ train_imf ] step 56000  raw_mse_u 14.3108  raw_mse_v 12.7002  a0 0.20103  gnorm 57.13  (adaptive loss 1.9978 — flat by design)
[ train_imf ] step 56200  raw_mse_u 20.4401  raw_mse_v 11.9546  a0 0.37890  gnorm 36.19  (adaptive loss 1.9977 — flat by design)
[ train_imf ] step 56400  raw_mse_u 20.1029  raw_mse_v 18.8551  a0 0.46256  gnorm 60.34  (adaptive loss 1.9983 — flat by design)
[ train_imf ] step 56600  raw_mse_u 18.0643  raw_mse_v 17.8820  a0 0.65306  gnorm 37.98  (adaptive loss 1.9984 — flat by design)
[ train_imf ] step 56800  raw_mse_u 19.9980  raw_mse_v 18.1480  a0 0.47115  gnorm 38.84  (adaptive loss 1.9979 — flat by design)
[ train_imf ] step 57000  raw_mse_u 19.2320  raw_mse_v 13.9302  a0 0.40219  gnorm 35.15  (adaptive loss 1.9978 — flat by design)
[ train_imf ] step 57200  raw_mse_u 24.0350  raw_mse_v 16.7613  a0 0.73401  gnorm 43.48  (adaptive loss 1.9983 — flat by design)
[ train_imf ] step 57400  raw_mse_u 17.1136  raw_mse_v 15.7224  a0 0.27557  gnorm 45.50  (adaptive loss 1.9982 — flat by design)
[ train_imf ] step 57600  raw_mse_u 16.2772  raw_mse_v 12.4490  a0 0.36957  gnorm 35.72  (adaptive loss 1.9977 — flat by design)
[ train_imf ] step 57800  raw_mse_u 12.4532  raw_mse_v 13.1927  a0 0.29392  gnorm 48.96  (adaptive loss 1.9975 — flat by design)
[ train_imf ] step 58000  raw_mse_u 16.5954  raw_mse_v 13.9359  a0 0.31305  gnorm 36.41  (adaptive loss 1.9981 — flat by design)
[ train_imf ] step 58200  raw_mse_u 19.5763  raw_mse_v 18.7974  a0 0.54265  gnorm 50.13  (adaptive loss 1.9984 — flat by design)
[ train_imf ] step 58400  raw_mse_u 16.9733  raw_mse_v 14.7484  a0 0.35239  gnorm 48.18  (adaptive loss 1.9977 — flat by design)
[ train_imf ] step 58600  raw_mse_u 33.7823  raw_mse_v 15.1427  a0 0.44951  gnorm 45.27  (adaptive loss 1.9981 — flat by design)
[ train_imf ] step 58800  raw_mse_u 21.1270  raw_mse_v 14.6013  a0 0.49076  gnorm 32.19  (adaptive loss 1.9979 — flat by design)
[ train_imf ] step 59000  raw_mse_u 13.4303  raw_mse_v 12.7397  a0 0.24675  gnorm 56.27  (adaptive loss 1.9981 — flat by design)
[ train_imf ] step 59200  raw_mse_u 19.9864  raw_mse_v 15.6845  a0 0.33267  gnorm 58.14  (adaptive loss 1.9978 — flat by design)
[ train_imf ] step 59400  raw_mse_u 12.5951  raw_mse_v 13.0741  a0 0.19414  gnorm 53.94  (adaptive loss 1.9976 — flat by design)
[ train_imf ] step 59600  raw_mse_u 19.1735  raw_mse_v 12.2213  a0 0.30864  gnorm 54.54  (adaptive loss 1.9978 — flat by design)
[ train_imf ] step 59800  raw_mse_u 13.8630  raw_mse_v 14.1580  a0 0.20033  gnorm 35.18  (adaptive loss 1.9979 — flat by design)
[ train_imf ] step 60000  raw_mse_u 16.2040  raw_mse_v 14.4417  a0 0.30546  gnorm 51.51  (adaptive loss 1.9980 — flat by design)
[ train_imf ] step 60200  raw_mse_u 13.6092  raw_mse_v 11.6558  a0 0.21032  gnorm 48.94  (adaptive loss 1.9978 — flat by design)
[ train_imf ] step 60400  raw_mse_u 18.6365  raw_mse_v 12.0800  a0 0.74183  gnorm 51.37  (adaptive loss 1.9975 — flat by design)
[ train_imf ] step 60600  raw_mse_u 29.6375  raw_mse_v 16.4426  a0 0.41524  gnorm 35.28  (adaptive loss 1.9975 — flat by design)
[ train_imf ] step 60800  raw_mse_u 16.5931  raw_mse_v 13.2502  a0 0.45409  gnorm 37.64  (adaptive loss 1.9978 — flat by design)
[ train_imf ] step 61000  raw_mse_u 13.7545  raw_mse_v 13.0675  a0 0.53628  gnorm 54.30  (adaptive loss 1.9980 — flat by design)
[ train_imf ] step 61200  raw_mse_u 22.3149  raw_mse_v 18.3852  a0 0.59315  gnorm 45.40  (adaptive loss 1.9986 — flat by design)
[ train_imf ] step 61400  raw_mse_u 19.3258  raw_mse_v 17.7650  a0 0.35088  gnorm 79.38  (adaptive loss 1.9979 — flat by design)
[ train_imf ] step 61600  raw_mse_u 18.5559  raw_mse_v 14.7990  a0 0.45427  gnorm 49.47  (adaptive loss 1.9980 — flat by design)
[ train_imf ] step 61800  raw_mse_u 13.3200  raw_mse_v 12.7340  a0 0.25298  gnorm 46.66  (adaptive loss 1.9976 — flat by design)
[ train_imf ] step 62000  raw_mse_u 17.3582  raw_mse_v 15.6947  a0 0.40474  gnorm 57.04  (adaptive loss 1.9979 — flat by design)
[ train_imf ] step 62200  raw_mse_u 23.1888  raw_mse_v 18.4360  a0 0.68737  gnorm 43.26  (adaptive loss 1.9983 — flat by design)
[ train_imf ] step 62400  raw_mse_u 15.1973  raw_mse_v 14.2286  a0 0.26382  gnorm 45.71  (adaptive loss 1.9982 — flat by design)
[ train_imf ] step 62600  raw_mse_u 16.4906  raw_mse_v 12.7507  a0 0.20742  gnorm 52.80  (adaptive loss 1.9978 — flat by design)
[ train_imf ] step 62800  raw_mse_u 12.0330  raw_mse_v 11.0008  a0 0.22319  gnorm 45.15  (adaptive loss 1.9975 — flat by design)
[ train_imf ] step 63000  raw_mse_u 18.5911  raw_mse_v 15.4530  a0 0.57245  gnorm 43.85  (adaptive loss 1.9979 — flat by design)
[ train_imf ] step 63200  raw_mse_u 35.9740  raw_mse_v 16.6849  a0 0.90912  gnorm 39.52  (adaptive loss 1.9983 — flat by design)
[ train_imf ] step 63400  raw_mse_u 13.6977  raw_mse_v 12.2495  a0 0.30025  gnorm 34.65  (adaptive loss 1.9979 — flat by design)
[ train_imf ] step 63600  raw_mse_u 16.0406  raw_mse_v 16.7545  a0 0.51857  gnorm 47.26  (adaptive loss 1.9981 — flat by design)
[ train_imf ] step 63800  raw_mse_u 19.1729  raw_mse_v 14.1164  a0 0.41318  gnorm 37.51  (adaptive loss 1.9978 — flat by design)
[ train_imf ] step 64000  raw_mse_u 34.2070  raw_mse_v 14.3184  a0 0.80582  gnorm 50.15  (adaptive loss 1.9975 — flat by design)
[ train_imf ] step 64200  raw_mse_u 18.5987  raw_mse_v 16.1523  a0 0.32549  gnorm 30.87  (adaptive loss 1.9979 — flat by design)
[ train_imf ] step 64400  raw_mse_u 14.3413  raw_mse_v 10.4963  a0 0.35483  gnorm 53.35  (adaptive loss 1.9978 — flat by design)
[ train_imf ] step 64600  raw_mse_u 15.4833  raw_mse_v 15.4546  a0 0.37345  gnorm 31.56  (adaptive loss 1.9979 — flat by design)
[ train_imf ] step 64800  raw_mse_u 12.8743  raw_mse_v 9.7642  a0 0.60020  gnorm 62.94  (adaptive loss 1.9971 — flat by design)
[ train_imf ] step 65000  raw_mse_u 23.3473  raw_mse_v 14.7664  a0 0.33569  gnorm 60.36  (adaptive loss 1.9982 — flat by design)
[ train_imf ] step 65200  raw_mse_u 17.0279  raw_mse_v 15.2580  a0 0.52018  gnorm 77.28  (adaptive loss 1.9978 — flat by design)
[ train_imf ] step 65400  raw_mse_u 15.9283  raw_mse_v 13.7395  a0 0.48622  gnorm 67.09  (adaptive loss 1.9977 — flat by design)
[ train_imf ] step 65600  raw_mse_u 12.7243  raw_mse_v 12.1395  a0 0.24323  gnorm 46.45  (adaptive loss 1.9977 — flat by design)
[ train_imf ] step 65800  raw_mse_u 17.5261  raw_mse_v 19.8806  a0 0.31213  gnorm 37.13  (adaptive loss 1.9984 — flat by design)
[ train_imf ] step 66000  raw_mse_u 14.2155  raw_mse_v 12.3379  a0 0.33313  gnorm 45.28  (adaptive loss 1.9980 — flat by design)
[ train_imf ] step 66200  raw_mse_u 14.6826  raw_mse_v 15.0709  a0 0.28673  gnorm 57.62  (adaptive loss 1.9981 — flat by design)
[ train_imf ] step 66400  raw_mse_u 12.1764  raw_mse_v 11.5524  a0 0.46773  gnorm 49.37  (adaptive loss 1.9977 — flat by design)
[ train_imf ] step 66600  raw_mse_u 23.5866  raw_mse_v 13.3734  a0 0.46121  gnorm 53.75  (adaptive loss 1.9980 — flat by design)
[ train_imf ] step 66800  raw_mse_u 26.0929  raw_mse_v 13.8716  a0 0.25161  gnorm 54.28  (adaptive loss 1.9984 — flat by design)
[ train_imf ] step 67000  raw_mse_u 20.1121  raw_mse_v 17.8513  a0 0.39764  gnorm 41.48  (adaptive loss 1.9981 — flat by design)
[ train_imf ] step 67200  raw_mse_u 14.7925  raw_mse_v 14.5725  a0 0.25430  gnorm 39.20  (adaptive loss 1.9980 — flat by design)
[ train_imf ] step 67400  raw_mse_u 23.8147  raw_mse_v 14.6553  a0 0.61279  gnorm 62.52  (adaptive loss 1.9981 — flat by design)
[ train_imf ] step 67600  raw_mse_u 17.4210  raw_mse_v 16.9925  a0 0.52696  gnorm 46.15  (adaptive loss 1.9985 — flat by design)
[ train_imf ] step 67800  raw_mse_u 19.6835  raw_mse_v 16.9730  a0 0.45963  gnorm 48.13  (adaptive loss 1.9982 — flat by design)
[ train_imf ] step 68000  raw_mse_u 12.3065  raw_mse_v 10.6943  a0 0.15841  gnorm 40.62  (adaptive loss 1.9978 — flat by design)
[ train_imf ] step 68200  raw_mse_u 24.1524  raw_mse_v 19.3230  a0 0.53414  gnorm 40.93  (adaptive loss 1.9981 — flat by design)
[ train_imf ] step 68400  raw_mse_u 22.5209  raw_mse_v 21.3712  a0 0.56709  gnorm 39.62  (adaptive loss 1.9980 — flat by design)
[ train_imf ] step 68600  raw_mse_u 17.5723  raw_mse_v 15.8905  a0 0.48163  gnorm 53.32  (adaptive loss 1.9978 — flat by design)
[ train_imf ] step 68800  raw_mse_u 16.5329  raw_mse_v 13.9606  a0 0.35772  gnorm 39.17  (adaptive loss 1.9979 — flat by design)
[ train_imf ] step 69000  raw_mse_u 17.1401  raw_mse_v 11.6760  a0 0.56061  gnorm 53.86  (adaptive loss 1.9979 — flat by design)
[ train_imf ] step 69200  raw_mse_u 16.5667  raw_mse_v 15.5661  a0 0.38502  gnorm 52.69  (adaptive loss 1.9978 — flat by design)
[ train_imf ] step 69400  raw_mse_u 17.2444  raw_mse_v 17.8533  a0 0.37351  gnorm 40.96  (adaptive loss 1.9976 — flat by design)
[ train_imf ] step 69600  raw_mse_u 18.9992  raw_mse_v 14.1625  a0 0.30019  gnorm 41.38  (adaptive loss 1.9973 — flat by design)
[ train_imf ] step 69800  raw_mse_u 16.0725  raw_mse_v 17.0556  a0 0.38586  gnorm 34.96  (adaptive loss 1.9980 — flat by design)
[ train_imf ] step 70000  raw_mse_u 12.9780  raw_mse_v 12.3141  a0 0.30681  gnorm 50.07  (adaptive loss 1.9976 — flat by design)
[ train_imf ] step 70200  raw_mse_u 11.7399  raw_mse_v 10.2159  a0 0.20180  gnorm 50.25  (adaptive loss 1.9977 — flat by design)
[ train_imf ] step 70400  raw_mse_u 20.5000  raw_mse_v 16.8873  a0 0.35560  gnorm 47.75  (adaptive loss 1.9983 — flat by design)
[ train_imf ] step 70600  raw_mse_u 12.5979  raw_mse_v 11.8448  a0 0.19883  gnorm 49.31  (adaptive loss 1.9976 — flat by design)
[ train_imf ] step 70800  raw_mse_u 15.4163  raw_mse_v 13.9869  a0 0.40340  gnorm 33.32  (adaptive loss 1.9980 — flat by design)
[ train_imf ] step 71000  raw_mse_u 13.7448  raw_mse_v 13.2413  a0 0.27531  gnorm 41.59  (adaptive loss 1.9980 — flat by design)
[ train_imf ] step 71200  raw_mse_u 21.2204  raw_mse_v 18.4469  a0 0.51612  gnorm 70.24  (adaptive loss 1.9981 — flat by design)
[ train_imf ] step 71400  raw_mse_u 16.5406  raw_mse_v 13.5159  a0 0.40149  gnorm 49.35  (adaptive loss 1.9977 — flat by design)
[ train_imf ] step 71600  raw_mse_u 22.7992  raw_mse_v 13.5746  a0 0.44306  gnorm 37.76  (adaptive loss 1.9981 — flat by design)
[ train_imf ] step 71800  raw_mse_u 29.6262  raw_mse_v 18.3539  a0 0.57029  gnorm 43.94  (adaptive loss 1.9980 — flat by design)
[ train_imf ] step 72000  raw_mse_u 21.7893  raw_mse_v 18.2692  a0 0.43680  gnorm 48.40  (adaptive loss 1.9982 — flat by design)
[ train_imf ] step 72200  raw_mse_u 51.0999  raw_mse_v 14.0031  a0 1.72173  gnorm 47.90  (adaptive loss 1.9976 — flat by design)
[ train_imf ] step 72400  raw_mse_u 14.0759  raw_mse_v 11.4269  a0 0.27055  gnorm 57.76  (adaptive loss 1.9978 — flat by design)
[ train_imf ] step 72600  raw_mse_u 15.6544  raw_mse_v 14.6184  a0 0.42649  gnorm 58.18  (adaptive loss 1.9976 — flat by design)
[ train_imf ] step 72800  raw_mse_u 15.8805  raw_mse_v 13.5054  a0 0.31610  gnorm 45.26  (adaptive loss 1.9979 — flat by design)
[ train_imf ] step 73000  raw_mse_u 18.2802  raw_mse_v 15.1250  a0 0.38923  gnorm 71.83  (adaptive loss 1.9981 — flat by design)
[ train_imf ] step 73200  raw_mse_u 14.2770  raw_mse_v 16.2916  a0 0.49527  gnorm 35.96  (adaptive loss 1.9981 — flat by design)
[ train_imf ] step 73400  raw_mse_u 15.4916  raw_mse_v 16.9151  a0 0.34005  gnorm 53.29  (adaptive loss 1.9978 — flat by design)
[ train_imf ] step 73600  raw_mse_u 13.6921  raw_mse_v 13.0017  a0 0.21740  gnorm 45.37  (adaptive loss 1.9979 — flat by design)
[ train_imf ] step 73800  raw_mse_u 16.5501  raw_mse_v 13.6364  a0 0.26326  gnorm 28.63  (adaptive loss 1.9979 — flat by design)
[ train_imf ] step 74000  raw_mse_u 21.1339  raw_mse_v 20.2465  a0 0.40494  gnorm 33.94  (adaptive loss 1.9983 — flat by design)
[ train_imf ] step 74200  raw_mse_u 25.0140  raw_mse_v 16.8320  a0 0.63201  gnorm 48.60  (adaptive loss 1.9981 — flat by design)
[ train_imf ] step 74400  raw_mse_u 21.3208  raw_mse_v 17.8891  a0 0.33479  gnorm 40.87  (adaptive loss 1.9985 — flat by design)
[ train_imf ] step 74600  raw_mse_u 13.3430  raw_mse_v 12.6715  a0 0.32031  gnorm 36.03  (adaptive loss 1.9981 — flat by design)
[ train_imf ] step 74800  raw_mse_u 14.3971  raw_mse_v 12.8586  a0 0.24745  gnorm 53.51  (adaptive loss 1.9980 — flat by design)
[ train_imf ] step 75000  raw_mse_u 14.0560  raw_mse_v 13.4171  a0 0.25607  gnorm 53.76  (adaptive loss 1.9978 — flat by design)
[ train_imf ] step 75200  raw_mse_u 41.1009  raw_mse_v 13.4694  a0 0.65068  gnorm 64.64  (adaptive loss 1.9979 — flat by design)
[ train_imf ] step 75400  raw_mse_u 16.8240  raw_mse_v 15.2230  a0 0.41277  gnorm 46.67  (adaptive loss 1.9980 — flat by design)
[ train_imf ] step 75600  raw_mse_u 22.6951  raw_mse_v 17.1798  a0 0.41422  gnorm 45.00  (adaptive loss 1.9979 — flat by design)
[ train_imf ] step 75800  raw_mse_u 16.3743  raw_mse_v 14.8021  a0 0.21526  gnorm 35.85  (adaptive loss 1.9979 — flat by design)
[ train_imf ] step 76000  raw_mse_u 20.4750  raw_mse_v 19.0839  a0 0.42531  gnorm 59.14  (adaptive loss 1.9979 — flat by design)
[ train_imf ] step 76200  raw_mse_u 9.2534  raw_mse_v 9.1363  a0 0.18742  gnorm 99.22  (adaptive loss 1.9975 — flat by design)
[ train_imf ] step 76400  raw_mse_u 13.5684  raw_mse_v 12.2764  a0 0.29068  gnorm 52.74  (adaptive loss 1.9978 — flat by design)
[ train_imf ] step 76600  raw_mse_u 14.4881  raw_mse_v 13.7810  a0 0.24753  gnorm 64.86  (adaptive loss 1.9981 — flat by design)
[ train_imf ] step 76800  raw_mse_u 15.8981  raw_mse_v 15.6872  a0 0.23178  gnorm 55.59  (adaptive loss 1.9979 — flat by design)
[ train_imf ] step 77000  raw_mse_u 15.4498  raw_mse_v 12.7227  a0 0.22095  gnorm 50.73  (adaptive loss 1.9976 — flat by design)
[ train_imf ] step 77200  raw_mse_u 18.1160  raw_mse_v 14.6988  a0 0.47795  gnorm 58.70  (adaptive loss 1.9980 — flat by design)
[ train_imf ] step 77400  raw_mse_u 13.8341  raw_mse_v 12.6709  a0 0.23468  gnorm 47.36  (adaptive loss 1.9973 — flat by design)
[ train_imf ] step 77600  raw_mse_u 21.4957  raw_mse_v 18.1471  a0 0.73233  gnorm 48.45  (adaptive loss 1.9981 — flat by design)
[ train_imf ] step 77800  raw_mse_u 16.2124  raw_mse_v 14.4408  a0 0.51436  gnorm 55.32  (adaptive loss 1.9978 — flat by design)
[ train_imf ] step 78000  raw_mse_u 20.3234  raw_mse_v 13.6459  a0 0.56586  gnorm 44.13  (adaptive loss 1.9977 — flat by design)
[ train_imf ] step 78200  raw_mse_u 16.8496  raw_mse_v 15.6758  a0 0.34472  gnorm 39.64  (adaptive loss 1.9981 — flat by design)
[ train_imf ] step 78400  raw_mse_u 17.9635  raw_mse_v 18.4093  a0 0.35435  gnorm 39.42  (adaptive loss 1.9982 — flat by design)
[ train_imf ] step 78600  raw_mse_u 17.6715  raw_mse_v 13.7694  a0 0.46095  gnorm 40.60  (adaptive loss 1.9980 — flat by design)
[ train_imf ] step 78800  raw_mse_u 15.9276  raw_mse_v 14.6982  a0 0.22986  gnorm 33.04  (adaptive loss 1.9983 — flat by design)
[ train_imf ] step 79000  raw_mse_u 16.4708  raw_mse_v 15.3784  a0 0.42750  gnorm 51.73  (adaptive loss 1.9979 — flat by design)
[ train_imf ] step 79200  raw_mse_u 46.1765  raw_mse_v 14.5363  a0 0.63562  gnorm 45.75  (adaptive loss 1.9974 — flat by design)
[ train_imf ] step 79400  raw_mse_u 14.4343  raw_mse_v 13.9030  a0 0.22961  gnorm 28.95  (adaptive loss 1.9981 — flat by design)
[ train_imf ] step 79600  raw_mse_u 17.1304  raw_mse_v 14.7695  a0 0.32655  gnorm 45.78  (adaptive loss 1.9981 — flat by design)
[ train_imf ] step 79800  raw_mse_u 16.0537  raw_mse_v 14.5070  a0 0.43964  gnorm 41.95  (adaptive loss 1.9975 — flat by design)
[ train_imf ] step 80000  raw_mse_u 13.7849  raw_mse_v 13.5745  a0 0.28896  gnorm 50.65  (adaptive loss 1.9980 — flat by design)
[ train_imf ] step 80200  raw_mse_u 21.9724  raw_mse_v 19.4574  a0 0.55547  gnorm 34.28  (adaptive loss 1.9983 — flat by design)
[ train_imf ] step 80400  raw_mse_u 78.0451  raw_mse_v 12.4647  a0 0.21040  gnorm 35.61  (adaptive loss 1.9973 — flat by design)
[ train_imf ] step 80600  raw_mse_u 20.4527  raw_mse_v 14.5234  a0 0.58050  gnorm 52.07  (adaptive loss 1.9981 — flat by design)
[ train_imf ] step 80800  raw_mse_u 12.6267  raw_mse_v 10.9504  a0 0.25760  gnorm 59.50  (adaptive loss 1.9978 — flat by design)
[ train_imf ] step 81000  raw_mse_u 11.9597  raw_mse_v 10.7481  a0 0.21451  gnorm 33.43  (adaptive loss 1.9977 — flat by design)
[ train_imf ] step 81200  raw_mse_u 18.7285  raw_mse_v 14.6682  a0 0.17856  gnorm 36.44  (adaptive loss 1.9979 — flat by design)
[ train_imf ] step 81400  raw_mse_u 20.0623  raw_mse_v 17.3449  a0 0.42739  gnorm 25.21  (adaptive loss 1.9979 — flat by design)
[ train_imf ] step 81600  raw_mse_u 22.2435  raw_mse_v 13.5190  a0 0.60588  gnorm 41.62  (adaptive loss 1.9980 — flat by design)
[ train_imf ] step 81800  raw_mse_u 17.3980  raw_mse_v 13.7106  a0 0.36779  gnorm 59.87  (adaptive loss 1.9981 — flat by design)
[ train_imf ] step 82000  raw_mse_u 13.8486  raw_mse_v 13.0031  a0 0.40891  gnorm 39.89  (adaptive loss 1.9978 — flat by design)
[ train_imf ] step 82200  raw_mse_u 18.4914  raw_mse_v 14.0010  a0 0.23829  gnorm 48.95  (adaptive loss 1.9974 — flat by design)
[ train_imf ] step 82400  raw_mse_u 13.1748  raw_mse_v 12.6744  a0 0.28397  gnorm 46.35  (adaptive loss 1.9977 — flat by design)
[ train_imf ] step 82600  raw_mse_u 13.7400  raw_mse_v 10.0611  a0 0.46100  gnorm 54.28  (adaptive loss 1.9976 — flat by design)
[ train_imf ] step 82800  raw_mse_u 16.9794  raw_mse_v 11.1226  a0 0.39535  gnorm 64.41  (adaptive loss 1.9974 — flat by design)
[ train_imf ] step 83000  raw_mse_u 16.4390  raw_mse_v 15.4631  a0 0.35691  gnorm 27.19  (adaptive loss 1.9978 — flat by design)
[ train_imf ] step 83200  raw_mse_u 16.6957  raw_mse_v 13.3632  a0 0.36212  gnorm 37.04  (adaptive loss 1.9977 — flat by design)
[ train_imf ] step 83400  raw_mse_u 20.5788  raw_mse_v 17.6437  a0 0.39187  gnorm 43.16  (adaptive loss 1.9983 — flat by design)
[ train_imf ] step 83600  raw_mse_u 24.8935  raw_mse_v 18.7510  a0 0.43068  gnorm 68.78  (adaptive loss 1.9981 — flat by design)
[ train_imf ] step 83800  raw_mse_u 18.5129  raw_mse_v 15.9577  a0 0.33869  gnorm 52.26  (adaptive loss 1.9979 — flat by design)
[ train_imf ] step 84000  raw_mse_u 20.6329  raw_mse_v 11.9703  a0 0.51600  gnorm 36.06  (adaptive loss 1.9969 — flat by design)
[ train_imf ] step 84200  raw_mse_u 21.3673  raw_mse_v 18.0438  a0 0.41697  gnorm 42.37  (adaptive loss 1.9983 — flat by design)
[ train_imf ] step 84400  raw_mse_u 17.0954  raw_mse_v 14.9509  a0 0.27958  gnorm 33.56  (adaptive loss 1.9981 — flat by design)
[ train_imf ] step 84600  raw_mse_u 18.3841  raw_mse_v 13.1818  a0 0.63258  gnorm 40.78  (adaptive loss 1.9978 — flat by design)
[ train_imf ] step 84800  raw_mse_u 16.8545  raw_mse_v 16.7751  a0 0.39814  gnorm 45.10  (adaptive loss 1.9982 — flat by design)
[ train_imf ] step 85000  raw_mse_u 14.6762  raw_mse_v 13.9946  a0 0.32891  gnorm 34.45  (adaptive loss 1.9979 — flat by design)
[ train_imf ] step 85200  raw_mse_u 19.5659  raw_mse_v 13.7293  a0 0.55083  gnorm 45.11  (adaptive loss 1.9977 — flat by design)
[ train_imf ] step 85400  raw_mse_u 17.0634  raw_mse_v 13.5908  a0 0.46800  gnorm 44.24  (adaptive loss 1.9978 — flat by design)
[ train_imf ] step 85600  raw_mse_u 18.6221  raw_mse_v 18.5689  a0 0.38098  gnorm 36.33  (adaptive loss 1.9979 — flat by design)
[ train_imf ] step 85800  raw_mse_u 16.0477  raw_mse_v 14.0993  a0 0.54982  gnorm 47.45  (adaptive loss 1.9979 — flat by design)
[ train_imf ] step 86000  raw_mse_u 21.6630  raw_mse_v 18.4335  a0 0.40712  gnorm 68.99  (adaptive loss 1.9983 — flat by design)
[ train_imf ] step 86200  raw_mse_u 14.6282  raw_mse_v 13.5361  a0 0.29798  gnorm 53.98  (adaptive loss 1.9979 — flat by design)
[ train_imf ] step 86400  raw_mse_u 12.9616  raw_mse_v 13.2866  a0 0.41215  gnorm 52.83  (adaptive loss 1.9977 — flat by design)
[ train_imf ] step 86600  raw_mse_u 16.7910  raw_mse_v 14.4306  a0 0.32958  gnorm 55.89  (adaptive loss 1.9979 — flat by design)
[ train_imf ] step 86800  raw_mse_u 14.9159  raw_mse_v 13.2417  a0 0.33491  gnorm 72.45  (adaptive loss 1.9981 — flat by design)
[ train_imf ] step 87000  raw_mse_u 19.5020  raw_mse_v 16.2009  a0 0.36342  gnorm 53.57  (adaptive loss 1.9977 — flat by design)
[ train_imf ] step 87200  raw_mse_u 15.5644  raw_mse_v 12.9076  a0 0.46682  gnorm 37.35  (adaptive loss 1.9978 — flat by design)
[ train_imf ] step 87400  raw_mse_u 15.0725  raw_mse_v 14.3444  a0 0.23972  gnorm 39.66  (adaptive loss 1.9977 — flat by design)
[ train_imf ] step 87600  raw_mse_u 15.7792  raw_mse_v 10.0838  a0 0.30798  gnorm 75.05  (adaptive loss 1.9972 — flat by design)
[ train_imf ] step 87800  raw_mse_u 17.6346  raw_mse_v 12.5376  a0 0.29542  gnorm 57.66  (adaptive loss 1.9981 — flat by design)
[ train_imf ] step 88000  raw_mse_u 15.2279  raw_mse_v 14.6897  a0 0.56883  gnorm 55.42  (adaptive loss 1.9979 — flat by design)
[ train_imf ] step 88200  raw_mse_u 156.1348  raw_mse_v 16.5668  a0 2.74307  gnorm 61.79  (adaptive loss 1.9978 — flat by design)
[ train_imf ] step 88400  raw_mse_u 58.3485  raw_mse_v 14.4107  a0 0.72402  gnorm 34.45  (adaptive loss 1.9979 — flat by design)
[ train_imf ] step 88600  raw_mse_u 14.1321  raw_mse_v 13.9370  a0 0.35334  gnorm 39.37  (adaptive loss 1.9977 — flat by design)
[ train_imf ] step 88800  raw_mse_u 20.1848  raw_mse_v 18.8263  a0 0.40005  gnorm 44.21  (adaptive loss 1.9979 — flat by design)
[ train_imf ] step 89000  raw_mse_u 15.8884  raw_mse_v 12.0434  a0 0.34534  gnorm 55.20  (adaptive loss 1.9976 — flat by design)
[ train_imf ] step 89200  raw_mse_u 20.1356  raw_mse_v 14.1524  a0 0.41186  gnorm 47.17  (adaptive loss 1.9979 — flat by design)
[ train_imf ] step 89400  raw_mse_u 14.5161  raw_mse_v 15.2555  a0 0.18517  gnorm 33.80  (adaptive loss 1.9977 — flat by design)
[ train_imf ] step 89600  raw_mse_u 16.0509  raw_mse_v 12.8751  a0 0.31350  gnorm 60.84  (adaptive loss 1.9976 — flat by design)
[ train_imf ] step 89800  raw_mse_u 27.5599  raw_mse_v 11.9085  a0 0.51403  gnorm 43.07  (adaptive loss 1.9978 — flat by design)
[ train_imf ] step 90000  raw_mse_u 16.9432  raw_mse_v 15.1766  a0 0.57337  gnorm 78.83  (adaptive loss 1.9982 — flat by design)
[ train_imf ] step 90200  raw_mse_u 13.9121  raw_mse_v 13.4936  a0 0.29886  gnorm 53.25  (adaptive loss 1.9980 — flat by design)
[ train_imf ] step 90400  raw_mse_u 15.1156  raw_mse_v 12.9202  a0 0.28024  gnorm 41.24  (adaptive loss 1.9979 — flat by design)
[ train_imf ] step 90600  raw_mse_u 16.9539  raw_mse_v 15.1506  a0 0.34019  gnorm 27.00  (adaptive loss 1.9981 — flat by design)
[ train_imf ] step 90800  raw_mse_u 21.7304  raw_mse_v 16.3726  a0 0.61855  gnorm 75.42  (adaptive loss 1.9979 — flat by design)
[ train_imf ] step 91000  raw_mse_u 13.7179  raw_mse_v 12.7604  a0 0.14255  gnorm 36.28  (adaptive loss 1.9979 — flat by design)
[ train_imf ] step 91200  raw_mse_u 24.1046  raw_mse_v 16.6069  a0 0.32824  gnorm 56.84  (adaptive loss 1.9983 — flat by design)
[ train_imf ] step 91400  raw_mse_u 62.9090  raw_mse_v 15.7286  a0 1.29861  gnorm 67.41  (adaptive loss 1.9975 — flat by design)
[ train_imf ] step 91600  raw_mse_u 25.0432  raw_mse_v 15.4436  a0 0.43318  gnorm 44.39  (adaptive loss 1.9980 — flat by design)
[ train_imf ] step 91800  raw_mse_u 19.7130  raw_mse_v 12.3892  a0 0.93424  gnorm 47.39  (adaptive loss 1.9979 — flat by design)
[ train_imf ] step 92000  raw_mse_u 15.0132  raw_mse_v 13.5530  a0 0.28053  gnorm 54.34  (adaptive loss 1.9982 — flat by design)
[ train_imf ] step 92200  raw_mse_u 23.6312  raw_mse_v 12.6696  a0 0.27893  gnorm 44.48  (adaptive loss 1.9976 — flat by design)
[ train_imf ] step 92400  raw_mse_u 13.8071  raw_mse_v 12.2892  a0 0.38388  gnorm 54.93  (adaptive loss 1.9973 — flat by design)
[ train_imf ] step 92600  raw_mse_u 48.6150  raw_mse_v 13.9381  a0 1.22329  gnorm 50.18  (adaptive loss 1.9983 — flat by design)
[ train_imf ] step 92800  raw_mse_u 18.9123  raw_mse_v 14.3434  a0 0.68248  gnorm 31.57  (adaptive loss 1.9980 — flat by design)
[ train_imf ] step 93000  raw_mse_u 14.0537  raw_mse_v 13.8641  a0 0.24417  gnorm 30.90  (adaptive loss 1.9976 — flat by design)
[ train_imf ] step 93200  raw_mse_u 14.8280  raw_mse_v 14.2154  a0 0.16384  gnorm 26.61  (adaptive loss 1.9976 — flat by design)
[ train_imf ] step 93400  raw_mse_u 20.1164  raw_mse_v 18.2971  a0 0.61466  gnorm 78.77  (adaptive loss 1.9975 — flat by design)
[ train_imf ] step 93600  raw_mse_u 15.2087  raw_mse_v 13.8550  a0 0.23009  gnorm 53.68  (adaptive loss 1.9974 — flat by design)
[ train_imf ] step 93800  raw_mse_u 15.6316  raw_mse_v 13.9858  a0 0.17143  gnorm 27.63  (adaptive loss 1.9979 — flat by design)
[ train_imf ] step 94000  raw_mse_u 19.4489  raw_mse_v 15.4228  a0 0.45694  gnorm 42.24  (adaptive loss 1.9978 — flat by design)
[ train_imf ] step 94200  raw_mse_u 21.3053  raw_mse_v 13.2103  a0 0.40659  gnorm 83.66  (adaptive loss 1.9977 — flat by design)
[ train_imf ] step 94400  raw_mse_u 29.0285  raw_mse_v 20.3009  a0 0.74244  gnorm 58.47  (adaptive loss 1.9983 — flat by design)
[ train_imf ] step 94600  raw_mse_u 18.9278  raw_mse_v 19.4538  a0 0.30225  gnorm 31.13  (adaptive loss 1.9975 — flat by design)
[ train_imf ] step 94800  raw_mse_u 13.9917  raw_mse_v 12.3104  a0 0.26539  gnorm 47.49  (adaptive loss 1.9976 — flat by design)
[ train_imf ] step 95000  raw_mse_u 14.5946  raw_mse_v 12.6294  a0 0.36323  gnorm 51.61  (adaptive loss 1.9977 — flat by design)
[ train_imf ] step 95200  raw_mse_u 19.3268  raw_mse_v 10.8135  a0 0.70420  gnorm 47.38  (adaptive loss 1.9973 — flat by design)
[ train_imf ] step 95400  raw_mse_u 12.9083  raw_mse_v 10.7770  a0 0.28414  gnorm 61.66  (adaptive loss 1.9975 — flat by design)
[ train_imf ] step 95600  raw_mse_u 14.7034  raw_mse_v 13.4502  a0 0.25978  gnorm 61.15  (adaptive loss 1.9980 — flat by design)
[ train_imf ] step 95800  raw_mse_u 28.3344  raw_mse_v 18.0233  a0 0.62365  gnorm 38.38  (adaptive loss 1.9982 — flat by design)
[ train_imf ] step 96000  raw_mse_u 24.0530  raw_mse_v 10.6711  a0 0.19122  gnorm 44.95  (adaptive loss 1.9975 — flat by design)
[ train_imf ] step 96200  raw_mse_u 17.4296  raw_mse_v 13.1226  a0 0.46345  gnorm 47.62  (adaptive loss 1.9979 — flat by design)
[ train_imf ] step 96400  raw_mse_u 14.4799  raw_mse_v 11.8860  a0 0.31171  gnorm 43.03  (adaptive loss 1.9976 — flat by design)
[ train_imf ] step 96600  raw_mse_u 17.2237  raw_mse_v 11.9384  a0 0.39642  gnorm 48.30  (adaptive loss 1.9976 — flat by design)
[ train_imf ] step 96800  raw_mse_u 18.1947  raw_mse_v 12.4507  a0 0.27128  gnorm 57.45  (adaptive loss 1.9978 — flat by design)
[ train_imf ] step 97000  raw_mse_u 40.3685  raw_mse_v 13.6473  a0 0.63382  gnorm 50.66  (adaptive loss 1.9978 — flat by design)
[ train_imf ] step 97200  raw_mse_u 12.8657  raw_mse_v 12.5434  a0 0.29478  gnorm 37.83  (adaptive loss 1.9979 — flat by design)
[ train_imf ] step 97400  raw_mse_u 16.5068  raw_mse_v 14.7100  a0 0.36281  gnorm 47.06  (adaptive loss 1.9977 — flat by design)
[ train_imf ] step 97600  raw_mse_u 69.4001  raw_mse_v 18.9979  a0 1.55534  gnorm 51.39  (adaptive loss 1.9982 — flat by design)
[ train_imf ] step 97800  raw_mse_u 18.4945  raw_mse_v 13.7948  a0 0.58387  gnorm 43.97  (adaptive loss 1.9978 — flat by design)
[ train_imf ] step 98000  raw_mse_u 23.4540  raw_mse_v 16.5540  a0 0.53914  gnorm 64.91  (adaptive loss 1.9977 — flat by design)
[ train_imf ] step 98200  raw_mse_u 14.4624  raw_mse_v 14.2363  a0 0.61878  gnorm 45.26  (adaptive loss 1.9974 — flat by design)
[ train_imf ] step 98400  raw_mse_u 28.2078  raw_mse_v 15.4808  a0 0.55781  gnorm 57.51  (adaptive loss 1.9975 — flat by design)
[ train_imf ] step 98600  raw_mse_u 22.2756  raw_mse_v 19.8709  a0 0.47397  gnorm 42.80  (adaptive loss 1.9980 — flat by design)
[ train_imf ] step 98800  raw_mse_u 22.8358  raw_mse_v 14.0683  a0 0.59723  gnorm 38.88  (adaptive loss 1.9975 — flat by design)
[ train_imf ] step 99000  raw_mse_u 12.8338  raw_mse_v 12.3088  a0 0.38121  gnorm 70.62  (adaptive loss 1.9972 — flat by design)
[ train_imf ] step 99200  raw_mse_u 17.6671  raw_mse_v 15.9169  a0 0.43264  gnorm 32.50  (adaptive loss 1.9978 — flat by design)
[ train_imf ] step 99400  raw_mse_u 17.8730  raw_mse_v 15.9219  a0 0.42822  gnorm 43.99  (adaptive loss 1.9981 — flat by design)
[ train_imf ] step 99600  raw_mse_u 18.7267  raw_mse_v 11.9089  a0 0.14799  gnorm 37.32  (adaptive loss 1.9978 — flat by design)
[ train_imf ] step 99800  raw_mse_u 17.9642  raw_mse_v 13.9266  a0 0.37120  gnorm 31.80  (adaptive loss 1.9983 — flat by design)
wandb: - 0.009 MB of 0.009 MB uploadedwandb: \ 0.009 MB of 0.009 MB uploadedwandb: | 0.009 MB of 0.009 MB uploadedwandb: / 0.009 MB of 0.009 MB uploadedwandb: - 0.017 MB of 0.029 MB uploaded (0.004 MB deduped)wandb: \ 0.092 MB of 0.092 MB uploaded (0.004 MB deduped)wandb: | 0.092 MB of 0.092 MB uploaded (0.004 MB deduped)wandb: / 0.092 MB of 0.092 MB uploaded (0.004 MB deduped)wandb: - 0.092 MB of 0.092 MB uploaded (0.004 MB deduped)wandb: \ 0.092 MB of 0.092 MB uploaded (0.004 MB deduped)wandb: | 0.092 MB of 0.092 MB uploaded (0.004 MB deduped)wandb: / 0.092 MB of 0.092 MB uploaded (0.004 MB deduped)wandb: - 0.092 MB of 0.092 MB uploaded (0.004 MB deduped)wandb: \ 0.092 MB of 0.092 MB uploaded (0.004 MB deduped)wandb: | 0.092 MB of 0.092 MB uploaded (0.004 MB deduped)wandb: / 0.092 MB of 0.092 MB uploaded (0.004 MB deduped)wandb: - 0.092 MB of 0.092 MB uploaded (0.004 MB deduped)wandb: \ 0.092 MB of 0.092 MB uploaded (0.004 MB deduped)wandb: | 0.092 MB of 0.092 MB uploaded (0.004 MB deduped)wandb: / 0.092 MB of 0.092 MB uploaded (0.004 MB deduped)wandb: - 0.092 MB of 0.092 MB uploaded (0.004 MB deduped)wandb: \ 0.092 MB of 0.092 MB uploaded (0.004 MB deduped)wandb: | 0.092 MB of 0.092 MB uploaded (0.004 MB deduped)wandb: / 0.092 MB of 0.092 MB uploaded (0.004 MB deduped)wandb: - 0.092 MB of 0.092 MB uploaded (0.004 MB deduped)wandb: \ 0.092 MB of 0.092 MB uploaded (0.004 MB deduped)wandb: | 0.092 MB of 0.092 MB uploaded (0.004 MB deduped)wandb: / 0.092 MB of 0.092 MB uploaded (0.004 MB deduped)wandb: - 0.092 MB of 0.092 MB uploaded (0.004 MB deduped)wandb: \ 0.092 MB of 0.092 MB uploaded (0.004 MB deduped)wandb: | 0.092 MB of 0.092 MB uploaded (0.004 MB deduped)wandb: / 0.092 MB of 0.092 MB uploaded (0.004 MB deduped)wandb: - 0.092 MB of 0.092 MB uploaded (0.004 MB deduped)wandb: \ 0.092 MB of 0.092 MB uploaded (0.004 MB deduped)wandb: | 0.092 MB of 0.092 MB uploaded (0.004 MB deduped)wandb: / 0.092 MB of 0.092 MB uploaded (0.004 MB deduped)wandb: - 0.092 MB of 0.092 MB uploaded (0.004 MB deduped)wandb: \ 0.092 MB of 0.092 MB uploaded (0.004 MB deduped)wandb: | 0.092 MB of 0.092 MB uploaded (0.004 MB deduped)wandb: / 0.092 MB of 0.092 MB uploaded (0.004 MB deduped)wandb: - 0.092 MB of 0.092 MB uploaded (0.004 MB deduped)wandb: \ 0.092 MB of 0.092 MB uploaded (0.004 MB deduped)wandb: | 0.092 MB of 0.092 MB uploaded (0.004 MB deduped)wandb: / 0.092 MB of 0.092 MB uploaded (0.004 MB deduped)wandb: - 0.092 MB of 0.092 MB uploaded (0.004 MB deduped)wandb: \ 0.092 MB of 0.092 MB uploaded (0.004 MB deduped)wandb: | 0.092 MB of 0.092 MB uploaded (0.004 MB deduped)wandb: / 0.092 MB of 0.092 MB uploaded (0.004 MB deduped)wandb: - 0.092 MB of 0.092 MB uploaded (0.004 MB deduped)wandb:                                                                                
wandb: W&B sync reduced upload amount by 4.1%
wandb: 
wandb: Run history:
wandb:    a0_mse █▃▄▅▄▅▄▃▃▃▃▁▂▂▄▄▁▅▂▃▂▂▃▁▂▃▂▃▄▄▁▃▃▂▂▁▆▃▃▂
wandb:   fm_frac ▁▁▁▁▁▁▁▁▁▁▁▁▁▁▁▁▁▁▁▁▁▁▁▁▁▁▁▁▁▁▁▁▁▁▁▁▁▁▁▁
wandb: grad_norm ▁▂▅▅▆▆▅▆▅▆▅▅▄▆▆▆▇▆▅▄▆▆▄▆█▄▆▅▄▅▆▅▃▅▅▄▅█▅▇
wandb:    h_mean ▇▇▃▆▅▃▄▅▄▅▄▃▅▅▄▅▅▃▄▄▂▂▆▅▂▄▄▅▅█▂▁▆▃▆▄▅▂▅▃
wandb:      loss █▇▆▆▅▆▄▅▄▄▅▃▄▄▃▄▄▄▃▃▃▃▅▃▃▃▄▃▃▄▃▃▃▃▂▂▃▂▂▁
wandb: raw_mse_u █▄▃▃▂▂▁▂▂▂▂▁▂▂▁▂▁▂▁▂▂▁▃▁▂▂▁▁▃▂▁▁▂▂▂▁▂▂▁▁
wandb: raw_mse_v █▃▃▂▁▂▁▂▂▁▂▁▁▁▁▂▁▂▁▁▁▁▂▁▂▁▁▁▂▁▁▁▂▁▁▁▁▁▁▁
wandb: 
wandb: Run summary:
wandb:    a0_mse 0.3712
wandb:   fm_frac 0.25
wandb: grad_norm 31.79853
wandb:    h_mean 0.22392
wandb:      loss 1.99829
wandb: raw_mse_u 17.96419
wandb: raw_mse_v 13.92659
wandb: 
wandb: 🚀 View run HF-iMF-H16_imf_lronly_100k-seed0-slurm-23670 at: https://wandb.ai/llmmail2021-technical-university-of-munich/FMPCC-HF-iMF/runs/3jytavyp
wandb: ⭐️ View project at: https://wandb.ai/llmmail2021-technical-university-of-munich/FMPCC-HF-iMF
wandb: Synced 6 W&B file(s), 0 media file(s), 2 artifact file(s) and 0 other file(s)
wandb: Find logs at: ./logs/avoiding-v0/flow/H16_imf_lronly_100k/wandb/run-20260721_164815-3jytavyp/logs
wandb: WARNING The new W&B backend becomes opt-out in version 0.18.0; try it out with `wandb.require("core")`! See https://wandb.me/wandb-core for more information.
[ train_imf ] done. final checkpoints saved with cp index 4
Total runtime: 3h 22m 38s
[ HF-IMF-TRAIN ] done. checkpoints:
total 144852
drwxr-xr-x 3 llim tumuser     4096 Jul 21 20:09 .
drwxr-xr-x 8 llim tumuser      176 Jul 21 17:29 ..
-rw-r--r-- 1 llim tumuser      564 Jul 21 16:48 config.yaml
-rw-r--r-- 1 llim tumuser    62596 Jul 21 20:09 metrics.csv
-rw-r--r-- 1 llim tumuser 14823362 Jul 21 16:48 model_0.pth
-rw-r--r-- 1 llim tumuser 14823362 Jul 21 17:35 model_1.pth
-rw-r--r-- 1 llim tumuser 14823362 Jul 21 18:27 model_2.pth
-rw-r--r-- 1 llim tumuser 14823362 Jul 21 19:19 model_3.pth
-rw-r--r-- 1 llim tumuser 14823362 Jul 21 20:09 model_4.pth
-rw-r--r-- 1 llim tumuser 14824562 Jul 21 16:48 model_ema_0.pth
-rw-r--r-- 1 llim tumuser 14824562 Jul 21 17:35 model_ema_1.pth
-rw-r--r-- 1 llim tumuser 14824562 Jul 21 18:27 model_ema_2.pth
-rw-r--r-- 1 llim tumuser 14824562 Jul 21 19:19 model_ema_3.pth
-rw-r--r-- 1 llim tumuser 14824562 Jul 21 20:09 model_ema_4.pth
drwxr-xr-x 3 llim tumuser      123 Jul 21 16:48 wandb
================================================================================
JOB END: Tue Jul 21 20:10:49 UTC 2026
================================================================================
