/bin/bash: /u/home/llim/miniconda3/lib/libtinfo.so.6: no version information available (required by /bin/bash)
================================================================================
JOB START: Tue Jul 21 17:28:40 UTC 2026
JOB NAME:  hf_imf_train   ID: 23673   NODE: i6-gpu-1
CONDA ENV: hardflow_clone   (clone of FMPCC — live env untouched)
HARDFLOW_REPO: /u/home/llim/FMPCC/FM-PCC/HardFlow
LOG COLLECT:   /u/home/llim/FMPCC/FM-PCC/logs/hardflow
NVIDIA RTX A5000, 530.41.03, 24564 MiB
NVIDIA RTX A5000, 530.41.03, 24564 MiB
NVIDIA RTX A5000, 530.41.03, 24564 MiB
NVIDIA RTX A5000, 530.41.03, 24564 MiB
NVIDIA RTX A5000, 530.41.03, 24564 MiB
NVIDIA RTX A5000, 530.41.03, 24564 MiB
NVIDIA RTX A5000, 530.41.03, 24564 MiB
NVIDIA RTX A5000, 530.41.03, 24564 MiB
HARDFLOW GIT: 36efd5a
================================================================================
[ HF-BRIDGE ] python: /u/home/llim/miniconda3/envs/hardflow_clone/bin/python
[ HF-BRIDGE ] tyro OK, gym==0.20.0
[ HF-BRIDGE ] W&B key found -> WANDB_MODE=online
[ GPU-CHECK ] CUDA_VISIBLE_DEVICES=5  MUJOCO_EGL_DEVICE_ID=5
[ HF-BRIDGE ] /u/home/llim/FMPCC/FM-PCC/HardFlow/logs -> /u/home/llim/FMPCC/FM-PCC/logs/hardflow
[ HF-BRIDGE ] cwd: /u/home/llim/FMPCC/FM-PCC/HardFlow
[ HF-IMF-TRAIN ] gates first: python run/imf_gates.py

=== G0: TemporalImfUnet mechanics (avoiding config) ===
[ models/temporal_imf ] Channel dimensions: [(6, 32), (32, 128), (128, 256)]
[ PASS ] G0 shapes: tau=float: u(3, 16, 6) v(3, 16, 6)
[ PASS ] G0 shapes: tau=Tensor: u(3, 16, 6) v(3, 16, 6)
[ PASS ] G0 shapes: tau=float: u(3, 16, 6) v(3, 16, 6)
[ info ] TemporalImfUnet params: 3.69M

=== G1: 1D GMM end-to-end (convention / loss / sampler) ===
[ train ] step 0: raw_mse_u 5.3623 raw_mse_v 5.3333
[ train ] step 1000: raw_mse_u 25.7487 raw_mse_v 3.9826
[ train ] step 2000: raw_mse_u 24.1426 raw_mse_v 4.1025
[ train ] step 3000: raw_mse_u 16.5437 raw_mse_v 3.7099
[ PASS ] G1-A h->0 (u ~= v): rel err 0.0008
[ PASS ] G1-B 1-NFE lands on data (sign): mean|x| 2.089 (target ~2), near-mode frac 0.98, min-mode frac 0.48, W1 0.276
[ PASS ] G1-C K1 ~ K2 (W1): W1(K1,K2) 0.067
[ PASS ] G1-D jump composition (W1): W1 0.084

ALL GATES PASSED — cleared for Phase 2 (training).
[ HF-IMF-TRAIN ] bash run_scripts/train_imf.sh
bash: /u/home/llim/miniconda3/lib/libtinfo.so.6: no version information available (required by bash)
=== Gen13 iMF train: env=avoiding-v0 horizon=16 steps=100000 ===
[ datasets/buffer ] Finalized replay buffer | 96 episodes
[ datasets/sequence ] Calculating normalizer...
[ datasets/sequence ] Normalizer saved at logs/avoiding-v0/normalizer/normalizer_H16.pth
[ datasets/sequence ] Normalizer acquired
[ datasets/sequence ] Indices made
Normalizing...
  0%|          | 0/2 [00:00<?, ?it/s]100%|██████████| 2/2 [00:00<00:00, 2525.93it/s]
wandb: Currently logged in as: llmmail2021 (llmmail2021-technical-university-of-munich). Use `wandb login --relogin` to force relogin
wandb: wandb version 0.28.1 is available!  To upgrade, please run:
wandb:  $ pip install wandb --upgrade
wandb: Tracking run with wandb version 0.17.5
wandb: Run data is saved locally in ./logs/avoiding-v0/flow/H16_imf_cliponly_100k/wandb/run-20260721_172912-xzwzo8t0
wandb: Run `wandb offline` to turn off syncing.
wandb: Syncing run HF-iMF-H16_imf_cliponly_100k-seed0-slurm-23673
wandb: ⭐️ View project at https://wandb.ai/llmmail2021-technical-university-of-munich/FMPCC-HF-iMF
wandb: 🚀 View run at https://wandb.ai/llmmail2021-technical-university-of-munich/FMPCC-HF-iMF/runs/xzwzo8t0
[ datasets/sequence ] Normalized
[ datasets/buffer ] Fields:
    observations: (96, 200, 4)
    actions: (96, 200, 2)
    rewards: (96, 200, 1)
    terminals: (96, 200, 1)
    timeouts: (96, 200, 1)
    normed_observations: (96, 200, 4)
    normed_actions: (96, 200, 2)
[ models/temporal_imf ] Channel dimensions: [(6, 32), (32, 128), (128, 256)]
[ train_imf ] tensorboard not installed -> metrics.csv only
[ train_imf ] W&B online: project=FMPCC-HF-iMF run=HF-iMF-H16_imf_cliponly_100k-seed0-slurm-23673
[ train_imf ] non-tty (batch) mode: progress bar disabled, logging every 200 steps of 100000
[ train_imf ] step 0  raw_mse_u 139.3966  raw_mse_v 131.0064  a0 1.57035  gnorm 2.74  (adaptive loss 1.9998 — flat by design)
[ train_imf ] step 200  raw_mse_u 66.3998  raw_mse_v 65.5750  a0 0.99104  gnorm 3.58  (adaptive loss 1.9997 — flat by design)
[ train_imf ] step 400  raw_mse_u 41.8217  raw_mse_v 40.3365  a0 1.39591  gnorm 7.53  (adaptive loss 1.9995 — flat by design)
[ train_imf ] step 600  raw_mse_u 37.0253  raw_mse_v 33.1913  a0 0.93003  gnorm 12.61  (adaptive loss 1.9993 — flat by design)
[ train_imf ] step 800  raw_mse_u 32.5592  raw_mse_v 30.1296  a0 0.83670  gnorm 14.72  (adaptive loss 1.9992 — flat by design)
[ train_imf ] step 1000  raw_mse_u 25.6591  raw_mse_v 22.9725  a0 0.57640  gnorm 16.40  (adaptive loss 1.9989 — flat by design)
[ train_imf ] step 1200  raw_mse_u 29.8645  raw_mse_v 28.6202  a0 0.64503  gnorm 12.78  (adaptive loss 1.9991 — flat by design)
[ train_imf ] step 1400  raw_mse_u 23.6388  raw_mse_v 21.2143  a0 0.49244  gnorm 15.08  (adaptive loss 1.9989 — flat by design)
[ train_imf ] step 1600  raw_mse_u 27.8683  raw_mse_v 25.6725  a0 0.72789  gnorm 18.45  (adaptive loss 1.9989 — flat by design)
[ train_imf ] step 1800  raw_mse_u 27.9698  raw_mse_v 27.0000  a0 1.00145  gnorm 12.31  (adaptive loss 1.9989 — flat by design)
[ train_imf ] step 2000  raw_mse_u 25.9021  raw_mse_v 22.2958  a0 0.75282  gnorm 13.20  (adaptive loss 1.9989 — flat by design)
[ train_imf ] step 2200  raw_mse_u 24.9479  raw_mse_v 24.1138  a0 0.80911  gnorm 16.57  (adaptive loss 1.9989 — flat by design)
[ train_imf ] step 2400  raw_mse_u 33.6069  raw_mse_v 31.3020  a0 0.79173  gnorm 12.85  (adaptive loss 1.9989 — flat by design)
[ train_imf ] step 2600  raw_mse_u 20.0093  raw_mse_v 16.5806  a0 0.46801  gnorm 15.59  (adaptive loss 1.9987 — flat by design)
[ train_imf ] step 2800  raw_mse_u 24.2719  raw_mse_v 19.9242  a0 0.51803  gnorm 12.74  (adaptive loss 1.9986 — flat by design)
[ train_imf ] step 3000  raw_mse_u 21.4081  raw_mse_v 20.9891  a0 0.32617  gnorm 10.99  (adaptive loss 1.9986 — flat by design)
[ train_imf ] step 3200  raw_mse_u 19.9492  raw_mse_v 18.6516  a0 0.53857  gnorm 10.59  (adaptive loss 1.9985 — flat by design)
[ train_imf ] step 3400  raw_mse_u 29.8750  raw_mse_v 20.0693  a0 0.43069  gnorm 11.60  (adaptive loss 1.9987 — flat by design)
[ train_imf ] step 3600  raw_mse_u 17.4296  raw_mse_v 14.5220  a0 0.36551  gnorm 14.25  (adaptive loss 1.9982 — flat by design)
[ train_imf ] step 3800  raw_mse_u 17.9832  raw_mse_v 16.7724  a0 0.70485  gnorm 22.05  (adaptive loss 1.9984 — flat by design)
[ train_imf ] step 4000  raw_mse_u 20.5211  raw_mse_v 19.1783  a0 0.41008  gnorm 13.54  (adaptive loss 1.9987 — flat by design)
[ train_imf ] step 4200  raw_mse_u 20.2552  raw_mse_v 19.3253  a0 0.38395  gnorm 8.30  (adaptive loss 1.9987 — flat by design)
[ train_imf ] step 4400  raw_mse_u 19.0909  raw_mse_v 17.0836  a0 0.61594  gnorm 13.43  (adaptive loss 1.9985 — flat by design)
[ train_imf ] step 4600  raw_mse_u 19.9010  raw_mse_v 17.1611  a0 0.41466  gnorm 10.83  (adaptive loss 1.9984 — flat by design)
[ train_imf ] step 4800  raw_mse_u 21.2206  raw_mse_v 16.2051  a0 0.45650  gnorm 13.02  (adaptive loss 1.9982 — flat by design)
[ train_imf ] step 5000  raw_mse_u 19.8529  raw_mse_v 18.0042  a0 0.42318  gnorm 18.07  (adaptive loss 1.9983 — flat by design)
[ train_imf ] step 5200  raw_mse_u 17.5248  raw_mse_v 16.7346  a0 0.25863  gnorm 12.37  (adaptive loss 1.9979 — flat by design)
[ train_imf ] step 5400  raw_mse_u 26.6910  raw_mse_v 26.2187  a0 0.61342  gnorm 10.48  (adaptive loss 1.9986 — flat by design)
[ train_imf ] step 5600  raw_mse_u 17.2720  raw_mse_v 14.7373  a0 0.60038  gnorm 9.46  (adaptive loss 1.9985 — flat by design)
[ train_imf ] step 5800  raw_mse_u 23.0466  raw_mse_v 16.4539  a0 0.25992  gnorm 13.68  (adaptive loss 1.9984 — flat by design)
[ train_imf ] step 6000  raw_mse_u 30.2766  raw_mse_v 21.4679  a0 0.93128  gnorm 11.64  (adaptive loss 1.9987 — flat by design)
[ train_imf ] step 6200  raw_mse_u 14.0895  raw_mse_v 13.7180  a0 0.22612  gnorm 13.60  (adaptive loss 1.9980 — flat by design)
[ train_imf ] step 6400  raw_mse_u 25.9153  raw_mse_v 25.2798  a0 0.64359  gnorm 7.78  (adaptive loss 1.9986 — flat by design)
[ train_imf ] step 6600  raw_mse_u 14.3081  raw_mse_v 14.2208  a0 0.45044  gnorm 10.78  (adaptive loss 1.9978 — flat by design)
[ train_imf ] step 6800  raw_mse_u 19.0687  raw_mse_v 18.7322  a0 0.53445  gnorm 9.76  (adaptive loss 1.9981 — flat by design)
[ train_imf ] step 7000  raw_mse_u 18.6088  raw_mse_v 19.1929  a0 0.36255  gnorm 9.90  (adaptive loss 1.9984 — flat by design)
[ train_imf ] step 7200  raw_mse_u 18.4303  raw_mse_v 17.8222  a0 0.37726  gnorm 10.12  (adaptive loss 1.9980 — flat by design)
[ train_imf ] step 7400  raw_mse_u 20.6437  raw_mse_v 20.7504  a0 0.47505  gnorm 19.14  (adaptive loss 1.9982 — flat by design)
[ train_imf ] step 7600  raw_mse_u 16.4909  raw_mse_v 15.9093  a0 0.40300  gnorm 8.75  (adaptive loss 1.9981 — flat by design)
[ train_imf ] step 7800  raw_mse_u 82.2617  raw_mse_v 16.3589  a0 1.27037  gnorm 11.16  (adaptive loss 1.9979 — flat by design)
[ train_imf ] step 8000  raw_mse_u 15.1619  raw_mse_v 13.7789  a0 0.39185  gnorm 8.71  (adaptive loss 1.9983 — flat by design)
[ train_imf ] step 8200  raw_mse_u 35.2194  raw_mse_v 18.2212  a0 0.69766  gnorm 15.64  (adaptive loss 1.9984 — flat by design)
[ train_imf ] step 8400  raw_mse_u 15.2737  raw_mse_v 15.2739  a0 0.44078  gnorm 13.68  (adaptive loss 1.9981 — flat by design)
[ train_imf ] step 8600  raw_mse_u 14.0692  raw_mse_v 13.3228  a0 0.22372  gnorm 7.94  (adaptive loss 1.9981 — flat by design)
[ train_imf ] step 8800  raw_mse_u 25.3021  raw_mse_v 21.5326  a0 0.39637  gnorm 12.04  (adaptive loss 1.9986 — flat by design)
[ train_imf ] step 9000  raw_mse_u 21.3938  raw_mse_v 19.6703  a0 0.44660  gnorm 7.52  (adaptive loss 1.9986 — flat by design)
[ train_imf ] step 9200  raw_mse_u 21.5688  raw_mse_v 18.1213  a0 0.74270  gnorm 10.55  (adaptive loss 1.9984 — flat by design)
[ train_imf ] step 9400  raw_mse_u 12.7349  raw_mse_v 12.0587  a0 0.20023  gnorm 11.11  (adaptive loss 1.9976 — flat by design)
[ train_imf ] step 9600  raw_mse_u 16.8346  raw_mse_v 16.3433  a0 0.32282  gnorm 9.31  (adaptive loss 1.9980 — flat by design)
[ train_imf ] step 9800  raw_mse_u 16.7482  raw_mse_v 15.4914  a0 0.35694  gnorm 11.90  (adaptive loss 1.9981 — flat by design)
[ train_imf ] step 10000  raw_mse_u 19.4953  raw_mse_v 14.7104  a0 0.50390  gnorm 9.52  (adaptive loss 1.9980 — flat by design)
[ train_imf ] step 10200  raw_mse_u 13.2622  raw_mse_v 11.2110  a0 0.31525  gnorm 8.51  (adaptive loss 1.9978 — flat by design)
[ train_imf ] step 10400  raw_mse_u 14.3494  raw_mse_v 14.6055  a0 0.25348  gnorm 11.72  (adaptive loss 1.9977 — flat by design)
[ train_imf ] step 10600  raw_mse_u 23.5679  raw_mse_v 19.0595  a0 0.59437  gnorm 16.81  (adaptive loss 1.9981 — flat by design)
[ train_imf ] step 10800  raw_mse_u 15.4769  raw_mse_v 15.8804  a0 0.26437  gnorm 10.67  (adaptive loss 1.9979 — flat by design)
[ train_imf ] step 11000  raw_mse_u 15.0233  raw_mse_v 14.3597  a0 0.30526  gnorm 9.41  (adaptive loss 1.9978 — flat by design)
[ train_imf ] step 11200  raw_mse_u 19.9657  raw_mse_v 18.8215  a0 0.32576  gnorm 9.34  (adaptive loss 1.9984 — flat by design)
[ train_imf ] step 11400  raw_mse_u 17.5930  raw_mse_v 15.5648  a0 0.39069  gnorm 10.50  (adaptive loss 1.9981 — flat by design)
[ train_imf ] step 11600  raw_mse_u 38.3525  raw_mse_v 11.4011  a0 0.51151  gnorm 11.56  (adaptive loss 1.9978 — flat by design)
[ train_imf ] step 11800  raw_mse_u 16.5716  raw_mse_v 15.7709  a0 0.27855  gnorm 10.93  (adaptive loss 1.9981 — flat by design)
[ train_imf ] step 12000  raw_mse_u 21.2265  raw_mse_v 17.5651  a0 0.49037  gnorm 9.46  (adaptive loss 1.9982 — flat by design)
[ train_imf ] step 12200  raw_mse_u 20.3234  raw_mse_v 17.5722  a0 0.35725  gnorm 12.02  (adaptive loss 1.9979 — flat by design)
[ train_imf ] step 12400  raw_mse_u 21.9673  raw_mse_v 16.2515  a0 0.53728  gnorm 7.30  (adaptive loss 1.9984 — flat by design)
[ train_imf ] step 12600  raw_mse_u 15.2155  raw_mse_v 16.8261  a0 0.32256  gnorm 11.46  (adaptive loss 1.9982 — flat by design)
[ train_imf ] step 12800  raw_mse_u 17.2618  raw_mse_v 15.1125  a0 0.65244  gnorm 10.89  (adaptive loss 1.9979 — flat by design)
[ train_imf ] step 13000  raw_mse_u 17.3997  raw_mse_v 17.0088  a0 0.64220  gnorm 10.81  (adaptive loss 1.9980 — flat by design)
[ train_imf ] step 13200  raw_mse_u 13.3729  raw_mse_v 12.1426  a0 0.36459  gnorm 11.07  (adaptive loss 1.9979 — flat by design)
[ train_imf ] step 13400  raw_mse_u 15.2657  raw_mse_v 13.6295  a0 0.45501  gnorm 9.47  (adaptive loss 1.9975 — flat by design)
[ train_imf ] step 13600  raw_mse_u 17.3017  raw_mse_v 16.4029  a0 0.28495  gnorm 13.33  (adaptive loss 1.9983 — flat by design)
[ train_imf ] step 13800  raw_mse_u 19.7795  raw_mse_v 17.4003  a0 0.46947  gnorm 11.59  (adaptive loss 1.9978 — flat by design)
[ train_imf ] step 14000  raw_mse_u 18.8139  raw_mse_v 18.2571  a0 0.79627  gnorm 7.80  (adaptive loss 1.9983 — flat by design)
[ train_imf ] step 14200  raw_mse_u 18.8959  raw_mse_v 16.6432  a0 0.47460  gnorm 7.24  (adaptive loss 1.9978 — flat by design)
[ train_imf ] step 14400  raw_mse_u 24.1925  raw_mse_v 15.3433  a0 0.44436  gnorm 8.89  (adaptive loss 1.9981 — flat by design)
[ train_imf ] step 14600  raw_mse_u 15.7326  raw_mse_v 12.6517  a0 0.48328  gnorm 8.21  (adaptive loss 1.9980 — flat by design)
[ train_imf ] step 14800  raw_mse_u 18.8223  raw_mse_v 14.7738  a0 0.51287  gnorm 9.62  (adaptive loss 1.9975 — flat by design)
[ train_imf ] step 15000  raw_mse_u 16.2529  raw_mse_v 14.4550  a0 0.38850  gnorm 9.40  (adaptive loss 1.9976 — flat by design)
[ train_imf ] step 15200  raw_mse_u 14.4065  raw_mse_v 16.0058  a0 0.44632  gnorm 7.38  (adaptive loss 1.9979 — flat by design)
[ train_imf ] step 15400  raw_mse_u 14.4220  raw_mse_v 13.0454  a0 0.47200  gnorm 9.52  (adaptive loss 1.9977 — flat by design)
[ train_imf ] step 15600  raw_mse_u 24.2067  raw_mse_v 17.1644  a0 0.43609  gnorm 11.50  (adaptive loss 1.9981 — flat by design)
[ train_imf ] step 15800  raw_mse_u 14.9292  raw_mse_v 14.0280  a0 0.59473  gnorm 8.90  (adaptive loss 1.9978 — flat by design)
[ train_imf ] step 16000  raw_mse_u 16.6555  raw_mse_v 12.5821  a0 0.44146  gnorm 7.47  (adaptive loss 1.9981 — flat by design)
[ train_imf ] step 16200  raw_mse_u 17.7542  raw_mse_v 17.0233  a0 0.56346  gnorm 13.61  (adaptive loss 1.9978 — flat by design)
[ train_imf ] step 16400  raw_mse_u 17.3608  raw_mse_v 17.6193  a0 0.40571  gnorm 10.61  (adaptive loss 1.9980 — flat by design)
[ train_imf ] step 16600  raw_mse_u 13.0281  raw_mse_v 10.2973  a0 0.24552  gnorm 10.83  (adaptive loss 1.9974 — flat by design)
[ train_imf ] step 16800  raw_mse_u 16.1587  raw_mse_v 11.1474  a0 0.41254  gnorm 10.66  (adaptive loss 1.9975 — flat by design)
[ train_imf ] step 17000  raw_mse_u 19.5607  raw_mse_v 10.0507  a0 0.37121  gnorm 9.77  (adaptive loss 1.9973 — flat by design)
[ train_imf ] step 17200  raw_mse_u 15.0123  raw_mse_v 13.7225  a0 0.45907  gnorm 10.64  (adaptive loss 1.9970 — flat by design)
[ train_imf ] step 17400  raw_mse_u 16.0143  raw_mse_v 14.9358  a0 0.32786  gnorm 11.47  (adaptive loss 1.9981 — flat by design)
[ train_imf ] step 17600  raw_mse_u 19.6132  raw_mse_v 17.1578  a0 0.41868  gnorm 7.91  (adaptive loss 1.9984 — flat by design)
[ train_imf ] step 17800  raw_mse_u 75.8547  raw_mse_v 21.9853  a0 4.33278  gnorm 17.08  (adaptive loss 1.9987 — flat by design)
[ train_imf ] step 18000  raw_mse_u 10.7620  raw_mse_v 10.3696  a0 0.21847  gnorm 7.33  (adaptive loss 1.9975 — flat by design)
[ train_imf ] step 18200  raw_mse_u 18.6402  raw_mse_v 18.2762  a0 0.39753  gnorm 8.78  (adaptive loss 1.9981 — flat by design)
[ train_imf ] step 18400  raw_mse_u 14.4982  raw_mse_v 14.6830  a0 0.25921  gnorm 8.40  (adaptive loss 1.9981 — flat by design)
[ train_imf ] step 18600  raw_mse_u 18.4741  raw_mse_v 14.5581  a0 0.38115  gnorm 9.25  (adaptive loss 1.9980 — flat by design)
[ train_imf ] step 18800  raw_mse_u 16.8889  raw_mse_v 15.5516  a0 0.39500  gnorm 6.58  (adaptive loss 1.9980 — flat by design)
[ train_imf ] step 19000  raw_mse_u 25.3280  raw_mse_v 19.6272  a0 0.38196  gnorm 12.98  (adaptive loss 1.9978 — flat by design)
[ train_imf ] step 19200  raw_mse_u 17.4823  raw_mse_v 13.8478  a0 0.29586  gnorm 11.32  (adaptive loss 1.9982 — flat by design)
[ train_imf ] step 19400  raw_mse_u 17.5418  raw_mse_v 16.0865  a0 0.28926  gnorm 8.00  (adaptive loss 1.9979 — flat by design)
[ train_imf ] step 19600  raw_mse_u 13.4708  raw_mse_v 12.1824  a0 0.30206  gnorm 8.43  (adaptive loss 1.9977 — flat by design)
[ train_imf ] step 19800  raw_mse_u 17.9069  raw_mse_v 14.3938  a0 0.17271  gnorm 14.77  (adaptive loss 1.9976 — flat by design)
[ train_imf ] step 20000  raw_mse_u 15.3685  raw_mse_v 12.7423  a0 0.26734  gnorm 7.57  (adaptive loss 1.9978 — flat by design)
[ train_imf ] step 20200  raw_mse_u 15.3035  raw_mse_v 13.1507  a0 0.43768  gnorm 9.12  (adaptive loss 1.9977 — flat by design)
[ train_imf ] step 20400  raw_mse_u 14.8935  raw_mse_v 14.3690  a0 0.57700  gnorm 8.43  (adaptive loss 1.9975 — flat by design)
[ train_imf ] step 20600  raw_mse_u 28.5690  raw_mse_v 15.9205  a0 1.67214  gnorm 10.98  (adaptive loss 1.9978 — flat by design)
[ train_imf ] step 20800  raw_mse_u 31.1091  raw_mse_v 12.1841  a0 0.36976  gnorm 12.60  (adaptive loss 1.9977 — flat by design)
[ train_imf ] step 21000  raw_mse_u 35.0440  raw_mse_v 13.2660  a0 2.24108  gnorm 13.53  (adaptive loss 1.9982 — flat by design)
[ train_imf ] step 21200  raw_mse_u 14.0799  raw_mse_v 12.7480  a0 0.30384  gnorm 8.77  (adaptive loss 1.9973 — flat by design)
[ train_imf ] step 21400  raw_mse_u 18.1381  raw_mse_v 15.7241  a0 0.30390  gnorm 11.54  (adaptive loss 1.9979 — flat by design)
[ train_imf ] step 21600  raw_mse_u 14.7187  raw_mse_v 14.2371  a0 0.40574  gnorm 7.67  (adaptive loss 1.9979 — flat by design)
[ train_imf ] step 21800  raw_mse_u 16.8208  raw_mse_v 13.8141  a0 0.17609  gnorm 11.18  (adaptive loss 1.9976 — flat by design)
[ train_imf ] step 22000  raw_mse_u 15.5235  raw_mse_v 14.8556  a0 0.35604  gnorm 8.02  (adaptive loss 1.9979 — flat by design)
[ train_imf ] step 22200  raw_mse_u 34.1895  raw_mse_v 14.8066  a0 1.20469  gnorm 6.90  (adaptive loss 1.9974 — flat by design)
[ train_imf ] step 22400  raw_mse_u 16.3115  raw_mse_v 15.9516  a0 0.28057  gnorm 8.79  (adaptive loss 1.9975 — flat by design)
[ train_imf ] step 22600  raw_mse_u 22.3489  raw_mse_v 15.3330  a0 0.56799  gnorm 11.85  (adaptive loss 1.9978 — flat by design)
[ train_imf ] step 22800  raw_mse_u 10.6813  raw_mse_v 10.1058  a0 0.19285  gnorm 12.11  (adaptive loss 1.9975 — flat by design)
[ train_imf ] step 23000  raw_mse_u 13.5826  raw_mse_v 12.2371  a0 0.32775  gnorm 8.81  (adaptive loss 1.9977 — flat by design)
[ train_imf ] step 23200  raw_mse_u 11.9854  raw_mse_v 12.5985  a0 0.33328  gnorm 10.03  (adaptive loss 1.9972 — flat by design)
[ train_imf ] step 23400  raw_mse_u 14.6230  raw_mse_v 14.3731  a0 0.22396  gnorm 9.01  (adaptive loss 1.9978 — flat by design)
[ train_imf ] step 23600  raw_mse_u 198.3936  raw_mse_v 15.2429  a0 3.37075  gnorm 13.42  (adaptive loss 1.9982 — flat by design)
[ train_imf ] step 23800  raw_mse_u 15.0656  raw_mse_v 12.2779  a0 0.51504  gnorm 10.96  (adaptive loss 1.9975 — flat by design)
[ train_imf ] step 24000  raw_mse_u 16.4542  raw_mse_v 13.4229  a0 0.51483  gnorm 10.66  (adaptive loss 1.9974 — flat by design)
[ train_imf ] step 24200  raw_mse_u 15.2545  raw_mse_v 13.6953  a0 0.23214  gnorm 10.56  (adaptive loss 1.9977 — flat by design)
[ train_imf ] step 24400  raw_mse_u 19.4055  raw_mse_v 11.6967  a0 0.39955  gnorm 7.21  (adaptive loss 1.9971 — flat by design)
[ train_imf ] step 24600  raw_mse_u 12.0430  raw_mse_v 10.9690  a0 0.12916  gnorm 9.92  (adaptive loss 1.9970 — flat by design)
[ train_imf ] step 24800  raw_mse_u 12.1548  raw_mse_v 11.0292  a0 0.31042  gnorm 8.58  (adaptive loss 1.9976 — flat by design)
[ train_imf ] step 25000  raw_mse_u 16.1599  raw_mse_v 15.5703  a0 0.44533  gnorm 6.67  (adaptive loss 1.9980 — flat by design)
[ train_imf ] step 25200  raw_mse_u 13.0675  raw_mse_v 11.2482  a0 0.49966  gnorm 17.09  (adaptive loss 1.9971 — flat by design)
[ train_imf ] step 25400  raw_mse_u 22.2636  raw_mse_v 17.2718  a0 0.41594  gnorm 10.59  (adaptive loss 1.9979 — flat by design)
[ train_imf ] step 25600  raw_mse_u 19.3604  raw_mse_v 15.3933  a0 0.54870  gnorm 9.64  (adaptive loss 1.9978 — flat by design)
[ train_imf ] step 25800  raw_mse_u 18.3923  raw_mse_v 13.6249  a0 0.47091  gnorm 10.36  (adaptive loss 1.9979 — flat by design)
[ train_imf ] step 26000  raw_mse_u 13.5059  raw_mse_v 12.9164  a0 0.19881  gnorm 8.54  (adaptive loss 1.9975 — flat by design)
[ train_imf ] step 26200  raw_mse_u 15.5908  raw_mse_v 15.1481  a0 0.41128  gnorm 11.46  (adaptive loss 1.9976 — flat by design)
[ train_imf ] step 26400  raw_mse_u 10.9763  raw_mse_v 11.7089  a0 0.21820  gnorm 8.17  (adaptive loss 1.9970 — flat by design)
[ train_imf ] step 26600  raw_mse_u 10.9165  raw_mse_v 11.5980  a0 0.18055  gnorm 10.82  (adaptive loss 1.9969 — flat by design)
[ train_imf ] step 26800  raw_mse_u 16.5324  raw_mse_v 15.1592  a0 0.33421  gnorm 7.28  (adaptive loss 1.9973 — flat by design)
[ train_imf ] step 27000  raw_mse_u 18.9625  raw_mse_v 14.2522  a0 0.52531  gnorm 12.18  (adaptive loss 1.9978 — flat by design)
[ train_imf ] step 27200  raw_mse_u 13.4474  raw_mse_v 13.2382  a0 0.25760  gnorm 6.56  (adaptive loss 1.9975 — flat by design)
[ train_imf ] step 27400  raw_mse_u 16.6650  raw_mse_v 14.9950  a0 0.31569  gnorm 7.30  (adaptive loss 1.9979 — flat by design)
[ train_imf ] step 27600  raw_mse_u 18.1112  raw_mse_v 12.3220  a0 0.52629  gnorm 13.99  (adaptive loss 1.9977 — flat by design)
[ train_imf ] step 27800  raw_mse_u 12.1040  raw_mse_v 10.6166  a0 0.20625  gnorm 10.32  (adaptive loss 1.9971 — flat by design)
[ train_imf ] step 28000  raw_mse_u 24.6852  raw_mse_v 21.2532  a0 0.58420  gnorm 8.19  (adaptive loss 1.9981 — flat by design)
[ train_imf ] step 28200  raw_mse_u 25.3136  raw_mse_v 17.3004  a0 1.22119  gnorm 10.05  (adaptive loss 1.9979 — flat by design)
[ train_imf ] step 28400  raw_mse_u 25.7852  raw_mse_v 17.2346  a0 0.43870  gnorm 9.31  (adaptive loss 1.9983 — flat by design)
[ train_imf ] step 28600  raw_mse_u 17.2054  raw_mse_v 14.0597  a0 0.59110  gnorm 14.29  (adaptive loss 1.9978 — flat by design)
[ train_imf ] step 28800  raw_mse_u 19.9564  raw_mse_v 17.7808  a0 0.52151  gnorm 9.96  (adaptive loss 1.9982 — flat by design)
[ train_imf ] step 29000  raw_mse_u 14.5322  raw_mse_v 13.7595  a0 0.19338  gnorm 9.56  (adaptive loss 1.9963 — flat by design)
[ train_imf ] step 29200  raw_mse_u 18.2056  raw_mse_v 17.7975  a0 0.53496  gnorm 11.06  (adaptive loss 1.9979 — flat by design)
[ train_imf ] step 29400  raw_mse_u 103.0989  raw_mse_v 13.8952  a0 2.87808  gnorm 14.27  (adaptive loss 1.9977 — flat by design)
[ train_imf ] step 29600  raw_mse_u 17.8691  raw_mse_v 15.0443  a0 0.15189  gnorm 10.14  (adaptive loss 1.9977 — flat by design)
[ train_imf ] step 29800  raw_mse_u 12.7437  raw_mse_v 11.9168  a0 0.22330  gnorm 6.55  (adaptive loss 1.9974 — flat by design)
[ train_imf ] step 30000  raw_mse_u 16.7176  raw_mse_v 15.2385  a0 0.41769  gnorm 10.45  (adaptive loss 1.9979 — flat by design)
[ train_imf ] step 30200  raw_mse_u 15.2551  raw_mse_v 13.5181  a0 0.45197  gnorm 13.30  (adaptive loss 1.9972 — flat by design)
[ train_imf ] step 30400  raw_mse_u 13.3065  raw_mse_v 12.5703  a0 0.33067  gnorm 10.63  (adaptive loss 1.9970 — flat by design)
[ train_imf ] step 30600  raw_mse_u 14.0219  raw_mse_v 14.3796  a0 0.32405  gnorm 9.62  (adaptive loss 1.9979 — flat by design)
[ train_imf ] step 30800  raw_mse_u 15.8189  raw_mse_v 15.5423  a0 0.28098  gnorm 7.73  (adaptive loss 1.9979 — flat by design)
[ train_imf ] step 31000  raw_mse_u 13.8626  raw_mse_v 13.4958  a0 0.23509  gnorm 8.20  (adaptive loss 1.9974 — flat by design)
[ train_imf ] step 31200  raw_mse_u 12.4074  raw_mse_v 12.4235  a0 0.40445  gnorm 12.55  (adaptive loss 1.9968 — flat by design)
[ train_imf ] step 31400  raw_mse_u 18.5678  raw_mse_v 17.3029  a0 0.45661  gnorm 7.65  (adaptive loss 1.9980 — flat by design)
[ train_imf ] step 31600  raw_mse_u 23.2533  raw_mse_v 16.0527  a0 0.25934  gnorm 11.89  (adaptive loss 1.9981 — flat by design)
[ train_imf ] step 31800  raw_mse_u 15.0593  raw_mse_v 15.1356  a0 0.27973  gnorm 7.49  (adaptive loss 1.9974 — flat by design)
[ train_imf ] step 32000  raw_mse_u 33.5381  raw_mse_v 16.0264  a0 0.96390  gnorm 7.30  (adaptive loss 1.9975 — flat by design)
[ train_imf ] step 32200  raw_mse_u 16.2128  raw_mse_v 12.1246  a0 0.50106  gnorm 8.20  (adaptive loss 1.9973 — flat by design)
[ train_imf ] step 32400  raw_mse_u 20.5437  raw_mse_v 15.4709  a0 0.68450  gnorm 8.87  (adaptive loss 1.9979 — flat by design)
[ train_imf ] step 32600  raw_mse_u 14.1685  raw_mse_v 13.8694  a0 0.21123  gnorm 9.27  (adaptive loss 1.9976 — flat by design)
[ train_imf ] step 32800  raw_mse_u 54.2869  raw_mse_v 11.0141  a0 0.60155  gnorm 13.91  (adaptive loss 1.9971 — flat by design)
[ train_imf ] step 33000  raw_mse_u 17.3143  raw_mse_v 11.3656  a0 0.38648  gnorm 10.84  (adaptive loss 1.9970 — flat by design)
[ train_imf ] step 33200  raw_mse_u 12.3031  raw_mse_v 10.9286  a0 0.21534  gnorm 9.95  (adaptive loss 1.9974 — flat by design)
[ train_imf ] step 33400  raw_mse_u 16.9172  raw_mse_v 14.4945  a0 0.34614  gnorm 12.17  (adaptive loss 1.9976 — flat by design)
[ train_imf ] step 33600  raw_mse_u 17.9124  raw_mse_v 15.1792  a0 0.38499  gnorm 9.21  (adaptive loss 1.9977 — flat by design)
[ train_imf ] step 33800  raw_mse_u 216.7063  raw_mse_v 11.8554  a0 7.22363  gnorm 32.88  (adaptive loss 1.9974 — flat by design)
[ train_imf ] step 34000  raw_mse_u 8.6134  raw_mse_v 7.8140  a0 0.15354  gnorm 11.38  (adaptive loss 1.9965 — flat by design)
[ train_imf ] step 34200  raw_mse_u 18.6581  raw_mse_v 12.2692  a0 0.59649  gnorm 10.22  (adaptive loss 1.9977 — flat by design)
[ train_imf ] step 34400  raw_mse_u 12.4433  raw_mse_v 11.9678  a0 0.20110  gnorm 9.89  (adaptive loss 1.9974 — flat by design)
[ train_imf ] step 34600  raw_mse_u 19.0428  raw_mse_v 14.1788  a0 0.36796  gnorm 9.58  (adaptive loss 1.9978 — flat by design)
[ train_imf ] step 34800  raw_mse_u 11.4417  raw_mse_v 10.4901  a0 0.18251  gnorm 8.38  (adaptive loss 1.9971 — flat by design)
[ train_imf ] step 35000  raw_mse_u 16.6998  raw_mse_v 15.5631  a0 0.22147  gnorm 12.81  (adaptive loss 1.9978 — flat by design)
[ train_imf ] step 35200  raw_mse_u 13.8547  raw_mse_v 11.8611  a0 0.21005  gnorm 9.69  (adaptive loss 1.9972 — flat by design)
[ train_imf ] step 35400  raw_mse_u 16.6968  raw_mse_v 16.0076  a0 0.18835  gnorm 8.05  (adaptive loss 1.9975 — flat by design)
[ train_imf ] step 35600  raw_mse_u 22.5087  raw_mse_v 12.1711  a0 0.86926  gnorm 11.89  (adaptive loss 1.9973 — flat by design)
[ train_imf ] step 35800  raw_mse_u 12.1762  raw_mse_v 11.3749  a0 0.35303  gnorm 8.39  (adaptive loss 1.9971 — flat by design)
[ train_imf ] step 36000  raw_mse_u 22.1918  raw_mse_v 9.6449  a0 1.32794  gnorm 10.05  (adaptive loss 1.9976 — flat by design)
[ train_imf ] step 36200  raw_mse_u 10.2693  raw_mse_v 10.5352  a0 0.15464  gnorm 8.32  (adaptive loss 1.9974 — flat by design)
[ train_imf ] step 36400  raw_mse_u 13.5182  raw_mse_v 9.6492  a0 0.23981  gnorm 20.24  (adaptive loss 1.9967 — flat by design)
[ train_imf ] step 36600  raw_mse_u 13.0664  raw_mse_v 12.4845  a0 0.34249  gnorm 17.05  (adaptive loss 1.9977 — flat by design)
[ train_imf ] step 36800  raw_mse_u 14.8255  raw_mse_v 14.6843  a0 0.37641  gnorm 9.09  (adaptive loss 1.9978 — flat by design)
[ train_imf ] step 37000  raw_mse_u 13.3631  raw_mse_v 12.7019  a0 0.35558  gnorm 8.62  (adaptive loss 1.9974 — flat by design)
[ train_imf ] step 37200  raw_mse_u 14.9527  raw_mse_v 12.7647  a0 0.14703  gnorm 11.22  (adaptive loss 1.9979 — flat by design)
[ train_imf ] step 37400  raw_mse_u 14.9122  raw_mse_v 14.3575  a0 0.22371  gnorm 10.81  (adaptive loss 1.9969 — flat by design)
[ train_imf ] step 37600  raw_mse_u 10.6144  raw_mse_v 9.6305  a0 0.18676  gnorm 7.87  (adaptive loss 1.9973 — flat by design)
[ train_imf ] step 37800  raw_mse_u 15.1919  raw_mse_v 13.1066  a0 0.40182  gnorm 9.91  (adaptive loss 1.9977 — flat by design)
[ train_imf ] step 38000  raw_mse_u 18.3576  raw_mse_v 17.1747  a0 0.35895  gnorm 7.17  (adaptive loss 1.9980 — flat by design)
[ train_imf ] step 38200  raw_mse_u 17.2435  raw_mse_v 15.8850  a0 0.32515  gnorm 8.07  (adaptive loss 1.9979 — flat by design)
[ train_imf ] step 38400  raw_mse_u 11.7812  raw_mse_v 10.1389  a0 0.21360  gnorm 11.72  (adaptive loss 1.9966 — flat by design)
[ train_imf ] step 38600  raw_mse_u 24.3397  raw_mse_v 15.5072  a0 1.55324  gnorm 10.92  (adaptive loss 1.9974 — flat by design)
[ train_imf ] step 38800  raw_mse_u 12.2993  raw_mse_v 11.1750  a0 0.24647  gnorm 9.54  (adaptive loss 1.9966 — flat by design)
[ train_imf ] step 39000  raw_mse_u 13.1222  raw_mse_v 12.5981  a0 0.26589  gnorm 9.85  (adaptive loss 1.9973 — flat by design)
[ train_imf ] step 39200  raw_mse_u 15.6640  raw_mse_v 12.6209  a0 0.24628  gnorm 8.34  (adaptive loss 1.9975 — flat by design)
[ train_imf ] step 39400  raw_mse_u 31.5548  raw_mse_v 10.5175  a0 0.25658  gnorm 8.50  (adaptive loss 1.9971 — flat by design)
[ train_imf ] step 39600  raw_mse_u 11.0258  raw_mse_v 10.4740  a0 0.19569  gnorm 7.42  (adaptive loss 1.9972 — flat by design)
[ train_imf ] step 39800  raw_mse_u 20.7124  raw_mse_v 17.2377  a0 0.32924  gnorm 8.87  (adaptive loss 1.9973 — flat by design)
[ train_imf ] step 40000  raw_mse_u 20.7021  raw_mse_v 20.3701  a0 0.61975  gnorm 12.10  (adaptive loss 1.9970 — flat by design)
[ train_imf ] step 40200  raw_mse_u 16.1362  raw_mse_v 14.5274  a0 0.24697  gnorm 7.43  (adaptive loss 1.9976 — flat by design)
[ train_imf ] step 40400  raw_mse_u 12.6971  raw_mse_v 12.5035  a0 0.17102  gnorm 8.67  (adaptive loss 1.9979 — flat by design)
[ train_imf ] step 40600  raw_mse_u 14.4605  raw_mse_v 13.6164  a0 0.18389  gnorm 9.13  (adaptive loss 1.9976 — flat by design)
[ train_imf ] step 40800  raw_mse_u 14.4467  raw_mse_v 11.7303  a0 0.25299  gnorm 8.29  (adaptive loss 1.9968 — flat by design)
[ train_imf ] step 41000  raw_mse_u 12.4078  raw_mse_v 12.1354  a0 0.15394  gnorm 8.91  (adaptive loss 1.9969 — flat by design)
[ train_imf ] step 41200  raw_mse_u 20.6068  raw_mse_v 8.8962  a0 0.37235  gnorm 13.68  (adaptive loss 1.9971 — flat by design)
[ train_imf ] step 41400  raw_mse_u 14.9002  raw_mse_v 9.7700  a0 0.60557  gnorm 12.33  (adaptive loss 1.9974 — flat by design)
[ train_imf ] step 41600  raw_mse_u 18.0243  raw_mse_v 9.9409  a0 0.23885  gnorm 11.27  (adaptive loss 1.9975 — flat by design)
[ train_imf ] step 41800  raw_mse_u 16.7343  raw_mse_v 9.9988  a0 0.34676  gnorm 8.42  (adaptive loss 1.9967 — flat by design)
[ train_imf ] step 42000  raw_mse_u 14.2084  raw_mse_v 13.4523  a0 0.24156  gnorm 8.32  (adaptive loss 1.9975 — flat by design)
[ train_imf ] step 42200  raw_mse_u 18.1562  raw_mse_v 13.7829  a0 0.59691  gnorm 8.70  (adaptive loss 1.9980 — flat by design)
[ train_imf ] step 42400  raw_mse_u 15.9212  raw_mse_v 14.7171  a0 0.35120  gnorm 21.40  (adaptive loss 1.9974 — flat by design)
[ train_imf ] step 42600  raw_mse_u 16.3450  raw_mse_v 16.3442  a0 0.18730  gnorm 7.80  (adaptive loss 1.9975 — flat by design)
[ train_imf ] step 42800  raw_mse_u 14.6639  raw_mse_v 13.3148  a0 0.23320  gnorm 8.01  (adaptive loss 1.9976 — flat by design)
[ train_imf ] step 43000  raw_mse_u 16.6859  raw_mse_v 13.4060  a0 0.36950  gnorm 6.38  (adaptive loss 1.9981 — flat by design)
[ train_imf ] step 43200  raw_mse_u 14.6993  raw_mse_v 12.5377  a0 0.16242  gnorm 8.38  (adaptive loss 1.9978 — flat by design)
[ train_imf ] step 43400  raw_mse_u 34.5226  raw_mse_v 15.8832  a0 0.39447  gnorm 11.01  (adaptive loss 1.9978 — flat by design)
[ train_imf ] step 43600  raw_mse_u 12.7486  raw_mse_v 11.9661  a0 0.23813  gnorm 9.17  (adaptive loss 1.9976 — flat by design)
[ train_imf ] step 43800  raw_mse_u 114.1091  raw_mse_v 12.2658  a0 4.89278  gnorm 13.05  (adaptive loss 1.9977 — flat by design)
[ train_imf ] step 44000  raw_mse_u 66.0209  raw_mse_v 16.3505  a0 1.64690  gnorm 18.54  (adaptive loss 1.9975 — flat by design)
[ train_imf ] step 44200  raw_mse_u 20.3318  raw_mse_v 16.1482  a0 0.36618  gnorm 8.23  (adaptive loss 1.9969 — flat by design)
[ train_imf ] step 44400  raw_mse_u 11.8540  raw_mse_v 9.5644  a0 0.30285  gnorm 12.07  (adaptive loss 1.9969 — flat by design)
[ train_imf ] step 44600  raw_mse_u 11.5933  raw_mse_v 11.9462  a0 0.17258  gnorm 10.84  (adaptive loss 1.9973 — flat by design)
[ train_imf ] step 44800  raw_mse_u 12.8654  raw_mse_v 12.1721  a0 0.23106  gnorm 17.16  (adaptive loss 1.9973 — flat by design)
[ train_imf ] step 45000  raw_mse_u 14.4415  raw_mse_v 12.7390  a0 0.22896  gnorm 6.57  (adaptive loss 1.9980 — flat by design)
[ train_imf ] step 45200  raw_mse_u 16.1739  raw_mse_v 15.7415  a0 0.32239  gnorm 10.16  (adaptive loss 1.9975 — flat by design)
[ train_imf ] step 45400  raw_mse_u 11.8369  raw_mse_v 9.6253  a0 0.20364  gnorm 8.15  (adaptive loss 1.9973 — flat by design)
[ train_imf ] step 45600  raw_mse_u 12.5176  raw_mse_v 9.9629  a0 0.15152  gnorm 7.84  (adaptive loss 1.9972 — flat by design)
[ train_imf ] step 45800  raw_mse_u 15.3739  raw_mse_v 14.5637  a0 0.22729  gnorm 9.95  (adaptive loss 1.9969 — flat by design)
[ train_imf ] step 46000  raw_mse_u 21.4171  raw_mse_v 16.2645  a0 0.32275  gnorm 7.94  (adaptive loss 1.9977 — flat by design)
[ train_imf ] step 46200  raw_mse_u 14.9487  raw_mse_v 13.9391  a0 0.25015  gnorm 9.90  (adaptive loss 1.9971 — flat by design)
[ train_imf ] step 46400  raw_mse_u 15.6590  raw_mse_v 12.4774  a0 0.14694  gnorm 7.51  (adaptive loss 1.9979 — flat by design)
[ train_imf ] step 46600  raw_mse_u 13.4539  raw_mse_v 12.0867  a0 0.19014  gnorm 10.23  (adaptive loss 1.9976 — flat by design)
[ train_imf ] step 46800  raw_mse_u 11.9531  raw_mse_v 11.1361  a0 0.18636  gnorm 11.04  (adaptive loss 1.9976 — flat by design)
[ train_imf ] step 47000  raw_mse_u 10.6811  raw_mse_v 9.8474  a0 0.34257  gnorm 8.27  (adaptive loss 1.9972 — flat by design)
[ train_imf ] step 47200  raw_mse_u 85.2063  raw_mse_v 15.6093  a0 2.65646  gnorm 9.36  (adaptive loss 1.9979 — flat by design)
[ train_imf ] step 47400  raw_mse_u 15.0253  raw_mse_v 11.3292  a0 0.16935  gnorm 14.95  (adaptive loss 1.9977 — flat by design)
[ train_imf ] step 47600  raw_mse_u 56.9821  raw_mse_v 18.9760  a0 2.36036  gnorm 13.27  (adaptive loss 1.9979 — flat by design)
[ train_imf ] step 47800  raw_mse_u 11.1458  raw_mse_v 10.5651  a0 0.21820  gnorm 8.86  (adaptive loss 1.9963 — flat by design)
[ train_imf ] step 48000  raw_mse_u 10.7312  raw_mse_v 8.7906  a0 0.27456  gnorm 14.76  (adaptive loss 1.9966 — flat by design)
[ train_imf ] step 48200  raw_mse_u 15.3459  raw_mse_v 14.8282  a0 0.38878  gnorm 7.56  (adaptive loss 1.9975 — flat by design)
[ train_imf ] step 48400  raw_mse_u 12.9189  raw_mse_v 10.5987  a0 0.18491  gnorm 8.76  (adaptive loss 1.9972 — flat by design)
[ train_imf ] step 48600  raw_mse_u 15.3319  raw_mse_v 13.4065  a0 0.29773  gnorm 6.75  (adaptive loss 1.9977 — flat by design)
[ train_imf ] step 48800  raw_mse_u 18.0664  raw_mse_v 14.3301  a0 0.35117  gnorm 9.61  (adaptive loss 1.9966 — flat by design)
[ train_imf ] step 49000  raw_mse_u 18.3790  raw_mse_v 14.9257  a0 0.42424  gnorm 5.75  (adaptive loss 1.9979 — flat by design)
[ train_imf ] step 49200  raw_mse_u 32.9430  raw_mse_v 13.6861  a0 1.70625  gnorm 16.16  (adaptive loss 1.9970 — flat by design)
[ train_imf ] step 49400  raw_mse_u 17.4120  raw_mse_v 14.5640  a0 0.49606  gnorm 8.17  (adaptive loss 1.9971 — flat by design)
[ train_imf ] step 49600  raw_mse_u 12.6401  raw_mse_v 10.7605  a0 0.17497  gnorm 18.37  (adaptive loss 1.9970 — flat by design)
[ train_imf ] step 49800  raw_mse_u 14.2110  raw_mse_v 10.6685  a0 0.45183  gnorm 7.55  (adaptive loss 1.9969 — flat by design)
[ train_imf ] step 50000  raw_mse_u 15.1382  raw_mse_v 12.8361  a0 0.32434  gnorm 7.69  (adaptive loss 1.9976 — flat by design)
[ train_imf ] step 50200  raw_mse_u 163.5028  raw_mse_v 13.4959  a0 4.37965  gnorm 21.24  (adaptive loss 1.9974 — flat by design)
[ train_imf ] step 50400  raw_mse_u 14.1089  raw_mse_v 10.2910  a0 0.25587  gnorm 10.79  (adaptive loss 1.9973 — flat by design)
[ train_imf ] step 50600  raw_mse_u 10.5075  raw_mse_v 9.6597  a0 0.34841  gnorm 9.69  (adaptive loss 1.9969 — flat by design)
[ train_imf ] step 50800  raw_mse_u 16.5722  raw_mse_v 16.4924  a0 0.28637  gnorm 8.26  (adaptive loss 1.9975 — flat by design)
[ train_imf ] step 51000  raw_mse_u 13.4529  raw_mse_v 12.5317  a0 0.17480  gnorm 10.41  (adaptive loss 1.9967 — flat by design)
[ train_imf ] step 51200  raw_mse_u 21.7865  raw_mse_v 19.5549  a0 0.27387  gnorm 7.74  (adaptive loss 1.9973 — flat by design)
[ train_imf ] step 51400  raw_mse_u 26.3231  raw_mse_v 16.4300  a0 0.89320  gnorm 11.22  (adaptive loss 1.9969 — flat by design)
[ train_imf ] step 51600  raw_mse_u 12.6187  raw_mse_v 11.0103  a0 0.22636  gnorm 8.13  (adaptive loss 1.9977 — flat by design)
[ train_imf ] step 51800  raw_mse_u 91.8495  raw_mse_v 12.8988  a0 0.71054  gnorm 8.53  (adaptive loss 1.9973 — flat by design)
[ train_imf ] step 52000  raw_mse_u 15.0674  raw_mse_v 9.9097  a0 0.33447  gnorm 13.97  (adaptive loss 1.9970 — flat by design)
[ train_imf ] step 52200  raw_mse_u 62.5131  raw_mse_v 8.6433  a0 1.76168  gnorm 10.63  (adaptive loss 1.9967 — flat by design)
[ train_imf ] step 52400  raw_mse_u 14.0457  raw_mse_v 11.4807  a0 0.30900  gnorm 8.00  (adaptive loss 1.9972 — flat by design)
[ train_imf ] step 52600  raw_mse_u 23.6655  raw_mse_v 12.4695  a0 0.33924  gnorm 8.07  (adaptive loss 1.9970 — flat by design)
[ train_imf ] step 52800  raw_mse_u 15.7317  raw_mse_v 13.5634  a0 0.42708  gnorm 15.79  (adaptive loss 1.9971 — flat by design)
[ train_imf ] step 53000  raw_mse_u 15.1860  raw_mse_v 11.4224  a0 0.23724  gnorm 7.38  (adaptive loss 1.9976 — flat by design)
[ train_imf ] step 53200  raw_mse_u 12.7479  raw_mse_v 10.0396  a0 0.40829  gnorm 8.96  (adaptive loss 1.9973 — flat by design)
[ train_imf ] step 53400  raw_mse_u 11.7579  raw_mse_v 10.2661  a0 0.30194  gnorm 13.20  (adaptive loss 1.9971 — flat by design)
[ train_imf ] step 53600  raw_mse_u 70.5078  raw_mse_v 13.0124  a0 0.91536  gnorm 24.14  (adaptive loss 1.9971 — flat by design)
[ train_imf ] step 53800  raw_mse_u 58.9382  raw_mse_v 13.5301  a0 1.36524  gnorm 8.24  (adaptive loss 1.9975 — flat by design)
[ train_imf ] step 54000  raw_mse_u 14.1673  raw_mse_v 13.3284  a0 0.61083  gnorm 8.51  (adaptive loss 1.9974 — flat by design)
[ train_imf ] step 54200  raw_mse_u 11.3393  raw_mse_v 10.6006  a0 0.17590  gnorm 8.25  (adaptive loss 1.9975 — flat by design)
[ train_imf ] step 54400  raw_mse_u 18.6713  raw_mse_v 15.7888  a0 0.31673  gnorm 5.88  (adaptive loss 1.9978 — flat by design)
[ train_imf ] step 54600  raw_mse_u 16.8522  raw_mse_v 12.8650  a0 0.19460  gnorm 7.72  (adaptive loss 1.9977 — flat by design)
[ train_imf ] step 54800  raw_mse_u 13.5959  raw_mse_v 12.3113  a0 0.31241  gnorm 12.93  (adaptive loss 1.9972 — flat by design)
[ train_imf ] step 55000  raw_mse_u 12.9427  raw_mse_v 9.6600  a0 0.20775  gnorm 9.14  (adaptive loss 1.9969 — flat by design)
[ train_imf ] step 55200  raw_mse_u 20.0842  raw_mse_v 16.9223  a0 0.42900  gnorm 9.63  (adaptive loss 1.9965 — flat by design)
[ train_imf ] step 55400  raw_mse_u 45.0175  raw_mse_v 14.2138  a0 1.10939  gnorm 12.92  (adaptive loss 1.9975 — flat by design)
[ train_imf ] step 55600  raw_mse_u 14.8662  raw_mse_v 10.1357  a0 0.35705  gnorm 10.27  (adaptive loss 1.9965 — flat by design)
[ train_imf ] step 55800  raw_mse_u 18.3172  raw_mse_v 15.3285  a0 0.23605  gnorm 8.77  (adaptive loss 1.9981 — flat by design)
[ train_imf ] step 56000  raw_mse_u 11.8840  raw_mse_v 11.3660  a0 0.15046  gnorm 8.37  (adaptive loss 1.9971 — flat by design)
[ train_imf ] step 56200  raw_mse_u 17.0770  raw_mse_v 12.5599  a0 0.28194  gnorm 9.10  (adaptive loss 1.9971 — flat by design)
[ train_imf ] step 56400  raw_mse_u 15.6185  raw_mse_v 15.1846  a0 0.42079  gnorm 7.43  (adaptive loss 1.9970 — flat by design)
[ train_imf ] step 56600  raw_mse_u 46.7078  raw_mse_v 12.9975  a0 0.25054  gnorm 11.11  (adaptive loss 1.9978 — flat by design)
[ train_imf ] step 56800  raw_mse_u 26.3945  raw_mse_v 15.8582  a0 0.51062  gnorm 25.98  (adaptive loss 1.9973 — flat by design)
[ train_imf ] step 57000  raw_mse_u 22.0219  raw_mse_v 11.2296  a0 0.76901  gnorm 9.98  (adaptive loss 1.9968 — flat by design)
[ train_imf ] step 57200  raw_mse_u 27.8288  raw_mse_v 12.3844  a0 0.97015  gnorm 8.42  (adaptive loss 1.9976 — flat by design)
[ train_imf ] step 57400  raw_mse_u 10.9431  raw_mse_v 10.6043  a0 0.12751  gnorm 7.91  (adaptive loss 1.9975 — flat by design)
[ train_imf ] step 57600  raw_mse_u 112.9964  raw_mse_v 10.9173  a0 4.11979  gnorm 10.53  (adaptive loss 1.9972 — flat by design)
[ train_imf ] step 57800  raw_mse_u 12.5904  raw_mse_v 10.5615  a0 0.30945  gnorm 8.28  (adaptive loss 1.9966 — flat by design)
[ train_imf ] step 58000  raw_mse_u 11.9421  raw_mse_v 11.7281  a0 0.20160  gnorm 6.99  (adaptive loss 1.9975 — flat by design)
[ train_imf ] step 58200  raw_mse_u 34.7954  raw_mse_v 13.7928  a0 0.57952  gnorm 19.97  (adaptive loss 1.9976 — flat by design)
[ train_imf ] step 58400  raw_mse_u 10.4639  raw_mse_v 9.8690  a0 0.20617  gnorm 8.66  (adaptive loss 1.9961 — flat by design)
[ train_imf ] step 58600  raw_mse_u 12.8766  raw_mse_v 11.3670  a0 0.20215  gnorm 7.95  (adaptive loss 1.9972 — flat by design)
[ train_imf ] step 58800  raw_mse_u 15.0958  raw_mse_v 11.3679  a0 0.17374  gnorm 12.46  (adaptive loss 1.9973 — flat by design)
[ train_imf ] step 59000  raw_mse_u 16.1372  raw_mse_v 9.9883  a0 0.30027  gnorm 9.89  (adaptive loss 1.9973 — flat by design)
[ train_imf ] step 59200  raw_mse_u 13.4902  raw_mse_v 11.6010  a0 0.20905  gnorm 9.58  (adaptive loss 1.9969 — flat by design)
[ train_imf ] step 59400  raw_mse_u 12.5932  raw_mse_v 11.8217  a0 0.25338  gnorm 11.88  (adaptive loss 1.9962 — flat by design)
[ train_imf ] step 59600  raw_mse_u 9.8449  raw_mse_v 9.4231  a0 0.14704  gnorm 9.19  (adaptive loss 1.9969 — flat by design)
[ train_imf ] step 59800  raw_mse_u 11.8585  raw_mse_v 10.8523  a0 0.12216  gnorm 7.42  (adaptive loss 1.9970 — flat by design)
[ train_imf ] step 60000  raw_mse_u 14.8632  raw_mse_v 12.2594  a0 0.33878  gnorm 8.27  (adaptive loss 1.9973 — flat by design)
[ train_imf ] step 60200  raw_mse_u 11.6268  raw_mse_v 10.3288  a0 0.20671  gnorm 9.21  (adaptive loss 1.9973 — flat by design)
[ train_imf ] step 60400  raw_mse_u 18.6395  raw_mse_v 8.4696  a0 0.28853  gnorm 10.18  (adaptive loss 1.9962 — flat by design)
[ train_imf ] step 60600  raw_mse_u 20.6280  raw_mse_v 12.3488  a0 0.30790  gnorm 16.83  (adaptive loss 1.9965 — flat by design)
[ train_imf ] step 60800  raw_mse_u 10.5742  raw_mse_v 8.7516  a0 0.38041  gnorm 10.29  (adaptive loss 1.9971 — flat by design)
[ train_imf ] step 61000  raw_mse_u 11.4667  raw_mse_v 10.6893  a0 0.27589  gnorm 7.54  (adaptive loss 1.9974 — flat by design)
[ train_imf ] step 61200  raw_mse_u 16.3470  raw_mse_v 14.2862  a0 0.36807  gnorm 7.34  (adaptive loss 1.9979 — flat by design)
[ train_imf ] step 61400  raw_mse_u 17.2147  raw_mse_v 14.6800  a0 0.23898  gnorm 8.55  (adaptive loss 1.9971 — flat by design)
[ train_imf ] step 61600  raw_mse_u 23.3210  raw_mse_v 14.8215  a0 0.58715  gnorm 6.79  (adaptive loss 1.9971 — flat by design)
[ train_imf ] step 61800  raw_mse_u 11.2439  raw_mse_v 10.5715  a0 0.31920  gnorm 7.03  (adaptive loss 1.9968 — flat by design)
[ train_imf ] step 62000  raw_mse_u 58.8127  raw_mse_v 13.1051  a0 0.42971  gnorm 15.31  (adaptive loss 1.9969 — flat by design)
[ train_imf ] step 62200  raw_mse_u 72.3931  raw_mse_v 15.2079  a0 0.85529  gnorm 13.72  (adaptive loss 1.9978 — flat by design)
[ train_imf ] step 62400  raw_mse_u 10.9243  raw_mse_v 10.5469  a0 0.16196  gnorm 9.85  (adaptive loss 1.9972 — flat by design)
[ train_imf ] step 62600  raw_mse_u 10.1981  raw_mse_v 9.2199  a0 0.08155  gnorm 8.48  (adaptive loss 1.9963 — flat by design)
[ train_imf ] step 62800  raw_mse_u 21.8647  raw_mse_v 8.4423  a0 0.57305  gnorm 11.09  (adaptive loss 1.9957 — flat by design)
[ train_imf ] step 63000  raw_mse_u 15.3324  raw_mse_v 13.7969  a0 0.38465  gnorm 9.08  (adaptive loss 1.9968 — flat by design)
[ train_imf ] step 63200  raw_mse_u 17.7745  raw_mse_v 13.8093  a0 0.44530  gnorm 12.23  (adaptive loss 1.9978 — flat by design)
[ train_imf ] step 63400  raw_mse_u 10.6984  raw_mse_v 9.6501  a0 0.13048  gnorm 9.34  (adaptive loss 1.9972 — flat by design)
[ train_imf ] step 63600  raw_mse_u 37.2205  raw_mse_v 11.8905  a0 0.75858  gnorm 11.04  (adaptive loss 1.9975 — flat by design)
[ train_imf ] step 63800  raw_mse_u 11.2806  raw_mse_v 10.4810  a0 0.17854  gnorm 9.54  (adaptive loss 1.9966 — flat by design)
[ train_imf ] step 64000  raw_mse_u 68.5075  raw_mse_v 11.7905  a0 1.57760  gnorm 7.29  (adaptive loss 1.9960 — flat by design)
[ train_imf ] step 64200  raw_mse_u 22.6649  raw_mse_v 13.9262  a0 0.45794  gnorm 8.53  (adaptive loss 1.9974 — flat by design)
[ train_imf ] step 64400  raw_mse_u 9.0857  raw_mse_v 7.9018  a0 0.16339  gnorm 7.81  (adaptive loss 1.9968 — flat by design)
[ train_imf ] step 64600  raw_mse_u 13.4504  raw_mse_v 9.8074  a0 0.19799  gnorm 27.77  (adaptive loss 1.9971 — flat by design)
[ train_imf ] step 64800  raw_mse_u 8.4830  raw_mse_v 7.3151  a0 0.18897  gnorm 9.48  (adaptive loss 1.9959 — flat by design)
[ train_imf ] step 65000  raw_mse_u 14.6929  raw_mse_v 13.8964  a0 0.25749  gnorm 10.32  (adaptive loss 1.9976 — flat by design)
[ train_imf ] step 65200  raw_mse_u 13.1183  raw_mse_v 13.8230  a0 0.37161  gnorm 6.75  (adaptive loss 1.9972 — flat by design)
[ train_imf ] step 65400  raw_mse_u 20.1116  raw_mse_v 12.9211  a0 0.72463  gnorm 12.36  (adaptive loss 1.9968 — flat by design)
[ train_imf ] step 65600  raw_mse_u 10.8495  raw_mse_v 10.0100  a0 0.17644  gnorm 9.77  (adaptive loss 1.9968 — flat by design)
[ train_imf ] step 65800  raw_mse_u 31.1773  raw_mse_v 14.0697  a0 0.31298  gnorm 14.51  (adaptive loss 1.9980 — flat by design)
[ train_imf ] step 66000  raw_mse_u 15.6189  raw_mse_v 10.6250  a0 0.16399  gnorm 13.09  (adaptive loss 1.9971 — flat by design)
[ train_imf ] step 66200  raw_mse_u 13.8420  raw_mse_v 11.1085  a0 0.44391  gnorm 14.24  (adaptive loss 1.9975 — flat by design)
[ train_imf ] step 66400  raw_mse_u 9.6087  raw_mse_v 9.1346  a0 0.33998  gnorm 8.96  (adaptive loss 1.9964 — flat by design)
[ train_imf ] step 66600  raw_mse_u 13.0955  raw_mse_v 10.4921  a0 0.12717  gnorm 7.58  (adaptive loss 1.9969 — flat by design)
[ train_imf ] step 66800  raw_mse_u 27.7117  raw_mse_v 11.1568  a0 0.44619  gnorm 11.80  (adaptive loss 1.9977 — flat by design)
[ train_imf ] step 67000  raw_mse_u 19.2316  raw_mse_v 13.5401  a0 0.34994  gnorm 11.53  (adaptive loss 1.9971 — flat by design)
[ train_imf ] step 67200  raw_mse_u 14.5481  raw_mse_v 11.9269  a0 0.14251  gnorm 9.41  (adaptive loss 1.9975 — flat by design)
[ train_imf ] step 67400  raw_mse_u 224.1369  raw_mse_v 10.0750  a0 8.54154  gnorm 9.83  (adaptive loss 1.9971 — flat by design)
[ train_imf ] step 67600  raw_mse_u 15.4006  raw_mse_v 14.7184  a0 0.60944  gnorm 7.57  (adaptive loss 1.9981 — flat by design)
[ train_imf ] step 67800  raw_mse_u 14.3080  raw_mse_v 14.5131  a0 0.32559  gnorm 16.86  (adaptive loss 1.9975 — flat by design)
[ train_imf ] step 68000  raw_mse_u 9.5188  raw_mse_v 8.0470  a0 0.16156  gnorm 9.68  (adaptive loss 1.9970 — flat by design)
[ train_imf ] step 68200  raw_mse_u 18.3199  raw_mse_v 16.2537  a0 0.38532  gnorm 11.18  (adaptive loss 1.9971 — flat by design)
[ train_imf ] step 68400  raw_mse_u 14.9703  raw_mse_v 14.1342  a0 0.26285  gnorm 16.61  (adaptive loss 1.9969 — flat by design)
[ train_imf ] step 68600  raw_mse_u 17.1142  raw_mse_v 13.8667  a0 0.35199  gnorm 9.24  (adaptive loss 1.9974 — flat by design)
[ train_imf ] step 68800  raw_mse_u 13.2128  raw_mse_v 11.1347  a0 0.19423  gnorm 12.35  (adaptive loss 1.9970 — flat by design)
[ train_imf ] step 69000  raw_mse_u 11.9718  raw_mse_v 10.3631  a0 0.18726  gnorm 9.80  (adaptive loss 1.9970 — flat by design)
[ train_imf ] step 69200  raw_mse_u 15.4057  raw_mse_v 12.8625  a0 0.36702  gnorm 18.01  (adaptive loss 1.9970 — flat by design)
[ train_imf ] step 69400  raw_mse_u 15.8538  raw_mse_v 13.4693  a0 0.21610  gnorm 16.48  (adaptive loss 1.9965 — flat by design)
[ train_imf ] step 69600  raw_mse_u 19.1940  raw_mse_v 12.7008  a0 0.34495  gnorm 9.49  (adaptive loss 1.9959 — flat by design)
[ train_imf ] step 69800  raw_mse_u 14.2326  raw_mse_v 12.0673  a0 0.18303  gnorm 9.09  (adaptive loss 1.9972 — flat by design)
[ train_imf ] step 70000  raw_mse_u 9.0727  raw_mse_v 9.5772  a0 0.24061  gnorm 17.90  (adaptive loss 1.9962 — flat by design)
[ train_imf ] step 70200  raw_mse_u 9.1122  raw_mse_v 9.4896  a0 0.21041  gnorm 15.05  (adaptive loss 1.9970 — flat by design)
[ train_imf ] step 70400  raw_mse_u 17.1363  raw_mse_v 15.2080  a0 0.33968  gnorm 10.20  (adaptive loss 1.9975 — flat by design)
[ train_imf ] step 70600  raw_mse_u 18.1911  raw_mse_v 10.8813  a0 0.14246  gnorm 8.67  (adaptive loss 1.9966 — flat by design)
[ train_imf ] step 70800  raw_mse_u 14.8582  raw_mse_v 11.4987  a0 0.31829  gnorm 6.82  (adaptive loss 1.9973 — flat by design)
[ train_imf ] step 71000  raw_mse_u 12.2681  raw_mse_v 11.3161  a0 0.20345  gnorm 9.61  (adaptive loss 1.9973 — flat by design)
[ train_imf ] step 71200  raw_mse_u 18.0457  raw_mse_v 16.3433  a0 0.21737  gnorm 6.48  (adaptive loss 1.9972 — flat by design)
[ train_imf ] step 71400  raw_mse_u 19.1670  raw_mse_v 11.8346  a0 0.94209  gnorm 21.84  (adaptive loss 1.9965 — flat by design)
[ train_imf ] step 71600  raw_mse_u 16.0449  raw_mse_v 15.2625  a0 0.23275  gnorm 8.51  (adaptive loss 1.9971 — flat by design)
[ train_imf ] step 71800  raw_mse_u 19.7245  raw_mse_v 15.5074  a0 0.35952  gnorm 8.09  (adaptive loss 1.9972 — flat by design)
[ train_imf ] step 72000  raw_mse_u 18.4079  raw_mse_v 17.1466  a0 0.28370  gnorm 13.88  (adaptive loss 1.9974 — flat by design)
[ train_imf ] step 72200  raw_mse_u 13.7328  raw_mse_v 9.8048  a0 0.31025  gnorm 12.53  (adaptive loss 1.9967 — flat by design)
[ train_imf ] step 72400  raw_mse_u 9.4306  raw_mse_v 8.0267  a0 0.10074  gnorm 10.40  (adaptive loss 1.9965 — flat by design)
[ train_imf ] step 72600  raw_mse_u 11.7689  raw_mse_v 10.1823  a0 0.24887  gnorm 9.28  (adaptive loss 1.9964 — flat by design)
[ train_imf ] step 72800  raw_mse_u 19.1775  raw_mse_v 12.2450  a0 0.35436  gnorm 9.18  (adaptive loss 1.9974 — flat by design)
[ train_imf ] step 73000  raw_mse_u 14.8246  raw_mse_v 12.8493  a0 0.28252  gnorm 12.33  (adaptive loss 1.9973 — flat by design)
[ train_imf ] step 73200  raw_mse_u 21.2798  raw_mse_v 12.5106  a0 0.76637  gnorm 28.32  (adaptive loss 1.9975 — flat by design)
[ train_imf ] step 73400  raw_mse_u 13.4649  raw_mse_v 12.9305  a0 0.16924  gnorm 8.17  (adaptive loss 1.9971 — flat by design)
[ train_imf ] step 73600  raw_mse_u 12.2125  raw_mse_v 11.5946  a0 0.24797  gnorm 7.89  (adaptive loss 1.9973 — flat by design)
[ train_imf ] step 73800  raw_mse_u 14.1027  raw_mse_v 11.8757  a0 0.13450  gnorm 11.08  (adaptive loss 1.9968 — flat by design)
[ train_imf ] step 74000  raw_mse_u 62.2414  raw_mse_v 14.6650  a0 0.71037  gnorm 13.44  (adaptive loss 1.9976 — flat by design)
[ train_imf ] step 74200  raw_mse_u 25.6165  raw_mse_v 14.3001  a0 0.65483  gnorm 15.40  (adaptive loss 1.9970 — flat by design)
[ train_imf ] step 74400  raw_mse_u 16.6658  raw_mse_v 14.6948  a0 0.21612  gnorm 7.61  (adaptive loss 1.9981 — flat by design)
[ train_imf ] step 74600  raw_mse_u 15.9297  raw_mse_v 10.1121  a0 0.27467  gnorm 13.21  (adaptive loss 1.9975 — flat by design)
[ train_imf ] step 74800  raw_mse_u 9.6867  raw_mse_v 9.4860  a0 0.18104  gnorm 13.71  (adaptive loss 1.9970 — flat by design)
[ train_imf ] step 75000  raw_mse_u 12.5675  raw_mse_v 11.5349  a0 0.24537  gnorm 10.93  (adaptive loss 1.9971 — flat by design)
[ train_imf ] step 75200  raw_mse_u 11.9172  raw_mse_v 11.2622  a0 0.16280  gnorm 31.46  (adaptive loss 1.9971 — flat by design)
[ train_imf ] step 75400  raw_mse_u 15.4341  raw_mse_v 12.6141  a0 0.22592  gnorm 10.46  (adaptive loss 1.9969 — flat by design)
[ train_imf ] step 75600  raw_mse_u 26.7708  raw_mse_v 16.2141  a0 0.43611  gnorm 8.51  (adaptive loss 1.9967 — flat by design)
[ train_imf ] step 75800  raw_mse_u 117.3734  raw_mse_v 12.3352  a0 3.58370  gnorm 11.52  (adaptive loss 1.9967 — flat by design)
[ train_imf ] step 76000  raw_mse_u 20.3126  raw_mse_v 17.4963  a0 0.34546  gnorm 8.60  (adaptive loss 1.9969 — flat by design)
[ train_imf ] step 76200  raw_mse_u 6.1262  raw_mse_v 6.0264  a0 0.12537  gnorm 17.76  (adaptive loss 1.9959 — flat by design)
[ train_imf ] step 76400  raw_mse_u 18.9914  raw_mse_v 10.0828  a0 0.56817  gnorm 9.73  (adaptive loss 1.9967 — flat by design)
[ train_imf ] step 76600  raw_mse_u 12.4839  raw_mse_v 11.2113  a0 0.14690  gnorm 16.52  (adaptive loss 1.9975 — flat by design)
[ train_imf ] step 76800  raw_mse_u 15.7541  raw_mse_v 14.2527  a0 0.17776  gnorm 14.77  (adaptive loss 1.9974 — flat by design)
[ train_imf ] step 77000  raw_mse_u 12.0979  raw_mse_v 10.7166  a0 0.11227  gnorm 7.50  (adaptive loss 1.9969 — flat by design)
[ train_imf ] step 77200  raw_mse_u 14.0053  raw_mse_v 10.1626  a0 0.37217  gnorm 15.01  (adaptive loss 1.9969 — flat by design)
[ train_imf ] step 77400  raw_mse_u 9.6615  raw_mse_v 8.9961  a0 0.14998  gnorm 10.73  (adaptive loss 1.9965 — flat by design)
[ train_imf ] step 77600  raw_mse_u 16.4698  raw_mse_v 15.1768  a0 0.71639  gnorm 9.79  (adaptive loss 1.9966 — flat by design)
[ train_imf ] step 77800  raw_mse_u 12.2959  raw_mse_v 10.4276  a0 0.23541  gnorm 9.83  (adaptive loss 1.9970 — flat by design)
[ train_imf ] step 78000  raw_mse_u 18.5586  raw_mse_v 13.0669  a0 0.38433  gnorm 7.96  (adaptive loss 1.9965 — flat by design)
[ train_imf ] step 78200  raw_mse_u 16.7522  raw_mse_v 14.0264  a0 0.21093  gnorm 6.24  (adaptive loss 1.9972 — flat by design)
[ train_imf ] step 78400  raw_mse_u 18.5823  raw_mse_v 13.8334  a0 0.23573  gnorm 8.21  (adaptive loss 1.9974 — flat by design)
[ train_imf ] step 78600  raw_mse_u 14.5797  raw_mse_v 11.0323  a0 0.27897  gnorm 14.50  (adaptive loss 1.9972 — flat by design)
[ train_imf ] step 78800  raw_mse_u 13.2267  raw_mse_v 11.0511  a0 0.19458  gnorm 10.18  (adaptive loss 1.9976 — flat by design)
[ train_imf ] step 79000  raw_mse_u 22.3671  raw_mse_v 11.2975  a0 0.53763  gnorm 10.43  (adaptive loss 1.9966 — flat by design)
[ train_imf ] step 79200  raw_mse_u 588.5699  raw_mse_v 9.8904  a0 5.12119  gnorm 17.14  (adaptive loss 1.9961 — flat by design)
[ train_imf ] step 79400  raw_mse_u 17.2435  raw_mse_v 12.1035  a0 0.31651  gnorm 10.37  (adaptive loss 1.9971 — flat by design)
[ train_imf ] step 79600  raw_mse_u 13.1061  raw_mse_v 10.2863  a0 0.24604  gnorm 18.96  (adaptive loss 1.9972 — flat by design)
[ train_imf ] step 79800  raw_mse_u 16.3818  raw_mse_v 13.4880  a0 0.37473  gnorm 7.93  (adaptive loss 1.9962 — flat by design)
[ train_imf ] step 80000  raw_mse_u 11.5438  raw_mse_v 10.4369  a0 0.14561  gnorm 7.54  (adaptive loss 1.9973 — flat by design)
[ train_imf ] step 80200  raw_mse_u 15.3987  raw_mse_v 15.1328  a0 0.26146  gnorm 9.65  (adaptive loss 1.9975 — flat by design)
[ train_imf ] step 80400  raw_mse_u 12.9412  raw_mse_v 8.4281  a0 0.10157  gnorm 9.71  (adaptive loss 1.9953 — flat by design)
[ train_imf ] step 80600  raw_mse_u 14.8744  raw_mse_v 13.9980  a0 0.29156  gnorm 15.13  (adaptive loss 1.9975 — flat by design)
[ train_imf ] step 80800  raw_mse_u 10.9082  raw_mse_v 9.0919  a0 0.18219  gnorm 14.43  (adaptive loss 1.9971 — flat by design)
[ train_imf ] step 81000  raw_mse_u 9.7972  raw_mse_v 8.7125  a0 0.16219  gnorm 7.03  (adaptive loss 1.9968 — flat by design)
[ train_imf ] step 81200  raw_mse_u 14.7567  raw_mse_v 14.3190  a0 0.12990  gnorm 7.03  (adaptive loss 1.9973 — flat by design)
[ train_imf ] step 81400  raw_mse_u 15.4259  raw_mse_v 14.5569  a0 0.36299  gnorm 9.28  (adaptive loss 1.9969 — flat by design)
[ train_imf ] step 81600  raw_mse_u 57.5171  raw_mse_v 8.8051  a0 2.82397  gnorm 8.90  (adaptive loss 1.9970 — flat by design)
[ train_imf ] step 81800  raw_mse_u 12.3652  raw_mse_v 10.7372  a0 0.24873  gnorm 15.00  (adaptive loss 1.9971 — flat by design)
[ train_imf ] step 82000  raw_mse_u 13.7656  raw_mse_v 10.3200  a0 0.24182  gnorm 12.04  (adaptive loss 1.9970 — flat by design)
[ train_imf ] step 82200  raw_mse_u 14.2155  raw_mse_v 12.2427  a0 0.15376  gnorm 10.06  (adaptive loss 1.9966 — flat by design)
[ train_imf ] step 82400  raw_mse_u 10.4363  raw_mse_v 9.3246  a0 0.13035  gnorm 9.26  (adaptive loss 1.9966 — flat by design)
[ train_imf ] step 82600  raw_mse_u 9.4582  raw_mse_v 7.7222  a0 0.11978  gnorm 16.24  (adaptive loss 1.9966 — flat by design)
[ train_imf ] step 82800  raw_mse_u 10.5257  raw_mse_v 9.2410  a0 0.13317  gnorm 10.03  (adaptive loss 1.9959 — flat by design)
[ train_imf ] step 83000  raw_mse_u 13.3637  raw_mse_v 12.8615  a0 0.18849  gnorm 9.50  (adaptive loss 1.9967 — flat by design)
[ train_imf ] step 83200  raw_mse_u 10.1430  raw_mse_v 10.7603  a0 0.25530  gnorm 7.55  (adaptive loss 1.9964 — flat by design)
[ train_imf ] step 83400  raw_mse_u 15.6048  raw_mse_v 13.4605  a0 0.24586  gnorm 16.23  (adaptive loss 1.9976 — flat by design)
[ train_imf ] step 83600  raw_mse_u 16.9336  raw_mse_v 14.6691  a0 0.27679  gnorm 13.04  (adaptive loss 1.9970 — flat by design)
[ train_imf ] step 83800  raw_mse_u 14.0154  raw_mse_v 12.6685  a0 0.17802  gnorm 13.13  (adaptive loss 1.9968 — flat by design)
[ train_imf ] step 84000  raw_mse_u 18.1129  raw_mse_v 10.6894  a0 0.48919  gnorm 9.29  (adaptive loss 1.9954 — flat by design)
[ train_imf ] step 84200  raw_mse_u 16.9592  raw_mse_v 16.1751  a0 0.30506  gnorm 7.90  (adaptive loss 1.9976 — flat by design)
[ train_imf ] step 84400  raw_mse_u 12.4158  raw_mse_v 10.6451  a0 0.26132  gnorm 12.01  (adaptive loss 1.9972 — flat by design)
[ train_imf ] step 84600  raw_mse_u 13.3158  raw_mse_v 10.2716  a0 0.34278  gnorm 9.44  (adaptive loss 1.9971 — flat by design)
[ train_imf ] step 84800  raw_mse_u 27.2835  raw_mse_v 13.9809  a0 1.66779  gnorm 7.74  (adaptive loss 1.9974 — flat by design)
[ train_imf ] step 85000  raw_mse_u 17.6068  raw_mse_v 11.5105  a0 0.35651  gnorm 9.33  (adaptive loss 1.9972 — flat by design)
[ train_imf ] step 85200  raw_mse_u 12.3255  raw_mse_v 12.0557  a0 0.50222  gnorm 44.45  (adaptive loss 1.9966 — flat by design)
[ train_imf ] step 85400  raw_mse_u 12.1983  raw_mse_v 12.2370  a0 0.31434  gnorm 7.71  (adaptive loss 1.9970 — flat by design)
[ train_imf ] step 85600  raw_mse_u 18.9182  raw_mse_v 17.4255  a0 0.33469  gnorm 26.51  (adaptive loss 1.9974 — flat by design)
[ train_imf ] step 85800  raw_mse_u 11.6851  raw_mse_v 11.2176  a0 0.50422  gnorm 8.06  (adaptive loss 1.9969 — flat by design)
[ train_imf ] step 86000  raw_mse_u 20.1766  raw_mse_v 13.5717  a0 0.31190  gnorm 12.57  (adaptive loss 1.9976 — flat by design)
[ train_imf ] step 86200  raw_mse_u 9.1755  raw_mse_v 8.7056  a0 0.17780  gnorm 9.65  (adaptive loss 1.9971 — flat by design)
[ train_imf ] step 86400  raw_mse_u 14.1691  raw_mse_v 10.7106  a0 0.54848  gnorm 11.35  (adaptive loss 1.9971 — flat by design)
[ train_imf ] step 86600  raw_mse_u 16.7264  raw_mse_v 11.9038  a0 0.37276  gnorm 16.30  (adaptive loss 1.9970 — flat by design)
[ train_imf ] step 86800  raw_mse_u 14.7989  raw_mse_v 10.0555  a0 0.40055  gnorm 19.60  (adaptive loss 1.9973 — flat by design)
[ train_imf ] step 87000  raw_mse_u 15.1691  raw_mse_v 13.2498  a0 0.31384  gnorm 13.21  (adaptive loss 1.9969 — flat by design)
[ train_imf ] step 87200  raw_mse_u 11.7995  raw_mse_v 9.9440  a0 0.24469  gnorm 9.73  (adaptive loss 1.9960 — flat by design)
[ train_imf ] step 87400  raw_mse_u 10.8887  raw_mse_v 9.6501  a0 0.13781  gnorm 9.57  (adaptive loss 1.9966 — flat by design)
[ train_imf ] step 87600  raw_mse_u 13.3748  raw_mse_v 7.3037  a0 0.22076  gnorm 14.81  (adaptive loss 1.9956 — flat by design)
[ train_imf ] step 87800  raw_mse_u 11.8736  raw_mse_v 10.3972  a0 0.20184  gnorm 12.54  (adaptive loss 1.9974 — flat by design)
[ train_imf ] step 88000  raw_mse_u 16.9734  raw_mse_v 12.6479  a0 0.68375  gnorm 18.04  (adaptive loss 1.9970 — flat by design)
[ train_imf ] step 88200  raw_mse_u 24.5070  raw_mse_v 16.6038  a0 0.47286  gnorm 13.06  (adaptive loss 1.9971 — flat by design)
[ train_imf ] step 88400  raw_mse_u 19.7858  raw_mse_v 11.2693  a0 0.38266  gnorm 16.35  (adaptive loss 1.9972 — flat by design)
[ train_imf ] step 88600  raw_mse_u 13.4756  raw_mse_v 12.1774  a0 0.27679  gnorm 9.14  (adaptive loss 1.9971 — flat by design)
[ train_imf ] step 88800  raw_mse_u 18.9319  raw_mse_v 15.9648  a0 0.42521  gnorm 10.74  (adaptive loss 1.9966 — flat by design)
[ train_imf ] step 89000  raw_mse_u 13.5714  raw_mse_v 12.6598  a0 0.20544  gnorm 10.05  (adaptive loss 1.9967 — flat by design)
[ train_imf ] step 89200  raw_mse_u 11.0283  raw_mse_v 10.1613  a0 0.15106  gnorm 10.01  (adaptive loss 1.9970 — flat by design)
[ train_imf ] step 89400  raw_mse_u 12.9892  raw_mse_v 12.4323  a0 0.13928  gnorm 19.98  (adaptive loss 1.9969 — flat by design)
[ train_imf ] step 89600  raw_mse_u 15.5881  raw_mse_v 11.9279  a0 0.20983  gnorm 15.76  (adaptive loss 1.9968 — flat by design)
[ train_imf ] step 89800  raw_mse_u 13.2381  raw_mse_v 10.6477  a0 0.15782  gnorm 10.71  (adaptive loss 1.9972 — flat by design)
[ train_imf ] step 90000  raw_mse_u 13.5818  raw_mse_v 11.0804  a0 0.31176  gnorm 13.51  (adaptive loss 1.9974 — flat by design)
[ train_imf ] step 90200  raw_mse_u 14.1828  raw_mse_v 9.9507  a0 0.30001  gnorm 18.68  (adaptive loss 1.9970 — flat by design)
[ train_imf ] step 90400  raw_mse_u 10.6735  raw_mse_v 9.2827  a0 0.05690  gnorm 10.59  (adaptive loss 1.9965 — flat by design)
[ train_imf ] step 90600  raw_mse_u 13.8402  raw_mse_v 12.7906  a0 0.17295  gnorm 7.99  (adaptive loss 1.9971 — flat by design)
[ train_imf ] step 90800  raw_mse_u 15.2626  raw_mse_v 10.9932  a0 0.13111  gnorm 12.46  (adaptive loss 1.9966 — flat by design)
[ train_imf ] step 91000  raw_mse_u 10.5101  raw_mse_v 9.2537  a0 0.10870  gnorm 10.63  (adaptive loss 1.9972 — flat by design)
[ train_imf ] step 91200  raw_mse_u 41.5704  raw_mse_v 13.9614  a0 0.13471  gnorm 9.01  (adaptive loss 1.9974 — flat by design)
[ train_imf ] step 91400  raw_mse_u 20.2591  raw_mse_v 11.7634  a0 0.40066  gnorm 21.49  (adaptive loss 1.9955 — flat by design)
[ train_imf ] step 91600  raw_mse_u 15.3741  raw_mse_v 12.5319  a0 0.12524  gnorm 12.27  (adaptive loss 1.9963 — flat by design)
[ train_imf ] step 91800  raw_mse_u 10.5960  raw_mse_v 9.1011  a0 0.20576  gnorm 10.78  (adaptive loss 1.9970 — flat by design)
[ train_imf ] step 92000  raw_mse_u 13.3428  raw_mse_v 11.7896  a0 0.19447  gnorm 8.07  (adaptive loss 1.9975 — flat by design)
[ train_imf ] step 92200  raw_mse_u 12.4661  raw_mse_v 10.7206  a0 0.16272  gnorm 19.33  (adaptive loss 1.9966 — flat by design)
[ train_imf ] step 92400  raw_mse_u 13.1892  raw_mse_v 10.2517  a0 0.34642  gnorm 16.03  (adaptive loss 1.9956 — flat by design)
[ train_imf ] step 92600  raw_mse_u 58.3905  raw_mse_v 12.0491  a0 1.95887  gnorm 8.79  (adaptive loss 1.9975 — flat by design)
[ train_imf ] step 92800  raw_mse_u 38.1873  raw_mse_v 10.5385  a0 0.64094  gnorm 9.68  (adaptive loss 1.9968 — flat by design)
[ train_imf ] step 93000  raw_mse_u 12.8803  raw_mse_v 12.2504  a0 0.25072  gnorm 10.50  (adaptive loss 1.9967 — flat by design)
[ train_imf ] step 93200  raw_mse_u 17.3534  raw_mse_v 11.0294  a0 0.35328  gnorm 14.74  (adaptive loss 1.9967 — flat by design)
[ train_imf ] step 93400  raw_mse_u 16.8807  raw_mse_v 16.8740  a0 0.42977  gnorm 11.41  (adaptive loss 1.9960 — flat by design)
[ train_imf ] step 93600  raw_mse_u 16.8230  raw_mse_v 11.7989  a0 0.34871  gnorm 11.73  (adaptive loss 1.9965 — flat by design)
[ train_imf ] step 93800  raw_mse_u 14.5352  raw_mse_v 11.1375  a0 0.21163  gnorm 8.48  (adaptive loss 1.9969 — flat by design)
[ train_imf ] step 94000  raw_mse_u 261.5327  raw_mse_v 11.7554  a0 6.01393  gnorm 19.71  (adaptive loss 1.9970 — flat by design)
[ train_imf ] step 94200  raw_mse_u 11.3510  raw_mse_v 11.1316  a0 0.14902  gnorm 7.80  (adaptive loss 1.9964 — flat by design)
[ train_imf ] step 94400  raw_mse_u 55.8832  raw_mse_v 14.9288  a0 0.91862  gnorm 9.72  (adaptive loss 1.9976 — flat by design)
[ train_imf ] step 94600  raw_mse_u 19.8940  raw_mse_v 15.5371  a0 0.31692  gnorm 8.44  (adaptive loss 1.9965 — flat by design)
[ train_imf ] step 94800  raw_mse_u 14.6682  raw_mse_v 10.4147  a0 0.28215  gnorm 9.04  (adaptive loss 1.9965 — flat by design)
[ train_imf ] step 95000  raw_mse_u 83.0858  raw_mse_v 10.3555  a0 0.66817  gnorm 8.28  (adaptive loss 1.9966 — flat by design)
[ train_imf ] step 95200  raw_mse_u 33.8589  raw_mse_v 8.8320  a0 1.11935  gnorm 14.72  (adaptive loss 1.9962 — flat by design)
[ train_imf ] step 95400  raw_mse_u 8.5435  raw_mse_v 7.5479  a0 0.15465  gnorm 9.90  (adaptive loss 1.9965 — flat by design)
[ train_imf ] step 95600  raw_mse_u 12.0263  raw_mse_v 11.2229  a0 0.20981  gnorm 18.36  (adaptive loss 1.9974 — flat by design)
[ train_imf ] step 95800  raw_mse_u 202.5262  raw_mse_v 15.8770  a0 7.29205  gnorm 11.16  (adaptive loss 1.9970 — flat by design)
[ train_imf ] step 96000  raw_mse_u 11.6683  raw_mse_v 9.3913  a0 0.11836  gnorm 8.78  (adaptive loss 1.9962 — flat by design)
[ train_imf ] step 96200  raw_mse_u 12.6757  raw_mse_v 10.9456  a0 0.34242  gnorm 9.58  (adaptive loss 1.9969 — flat by design)
[ train_imf ] step 96400  raw_mse_u 8.7297  raw_mse_v 8.0721  a0 0.17244  gnorm 11.12  (adaptive loss 1.9965 — flat by design)
[ train_imf ] step 96600  raw_mse_u 9.1276  raw_mse_v 8.4873  a0 0.11803  gnorm 13.57  (adaptive loss 1.9966 — flat by design)
[ train_imf ] step 96800  raw_mse_u 44.1978  raw_mse_v 8.5934  a0 0.22952  gnorm 9.86  (adaptive loss 1.9966 — flat by design)
[ train_imf ] step 97000  raw_mse_u 19.1521  raw_mse_v 11.8087  a0 0.18028  gnorm 7.84  (adaptive loss 1.9970 — flat by design)
[ train_imf ] step 97200  raw_mse_u 11.1481  raw_mse_v 9.1890  a0 0.44340  gnorm 10.30  (adaptive loss 1.9971 — flat by design)
[ train_imf ] step 97400  raw_mse_u 12.4891  raw_mse_v 11.1518  a0 0.24022  gnorm 7.40  (adaptive loss 1.9968 — flat by design)
[ train_imf ] step 97600  raw_mse_u 19.3053  raw_mse_v 15.3335  a0 0.41731  gnorm 12.60  (adaptive loss 1.9975 — flat by design)
[ train_imf ] step 97800  raw_mse_u 14.9242  raw_mse_v 11.9037  a0 0.40501  gnorm 14.22  (adaptive loss 1.9970 — flat by design)
[ train_imf ] step 98000  raw_mse_u 17.0903  raw_mse_v 13.0146  a0 0.45266  gnorm 8.38  (adaptive loss 1.9968 — flat by design)
[ train_imf ] step 98200  raw_mse_u 12.8931  raw_mse_v 12.3537  a0 0.32939  gnorm 13.83  (adaptive loss 1.9963 — flat by design)
[ train_imf ] step 98400  raw_mse_u 15.4166  raw_mse_v 13.5346  a0 0.10645  gnorm 9.04  (adaptive loss 1.9961 — flat by design)
[ train_imf ] step 98600  raw_mse_u 17.8773  raw_mse_v 13.3210  a0 0.20964  gnorm 9.34  (adaptive loss 1.9973 — flat by design)
[ train_imf ] step 98800  raw_mse_u 33.6669  raw_mse_v 10.8139  a0 0.49515  gnorm 8.06  (adaptive loss 1.9965 — flat by design)
[ train_imf ] step 99000  raw_mse_u 9.2005  raw_mse_v 8.6967  a0 0.25341  gnorm 11.55  (adaptive loss 1.9949 — flat by design)
[ train_imf ] step 99200  raw_mse_u 16.0381  raw_mse_v 15.5656  a0 0.25320  gnorm 7.32  (adaptive loss 1.9970 — flat by design)
[ train_imf ] step 99400  raw_mse_u 16.9702  raw_mse_v 14.9483  a0 0.32754  gnorm 13.03  (adaptive loss 1.9973 — flat by design)
[ train_imf ] step 99600  raw_mse_u 11.2658  raw_mse_v 9.8140  a0 0.28819  gnorm 9.57  (adaptive loss 1.9972 — flat by design)
[ train_imf ] step 99800  raw_mse_u 23.1248  raw_mse_v 10.3210  a0 1.25401  gnorm 9.96  (adaptive loss 1.9977 — flat by design)
wandb: - 0.009 MB of 0.009 MB uploadedwandb: \ 0.009 MB of 0.009 MB uploadedwandb: | 0.009 MB of 0.083 MB uploadedwandb: / 0.083 MB of 0.083 MB uploadedwandb: - 0.083 MB of 0.083 MB uploadedwandb: \ 0.083 MB of 0.083 MB uploadedwandb: | 0.083 MB of 0.083 MB uploadedwandb:                                                                                
wandb: 
wandb: Run history:
wandb:    a0_mse ▂▁▂▃▁▁▂▁▃▁▁▁▁▁▁▁▁█▁▁▁▁▁▁▁▁▁▁▁▂▁▂▁▁▁▁▁▁▁▁
wandb:   fm_frac ▁▁▁▁▁▁▁▁▁▁▁▁▁▁▁▁▁▁▁▁▁▁▁▁▁▁▁▁▁▁▁▁▁▁▁▁▁▁▁▁
wandb: grad_norm ▄▃▃▃▂▃▂▂▃▂▃▃▂▄▂▂▂▄▃▁▃▄▂▃▂▂▅▂▂▆▆▃▂▄▄█▃▂▅▄
wandb:    h_mean ▇▇▃▆▅▃▄▅▄▅▄▃▅▅▄▅▅▃▄▄▂▂▆▅▂▄▄▅▅█▂▁▆▃▆▄▅▂▅▃
wandb:      loss █▇▇▆▆▆▆▆▆▅▆▄▅▅▄▆▅▅▅▅▄▄▆▅▄▄▅▅▅▄▅▄▄▄▄▄▄▃▄▁
wandb: raw_mse_u ▃▂▂▆▁▁▁▂▂▁▂▁▁▂▁▂▁█▁▁▁▁▂▁▂▁▁▂▂▂▁▂▁▁▁▁▁▁▁▁
wandb: raw_mse_v █▅▆▃▂▃▃▄▃▂▃▂▂▃▂▃▂▂▃▂▂▂▃▁▃▂▂▃▃▃▂▂▃▂▂▂▁▂▁▁
wandb: 
wandb: Run summary:
wandb:    a0_mse 1.25401
wandb:   fm_frac 0.25
wandb: grad_norm 9.95999
wandb:    h_mean 0.22392
wandb:      loss 1.99771
wandb: raw_mse_u 23.12476
wandb: raw_mse_v 10.32101
wandb: 
wandb: 🚀 View run HF-iMF-H16_imf_cliponly_100k-seed0-slurm-23673 at: https://wandb.ai/llmmail2021-technical-university-of-munich/FMPCC-HF-iMF/runs/xzwzo8t0
wandb: ⭐️ View project at: https://wandb.ai/llmmail2021-technical-university-of-munich/FMPCC-HF-iMF
wandb: Synced 6 W&B file(s), 0 media file(s), 0 artifact file(s) and 0 other file(s)
wandb: Find logs at: ./logs/avoiding-v0/flow/H16_imf_cliponly_100k/wandb/run-20260721_172912-xzwzo8t0/logs
wandb: WARNING The new W&B backend becomes opt-out in version 0.18.0; try it out with `wandb.require("core")`! See https://wandb.me/wandb-core for more information.
[ train_imf ] done. final checkpoints saved with cp index 4
Total runtime: 3h 15m 23s
[ HF-IMF-TRAIN ] done. checkpoints:
total 144852
drwxr-xr-x 3 llim tumuser     4096 Jul 21 20:44 .
drwxr-xr-x 8 llim tumuser      176 Jul 21 17:29 ..
-rw-r--r-- 1 llim tumuser      556 Jul 21 17:29 config.yaml
-rw-r--r-- 1 llim tumuser    62660 Jul 21 20:44 metrics.csv
-rw-r--r-- 1 llim tumuser 14823362 Jul 21 17:29 model_0.pth
-rw-r--r-- 1 llim tumuser 14823362 Jul 21 18:19 model_1.pth
-rw-r--r-- 1 llim tumuser 14823362 Jul 21 19:10 model_2.pth
-rw-r--r-- 1 llim tumuser 14823362 Jul 21 20:00 model_3.pth
-rw-r--r-- 1 llim tumuser 14823362 Jul 21 20:44 model_4.pth
-rw-r--r-- 1 llim tumuser 14824562 Jul 21 17:29 model_ema_0.pth
-rw-r--r-- 1 llim tumuser 14824562 Jul 21 18:19 model_ema_1.pth
-rw-r--r-- 1 llim tumuser 14824562 Jul 21 19:10 model_ema_2.pth
-rw-r--r-- 1 llim tumuser 14824562 Jul 21 20:00 model_ema_3.pth
-rw-r--r-- 1 llim tumuser 14824562 Jul 21 20:44 model_ema_4.pth
drwxr-xr-x 3 llim tumuser      103 Jul 21 17:29 wandb
================================================================================
JOB END: Tue Jul 21 20:44:30 UTC 2026
================================================================================
