/bin/bash: /u/home/llim/miniconda3/lib/libtinfo.so.6: no version information available (required by /bin/bash)
========================================
UAV EXPERT DATA COLLECTION (Epoch 4)
DATE:     Sun Jun  7 11:56:02 UTC 2026
NODE:     i6-gpu-1
JOB_ID:   21321
ARRAY_ID: none
========================================
[ sbatch ] Repo: /u/home/llim/FMPCC/FM-PCC
[ sbatch ] scene=s_curve  n_trials=500  gain=pid_default  seed=0
[ collect ] scene=s_curve  n_trials=500  homotopy_pool=['default']  gain=pid_default  seed=0  noise_sigma=0.02
[ collect ] saved=   1  rejected=  3  t=2s  ~1.57s/ep  ETA≈778s  last→logs/uav_expert_data/s_curve/default/s_curve_default_pid_default_0000003.pkl
[ collect ] ABORT: rejection rate 71.4% > limit 60.0%. Check PID stability (Decision 2 fix applied?).
[ collect ] DONE  saved=6  rejected=15  (71.4% rejected)  elapsed=8s
[ sbatch ] Collection done. Running stats validator …
[ validate ] Loading episodes from logs/uav_expert_data/s_curve …

============================================================
  Generated dataset vs UAV-Flow Phase 4-α targets
============================================================
  Episodes generated  : 6
  Homotopy breakdown  : {'default': 6}

  Speed (m/s):
    Generated  mean=2.058  median=1.797  p95=3.404
    UAV-Flow   velocity unknown (no timestamps in dataset)
    Our target 0.30–0.50 m/s  (RESEARCH §3.3)
    STATUS: ⚠️  CHECK — mean speed outside 0.15–0.80 m/s

  Episode length (steps at ~33 Hz):
    Generated  mean=645  median=660  [552, 699]
    UAV-Flow   median=38.0 waypoints (different Hz — not directly comparable)

  Action Δp_des norm (m per step):
    Generated  mean=0.0113  p95=0.0188
    Expected   0.009–0.015 m/step (0.3–0.5 m/s at 33 Hz)
    STATUS: ✅ OK
============================================================

[ validate ] Stats saved → logs/uav_expert_data/s_curve/dataset_stats.json
[ sbatch ] Output: logs/uav_expert_data/s_curve/
========================================
JOB END: Sun Jun  7 11:56:12 UTC 2026
========================================
