/bin/bash: /u/home/llim/miniconda3/lib/libtinfo.so.6: no version information available (required by /bin/bash)
================================================================================
JOB START: Fri Jun 26 09:53:50 UTC 2026  |  uav_fm_eval  |  ID 22093  |  NODE i6-gpu-1
SCENE: corridor   SEEDS: 6   N_TRIALS: 2
GIT REV:   3a725fc
================================================================================
[ GPU-CHECK ] CUDA_VISIBLE_DEVICES=0  MUJOCO_EGL_DEVICE_ID=0
--------------------------------------------------------------------------------
[ uav_fm_eval ] scene=corridor seed=6  Fri Jun 26 09:53:51 UTC 2026
[ uav_fm_eval ] python FM_v3_uav_test/eval_fm_uav.py --scene corridor --seed 6 --n-trials 2 --projection fm_only --record none

[ utils/serialization ] Loading model from logs/UAV_FM/uav-corridor/flow_matching_v3_uav/H8_Dmodels.diffusion.FlowMatchingODE/6


                    [ utils/normalization ] Constant data in dimension 1 | max = min = 0.0

                    [ utils/normalization ] Constant data in dimension 2 | max = min = 0.0

                    [ utils/normalization ] Constant data in dimension 0 | max = min = 0.0
[ datasets/buffer ] Fields:
    observations: (500, 750, 9)
    actions: (500, 750, 3)
    rewards: (500, 750, 1)
    terminals: (500, 750, 1)
    normed_observations: (500, 750, 9)
    normed_actions: (500, 750, 3)
[ utils/training ] Restored loss history from checkpoint at step 80000
[ eval ] corridor: variants=['diffuser', 'gradient', 'gradient-tightened', 'post_processing', 'post_processing-tightened', 'model_free', 'model_free-tightened', 'dpcc-r', 'dpcc-r-tightened', 'dpcc-c', 'dpcc-c-tightened', 'dpcc-t', 'dpcc-t-tightened']  constraints=['dynamics']  batch_size=4
[ eval ] corridor variant=diffuser (B=4, proj=off, sel=random): success=0.000  safe=0.000  goal_reached=0.000  track_err=80.625  → logs/UAV_FM/uav-corridor/plans/flow_matching_v3_uav/H8_Dmodels.diffusion.FlowMatchingODE/6/diffuser/
[ eval ] corridor variant=diffuser TIMING: fm_ms=85.1 proj_ms=0.0 total_ms=85.1 (p95=85.3) budget=30.3ms → real_time_OVER×497
Traceback (most recent call last):
  File "/data/home/llim/FMPCC/FM-PCC/FM_v3_uav_test/eval_fm_uav.py", line 578, in <module>
    main()
  File "/data/home/llim/FMPCC/FM-PCC/FM_v3_uav_test/eval_fm_uav.py", line 565, in main
    summaries = {s: eval_scene(s, args) for s in scenes}
  File "/data/home/llim/FMPCC/FM-PCC/FM_v3_uav_test/eval_fm_uav.py", line 565, in <dictcomp>
    summaries = {s: eval_scene(s, args) for s in scenes}
  File "/data/home/llim/FMPCC/FM-PCC/FM_v3_uav_test/eval_fm_uav.py", line 553, in eval_scene
    summaries[variant] = _run_variant(scene, variant, model_fm, dataset, parsed, horizon,
  File "/data/home/llim/FMPCC/FM-PCC/FM_v3_uav_test/eval_fm_uav.py", line 481, in _run_variant
    r = rollout_one(mj_model, scene, homotopy, 10_000 + i, policy, horizon,
  File "/data/home/llim/FMPCC/FM-PCC/FM_v3_uav_test/eval_fm_uav.py", line 314, in rollout_one
    action, traj = policy({0: obs}, batch_size=batch_size, horizon=horizon)
  File "/data/home/llim/FMPCC/FM-PCC/flow_matcher_v3_uav/sampling/policies.py", line 52, in __call__
    samples, infos = self.model(conditions, returns=returns, projector=projector, constraints=constraints, horizon=horizon, **self.sample_kwargs)
  File "/u/home/llim/miniconda3/envs/FMPCC/lib/python3.10/site-packages/torch/nn/modules/module.py", line 1511, in _wrapped_call_impl
    return self._call_impl(*args, **kwargs)
  File "/u/home/llim/miniconda3/envs/FMPCC/lib/python3.10/site-packages/torch/nn/modules/module.py", line 1520, in _call_impl
    return forward_call(*args, **kwargs)
  File "/data/home/llim/FMPCC/FM-PCC/flow_matcher_v3_uav/models/diffusion.py", line 377, in forward
    return self.conditional_sample(cond=cond, *args, **kwargs)
  File "/u/home/llim/miniconda3/envs/FMPCC/lib/python3.10/site-packages/torch/utils/_contextlib.py", line 115, in decorate_context
    return func(*args, **kwargs)
  File "/data/home/llim/FMPCC/FM-PCC/flow_matcher_v3_uav/models/diffusion.py", line 299, in conditional_sample
    return self.p_sample_loop(shape, cond, returns, *args, **kwargs)
  File "/u/home/llim/miniconda3/envs/FMPCC/lib/python3.10/site-packages/torch/utils/_contextlib.py", line 115, in decorate_context
    return func(*args, **kwargs)
  File "/data/home/llim/FMPCC/FM-PCC/flow_matcher_v3_uav/models/diffusion.py", line 260, in p_sample_loop
    x = self.p_sample(x, cond, t_cont, returns, projector=projector, constraints=constraints)
  File "/u/home/llim/miniconda3/envs/FMPCC/lib/python3.10/site-packages/torch/utils/_contextlib.py", line 115, in decorate_context
    return func(*args, **kwargs)
  File "/data/home/llim/FMPCC/FM-PCC/flow_matcher_v3_uav/models/diffusion.py", line 168, in p_sample
    model_mean, _, _ = self.p_mean_variance(
  File "/data/home/llim/FMPCC/FM-PCC/flow_matcher_v3_uav/models/diffusion.py", line 161, in p_mean_variance
    model_mean = model_mean + grad
RuntimeError: The size of tensor a (12) must match the size of tensor b (11) at non-singleton dimension 2
JOB END: Fri Jun 26 09:54:41 UTC 2026
