/bin/bash: /u/home/llim/miniconda3/lib/libtinfo.so.6: no version information available (required by /bin/bash)
================================================================================
JOB START: Thu May 28 10:34:18 UTC 2026
JOB NAME:  train_d3il_baseline
JOB ID:    20875
NODE:      i6-gpu-1
GPU INFO:
NVIDIA RTX A5000, 530.41.03, 24564 MiB
NVIDIA RTX A5000, 530.41.03, 24564 MiB
NVIDIA RTX A5000, 530.41.03, 24564 MiB
NVIDIA RTX A5000, 530.41.03, 24564 MiB
NVIDIA RTX A5000, 530.41.03, 24564 MiB
NVIDIA RTX A5000, 530.41.03, 24564 MiB
NVIDIA RTX A5000, 530.41.03, 24564 MiB
NVIDIA RTX A5000, 530.41.03, 24564 MiB
GIT REV:   1cf9aca
================================================================================
[ train ] agent=ddpm_encdec_vision  seed=42
[ train ] weights will be saved to: /u/home/llim/FMPCC/FM-PCC/logs/d3il_visual_aligning_baseline/ddpm_encdec_vision/seed_42/weights
Traceback (most recent call last):
  File "/data/home/llim/FMPCC/FM-PCC/d3il_visual_aligning_baseline_test/train_d3il_visual_aligning.py", line 40, in <module>
    @hydra.main(config_path="../d3il/configs", config_name="aligning_config", version_base=None)
TypeError: main() got an unexpected keyword argument 'version_base'
