/bin/bash: /u/home/llim/miniconda3/lib/libtinfo.so.6: no version information available (required by /bin/bash)
========================================
UAV EXPERT DATA COLLECTION (Epoch 4)
DATE:     Mon Jun  8 12:45:47 UTC 2026
NODE:     i6-gpu-1
JOB_ID:   21341
ARRAY_ID: none
========================================
[ sbatch ] Repo: /u/home/llim/FMPCC/FM-PCC
[ sbatch ] scene=s_curve  n_trials=500  gain=pid_default  seed=0
[ collect ] scene=s_curve  n_trials=500  homotopy_pool=['default']  gain=pid_default  seed=0  noise_sigma=0.02
[ collect ] saved=   1  rejected=  1  t=1s  ~0.71s/ep  ETA≈355s  last→logs/uav_expert_data/s_curve/default/s_curve_default_pid_default_0000001.pkl
[ collect ] saved=  50  rejected= 24  t=29s  ~0.58s/ep  ETA≈246s  last→logs/uav_expert_data/s_curve/default/s_curve_default_pid_default_0000073.pkl
[ collect ] saved= 100  rejected= 40  t=55s  ~0.55s/ep  ETA≈198s  last→logs/uav_expert_data/s_curve/default/s_curve_default_pid_default_0000139.pkl
[ collect ] saved= 150  rejected= 58  t=82s  ~0.55s/ep  ETA≈160s  last→logs/uav_expert_data/s_curve/default/s_curve_default_pid_default_0000207.pkl
[ collect ] saved= 200  rejected= 71  t=108s  ~0.54s/ep  ETA≈123s  last→logs/uav_expert_data/s_curve/default/s_curve_default_pid_default_0000270.pkl
[ collect ] saved= 250  rejected= 92  t=136s  ~0.54s/ep  ETA≈86s  last→logs/uav_expert_data/s_curve/default/s_curve_default_pid_default_0000341.pkl
[ collect ] saved= 300  rejected=110  t=163s  ~0.54s/ep  ETA≈49s  last→logs/uav_expert_data/s_curve/default/s_curve_default_pid_default_0000409.pkl
[ collect ] saved= 350  rejected=139  t=195s  ~0.56s/ep  ETA≈6s  last→logs/uav_expert_data/s_curve/default/s_curve_default_pid_default_0000488.pkl
[ collect ] DONE  saved=356  rejected=144  (28.8% rejected)  elapsed=199s
[ sbatch ] Collection done. Running stats validator …
[ validate ] Loading episodes from logs/uav_expert_data/s_curve …

============================================================
  Generated dataset vs UAV-Flow Phase 4-α targets
============================================================
  Episodes generated  : 356
  Homotopy breakdown  : {'default': 356}

  Speed (m/s):
    Generated  mean=0.560  median=0.458  p95=1.778
    UAV-Flow   velocity unknown (no timestamps in dataset)
    Our target 0.30–0.50 m/s  (RESEARCH §3.3)
    STATUS: ✅ OK

  Episode length (steps at ~33 Hz):
    Generated  mean=641  median=644  [534, 733]
    UAV-Flow   median=38.0 waypoints (different Hz — not directly comparable)

  Action Δp_des norm (m per step):
    Generated  mean=0.0114  p95=0.0190
    Expected   0.009–0.015 m/step (0.3–0.5 m/s at 33 Hz)
    STATUS: ✅ OK
============================================================

[ validate ] Stats saved → logs/uav_expert_data/s_curve/dataset_stats.json
[ sbatch ] Output: logs/uav_expert_data/s_curve/
========================================
JOB END: Mon Jun  8 12:49:07 UTC 2026
========================================
