/bin/bash: /u/home/llim/miniconda3/lib/libtinfo.so.6: no version information available (required by /bin/bash)
================================================================================
JOB START: Tue Aug  4 10:36:23 UTC 2026
JOB NAME:  train_mix_visual_aligning
JOB ID:    24222
NODE:      i6-gpu-1
GPU INFO:
NVIDIA RTX A5000, 530.41.03, 24564 MiB
NVIDIA RTX A5000, 530.41.03, 24564 MiB
NVIDIA RTX A5000, 530.41.03, 24564 MiB
NVIDIA RTX A5000, 530.41.03, 24564 MiB
NVIDIA RTX A5000, 530.41.03, 24564 MiB
NVIDIA RTX A5000, 530.41.03, 24564 MiB
NVIDIA RTX A5000, 530.41.03, 24564 MiB
NVIDIA RTX A5000, 530.41.03, 24564 MiB
GIT REV:   3e84451
================================================================================
[ GPU-CHECK ] CUDA_VISIBLE_DEVICES=2  MUJOCO_EGL_DEVICE_ID=2
[ train ] engine=mf  seeds='6'
wandb: Currently logged in as: llmmail2021 (llmmail2021-technical-university-of-munich). Use `wandb login --relogin` to force relogin
wandb: wandb version 0.28.1 is available!  To upgrade, please run:
wandb:  $ pip install wandb --upgrade
wandb: Tracking run with wandb version 0.17.5
wandb: Run data is saved locally in /data/home/llim/FMPCC/FM-PCC/wandb/run-20260804_103627-839b2vzv
wandb: Run `wandb offline` to turn off syncing.
wandb: Syncing run aligning-d3il-visual-mf-mix_visual_aligning_mf/H8_Dmix_visual_aligning.models.visual_mf_diffusion.VisualMeanFlow_a1.5_b1.0_aw1_VTrue_steps1000_bs64_filmv1_Emf_tslogit_normal-S6-slurm-24222
wandb: ⭐️ View project at https://wandb.ai/llmmail2021-technical-university-of-munich/FM-PCC-visual-aligning-gen14
wandb: 🚀 View run at https://wandb.ai/llmmail2021-technical-university-of-munich/FM-PCC-visual-aligning-gen14/runs/839b2vzv
[ train ] Seeds: [6]  (source: cli --seeds)
[ train ] engine=mf | MeanFlow (Gen3v6) | two_time=True | wraps_unet=True | nfe_key=flow_steps_v3 | source=flow_matcher_v3_meanflow/ (Gen3v6)
[ train ] config block: mix_visual_aligning_mf
[ train ] dataset=ParityAligningDataset (visual, 9D trajectory)

[utils/config ] Config: <class 'mix_visual_aligning.datasets.sequence.ParityAligningDataset'>
    dataset_path: environments/dataset/data/aligning/train_files.pkl
    horizon: 8
    max_n_episodes: 1000

[ utils/config ] Saved config to: logs/aligning-d3il-visual/mix_visual_aligning_mf/H8_Dmix_visual_aligning.models.visual_mf_diffusion.VisualMeanFlow_a1.5_b1.0_aw1_VTrue_steps1000_bs64_filmv1_Emf_tslogit_normal/6/dataset_config.pkl

[ utils/config ] Saved config to: logs/aligning-d3il-visual/mix_visual_aligning_mf/H8_Dmix_visual_aligning.models.visual_mf_diffusion.VisualMeanFlow_a1.5_b1.0_aw1_VTrue_steps1000_bs64_filmv1_Emf_tslogit_normal/6/dataset_config_resume_1.json

Loading states:   0%|          | 0/900 [00:00<?, ?it/s]Loading states: 100%|██████████| 900/900 [00:00<00:00, 2940.88it/s]
Loading images:   0%|          | 0/900 [00:00<?, ?it/s]slurmstepd-i6-gpu-1: error: *** JOB 24222 ON i6-gpu-1 CANCELLED AT 2026-08-04T10:36:34 ***
