=== DA_VA_v2 loading log ===

Loaded:  582
Failed:  0
Skipped: 0

[SKIP   ] cand5/seed6/train/combined_5/bounds_free: key divergence_reason shape (10,) not tabular
[SKIP   ] cand5/seed6/train/combined_5/diffuser: key divergence_reason shape (10,) not tabular
[SKIP   ] cand5/seed6/train/combined_5/dpcc-c: key divergence_reason shape (10,) not tabular
[SKIP   ] cand5/seed6/train/combined_5/dpcc-c-dt0p25: key divergence_reason shape (10,) not tabular
[SKIP   ] cand5/seed6/train/combined_5/dpcc-c-dt0p5: key divergence_reason shape (10,) not tabular
[SKIP   ] cand5/seed6/train/combined_5/dpcc-c-dt2p0: key divergence_reason shape (10,) not tabular
[SKIP   ] cand5/seed6/train/combined_5/dpcc-c-dt4p0: key divergence_reason shape (10,) not tabular
[SKIP   ] cand5/seed6/train/combined_5/dpcc-r: key divergence_reason shape (10,) not tabular
[SKIP   ] cand5/seed6/train/combined_5/dpcc-t: key divergence_reason shape (10,) not tabular
[SKIP   ] cand5/seed6/train/combined_5/geo_free: key divergence_reason shape (10,) not tabular
[SKIP   ] cand5/seed6/train/combined_5/geo_free-bounds_free: key divergence_reason shape (10,) not tabular
[SKIP   ] cand5/seed6/train/combined_5/geo_free-model_free: key divergence_reason shape (10,) not tabular
[SKIP   ] cand5/seed6/train/combined_5/gradient: key divergence_reason shape (10,) not tabular
[SKIP   ] cand5/seed6/train/combined_5/model_free: key divergence_reason shape (10,) not tabular
[SKIP   ] cand5/seed6/train/combined_5/model_free-bounds_free: key divergence_reason shape (10,) not tabular
[SKIP   ] cand5/seed6/train/combined_5/post_processing: key divergence_reason shape (10,) not tabular
[SKIP   ] cand5/seed6/train/combined_5-tightened/bounds_free: key divergence_reason shape (10,) not tabular
[SKIP   ] cand5/seed6/train/combined_5-tightened/diffuser: key divergence_reason shape (10,) not tabular
[SKIP   ] cand5/seed6/train/combined_5-tightened/dpcc-c: key divergence_reason shape (10,) not tabular
[SKIP   ] cand5/seed6/train/combined_5-tightened/dpcc-c-dt0p25: key divergence_reason shape (10,) not tabular
[SKIP   ] cand5/seed6/train/combined_5-tightened/dpcc-c-dt0p5: key divergence_reason shape (10,) not tabular
[SKIP   ] cand5/seed6/train/combined_5-tightened/dpcc-c-dt2p0: key divergence_reason shape (10,) not tabular
[SKIP   ] cand5/seed6/train/combined_5-tightened/dpcc-c-dt4p0: key divergence_reason shape (10,) not tabular
[SKIP   ] cand5/seed6/train/combined_5-tightened/dpcc-r: key divergence_reason shape (10,) not tabular
[SKIP   ] cand5/seed6/train/combined_5-tightened/dpcc-t: key divergence_reason shape (10,) not tabular
[SKIP   ] cand5/seed6/train/combined_5-tightened/geo_free: key divergence_reason shape (10,) not tabular
[SKIP   ] cand5/seed6/train/combined_5-tightened/geo_free-bounds_free: key divergence_reason shape (10,) not tabular
[SKIP   ] cand5/seed6/train/combined_5-tightened/geo_free-model_free: key divergence_reason shape (10,) not tabular
[SKIP   ] cand5/seed6/train/combined_5-tightened/gradient: key divergence_reason shape (10,) not tabular
[SKIP   ] cand5/seed6/train/combined_5-tightened/model_free: key divergence_reason shape (10,) not tabular
[SKIP   ] cand5/seed6/train/combined_5-tightened/model_free-bounds_free: key divergence_reason shape (10,) not tabular
[SKIP   ] cand5/seed6/train/combined_5-tightened/post_processing: key divergence_reason shape (10,) not tabular
[SKIP   ] cand8/seed6/train/combined_5/bounds_free: key divergence_reason shape (10,) not tabular
[SKIP   ] cand8/seed6/train/combined_5/diffuser: key divergence_reason shape (10,) not tabular
[SKIP   ] cand8/seed6/train/combined_5/dpcc-c: key divergence_reason shape (10,) not tabular
[SKIP   ] cand8/seed6/train/combined_5/dpcc-c-dt0p25: key divergence_reason shape (10,) not tabular
[SKIP   ] cand8/seed6/train/combined_5/dpcc-c-dt0p5: key divergence_reason shape (10,) not tabular
[SKIP   ] cand8/seed6/train/combined_5/dpcc-c-dt2p0: key divergence_reason shape (10,) not tabular
[SKIP   ] cand8/seed6/train/combined_5/dpcc-c-dt4p0: key divergence_reason shape (10,) not tabular
[SKIP   ] cand8/seed6/train/combined_5/dpcc-r: key divergence_reason shape (10,) not tabular
[SKIP   ] cand8/seed6/train/combined_5/dpcc-t: key divergence_reason shape (10,) not tabular
[SKIP   ] cand8/seed6/train/combined_5/geo_free: key divergence_reason shape (10,) not tabular
[SKIP   ] cand8/seed6/train/combined_5/geo_free-bounds_free: key divergence_reason shape (10,) not tabular
[SKIP   ] cand8/seed6/train/combined_5/geo_free-model_free: key divergence_reason shape (10,) not tabular
[SKIP   ] cand8/seed6/train/combined_5/gradient: key divergence_reason shape (10,) not tabular
[SKIP   ] cand8/seed6/train/combined_5/model_free: key divergence_reason shape (10,) not tabular
[SKIP   ] cand8/seed6/train/combined_5/model_free-bounds_free: key divergence_reason shape (10,) not tabular
[SKIP   ] cand8/seed6/train/combined_5/post_processing: key divergence_reason shape (10,) not tabular
[SKIP   ] cand8/seed6/train/combined_5-tightened/bounds_free: key divergence_reason shape (10,) not tabular
[SKIP   ] cand8/seed6/train/combined_5-tightened/diffuser: key divergence_reason shape (10,) not tabular
[SKIP   ] cand8/seed6/train/combined_5-tightened/dpcc-c: key divergence_reason shape (10,) not tabular
[SKIP   ] cand8/seed6/train/combined_5-tightened/dpcc-c-dt0p25: key divergence_reason shape (10,) not tabular
[SKIP   ] cand8/seed6/train/combined_5-tightened/dpcc-c-dt0p5: key divergence_reason shape (10,) not tabular
[SKIP   ] cand8/seed6/train/combined_5-tightened/dpcc-c-dt2p0: key divergence_reason shape (10,) not tabular
[SKIP   ] cand8/seed6/train/combined_5-tightened/dpcc-c-dt4p0: key divergence_reason shape (10,) not tabular
[SKIP   ] cand8/seed6/train/combined_5-tightened/dpcc-r: key divergence_reason shape (10,) not tabular
[SKIP   ] cand8/seed6/train/combined_5-tightened/dpcc-t: key divergence_reason shape (10,) not tabular
[SKIP   ] cand8/seed6/train/combined_5-tightened/geo_free: key divergence_reason shape (10,) not tabular
[SKIP   ] cand8/seed6/train/combined_5-tightened/geo_free-bounds_free: key divergence_reason shape (10,) not tabular
[SKIP   ] cand8/seed6/train/combined_5-tightened/geo_free-model_free: key divergence_reason shape (10,) not tabular
[SKIP   ] cand8/seed6/train/combined_5-tightened/gradient: key divergence_reason shape (10,) not tabular
[SKIP   ] cand8/seed6/train/combined_5-tightened/model_free: key divergence_reason shape (10,) not tabular
[SKIP   ] cand8/seed6/train/combined_5-tightened/model_free-bounds_free: key divergence_reason shape (10,) not tabular
[SKIP   ] cand8/seed6/train/combined_5-tightened/post_processing: key divergence_reason shape (10,) not tabular
[SKIP   ] cand9/seed6/train/combined_5/bounds_free: key divergence_reason shape (10,) not tabular
[SKIP   ] cand9/seed6/train/combined_5/diffuser: key divergence_reason shape (10,) not tabular
[SKIP   ] cand9/seed6/train/combined_5/dpcc-c: key divergence_reason shape (10,) not tabular
[SKIP   ] cand9/seed6/train/combined_5/dpcc-c-dt0p25: key divergence_reason shape (10,) not tabular
[SKIP   ] cand9/seed6/train/combined_5/dpcc-c-dt0p5: key divergence_reason shape (10,) not tabular
[SKIP   ] cand9/seed6/train/combined_5/dpcc-c-dt2p0: key divergence_reason shape (10,) not tabular
[SKIP   ] cand9/seed6/train/combined_5/dpcc-c-dt4p0: key divergence_reason shape (10,) not tabular
[SKIP   ] cand9/seed6/train/combined_5/dpcc-r: key divergence_reason shape (10,) not tabular
[SKIP   ] cand9/seed6/train/combined_5/dpcc-t: key divergence_reason shape (10,) not tabular
[SKIP   ] cand9/seed6/train/combined_5/geo_free: key divergence_reason shape (10,) not tabular
[SKIP   ] cand9/seed6/train/combined_5/geo_free-bounds_free: key divergence_reason shape (10,) not tabular
[SKIP   ] cand9/seed6/train/combined_5/geo_free-model_free: key divergence_reason shape (10,) not tabular
[SKIP   ] cand9/seed6/train/combined_5/gradient: key divergence_reason shape (10,) not tabular
[SKIP   ] cand9/seed6/train/combined_5/model_free: key divergence_reason shape (10,) not tabular
[SKIP   ] cand9/seed6/train/combined_5/model_free-bounds_free: key divergence_reason shape (10,) not tabular
[SKIP   ] cand9/seed6/train/combined_5/post_processing: key divergence_reason shape (10,) not tabular
[SKIP   ] cand9/seed6/train/combined_5-tightened/bounds_free: key divergence_reason shape (10,) not tabular
[SKIP   ] cand9/seed6/train/combined_5-tightened/diffuser: key divergence_reason shape (10,) not tabular
[SKIP   ] cand9/seed6/train/combined_5-tightened/dpcc-c: key divergence_reason shape (10,) not tabular
[SKIP   ] cand9/seed6/train/combined_5-tightened/dpcc-c-dt0p25: key divergence_reason shape (10,) not tabular
[SKIP   ] cand9/seed6/train/combined_5-tightened/dpcc-c-dt0p5: key divergence_reason shape (10,) not tabular
[SKIP   ] cand9/seed6/train/combined_5-tightened/dpcc-c-dt2p0: key divergence_reason shape (10,) not tabular
[SKIP   ] cand9/seed6/train/combined_5-tightened/dpcc-c-dt4p0: key divergence_reason shape (10,) not tabular
[SKIP   ] cand9/seed6/train/combined_5-tightened/dpcc-r: key divergence_reason shape (10,) not tabular
[SKIP   ] cand9/seed6/train/combined_5-tightened/dpcc-t: key divergence_reason shape (10,) not tabular
[SKIP   ] cand9/seed6/train/combined_5-tightened/geo_free: key divergence_reason shape (10,) not tabular
[SKIP   ] cand9/seed6/train/combined_5-tightened/geo_free-bounds_free: key divergence_reason shape (10,) not tabular
[SKIP   ] cand9/seed6/train/combined_5-tightened/geo_free-model_free: key divergence_reason shape (10,) not tabular
[SKIP   ] cand9/seed6/train/combined_5-tightened/gradient: key divergence_reason shape (10,) not tabular
[SKIP   ] cand9/seed6/train/combined_5-tightened/model_free: key divergence_reason shape (10,) not tabular
[SKIP   ] cand9/seed6/train/combined_5-tightened/model_free-bounds_free: key divergence_reason shape (10,) not tabular
[SKIP   ] cand9/seed6/train/combined_5-tightened/post_processing: key divergence_reason shape (10,) not tabular
[SKIP   ] cand14/seed6/train/combined_5/bounds_free: key divergence_reason shape (10,) not tabular
[SKIP   ] cand14/seed6/train/combined_5/diffuser: key divergence_reason shape (10,) not tabular
[SKIP   ] cand14/seed6/train/combined_5/dpcc-c: key divergence_reason shape (10,) not tabular
[SKIP   ] cand14/seed6/train/combined_5/dpcc-c-dt0p25: key divergence_reason shape (10,) not tabular
[SKIP   ] cand14/seed6/train/combined_5/dpcc-c-dt0p5: key divergence_reason shape (10,) not tabular
[SKIP   ] cand14/seed6/train/combined_5/dpcc-c-dt2p0: key divergence_reason shape (10,) not tabular
[SKIP   ] cand14/seed6/train/combined_5/dpcc-c-dt4p0: key divergence_reason shape (10,) not tabular
[SKIP   ] cand14/seed6/train/combined_5/dpcc-r: key divergence_reason shape (10,) not tabular
[SKIP   ] cand14/seed6/train/combined_5/dpcc-t: key divergence_reason shape (10,) not tabular
[SKIP   ] cand14/seed6/train/combined_5/geo_free: key divergence_reason shape (10,) not tabular
[SKIP   ] cand14/seed6/train/combined_5/geo_free-bounds_free: key divergence_reason shape (10,) not tabular
[SKIP   ] cand14/seed6/train/combined_5/geo_free-model_free: key divergence_reason shape (10,) not tabular
[SKIP   ] cand14/seed6/train/combined_5/gradient: key divergence_reason shape (10,) not tabular
[SKIP   ] cand14/seed6/train/combined_5/hardflow_sls-c: key divergence_reason shape (10,) not tabular
[SKIP   ] cand14/seed6/train/combined_5/hardflow_sls-r: key divergence_reason shape (10,) not tabular
[SKIP   ] cand14/seed6/train/combined_5/hardflow_sls-t: key divergence_reason shape (10,) not tabular
[SKIP   ] cand14/seed6/train/combined_5/model_free: key divergence_reason shape (10,) not tabular
[SKIP   ] cand14/seed6/train/combined_5/model_free-bounds_free: key divergence_reason shape (10,) not tabular
[SKIP   ] cand14/seed6/train/combined_5/post_processing: key divergence_reason shape (10,) not tabular
[SKIP   ] cand14/seed6/train/combined_5-tightened/bounds_free: key divergence_reason shape (10,) not tabular
[SKIP   ] cand14/seed6/train/combined_5-tightened/diffuser: key divergence_reason shape (10,) not tabular
[SKIP   ] cand14/seed6/train/combined_5-tightened/dpcc-c: key divergence_reason shape (10,) not tabular
[SKIP   ] cand14/seed6/train/combined_5-tightened/dpcc-c-dt0p25: key divergence_reason shape (10,) not tabular
[SKIP   ] cand14/seed6/train/combined_5-tightened/dpcc-c-dt0p5: key divergence_reason shape (10,) not tabular
[SKIP   ] cand14/seed6/train/combined_5-tightened/dpcc-c-dt2p0: key divergence_reason shape (10,) not tabular
[SKIP   ] cand14/seed6/train/combined_5-tightened/dpcc-c-dt4p0: key divergence_reason shape (10,) not tabular
[SKIP   ] cand14/seed6/train/combined_5-tightened/dpcc-r: key divergence_reason shape (10,) not tabular
[SKIP   ] cand14/seed6/train/combined_5-tightened/dpcc-t: key divergence_reason shape (10,) not tabular
[SKIP   ] cand14/seed6/train/combined_5-tightened/geo_free: key divergence_reason shape (10,) not tabular
[SKIP   ] cand14/seed6/train/combined_5-tightened/geo_free-bounds_free: key divergence_reason shape (10,) not tabular
[SKIP   ] cand14/seed6/train/combined_5-tightened/geo_free-model_free: key divergence_reason shape (10,) not tabular
[SKIP   ] cand14/seed6/train/combined_5-tightened/gradient: key divergence_reason shape (10,) not tabular
[SKIP   ] cand14/seed6/train/combined_5-tightened/hardflow_sls-c: key divergence_reason shape (10,) not tabular
[SKIP   ] cand14/seed6/train/combined_5-tightened/hardflow_sls-r: key divergence_reason shape (10,) not tabular
[SKIP   ] cand14/seed6/train/combined_5-tightened/hardflow_sls-t: key divergence_reason shape (10,) not tabular
[SKIP   ] cand14/seed6/train/combined_5-tightened/model_free: key divergence_reason shape (10,) not tabular
[SKIP   ] cand14/seed6/train/combined_5-tightened/model_free-bounds_free: key divergence_reason shape (10,) not tabular
[SKIP   ] cand14/seed6/train/combined_5-tightened/post_processing: key divergence_reason shape (10,) not tabular
[SKIP   ] cand17/seed6/train/combined_5/bounds_free: key divergence_reason shape (10,) not tabular
[SKIP   ] cand17/seed6/train/combined_5/diffuser: key divergence_reason shape (10,) not tabular
[SKIP   ] cand17/seed6/train/combined_5/dpcc-c: key divergence_reason shape (10,) not tabular
[SKIP   ] cand17/seed6/train/combined_5/dpcc-c-dt0p25: key divergence_reason shape (10,) not tabular
[SKIP   ] cand17/seed6/train/combined_5/dpcc-c-dt0p5: key divergence_reason shape (10,) not tabular
[SKIP   ] cand17/seed6/train/combined_5/dpcc-c-dt2p0: key divergence_reason shape (10,) not tabular
[SKIP   ] cand17/seed6/train/combined_5/dpcc-c-dt4p0: key divergence_reason shape (10,) not tabular
[SKIP   ] cand17/seed6/train/combined_5/dpcc-r: key divergence_reason shape (10,) not tabular
[SKIP   ] cand17/seed6/train/combined_5/dpcc-t: key divergence_reason shape (10,) not tabular
[SKIP   ] cand17/seed6/train/combined_5/geo_free: key divergence_reason shape (10,) not tabular
[SKIP   ] cand17/seed6/train/combined_5/geo_free-bounds_free: key divergence_reason shape (10,) not tabular
[SKIP   ] cand17/seed6/train/combined_5/geo_free-model_free: key divergence_reason shape (10,) not tabular
[SKIP   ] cand17/seed6/train/combined_5/gradient: key divergence_reason shape (10,) not tabular
[SKIP   ] cand17/seed6/train/combined_5/model_free: key divergence_reason shape (10,) not tabular
[SKIP   ] cand17/seed6/train/combined_5/model_free-bounds_free: key divergence_reason shape (10,) not tabular
[SKIP   ] cand17/seed6/train/combined_5/post_processing: key divergence_reason shape (10,) not tabular
[SKIP   ] cand17/seed6/train/combined_5-tightened/bounds_free: key divergence_reason shape (10,) not tabular
[SKIP   ] cand17/seed6/train/combined_5-tightened/diffuser: key divergence_reason shape (10,) not tabular
[SKIP   ] cand17/seed6/train/combined_5-tightened/dpcc-c: key divergence_reason shape (10,) not tabular
[SKIP   ] cand17/seed6/train/combined_5-tightened/dpcc-c-dt0p25: key divergence_reason shape (10,) not tabular
[SKIP   ] cand17/seed6/train/combined_5-tightened/dpcc-c-dt0p5: key divergence_reason shape (10,) not tabular
[SKIP   ] cand17/seed6/train/combined_5-tightened/dpcc-c-dt2p0: key divergence_reason shape (10,) not tabular
[SKIP   ] cand17/seed6/train/combined_5-tightened/dpcc-c-dt4p0: key divergence_reason shape (10,) not tabular
[SKIP   ] cand17/seed6/train/combined_5-tightened/dpcc-r: key divergence_reason shape (10,) not tabular
[SKIP   ] cand17/seed6/train/combined_5-tightened/dpcc-t: key divergence_reason shape (10,) not tabular
[SKIP   ] cand17/seed6/train/combined_5-tightened/geo_free: key divergence_reason shape (10,) not tabular
[SKIP   ] cand17/seed6/train/combined_5-tightened/geo_free-bounds_free: key divergence_reason shape (10,) not tabular
[SKIP   ] cand17/seed6/train/combined_5-tightened/geo_free-model_free: key divergence_reason shape (10,) not tabular
[SKIP   ] cand17/seed6/train/combined_5-tightened/gradient: key divergence_reason shape (10,) not tabular
[SKIP   ] cand17/seed6/train/combined_5-tightened/model_free: key divergence_reason shape (10,) not tabular
[SKIP   ] cand17/seed6/train/combined_5-tightened/model_free-bounds_free: key divergence_reason shape (10,) not tabular
[SKIP   ] cand17/seed6/train/combined_5-tightened/post_processing: key divergence_reason shape (10,) not tabular
[SKIP   ] cand18/seed6/train/combined_5/bounds_free: key divergence_reason shape (10,) not tabular
[SKIP   ] cand18/seed6/train/combined_5/diffuser: key divergence_reason shape (10,) not tabular
[SKIP   ] cand18/seed6/train/combined_5/dpcc-c: key divergence_reason shape (10,) not tabular
[SKIP   ] cand18/seed6/train/combined_5/dpcc-c-dt0p25: key divergence_reason shape (10,) not tabular
[SKIP   ] cand18/seed6/train/combined_5/dpcc-c-dt0p5: key divergence_reason shape (10,) not tabular
[SKIP   ] cand18/seed6/train/combined_5/dpcc-c-dt2p0: key divergence_reason shape (10,) not tabular
[SKIP   ] cand18/seed6/train/combined_5/dpcc-c-dt4p0: key divergence_reason shape (10,) not tabular
[SKIP   ] cand18/seed6/train/combined_5/dpcc-r: key divergence_reason shape (10,) not tabular
[SKIP   ] cand18/seed6/train/combined_5/dpcc-t: key divergence_reason shape (10,) not tabular
[SKIP   ] cand18/seed6/train/combined_5/geo_free: key divergence_reason shape (10,) not tabular
[SKIP   ] cand18/seed6/train/combined_5/geo_free-bounds_free: key divergence_reason shape (10,) not tabular
[SKIP   ] cand18/seed6/train/combined_5/geo_free-model_free: key divergence_reason shape (10,) not tabular
[SKIP   ] cand18/seed6/train/combined_5/gradient: key divergence_reason shape (10,) not tabular
[SKIP   ] cand18/seed6/train/combined_5/hardflow_sls-c: key divergence_reason shape (10,) not tabular
[SKIP   ] cand18/seed6/train/combined_5/hardflow_sls-r: key divergence_reason shape (10,) not tabular
[SKIP   ] cand18/seed6/train/combined_5/model_free: key divergence_reason shape (10,) not tabular
[SKIP   ] cand18/seed6/train/combined_5/model_free-bounds_free: key divergence_reason shape (10,) not tabular
[SKIP   ] cand18/seed6/train/combined_5/post_processing: key divergence_reason shape (10,) not tabular
[SKIP   ] cand20/seed6/train/combined_5/bounds_free: key divergence_reason shape (10,) not tabular
[SKIP   ] cand20/seed6/train/combined_5/diffuser: key divergence_reason shape (10,) not tabular
[SKIP   ] cand20/seed6/train/combined_5/dpcc-c: key divergence_reason shape (10,) not tabular
[SKIP   ] cand20/seed6/train/combined_5/dpcc-c-dt0p25: key divergence_reason shape (10,) not tabular
[SKIP   ] cand20/seed6/train/combined_5/dpcc-c-dt0p5: key divergence_reason shape (10,) not tabular
[SKIP   ] cand20/seed6/train/combined_5/dpcc-c-dt2p0: key divergence_reason shape (10,) not tabular
[SKIP   ] cand20/seed6/train/combined_5/dpcc-c-dt4p0: key divergence_reason shape (10,) not tabular
[SKIP   ] cand20/seed6/train/combined_5/dpcc-r: key divergence_reason shape (10,) not tabular
[SKIP   ] cand20/seed6/train/combined_5/dpcc-t: key divergence_reason shape (10,) not tabular
[SKIP   ] cand20/seed6/train/combined_5/geo_free: key divergence_reason shape (10,) not tabular
[SKIP   ] cand20/seed6/train/combined_5/geo_free-bounds_free: key divergence_reason shape (10,) not tabular
[SKIP   ] cand20/seed6/train/combined_5/geo_free-model_free: key divergence_reason shape (10,) not tabular
[SKIP   ] cand20/seed6/train/combined_5/gradient: key divergence_reason shape (10,) not tabular
[SKIP   ] cand20/seed6/train/combined_5/hardflow_sls-c: key divergence_reason shape (10,) not tabular
[SKIP   ] cand20/seed6/train/combined_5/hardflow_sls-r: key divergence_reason shape (10,) not tabular
[SKIP   ] cand20/seed6/train/combined_5/hardflow_sls-t: key divergence_reason shape (10,) not tabular
[SKIP   ] cand20/seed6/train/combined_5/model_free: key divergence_reason shape (10,) not tabular
[SKIP   ] cand20/seed6/train/combined_5/model_free-bounds_free: key divergence_reason shape (10,) not tabular
[SKIP   ] cand20/seed6/train/combined_5/post_processing: key divergence_reason shape (10,) not tabular
[SKIP   ] cand20/seed6/train/combined_5-tightened/bounds_free: key divergence_reason shape (10,) not tabular
[SKIP   ] cand20/seed6/train/combined_5-tightened/diffuser: key divergence_reason shape (10,) not tabular
[SKIP   ] cand20/seed6/train/combined_5-tightened/dpcc-c: key divergence_reason shape (10,) not tabular
[SKIP   ] cand20/seed6/train/combined_5-tightened/dpcc-c-dt0p25: key divergence_reason shape (10,) not tabular
[SKIP   ] cand20/seed6/train/combined_5-tightened/dpcc-c-dt0p5: key divergence_reason shape (10,) not tabular
[SKIP   ] cand20/seed6/train/combined_5-tightened/dpcc-c-dt2p0: key divergence_reason shape (10,) not tabular
[SKIP   ] cand20/seed6/train/combined_5-tightened/dpcc-c-dt4p0: key divergence_reason shape (10,) not tabular
[SKIP   ] cand20/seed6/train/combined_5-tightened/dpcc-r: key divergence_reason shape (10,) not tabular
[SKIP   ] cand20/seed6/train/combined_5-tightened/dpcc-t: key divergence_reason shape (10,) not tabular
[SKIP   ] cand20/seed6/train/combined_5-tightened/geo_free: key divergence_reason shape (10,) not tabular
[SKIP   ] cand20/seed6/train/combined_5-tightened/geo_free-bounds_free: key divergence_reason shape (10,) not tabular
[SKIP   ] cand20/seed6/train/combined_5-tightened/geo_free-model_free: key divergence_reason shape (10,) not tabular
[SKIP   ] cand20/seed6/train/combined_5-tightened/gradient: key divergence_reason shape (10,) not tabular
[SKIP   ] cand20/seed6/train/combined_5-tightened/hardflow_sls-c: key divergence_reason shape (10,) not tabular
[SKIP   ] cand20/seed6/train/combined_5-tightened/hardflow_sls-r: key divergence_reason shape (10,) not tabular
[SKIP   ] cand20/seed6/train/combined_5-tightened/hardflow_sls-t: key divergence_reason shape (10,) not tabular
[SKIP   ] cand20/seed6/train/combined_5-tightened/model_free: key divergence_reason shape (10,) not tabular
[SKIP   ] cand20/seed6/train/combined_5-tightened/model_free-bounds_free: key divergence_reason shape (10,) not tabular
[SKIP   ] cand20/seed6/train/combined_5-tightened/post_processing: key divergence_reason shape (10,) not tabular
[SKIP   ] cand21/seed6/train/combined_5/bounds_free: key divergence_reason shape (10,) not tabular
[SKIP   ] cand21/seed6/train/combined_5/diffuser: key divergence_reason shape (10,) not tabular
[SKIP   ] cand21/seed6/train/combined_5/dpcc-c: key divergence_reason shape (10,) not tabular
[SKIP   ] cand21/seed6/train/combined_5/dpcc-c-dt0p25: key divergence_reason shape (10,) not tabular
[SKIP   ] cand21/seed6/train/combined_5/dpcc-c-dt0p5: key divergence_reason shape (10,) not tabular
[SKIP   ] cand21/seed6/train/combined_5/dpcc-c-dt2p0: key divergence_reason shape (10,) not tabular
[SKIP   ] cand21/seed6/train/combined_5/dpcc-c-dt4p0: key divergence_reason shape (10,) not tabular
[SKIP   ] cand21/seed6/train/combined_5/dpcc-r: key divergence_reason shape (10,) not tabular
[SKIP   ] cand21/seed6/train/combined_5/dpcc-t: key divergence_reason shape (10,) not tabular
[SKIP   ] cand21/seed6/train/combined_5/geo_free: key divergence_reason shape (10,) not tabular
[SKIP   ] cand21/seed6/train/combined_5/geo_free-bounds_free: key divergence_reason shape (10,) not tabular
[SKIP   ] cand21/seed6/train/combined_5/geo_free-model_free: key divergence_reason shape (10,) not tabular
[SKIP   ] cand21/seed6/train/combined_5/gradient: key divergence_reason shape (10,) not tabular
[SKIP   ] cand21/seed6/train/combined_5/hardflow_sls-c: key divergence_reason shape (10,) not tabular
[SKIP   ] cand21/seed6/train/combined_5/hardflow_sls-r: key divergence_reason shape (10,) not tabular
[SKIP   ] cand21/seed6/train/combined_5/hardflow_sls-t: key divergence_reason shape (10,) not tabular
[SKIP   ] cand21/seed6/train/combined_5/model_free: key divergence_reason shape (10,) not tabular
[SKIP   ] cand21/seed6/train/combined_5/model_free-bounds_free: key divergence_reason shape (10,) not tabular
[SKIP   ] cand21/seed6/train/combined_5/post_processing: key divergence_reason shape (10,) not tabular
[SKIP   ] cand21/seed6/train/combined_5-tightened/bounds_free: key divergence_reason shape (10,) not tabular
[SKIP   ] cand21/seed6/train/combined_5-tightened/diffuser: key divergence_reason shape (10,) not tabular
[SKIP   ] cand21/seed6/train/combined_5-tightened/dpcc-c: key divergence_reason shape (10,) not tabular
[SKIP   ] cand21/seed6/train/combined_5-tightened/dpcc-c-dt0p25: key divergence_reason shape (10,) not tabular
[SKIP   ] cand21/seed6/train/combined_5-tightened/dpcc-c-dt0p5: key divergence_reason shape (10,) not tabular
[SKIP   ] cand21/seed6/train/combined_5-tightened/dpcc-c-dt2p0: key divergence_reason shape (10,) not tabular
[SKIP   ] cand21/seed6/train/combined_5-tightened/dpcc-c-dt4p0: key divergence_reason shape (10,) not tabular
[SKIP   ] cand21/seed6/train/combined_5-tightened/dpcc-r: key divergence_reason shape (10,) not tabular
[SKIP   ] cand21/seed6/train/combined_5-tightened/dpcc-t: key divergence_reason shape (10,) not tabular
[SKIP   ] cand21/seed6/train/combined_5-tightened/geo_free: key divergence_reason shape (10,) not tabular
[SKIP   ] cand21/seed6/train/combined_5-tightened/geo_free-bounds_free: key divergence_reason shape (10,) not tabular
[SKIP   ] cand21/seed6/train/combined_5-tightened/geo_free-model_free: key divergence_reason shape (10,) not tabular
[SKIP   ] cand21/seed6/train/combined_5-tightened/gradient: key divergence_reason shape (10,) not tabular
[SKIP   ] cand21/seed6/train/combined_5-tightened/hardflow_sls-c: key divergence_reason shape (10,) not tabular
[SKIP   ] cand21/seed6/train/combined_5-tightened/hardflow_sls-r: key divergence_reason shape (10,) not tabular
[SKIP   ] cand21/seed6/train/combined_5-tightened/hardflow_sls-t: key divergence_reason shape (10,) not tabular
[SKIP   ] cand21/seed6/train/combined_5-tightened/model_free: key divergence_reason shape (10,) not tabular
[SKIP   ] cand21/seed6/train/combined_5-tightened/model_free-bounds_free: key divergence_reason shape (10,) not tabular
[SKIP   ] cand21/seed6/train/combined_5-tightened/post_processing: key divergence_reason shape (10,) not tabular
[WARN   ] cand26/seed0/test/none/d3il_baseline: no per-rollout timing anywhere (no avg_time in the results, no realtime logs) — avg_time stays NaN
[WARN   ] cand26/seed1/test/none/d3il_baseline: no per-rollout timing anywhere (no avg_time in the results, no realtime logs) — avg_time stays NaN
[WARN   ] cand26/seed2/test/none/d3il_baseline: no per-rollout timing anywhere (no avg_time in the results, no realtime logs) — avg_time stays NaN
[WARN   ] cand26/seed3/test/none/d3il_baseline: no per-rollout timing anywhere (no avg_time in the results, no realtime logs) — avg_time stays NaN
[WARN   ] cand26/seed4/test/none/d3il_baseline: no per-rollout timing anywhere (no avg_time in the results, no realtime logs) — avg_time stays NaN
[WARN   ] cand26/seed42/test/none/d3il_baseline: no per-rollout timing anywhere (no avg_time in the results, no realtime logs) — avg_time stays NaN
