/bin/bash: /u/home/llim/miniconda3/lib/libtinfo.so.6: no version information available (required by /bin/bash)
[ DA_UAV_v1 ] auto-scan found 2 root(s):
[ DA_UAV_v1 ]   logs/UAV_MIX
[ DA_UAV_v1 ]   logs/UAV_FM
[2026-08-20 09:26:02] DA_UAV_v1 - INFO - ======================================================================
[2026-08-20 09:26:02] DA_UAV_v1 - INFO - DA_UAV_v1 — Gen15 UAV Mix-ML batch analysis
[2026-08-20 09:26:02] DA_UAV_v1 - INFO - ======================================================================
[2026-08-20 09:26:02] DA_UAV_v1 - INFO - Start:  2026-08-20 09:26:02
[2026-08-20 09:26:02] DA_UAV_v1 - INFO - Parent: logs/UAV_MIX,logs/UAV_FM
[2026-08-20 09:26:02] DA_UAV_v1 - INFO - Output: Data_Analysis/analysis_results/batch_uav_20260820_092601
[2026-08-20 09:26:02] DA_UAV_v1 - INFO - Manifest: /data/home/llim/FMPCC/FM-PCC/Data_Analysis/analysis_results/results_manifest.json
[2026-08-20 09:26:02] DA_UAV_v1 - INFO - [1/5] Discovering candidates
[2026-08-20 09:26:02] discovery - INFO - Candidate 1: corridor|Gen11  seeds=[6]  (scene=corridor engine=? K=None)
[2026-08-20 09:26:02] discovery - INFO - Candidate 2: corridor|K20|Gen11  seeds=[6]  (scene=corridor engine=? K=20)
[2026-08-20 09:26:02] discovery - INFO - Candidate 3: corridor|Gen11  seeds=[6]  (scene=corridor engine=? K=None)
[2026-08-20 09:26:02] discovery - INFO - Candidate 4: corridor|Gen11  seeds=[6]  (scene=corridor engine=? K=None)
[2026-08-20 09:26:02] discovery - INFO - Candidate 5: corridor|Gen11  seeds=[6]  (scene=corridor engine=? K=None)
[2026-08-20 09:26:02] discovery - INFO - Candidate 6: corridor|Gen11  seeds=[6]  (scene=corridor engine=? K=None)
[2026-08-20 09:26:02] discovery - INFO - Candidate 7: corridor|K20|Gen11  seeds=[6]  (scene=corridor engine=? K=20)
[2026-08-20 09:26:02] discovery - INFO - Candidate 8: empty|Gen11  seeds=[6]  (scene=empty engine=? K=None)
[2026-08-20 09:26:02] discovery - INFO - Candidate 9: empty|K20|Gen11  seeds=[6]  (scene=empty engine=? K=20)
[2026-08-20 09:26:02] discovery - INFO - Candidate 10: empty|Gen11  seeds=[6]  (scene=empty engine=? K=None)
[2026-08-20 09:26:02] discovery - INFO - Candidate 11: empty|Gen11  seeds=[6]  (scene=empty engine=? K=None)
[2026-08-20 09:26:02] discovery - INFO - Candidate 12: pillars|Gen11  seeds=[6]  (scene=pillars engine=? K=None)
[2026-08-20 09:26:02] discovery - INFO - Candidate 13: pillars|Gen11  seeds=[6]  (scene=pillars engine=? K=None)
[2026-08-20 09:26:02] discovery - INFO - Candidate 14: pillars|Gen11  seeds=[6]  (scene=pillars engine=? K=None)
[2026-08-20 09:26:02] discovery - INFO - Candidate 15: pillars|Gen11  seeds=[6]  (scene=pillars engine=? K=None)
[2026-08-20 09:26:02] discovery - INFO - Candidate 16: pillars|K20|Gen11  seeds=[6]  (scene=pillars engine=? K=20)
[2026-08-20 09:26:02] discovery - INFO - Candidate 17: pillars|K20|Gen11  seeds=[6]  (scene=pillars engine=? K=20)
[2026-08-20 09:26:02] discovery - INFO - Candidate 18: pillars|K20|Gen11  seeds=[6]  (scene=pillars engine=? K=20)
[2026-08-20 09:26:02] discovery - INFO - Candidate 19: pillars|K20|Gen11  seeds=[6]  (scene=pillars engine=? K=20)
[2026-08-20 09:26:02] discovery - INFO - Candidate 20: pillars|Gen11  seeds=[6]  (scene=pillars engine=? K=None)
[2026-08-20 09:26:02] discovery - INFO - Candidate 21: pillars|Gen11  seeds=[6]  (scene=pillars engine=? K=None)
[2026-08-20 09:26:02] discovery - INFO - Candidate 22: pillars|K20|Gen11  seeds=[6]  (scene=pillars engine=? K=20)
[2026-08-20 09:26:02] discovery - INFO - Candidate 23: s_curve|Gen11  seeds=[6]  (scene=s_curve engine=? K=None)
[2026-08-20 09:26:02] discovery - INFO - Candidate 24: s_curve|K20|Gen11  seeds=[6]  (scene=s_curve engine=? K=20)
[2026-08-20 09:26:02] discovery - INFO - Candidate 25: s_curve|K20|Gen11  seeds=[6]  (scene=s_curve engine=? K=20)
[2026-08-20 09:26:02] discovery - INFO - Candidate 26: s_curve|Gen11  seeds=[6]  (scene=s_curve engine=? K=None)
[2026-08-20 09:26:02] discovery - INFO - Candidate 27: s_curve|Gen11  seeds=[6]  (scene=s_curve engine=? K=None)
[2026-08-20 09:26:02] discovery - INFO - Candidate 28: s_curve|K20|Gen11  seeds=[6]  (scene=s_curve engine=? K=20)
[2026-08-20 09:26:02] discovery - INFO - Candidate 29: corridor|fm|K10  seeds=[6]  (scene=corridor engine=fm K=10)
[2026-08-20 09:26:02] discovery - INFO - Candidate 30: corridor|fm|K1  seeds=[6]  (scene=corridor engine=fm K=1)
[2026-08-20 09:26:02] discovery - INFO - Candidate 31: corridor|fm|K20  seeds=[6]  (scene=corridor engine=fm K=20)
[2026-08-20 09:26:02] discovery - INFO - Candidate 32: corridor|fm|K2  seeds=[6]  (scene=corridor engine=fm K=2)
[2026-08-20 09:26:02] discovery - INFO - Candidate 33: corridor|fm|K5  seeds=[6]  (scene=corridor engine=fm K=5)
[2026-08-20 09:26:02] discovery - INFO - Candidate 34: corridor|mf|K10|bbunet|dp0.5  seeds=[6]  (scene=corridor engine=mf K=10)
[2026-08-20 09:26:02] discovery - INFO - Candidate 35: pillars|fm|K10  seeds=[6]  (scene=pillars engine=fm K=10)
[2026-08-20 09:26:02] discovery - WARNING - Candidate 35 (pillars|fm|K10): 6 variant folder(s) carry a PROJECTION_CB_TRIPPED.txt sentinel — projection was ABANDONED there, their constraint metrics are not valid
[2026-08-20 09:26:02] discovery - INFO - Candidate 36: pillars|mf|K10|bbunet|dp0.5  seeds=[6]  (scene=pillars engine=mf K=10)
[2026-08-20 09:26:02] discovery - INFO - Candidate 37: s_curve|fm|K10  seeds=[6]  (scene=s_curve engine=fm K=10)
[2026-08-20 09:26:02] discovery - INFO - Candidate 38: s_curve|mf|K10|bbunet|dp0.5  seeds=[6]  (scene=s_curve engine=mf K=10)
[2026-08-20 09:26:02] discovery - INFO - Total candidates discovered: 38
[2026-08-20 09:26:02] DA_UAV_v1 - INFO - 
=== Candidates Discovered ===
Total: 38

  1: corridor|Gen11
      Path:  /data/home/llim/FMPCC/FM-PCC/logs/UAV_FM/uav-corridor/plans(Bf_DC-FIX)/flow_matching_v3_uav/H8_Dmodels.diffusion.FlowMatchingODE_condp_des
      Axes:  scene=corridor  engine=?  K=None  mpc=None  ctrl=?  T=None  gen=Gen11
      Seeds: [6]
      Last run: 2026-06-28 14:20:52  (2 config snapshot(s) over 1 seed(s))

  2: corridor|K20|Gen11
      Path:  /data/home/llim/FMPCC/FM-PCC/logs/UAV_FM/uav-corridor/plans(Bf_U8)/flow_matching_v3_uav/H8_Dmodels.diffusion.FlowMatchingODE_9D/K20_mpc4_pid_stopgo_T0.5
      Axes:  scene=corridor  engine=?  K=20  mpc=4  ctrl=pid_stopgo  T=0.5  gen=Gen11
      Seeds: [6]
      Last run: 2026-07-02 05:32:07  (1 config snapshot(s) over 1 seed(s))

  3: corridor|Gen11
      Path:  /data/home/llim/FMPCC/FM-PCC/logs/UAV_FM/uav-corridor/plans(E6)/flow_matching_v3_uav/H8_Dmodels.diffusion.FlowMatchingODE
      Axes:  scene=corridor  engine=?  K=None  mpc=None  ctrl=?  T=None  gen=Gen11
      Seeds: [6]

  4: corridor|Gen11
      Path:  /data/home/llim/FMPCC/FM-PCC/logs/UAV_FM/uav-corridor/plans(E7_U1)/flow_matching_v3_uav/H8_Dmodels.diffusion.FlowMatchingODE
      Axes:  scene=corridor  engine=?  K=None  mpc=None  ctrl=?  T=None  gen=Gen11
      Seeds: [6]

  5: corridor|Gen11
      Path:  /data/home/llim/FMPCC/FM-PCC/logs/UAV_FM/uav-corridor/plans(E7_U3)/flow_matching_v3_uav/H8_Dmodels.diffusion.FlowMatchingODE
      Axes:  scene=corridor  engine=?  K=None  mpc=None  ctrl=?  T=None  gen=Gen11
      Seeds: [6]

  6: corridor|Gen11
      Path:  /data/home/llim/FMPCC/FM-PCC/logs/UAV_FM/uav-corridor/plans(E7_U4_fix3)/flow_matching_v3_uav/H8_Dmodels.diffusion.FlowMatchingODE_condp_des
      Axes:  scene=corridor  engine=?  K=None  mpc=None  ctrl=?  T=None  gen=Gen11
      Seeds: [6]
      Last run: 2026-06-28 10:08:59  (1 config snapshot(s) over 1 seed(s))

  7: corridor|K20|Gen11
      Path:  /data/home/llim/FMPCC/FM-PCC/logs/UAV_FM/uav-corridor/plans/flow_matching_v3_uav/H8_Dmodels.diffusion.FlowMatchingODE_9D/K20_mpc4_pid_stopgo_T0.5
      Axes:  scene=corridor  engine=?  K=20  mpc=4  ctrl=pid_stopgo  T=0.5  gen=Gen11
      Seeds: [6]
      Last run: 2026-07-08 16:11:14  (1 config snapshot(s) over 1 seed(s))

  8: empty|Gen11
      Path:  /data/home/llim/FMPCC/FM-PCC/logs/UAV_FM/uav-empty/plans(Bf_DC-FIX)/flow_matching_v3_uav/H8_Dmodels.diffusion.FlowMatchingODE
      Axes:  scene=empty  engine=?  K=None  mpc=None  ctrl=?  T=None  gen=Gen11
      Seeds: [6]
      Last run: 2026-06-28 19:14:49  (1 config snapshot(s) over 1 seed(s))

  9: empty|K20|Gen11
      Path:  /data/home/llim/FMPCC/FM-PCC/logs/UAV_FM/uav-empty/plans(Bf_U8)/flow_matching_v3_uav/H8_Dmodels.diffusion.FlowMatchingODE_9D/K20_mpc4_pid_stopgo_T0.5
      Axes:  scene=empty  engine=?  K=20  mpc=4  ctrl=pid_stopgo  T=0.5  gen=Gen11
      Seeds: [6]
      Last run: 2026-07-03 09:32:41  (1 config snapshot(s) over 1 seed(s))

  10: empty|Gen11
      Path:  /data/home/llim/FMPCC/FM-PCC/logs/UAV_FM/uav-empty/plans(E6)/flow_matching_v3_uav/H8_Dmodels.diffusion.FlowMatchingODE
      Axes:  scene=empty  engine=?  K=None  mpc=None  ctrl=?  T=None  gen=Gen11
      Seeds: [6]

  11: empty|Gen11
      Path:  /data/home/llim/FMPCC/FM-PCC/logs/UAV_FM/uav-empty/plans(E7U3)/flow_matching_v3_uav/H8_Dmodels.diffusion.FlowMatchingODE
      Axes:  scene=empty  engine=?  K=None  mpc=None  ctrl=?  T=None  gen=Gen11
      Seeds: [6]

  12: pillars|Gen11
      Path:  /data/home/llim/FMPCC/FM-PCC/logs/UAV_FM/uav-pillars/flow_matching_v3_uav/H8_Dmodels.diffusion.FlowMatchingODE
      Axes:  scene=pillars  engine=?  K=None  mpc=None  ctrl=?  T=None  gen=Gen11
      Seeds: [6]
      Last run: 2026-06-28 20:32:15  (11 config snapshot(s) over 1 seed(s))

  13: pillars|Gen11
      Path:  /data/home/llim/FMPCC/FM-PCC/logs/UAV_FM/uav-pillars/plans(Bf_DC-FIX)/flow_matching_v3_uav/H8_Dmodels.diffusion.FlowMatchingODE(12D_PID_with_anchor_P)
      Axes:  scene=pillars  engine=?  K=None  mpc=None  ctrl=?  T=None  gen=Gen11
      Seeds: [6]
      Last run: 2026-06-28 20:32:16  (1 config snapshot(s) over 1 seed(s))

  14: pillars|Gen11
      Path:  /data/home/llim/FMPCC/FM-PCC/logs/UAV_FM/uav-pillars/plans(Bf_DC-FIX)/flow_matching_v3_uav/H8_Dmodels.diffusion.FlowMatchingODE_9D
      Axes:  scene=pillars  engine=?  K=None  mpc=None  ctrl=?  T=None  gen=Gen11
      Seeds: [6]
      Last run: 2026-06-29 17:40:35  (3 config snapshot(s) over 1 seed(s))

  15: pillars|Gen11
      Path:  /data/home/llim/FMPCC/FM-PCC/logs/UAV_FM/uav-pillars/plans(Bf_DC-FIX)/flow_matching_v3_uav/H8_Dmodels.diffusion.FlowMatchingODE_9D(pid_stop_go)
      Axes:  scene=pillars  engine=?  K=None  mpc=None  ctrl=?  T=None  gen=Gen11
      Seeds: [6]
      Last run: 2026-06-29 15:23:55  (1 config snapshot(s) over 1 seed(s))

  16: pillars|K20|Gen11
      Path:  /data/home/llim/FMPCC/FM-PCC/logs/UAV_FM/uav-pillars/plans(Bf_Fix14)/flow_matching_v3_uav/H8_Dmodels.diffusion.FlowMatchingODE_9D/K20_mpc4_pid_stopgo_T0.5
      Axes:  scene=pillars  engine=?  K=20  mpc=4  ctrl=pid_stopgo  T=0.5  gen=Gen11
      Seeds: [6]
      Last run: 2026-07-06 17:32:05  (2 config snapshot(s) over 1 seed(s))

  17: pillars|K20|Gen11
      Path:  /data/home/llim/FMPCC/FM-PCC/logs/UAV_FM/uav-pillars/plans(Bf_U8)/flow_matching_v3_uav/H8_Dmodels.diffusion.FlowMatchingODE_9D/K20_mpc4_mjpc_T0.5
      Axes:  scene=pillars  engine=?  K=20  mpc=4  ctrl=mjpc  T=0.5  gen=Gen11
      Seeds: [6]
      Last run: 2026-07-02 15:06:59  (1 config snapshot(s) over 1 seed(s))

  18: pillars|K20|Gen11
      Path:  /data/home/llim/FMPCC/FM-PCC/logs/UAV_FM/uav-pillars/plans(Bf_U8)/flow_matching_v3_uav/H8_Dmodels.diffusion.FlowMatchingODE_9D/K20_mpc4_pid_const_v_T0.5
      Axes:  scene=pillars  engine=?  K=20  mpc=4  ctrl=pid_const_v  T=0.5  gen=Gen11
      Seeds: [6]
      Last run: 2026-07-02 20:07:54  (1 config snapshot(s) over 1 seed(s))

  19: pillars|K20|Gen11
      Path:  /data/home/llim/FMPCC/FM-PCC/logs/UAV_FM/uav-pillars/plans(Bf_U8)/flow_matching_v3_uav/H8_Dmodels.diffusion.FlowMatchingODE_9D/K20_mpc4_pid_stopgo_T0.5
      Axes:  scene=pillars  engine=?  K=20  mpc=4  ctrl=pid_stopgo  T=0.5  gen=Gen11
      Seeds: [6]
      Last run: 2026-07-04 20:52:53  (1 config snapshot(s) over 1 seed(s))

  20: pillars|Gen11
      Path:  /data/home/llim/FMPCC/FM-PCC/logs/UAV_FM/uav-pillars/plans(E7_U3)/flow_matching_v3_uav/H8_Dmodels.diffusion.FlowMatchingODE
      Axes:  scene=pillars  engine=?  K=None  mpc=None  ctrl=?  T=None  gen=Gen11
      Seeds: [6]

  21: pillars|Gen11
      Path:  /data/home/llim/FMPCC/FM-PCC/logs/UAV_FM/uav-pillars/plans(U1)/flow_matching_v3_uav/H8_Dmodels.diffusion.FlowMatchingODE
      Axes:  scene=pillars  engine=?  K=None  mpc=None  ctrl=?  T=None  gen=Gen11
      Seeds: [6]

  22: pillars|K20|Gen11
      Path:  /data/home/llim/FMPCC/FM-PCC/logs/UAV_FM/uav-pillars/plans/flow_matching_v3_uav/H8_Dmodels.diffusion.FlowMatchingODE_9D/K20_mpc4_pid_stopgo_T0.5
      Axes:  scene=pillars  engine=?  K=20  mpc=4  ctrl=pid_stopgo  T=0.5  gen=Gen11
      Seeds: [6]
      Last run: 2026-07-10 21:33:43  (1 config snapshot(s) over 1 seed(s))

  23: s_curve|Gen11
      Path:  /data/home/llim/FMPCC/FM-PCC/logs/UAV_FM/uav-s_curve/plans(Bf_DC-FIX)/flow_matching_v3_uav/H8_Dmodels.diffusion.FlowMatchingODE
      Axes:  scene=s_curve  engine=?  K=None  mpc=None  ctrl=?  T=None  gen=Gen11
      Seeds: [6]
      Last run: 2026-06-28 17:14:38  (1 config snapshot(s) over 1 seed(s))

  24: s_curve|K20|Gen11
      Path:  /data/home/llim/FMPCC/FM-PCC/logs/UAV_FM/uav-s_curve/plans(Bf_DC-FIX)/flow_matching_v3_uav/H8_Dmodels.diffusion.FlowMatchingODE_9D/K20_mpc4_pid_stopgo_T0.5
      Axes:  scene=s_curve  engine=?  K=20  mpc=4  ctrl=pid_stopgo  T=0.5  gen=Gen11
      Seeds: [6]

  25: s_curve|K20|Gen11
      Path:  /data/home/llim/FMPCC/FM-PCC/logs/UAV_FM/uav-s_curve/plans(Bf_DC-FIX)/flow_matching_v3_uav/H8_Dmodels.diffusion.FlowMatchingODE_9D/K20_mpc4_pid_stopgo_anchorP_T0.5
      Axes:  scene=s_curve  engine=?  K=20  mpc=4  ctrl=pid_stopgo_anchorP  T=0.5  gen=Gen11
      Seeds: [6]

  26: s_curve|Gen11
      Path:  /data/home/llim/FMPCC/FM-PCC/logs/UAV_FM/uav-s_curve/plans(no_GIF)/flow_matching_v3_uav/H8_Dmodels.diffusion.FlowMatchingODE
      Axes:  scene=s_curve  engine=?  K=None  mpc=None  ctrl=?  T=None  gen=Gen11
      Seeds: [6]

  27: s_curve|Gen11
      Path:  /data/home/llim/FMPCC/FM-PCC/logs/UAV_FM/uav-s_curve/plans(with_gif_parts)/flow_matching_v3_uav/H8_Dmodels.diffusion.FlowMatchingODE
      Axes:  scene=s_curve  engine=?  K=None  mpc=None  ctrl=?  T=None  gen=Gen11
      Seeds: [6]

  28: s_curve|K20|Gen11
      Path:  /data/home/llim/FMPCC/FM-PCC/logs/UAV_FM/uav-s_curve/plans/flow_matching_v3_uav/H8_Dmodels.diffusion.FlowMatchingODE_9D/K20_mpc4_pid_stopgo_T0.5
      Axes:  scene=s_curve  engine=?  K=20  mpc=4  ctrl=pid_stopgo  T=0.5  gen=Gen11
      Seeds: [6]
      Last run: 2026-07-09 10:11:09  (2 config snapshot(s) over 1 seed(s))

  29: corridor|fm|K10
      Path:  /data/home/llim/FMPCC/FM-PCC/logs/UAV_MIX/uav-corridor/plans/mix_uav_fm/H8_Dmodels.diffusion.FlowMatchingODE_9D/Efm_K10_mpc4_pid_stopgo_T0.5
      Axes:  scene=corridor  engine=fm  K=10  mpc=4  ctrl=pid_stopgo  T=0.5  gen=Gen15
      Seeds: [6]
      Last run: 2026-08-19 21:25:38  (2 config snapshot(s) over 1 seed(s))

  30: corridor|fm|K1
      Path:  /data/home/llim/FMPCC/FM-PCC/logs/UAV_MIX/uav-corridor/plans/mix_uav_fm/H8_Dmodels.diffusion.FlowMatchingODE_9D/Efm_K1_mpc4_pid_stopgo_T0.5
      Axes:  scene=corridor  engine=fm  K=1  mpc=4  ctrl=pid_stopgo  T=0.5  gen=Gen15
      Seeds: [6]
      Last run: 2026-08-19 14:43:56  (1 config snapshot(s) over 1 seed(s))

  31: corridor|fm|K20
      Path:  /data/home/llim/FMPCC/FM-PCC/logs/UAV_MIX/uav-corridor/plans/mix_uav_fm/H8_Dmodels.diffusion.FlowMatchingODE_9D/Efm_K20_mpc4_pid_stopgo_T0.5
      Axes:  scene=corridor  engine=fm  K=20  mpc=4  ctrl=pid_stopgo  T=0.5  gen=Gen15
      Seeds: [6]
      Last run: 2026-08-19 23:20:44  (1 config snapshot(s) over 1 seed(s))

  32: corridor|fm|K2
      Path:  /data/home/llim/FMPCC/FM-PCC/logs/UAV_MIX/uav-corridor/plans/mix_uav_fm/H8_Dmodels.diffusion.FlowMatchingODE_9D/Efm_K2_mpc4_pid_stopgo_T0.5
      Axes:  scene=corridor  engine=fm  K=2  mpc=4  ctrl=pid_stopgo  T=0.5  gen=Gen15
      Seeds: [6]
      Last run: 2026-08-19 18:25:30  (1 config snapshot(s) over 1 seed(s))

  33: corridor|fm|K5
      Path:  /data/home/llim/FMPCC/FM-PCC/logs/UAV_MIX/uav-corridor/plans/mix_uav_fm/H8_Dmodels.diffusion.FlowMatchingODE_9D/Efm_K5_mpc4_pid_stopgo_T0.5
      Axes:  scene=corridor  engine=fm  K=5  mpc=4  ctrl=pid_stopgo  T=0.5  gen=Gen15
      Seeds: [6]
      Last run: 2026-08-19 19:33:52  (1 config snapshot(s) over 1 seed(s))

  34: corridor|mf|K10|bbunet|dp0.5
      Path:  /data/home/llim/FMPCC/FM-PCC/logs/UAV_MIX/uav-corridor/plans/mix_uav_mf/H8_Dmodels.mf_diffusion.MeanFlowODE_9D_dp0.5_bbunet/Emf_K10_mpc4_pid_stopgo_T0.5
      Axes:  scene=corridor  engine=mf  K=10  mpc=4  ctrl=pid_stopgo  T=0.5  gen=Gen15
      Model: H8_Dmodels.mf_diffusion.MeanFlowODE_9D_dp0.5_bbunet  bb=unet  dp=0.5
      Seeds: [6]
      Last run: 2026-08-15 05:07:02  (1 config snapshot(s) over 1 seed(s))

  35: pillars|fm|K10
      Path:  /data/home/llim/FMPCC/FM-PCC/logs/UAV_MIX/uav-pillars/plans/mix_uav_fm/H8_Dmodels.diffusion.FlowMatchingODE_9D/Efm_K10_mpc4_pid_stopgo_T0.5
      Axes:  scene=pillars  engine=fm  K=10  mpc=4  ctrl=pid_stopgo  T=0.5  gen=Gen15
      Seeds: [6]
      Last run: 2026-08-18 13:03:46  (1 config snapshot(s) over 1 seed(s))
      WARNING 6 variant folder(s) marked PROJECTION_CB_TRIPPED.txt

  36: pillars|mf|K10|bbunet|dp0.5
      Path:  /data/home/llim/FMPCC/FM-PCC/logs/UAV_MIX/uav-pillars/plans/mix_uav_mf/H8_Dmodels.mf_diffusion.MeanFlowODE_9D_dp0.5_bbunet/Emf_K10_mpc4_pid_stopgo_T0.5
      Axes:  scene=pillars  engine=mf  K=10  mpc=4  ctrl=pid_stopgo  T=0.5  gen=Gen15
      Model: H8_Dmodels.mf_diffusion.MeanFlowODE_9D_dp0.5_bbunet  bb=unet  dp=0.5
      Seeds: [6]
      Last run: 2026-08-16 20:58:37  (1 config snapshot(s) over 1 seed(s))

  37: s_curve|fm|K10
      Path:  /data/home/llim/FMPCC/FM-PCC/logs/UAV_MIX/uav-s_curve/plans/mix_uav_fm/H8_Dmodels.diffusion.FlowMatchingODE_9D/Efm_K10_mpc4_pid_stopgo_T0.5
      Axes:  scene=s_curve  engine=fm  K=10  mpc=4  ctrl=pid_stopgo  T=0.5  gen=Gen15
      Seeds: [6]
      Last run: 2026-08-18 07:28:55  (1 config snapshot(s) over 1 seed(s))

  38: s_curve|mf|K10|bbunet|dp0.5
      Path:  /data/home/llim/FMPCC/FM-PCC/logs/UAV_MIX/uav-s_curve/plans/mix_uav_mf/H8_Dmodels.mf_diffusion.MeanFlowODE_9D_dp0.5_bbunet/Emf_K10_mpc4_pid_stopgo_T0.5
      Axes:  scene=s_curve  engine=mf  K=10  mpc=4  ctrl=pid_stopgo  T=0.5  gen=Gen15
      Model: H8_Dmodels.mf_diffusion.MeanFlowODE_9D_dp0.5_bbunet  bb=unet  dp=0.5
      Seeds: [6]
      Last run: 2026-08-15 18:53:17  (1 config snapshot(s) over 1 seed(s))

[2026-08-20 09:26:02] DA_UAV_v1 - INFO - [2/5] Enumerating result units
[2026-08-20 09:26:02] DA_UAV_v1 - INFO -   Candidate 1 (corridor|Gen11): 7 units
[2026-08-20 09:26:02] DA_UAV_v1 - INFO -   Candidate 2 (corridor|K20|Gen11): 7 units
[2026-08-20 09:26:02] DA_UAV_v1 - INFO -   Candidate 3 (corridor|Gen11): 1 units
[2026-08-20 09:26:02] DA_UAV_v1 - INFO -   Candidate 4 (corridor|Gen11): 4 units
[2026-08-20 09:26:02] DA_UAV_v1 - INFO -   Candidate 5 (corridor|Gen11): 13 units
[2026-08-20 09:26:02] DA_UAV_v1 - INFO -   Candidate 6 (corridor|Gen11): 9 units
[2026-08-20 09:26:02] DA_UAV_v1 - INFO -   Candidate 7 (corridor|K20|Gen11): 17 units
[2026-08-20 09:26:02] DA_UAV_v1 - INFO -   Candidate 8 (empty|Gen11): 7 units
[2026-08-20 09:26:02] DA_UAV_v1 - INFO -   Candidate 9 (empty|K20|Gen11): 7 units
[2026-08-20 09:26:02] DA_UAV_v1 - INFO -   Candidate 10 (empty|Gen11): 1 units
[2026-08-20 09:26:02] DA_UAV_v1 - INFO -   Candidate 11 (empty|Gen11): 4 units
[2026-08-20 09:26:02] DA_UAV_v1 - INFO -   Candidate 12 (pillars|Gen11): 1 units
[2026-08-20 09:26:02] DA_UAV_v1 - INFO -   Candidate 13 (pillars|Gen11): 7 units
[2026-08-20 09:26:02] DA_UAV_v1 - INFO -   Candidate 14 (pillars|Gen11): 7 units
[2026-08-20 09:26:02] DA_UAV_v1 - INFO -   Candidate 15 (pillars|Gen11): 7 units
[2026-08-20 09:26:02] DA_UAV_v1 - INFO -   Candidate 16 (pillars|K20|Gen11): 13 units
[2026-08-20 09:26:02] DA_UAV_v1 - INFO -   Candidate 17 (pillars|K20|Gen11): 7 units
[2026-08-20 09:26:02] DA_UAV_v1 - INFO -   Candidate 18 (pillars|K20|Gen11): 7 units
[2026-08-20 09:26:02] DA_UAV_v1 - INFO -   Candidate 19 (pillars|K20|Gen11): 15 units
[2026-08-20 09:26:02] DA_UAV_v1 - INFO -   Candidate 20 (pillars|Gen11): 4 units
[2026-08-20 09:26:02] DA_UAV_v1 - INFO -   Candidate 21 (pillars|Gen11): 4 units
[2026-08-20 09:26:02] DA_UAV_v1 - INFO -   Candidate 22 (pillars|K20|Gen11): 14 units
[2026-08-20 09:26:02] DA_UAV_v1 - INFO -   Candidate 23 (s_curve|Gen11): 7 units
[2026-08-20 09:26:02] DA_UAV_v1 - INFO -   Candidate 24 (s_curve|K20|Gen11): 7 units
[2026-08-20 09:26:02] DA_UAV_v1 - INFO -   Candidate 25 (s_curve|K20|Gen11): 7 units
[2026-08-20 09:26:02] DA_UAV_v1 - INFO -   Candidate 26 (s_curve|Gen11): 1 units
[2026-08-20 09:26:02] DA_UAV_v1 - INFO -   Candidate 27 (s_curve|Gen11): 1 units
[2026-08-20 09:26:02] DA_UAV_v1 - INFO -   Candidate 28 (s_curve|K20|Gen11): 52 units
[2026-08-20 09:26:02] DA_UAV_v1 - INFO -   Candidate 29 (corridor|fm|K10): 23 units
[2026-08-20 09:26:02] DA_UAV_v1 - INFO -   Candidate 30 (corridor|fm|K1): 23 units
[2026-08-20 09:26:02] DA_UAV_v1 - INFO -   Candidate 31 (corridor|fm|K20): 23 units
[2026-08-20 09:26:02] DA_UAV_v1 - INFO -   Candidate 32 (corridor|fm|K2): 23 units
[2026-08-20 09:26:02] DA_UAV_v1 - INFO -   Candidate 33 (corridor|fm|K5): 23 units
[2026-08-20 09:26:02] DA_UAV_v1 - INFO -   Candidate 34 (corridor|mf|K10|bbunet|dp0.5): 20 units
[2026-08-20 09:26:02] DA_UAV_v1 - INFO -   Candidate 35 (pillars|fm|K10): 23 units
[2026-08-20 09:26:02] DA_UAV_v1 - INFO -   Candidate 36 (pillars|mf|K10|bbunet|dp0.5): 23 units
[2026-08-20 09:26:02] DA_UAV_v1 - INFO -   Candidate 37 (s_curve|fm|K10): 20 units
[2026-08-20 09:26:02] DA_UAV_v1 - INFO -   Candidate 38 (s_curve|mf|K10|bbunet|dp0.5): 23 units
[2026-08-20 09:26:02] discovery - INFO - Discovery manifest written: Data_Analysis/analysis_results/batch_uav_20260820_092601/logs/discovery_manifest.json
[2026-08-20 09:26:02] DA_UAV_v1 - INFO - [3/5] Loading 462 units
[2026-08-20 09:26:02] DA_UAV_v1 - INFO -   25/462 units processed
[2026-08-20 09:26:02] DA_UAV_v1 - INFO -   50/462 units processed
[2026-08-20 09:26:02] DA_UAV_v1 - INFO -   75/462 units processed
[2026-08-20 09:26:02] DA_UAV_v1 - INFO -   100/462 units processed
[2026-08-20 09:26:03] DA_UAV_v1 - INFO -   125/462 units processed
[2026-08-20 09:26:03] DA_UAV_v1 - INFO -   150/462 units processed
[2026-08-20 09:26:03] DA_UAV_v1 - INFO -   175/462 units processed
[2026-08-20 09:26:03] DA_UAV_v1 - INFO -   200/462 units processed
[2026-08-20 09:26:04] DA_UAV_v1 - INFO -   225/462 units processed
[2026-08-20 09:26:04] DA_UAV_v1 - INFO -   250/462 units processed
[2026-08-20 09:26:04] DA_UAV_v1 - INFO -   275/462 units processed
[2026-08-20 09:26:04] DA_UAV_v1 - INFO -   300/462 units processed
[2026-08-20 09:26:05] DA_UAV_v1 - INFO -   325/462 units processed
[2026-08-20 09:26:05] DA_UAV_v1 - INFO -   350/462 units processed
[2026-08-20 09:26:05] DA_UAV_v1 - INFO -   375/462 units processed
[2026-08-20 09:26:05] DA_UAV_v1 - INFO -   400/462 units processed
[2026-08-20 09:26:06] DA_UAV_v1 - INFO -   425/462 units processed
[2026-08-20 09:26:06] DA_UAV_v1 - INFO -   450/462 units processed
[2026-08-20 09:26:06] DA_UAV_v1 - INFO -   462/462 units processed
[2026-08-20 09:26:06] data_loader - INFO - Loading log written: Data_Analysis/analysis_results/batch_uav_20260820_092601/logs/loading.log
[2026-08-20 09:26:06] DA_UAV_v1 - INFO -   loaded=462 failed=0 skipped=0 no_timing=21
[2026-08-20 09:26:06] DA_UAV_v1 - WARNING -   21 unit(s) have NO timing — see timing_missing in data_quality.csv. On UAV that means their diagnostics JSONs are missing, since the npz never carries timing.
[2026-08-20 09:26:06] DA_UAV_v1 - INFO - [4/5] Aggregating
[2026-08-20 09:26:06] aggregator - INFO - Aggregating 462 units...
slurmstepd-i6-gpu-1: error: *** JOB 24743 ON i6-gpu-1 CANCELLED AT 2026-08-20T09:26:07 ***
