/bin/bash: /u/home/llim/miniconda3/lib/libtinfo.so.6: no version information available (required by /bin/bash)
[ DA_UAV_v1 ] auto-scan found 2 root(s):
[ DA_UAV_v1 ]   logs/UAV_MIX
[ DA_UAV_v1 ]   logs/UAV_FM
[2026-09-11 20:23:08] DA_UAV_v1 - INFO - ======================================================================
[2026-09-11 20:23:08] DA_UAV_v1 - INFO - DA_UAV_v1 — Gen15 UAV Mix-ML batch analysis
[2026-09-11 20:23:08] DA_UAV_v1 - INFO - ======================================================================
[2026-09-11 20:23:08] DA_UAV_v1 - INFO - Start:  2026-09-11 20:23:08
[2026-09-11 20:23:08] DA_UAV_v1 - INFO - Parent: logs/UAV_MIX,logs/UAV_FM
[2026-09-11 20:23:08] DA_UAV_v1 - INFO - Output: Data_Analysis/analysis_results/batch_uav_20260911_202307
[2026-09-11 20:23:08] DA_UAV_v1 - INFO - Manifest: /data/home/llim/FMPCC/FM-PCC/Data_Analysis/analysis_results/results_manifest.json
[2026-09-11 20:23:08] DA_UAV_v1 - INFO - [1/5] Discovering candidates
[2026-09-11 20:23:08] discovery - INFO - Candidate 1: corridor|Gen11  seeds=[6]  (scene=corridor engine=? K=None)
[2026-09-11 20:23:08] discovery - INFO - Candidate 2: corridor|K20|Gen11  seeds=[6]  (scene=corridor engine=? K=20)
[2026-09-11 20:23:08] discovery - INFO - Candidate 3: corridor|Gen11  seeds=[6]  (scene=corridor engine=? K=None)
[2026-09-11 20:23:08] discovery - INFO - Candidate 4: corridor|Gen11  seeds=[6]  (scene=corridor engine=? K=None)
[2026-09-11 20:23:08] discovery - INFO - Candidate 5: corridor|Gen11  seeds=[6]  (scene=corridor engine=? K=None)
[2026-09-11 20:23:08] discovery - INFO - Candidate 6: corridor|Gen11  seeds=[6]  (scene=corridor engine=? K=None)
[2026-09-11 20:23:08] discovery - INFO - Candidate 7: corridor|K20|Gen11  seeds=[6]  (scene=corridor engine=? K=20)
[2026-09-11 20:23:08] discovery - INFO - Candidate 8: empty|Gen11  seeds=[6]  (scene=empty engine=? K=None)
[2026-09-11 20:23:08] discovery - INFO - Candidate 9: empty|K20|Gen11  seeds=[6]  (scene=empty engine=? K=20)
[2026-09-11 20:23:08] discovery - INFO - Candidate 10: empty|Gen11  seeds=[6]  (scene=empty engine=? K=None)
[2026-09-11 20:23:08] discovery - INFO - Candidate 11: empty|Gen11  seeds=[6]  (scene=empty engine=? K=None)
[2026-09-11 20:23:08] discovery - INFO - Candidate 12: pillars|Gen11  seeds=[6]  (scene=pillars engine=? K=None)
[2026-09-11 20:23:08] discovery - INFO - Candidate 13: pillars|Gen11  seeds=[6]  (scene=pillars engine=? K=None)
[2026-09-11 20:23:08] discovery - INFO - Candidate 14: pillars|Gen11  seeds=[6]  (scene=pillars engine=? K=None)
[2026-09-11 20:23:08] discovery - INFO - Candidate 15: pillars|Gen11  seeds=[6]  (scene=pillars engine=? K=None)
[2026-09-11 20:23:08] discovery - INFO - Candidate 16: pillars|K20|Gen11  seeds=[6]  (scene=pillars engine=? K=20)
[2026-09-11 20:23:08] discovery - INFO - Candidate 17: pillars|K20|Gen11  seeds=[6]  (scene=pillars engine=? K=20)
[2026-09-11 20:23:08] discovery - INFO - Candidate 18: pillars|K20|Gen11  seeds=[6]  (scene=pillars engine=? K=20)
[2026-09-11 20:23:08] discovery - INFO - Candidate 19: pillars|K20|Gen11  seeds=[6]  (scene=pillars engine=? K=20)
[2026-09-11 20:23:08] discovery - INFO - Candidate 20: pillars|Gen11  seeds=[6]  (scene=pillars engine=? K=None)
[2026-09-11 20:23:08] discovery - INFO - Candidate 21: pillars|Gen11  seeds=[6]  (scene=pillars engine=? K=None)
[2026-09-11 20:23:08] discovery - INFO - Candidate 22: pillars|K20|Gen11  seeds=[6]  (scene=pillars engine=? K=20)
[2026-09-11 20:23:08] discovery - INFO - Candidate 23: s_curve|Gen11  seeds=[6]  (scene=s_curve engine=? K=None)
[2026-09-11 20:23:08] discovery - INFO - Candidate 24: s_curve|K20|Gen11  seeds=[6]  (scene=s_curve engine=? K=20)
[2026-09-11 20:23:08] discovery - INFO - Candidate 25: s_curve|K20|Gen11  seeds=[6]  (scene=s_curve engine=? K=20)
[2026-09-11 20:23:08] discovery - INFO - Candidate 26: s_curve|Gen11  seeds=[6]  (scene=s_curve engine=? K=None)
[2026-09-11 20:23:08] discovery - INFO - Candidate 27: s_curve|Gen11  seeds=[6]  (scene=s_curve engine=? K=None)
[2026-09-11 20:23:08] discovery - INFO - Candidate 28: s_curve|K20|Gen11  seeds=[6]  (scene=s_curve engine=? K=20)
[2026-09-11 20:23:08] discovery - INFO - Candidate 29: corridor|af|K1|bbunet|@EPlatest_u7hg  seeds=[6]  (scene=corridor engine=af K=1)
[2026-09-11 20:23:08] discovery - INFO - Candidate 30: corridor|af|K2|bbunet|@EPlatest_u7hg  seeds=[6]  (scene=corridor engine=af K=2)
[2026-09-11 20:23:08] discovery - INFO - Candidate 31: corridor|af|K5|bbunet|@EPlatest_u7hg  seeds=[6]  (scene=corridor engine=af K=5)
[2026-09-11 20:23:08] discovery - INFO - Candidate 32: corridor|af|K1|bbsit  seeds=[6]  (scene=corridor engine=af K=1)
[2026-09-11 20:23:08] discovery - INFO - Candidate 33: corridor|af|K2|bbsit  seeds=[6]  (scene=corridor engine=af K=2)
[2026-09-11 20:23:08] discovery - INFO - Candidate 34: corridor|af|K5|bbsit  seeds=[6]  (scene=corridor engine=af K=5)
[2026-09-11 20:23:08] discovery - INFO - Candidate 35: corridor|fm|K10  seeds=[6]  (scene=corridor engine=fm K=10)
[2026-09-11 20:23:08] discovery - INFO - Candidate 36: corridor|fm|K1  seeds=[6]  (scene=corridor engine=fm K=1)
[2026-09-11 20:23:08] discovery - INFO - Candidate 37: corridor|fm|K20  seeds=[6]  (scene=corridor engine=fm K=20)
[2026-09-11 20:23:08] discovery - INFO - Candidate 38: corridor|fm|K2  seeds=[6]  (scene=corridor engine=fm K=2)
[2026-09-11 20:23:08] discovery - INFO - Candidate 39: corridor|fm|K2|@u7hg  seeds=[6]  (scene=corridor engine=fm K=2)
[2026-09-11 20:23:08] discovery - INFO - Candidate 40: corridor|fm|K5  seeds=[6]  (scene=corridor engine=fm K=5)
[2026-09-11 20:23:08] discovery - INFO - Candidate 41: corridor|fm|K5|@u7hg  seeds=[6]  (scene=corridor engine=fm K=5)
[2026-09-11 20:23:08] discovery - INFO - Candidate 42: corridor|mf|K10|bbunet|dp0.5  seeds=[6]  (scene=corridor engine=mf K=10)
[2026-09-11 20:23:08] discovery - INFO - Candidate 43: corridor|mf|K1|bbunet|dp0.5  seeds=[6]  (scene=corridor engine=mf K=1)
[2026-09-11 20:23:08] discovery - INFO - Candidate 44: corridor|mf|K20|bbunet|dp0.5  seeds=[6]  (scene=corridor engine=mf K=20)
[2026-09-11 20:23:08] discovery - INFO - Candidate 45: corridor|mf|K2|bbunet|dp0.5  seeds=[6]  (scene=corridor engine=mf K=2)
[2026-09-11 20:23:08] discovery - INFO - Candidate 46: corridor|mf|K2|bbunet|dp0.5|@u7hg  seeds=[6]  (scene=corridor engine=mf K=2)
[2026-09-11 20:23:08] discovery - INFO - Candidate 47: corridor|mf|K5|bbunet|dp0.5  seeds=[6]  (scene=corridor engine=mf K=5)
[2026-09-11 20:23:08] discovery - INFO - Candidate 48: corridor|mf|K5|bbunet|dp0.5|@u7hg  seeds=[6]  (scene=corridor engine=mf K=5)
[2026-09-11 20:23:08] discovery - INFO - Candidate 49: pillars|af|K1|bbunet|@EPlatest_u6unet_ae02  seeds=[6]  (scene=pillars engine=af K=1)
[2026-09-11 20:23:08] discovery - INFO - Candidate 50: pillars|af|K1|bbunet|@EPlatest_u7hg  seeds=[6]  (scene=pillars engine=af K=1)
[2026-09-11 20:23:08] discovery - INFO - Candidate 51: pillars|af|K2|bbunet|@EPlatest_u6unet_ae02  seeds=[6]  (scene=pillars engine=af K=2)
[2026-09-11 20:23:08] discovery - INFO - Candidate 52: pillars|af|K2|bbunet|@EPlatest_u7hg  seeds=[6]  (scene=pillars engine=af K=2)
[2026-09-11 20:23:08] discovery - INFO - Candidate 53: pillars|af|K5|bbunet|@EPlatest_u7hg  seeds=[6]  (scene=pillars engine=af K=5)
[2026-09-11 20:23:08] discovery - INFO - Candidate 54: pillars|af|K1|bbsit  seeds=[6]  (scene=pillars engine=af K=1)
[2026-09-11 20:23:08] discovery - INFO - Candidate 55: pillars|af|K1|bbsit|@u6sitlatest  seeds=[6]  (scene=pillars engine=af K=1)
[2026-09-11 20:23:08] discovery - INFO - Candidate 56: pillars|af|K2|bbsit  seeds=[6]  (scene=pillars engine=af K=2)
[2026-09-11 20:23:08] discovery - INFO - Candidate 57: pillars|af|K2|bbsit|@u6sitlatest  seeds=[6]  (scene=pillars engine=af K=2)
[2026-09-11 20:23:08] discovery - INFO - Candidate 58: pillars|af|K5|bbsit  seeds=[6]  (scene=pillars engine=af K=5)
[2026-09-11 20:23:08] discovery - INFO - Candidate 59: pillars|diffusion|K20|@u7hg  seeds=[6]  (scene=pillars engine=diffusion K=20)
[2026-09-11 20:23:08] discovery - INFO - Candidate 60: pillars|fm|K10  seeds=[6]  (scene=pillars engine=fm K=10)
[2026-09-11 20:23:08] discovery - WARNING - Candidate 60 (pillars|fm|K10): 6 variant folder(s) carry a PROJECTION_CB_TRIPPED.txt sentinel — projection was ABANDONED there, their constraint metrics are not valid
[2026-09-11 20:23:08] discovery - INFO - Candidate 61: pillars|fm|K1  seeds=[6]  (scene=pillars engine=fm K=1)
[2026-09-11 20:23:08] discovery - INFO - Candidate 62: pillars|fm|K20  seeds=[6]  (scene=pillars engine=fm K=20)
[2026-09-11 20:23:08] discovery - WARNING - Candidate 62 (pillars|fm|K20): 3 variant folder(s) carry a PROJECTION_CB_TRIPPED.txt sentinel — projection was ABANDONED there, their constraint metrics are not valid
[2026-09-11 20:23:08] discovery - INFO - Candidate 63: pillars|fm|K2  seeds=[6]  (scene=pillars engine=fm K=2)
[2026-09-11 20:23:08] discovery - INFO - Candidate 64: pillars|fm|K2|@u7hg  seeds=[6]  (scene=pillars engine=fm K=2)
[2026-09-11 20:23:08] discovery - INFO - Candidate 65: pillars|fm|K5  seeds=[6]  (scene=pillars engine=fm K=5)
[2026-09-11 20:23:08] discovery - INFO - Candidate 66: pillars|fm|K5|@u7hg  seeds=[6]  (scene=pillars engine=fm K=5)
[2026-09-11 20:23:08] discovery - INFO - Candidate 67: pillars|mf|K10|bbunet|dp0.5  seeds=[6]  (scene=pillars engine=mf K=10)
[2026-09-11 20:23:08] discovery - INFO - Candidate 68: pillars|mf|K1|bbunet|dp0.5  seeds=[6]  (scene=pillars engine=mf K=1)
[2026-09-11 20:23:08] discovery - INFO - Candidate 69: pillars|mf|K1|bbunet|dp0.5|@fix16legacy  seeds=[6]  (scene=pillars engine=mf K=1)
[2026-09-11 20:23:08] discovery - INFO - Candidate 70: pillars|mf|K1|bbunet|dp0.5|@fix16scaled  seeds=[6]  (scene=pillars engine=mf K=1)
[2026-09-11 20:23:08] discovery - INFO - Candidate 71: pillars|mf|K2|bbunet|dp0.5  seeds=[6]  (scene=pillars engine=mf K=2)
[2026-09-11 20:23:08] discovery - INFO - Candidate 72: pillars|mf|K2|bbunet|dp0.5|@fix16legacy  seeds=[6]  (scene=pillars engine=mf K=2)
[2026-09-11 20:23:08] discovery - INFO - Candidate 73: pillars|mf|K2|bbunet|dp0.5|@fix16scaled  seeds=[6]  (scene=pillars engine=mf K=2)
[2026-09-11 20:23:08] discovery - INFO - Candidate 74: pillars|mf|K2|bbunet|dp0.5|@u7hg  seeds=[6]  (scene=pillars engine=mf K=2)
[2026-09-11 20:23:08] discovery - INFO - Candidate 75: pillars|mf|K5|bbunet|dp0.5  seeds=[6]  (scene=pillars engine=mf K=5)
[2026-09-11 20:23:08] discovery - INFO - Candidate 76: pillars|mf|K5|bbunet|dp0.5|@fix16legacy  seeds=[6]  (scene=pillars engine=mf K=5)
[2026-09-11 20:23:08] discovery - INFO - Candidate 77: pillars|mf|K5|bbunet|dp0.5|@fix16scaled  seeds=[6]  (scene=pillars engine=mf K=5)
[2026-09-11 20:23:08] discovery - INFO - Candidate 78: pillars|mf|K5|bbunet|dp0.5|@u7hg  seeds=[6]  (scene=pillars engine=mf K=5)
[2026-09-11 20:23:08] discovery - INFO - Candidate 79: s_curve|diffusion|K20  seeds=[6]  (scene=s_curve engine=diffusion K=20)
[2026-09-11 20:23:08] discovery - INFO - Candidate 80: s_curve|fm|K10  seeds=[6]  (scene=s_curve engine=fm K=10)
[2026-09-11 20:23:08] discovery - INFO - Candidate 81: s_curve|fm|K1  seeds=[6]  (scene=s_curve engine=fm K=1)
[2026-09-11 20:23:08] discovery - INFO - Candidate 82: s_curve|fm|K20  seeds=[6]  (scene=s_curve engine=fm K=20)
[2026-09-11 20:23:08] discovery - INFO - Candidate 83: s_curve|fm|K2  seeds=[6]  (scene=s_curve engine=fm K=2)
[2026-09-11 20:23:08] discovery - INFO - Candidate 84: s_curve|fm|K5  seeds=[6]  (scene=s_curve engine=fm K=5)
[2026-09-11 20:23:08] discovery - INFO - Candidate 85: s_curve|mf|K10|bbunet|dp0.5  seeds=[6]  (scene=s_curve engine=mf K=10)
[2026-09-11 20:23:08] discovery - INFO - Candidate 86: s_curve|mf|K1|bbunet|dp0.5  seeds=[6]  (scene=s_curve engine=mf K=1)
[2026-09-11 20:23:08] discovery - INFO - Candidate 87: s_curve|mf|K20|bbunet|dp0.5  seeds=[6]  (scene=s_curve engine=mf K=20)
[2026-09-11 20:23:08] discovery - INFO - Candidate 88: s_curve|mf|K2|bbunet|dp0.5  seeds=[6]  (scene=s_curve engine=mf K=2)
[2026-09-11 20:23:08] discovery - INFO - Candidate 89: s_curve|mf|K5|bbunet|dp0.5  seeds=[6]  (scene=s_curve engine=mf K=5)
[2026-09-11 20:23:08] discovery - INFO - Candidate 90: s_curve|af|K1|bbunet|@EPlatest_u6unet_ae02  seeds=[6]  (scene=s_curve engine=af K=1)
[2026-09-11 20:23:08] discovery - INFO - Candidate 91: s_curve|af|K2|bbunet|@EPlatest_u6unet_ae02  seeds=[6]  (scene=s_curve engine=af K=2)
[2026-09-11 20:23:08] discovery - INFO - Candidate 92: s_curve|af|K5|bbunet|@EPlatest_u6unet_ae02  seeds=[6]  (scene=s_curve engine=af K=5)
[2026-09-11 20:23:08] discovery - INFO - Candidate 93: s_curve|af|K5|bbunet|@EPlatest_u7hg  seeds=[6]  (scene=s_curve engine=af K=5)
[2026-09-11 20:23:08] discovery - INFO - Candidate 94: s_curve|af|K2|bbsit|@u6unet_ae0  seeds=[6]  (scene=s_curve engine=af K=2)
[2026-09-11 20:23:08] discovery - INFO - Candidate 95: s_curve|af|K5|bbsit|@u6unet_ae0  seeds=[6]  (scene=s_curve engine=af K=5)
[2026-09-11 20:23:08] discovery - INFO - Candidate 96: s_curve|diffusion|K20  seeds=[6]  (scene=s_curve engine=diffusion K=20)
[2026-09-11 20:23:08] discovery - INFO - Candidate 97: s_curve|diffusion|K20|@u7hg  seeds=[6]  (scene=s_curve engine=diffusion K=20)
[2026-09-11 20:23:08] discovery - INFO - Candidate 98: s_curve|fm|K20|@u7hg  seeds=[6]  (scene=s_curve engine=fm K=20)
[2026-09-11 20:23:08] discovery - INFO - Candidate 99: s_curve|fm|K2|@u7hg  seeds=[6]  (scene=s_curve engine=fm K=2)
[2026-09-11 20:23:08] discovery - INFO - Candidate 100: s_curve|mf|K10|bbunet|dp0.5|@u7hg  seeds=[6]  (scene=s_curve engine=mf K=10)
[2026-09-11 20:23:08] discovery - INFO - Candidate 101: s_curve|mf|K10|bbunet|dp0.5|@u7hg  seeds=[6]  (scene=s_curve engine=mf K=10)
[2026-09-11 20:23:08] discovery - INFO - Candidate 102: s_curve|mf|K2|bbunet|dp0.5|@u7hg  seeds=[6]  (scene=s_curve engine=mf K=2)
[2026-09-11 20:23:08] discovery - INFO - Total candidates discovered: 102
[2026-09-11 20:23:08] DA_UAV_v1 - INFO - 
=== Candidates Discovered ===
Total: 102

  1: corridor|Gen11
      Path:  /data/home/llim/FMPCC/FM-PCC/logs/UAV_FM/uav-corridor/plans(Bf_DC-FIX)/flow_matching_v3_uav/H8_Dmodels.diffusion.FlowMatchingODE_condp_des
      Axes:  scene=corridor  engine=?  K=None  mpc=None  ctrl=?  T=None  gen=Gen11
      Seeds: [6]
      Last run: 2026-06-28 14:20:52  (2 config snapshot(s) over 1 seed(s))

  2: corridor|K20|Gen11
      Path:  /data/home/llim/FMPCC/FM-PCC/logs/UAV_FM/uav-corridor/plans(Bf_U8)/flow_matching_v3_uav/H8_Dmodels.diffusion.FlowMatchingODE_9D/K20_mpc4_pid_stopgo_T0.5
      Axes:  scene=corridor  engine=?  K=20  mpc=4  ctrl=pid_stopgo  T=0.5  gen=Gen11
      Seeds: [6]
      Last run: 2026-07-02 05:32:07  (1 config snapshot(s) over 1 seed(s))

  3: corridor|Gen11
      Path:  /data/home/llim/FMPCC/FM-PCC/logs/UAV_FM/uav-corridor/plans(E6)/flow_matching_v3_uav/H8_Dmodels.diffusion.FlowMatchingODE
      Axes:  scene=corridor  engine=?  K=None  mpc=None  ctrl=?  T=None  gen=Gen11
      Seeds: [6]

  4: corridor|Gen11
      Path:  /data/home/llim/FMPCC/FM-PCC/logs/UAV_FM/uav-corridor/plans(E7_U1)/flow_matching_v3_uav/H8_Dmodels.diffusion.FlowMatchingODE
      Axes:  scene=corridor  engine=?  K=None  mpc=None  ctrl=?  T=None  gen=Gen11
      Seeds: [6]

  5: corridor|Gen11
      Path:  /data/home/llim/FMPCC/FM-PCC/logs/UAV_FM/uav-corridor/plans(E7_U3)/flow_matching_v3_uav/H8_Dmodels.diffusion.FlowMatchingODE
      Axes:  scene=corridor  engine=?  K=None  mpc=None  ctrl=?  T=None  gen=Gen11
      Seeds: [6]

  6: corridor|Gen11
      Path:  /data/home/llim/FMPCC/FM-PCC/logs/UAV_FM/uav-corridor/plans(E7_U4_fix3)/flow_matching_v3_uav/H8_Dmodels.diffusion.FlowMatchingODE_condp_des
      Axes:  scene=corridor  engine=?  K=None  mpc=None  ctrl=?  T=None  gen=Gen11
      Seeds: [6]
      Last run: 2026-06-28 10:08:59  (1 config snapshot(s) over 1 seed(s))

  7: corridor|K20|Gen11
      Path:  /data/home/llim/FMPCC/FM-PCC/logs/UAV_FM/uav-corridor/plans/flow_matching_v3_uav/H8_Dmodels.diffusion.FlowMatchingODE_9D/K20_mpc4_pid_stopgo_T0.5
      Axes:  scene=corridor  engine=?  K=20  mpc=4  ctrl=pid_stopgo  T=0.5  gen=Gen11
      Seeds: [6]
      Last run: 2026-07-08 16:11:14  (1 config snapshot(s) over 1 seed(s))

  8: empty|Gen11
      Path:  /data/home/llim/FMPCC/FM-PCC/logs/UAV_FM/uav-empty/plans(Bf_DC-FIX)/flow_matching_v3_uav/H8_Dmodels.diffusion.FlowMatchingODE
      Axes:  scene=empty  engine=?  K=None  mpc=None  ctrl=?  T=None  gen=Gen11
      Seeds: [6]
      Last run: 2026-06-28 19:14:49  (1 config snapshot(s) over 1 seed(s))

  9: empty|K20|Gen11
      Path:  /data/home/llim/FMPCC/FM-PCC/logs/UAV_FM/uav-empty/plans(Bf_U8)/flow_matching_v3_uav/H8_Dmodels.diffusion.FlowMatchingODE_9D/K20_mpc4_pid_stopgo_T0.5
      Axes:  scene=empty  engine=?  K=20  mpc=4  ctrl=pid_stopgo  T=0.5  gen=Gen11
      Seeds: [6]
      Last run: 2026-07-03 09:32:41  (1 config snapshot(s) over 1 seed(s))

  10: empty|Gen11
      Path:  /data/home/llim/FMPCC/FM-PCC/logs/UAV_FM/uav-empty/plans(E6)/flow_matching_v3_uav/H8_Dmodels.diffusion.FlowMatchingODE
      Axes:  scene=empty  engine=?  K=None  mpc=None  ctrl=?  T=None  gen=Gen11
      Seeds: [6]

  11: empty|Gen11
      Path:  /data/home/llim/FMPCC/FM-PCC/logs/UAV_FM/uav-empty/plans(E7U3)/flow_matching_v3_uav/H8_Dmodels.diffusion.FlowMatchingODE
      Axes:  scene=empty  engine=?  K=None  mpc=None  ctrl=?  T=None  gen=Gen11
      Seeds: [6]

  12: pillars|Gen11
      Path:  /data/home/llim/FMPCC/FM-PCC/logs/UAV_FM/uav-pillars/flow_matching_v3_uav/H8_Dmodels.diffusion.FlowMatchingODE
      Axes:  scene=pillars  engine=?  K=None  mpc=None  ctrl=?  T=None  gen=Gen11
      Seeds: [6]
      Last run: 2026-06-28 20:32:15  (11 config snapshot(s) over 1 seed(s))

  13: pillars|Gen11
      Path:  /data/home/llim/FMPCC/FM-PCC/logs/UAV_FM/uav-pillars/plans(Bf_DC-FIX)/flow_matching_v3_uav/H8_Dmodels.diffusion.FlowMatchingODE(12D_PID_with_anchor_P)
      Axes:  scene=pillars  engine=?  K=None  mpc=None  ctrl=?  T=None  gen=Gen11
      Seeds: [6]
      Last run: 2026-06-28 20:32:16  (1 config snapshot(s) over 1 seed(s))

  14: pillars|Gen11
      Path:  /data/home/llim/FMPCC/FM-PCC/logs/UAV_FM/uav-pillars/plans(Bf_DC-FIX)/flow_matching_v3_uav/H8_Dmodels.diffusion.FlowMatchingODE_9D
      Axes:  scene=pillars  engine=?  K=None  mpc=None  ctrl=?  T=None  gen=Gen11
      Seeds: [6]
      Last run: 2026-06-29 17:40:35  (3 config snapshot(s) over 1 seed(s))

  15: pillars|Gen11
      Path:  /data/home/llim/FMPCC/FM-PCC/logs/UAV_FM/uav-pillars/plans(Bf_DC-FIX)/flow_matching_v3_uav/H8_Dmodels.diffusion.FlowMatchingODE_9D(pid_stop_go)
      Axes:  scene=pillars  engine=?  K=None  mpc=None  ctrl=?  T=None  gen=Gen11
      Seeds: [6]
      Last run: 2026-06-29 15:23:55  (1 config snapshot(s) over 1 seed(s))

  16: pillars|K20|Gen11
      Path:  /data/home/llim/FMPCC/FM-PCC/logs/UAV_FM/uav-pillars/plans(Bf_Fix14)/flow_matching_v3_uav/H8_Dmodels.diffusion.FlowMatchingODE_9D/K20_mpc4_pid_stopgo_T0.5
      Axes:  scene=pillars  engine=?  K=20  mpc=4  ctrl=pid_stopgo  T=0.5  gen=Gen11
      Seeds: [6]
      Last run: 2026-07-06 17:32:05  (2 config snapshot(s) over 1 seed(s))

  17: pillars|K20|Gen11
      Path:  /data/home/llim/FMPCC/FM-PCC/logs/UAV_FM/uav-pillars/plans(Bf_U8)/flow_matching_v3_uav/H8_Dmodels.diffusion.FlowMatchingODE_9D/K20_mpc4_mjpc_T0.5
      Axes:  scene=pillars  engine=?  K=20  mpc=4  ctrl=mjpc  T=0.5  gen=Gen11
      Seeds: [6]
      Last run: 2026-07-02 15:06:59  (1 config snapshot(s) over 1 seed(s))

  18: pillars|K20|Gen11
      Path:  /data/home/llim/FMPCC/FM-PCC/logs/UAV_FM/uav-pillars/plans(Bf_U8)/flow_matching_v3_uav/H8_Dmodels.diffusion.FlowMatchingODE_9D/K20_mpc4_pid_const_v_T0.5
      Axes:  scene=pillars  engine=?  K=20  mpc=4  ctrl=pid_const_v  T=0.5  gen=Gen11
      Seeds: [6]
      Last run: 2026-07-02 20:07:54  (1 config snapshot(s) over 1 seed(s))

  19: pillars|K20|Gen11
      Path:  /data/home/llim/FMPCC/FM-PCC/logs/UAV_FM/uav-pillars/plans(Bf_U8)/flow_matching_v3_uav/H8_Dmodels.diffusion.FlowMatchingODE_9D/K20_mpc4_pid_stopgo_T0.5
      Axes:  scene=pillars  engine=?  K=20  mpc=4  ctrl=pid_stopgo  T=0.5  gen=Gen11
      Seeds: [6]
      Last run: 2026-07-04 20:52:53  (1 config snapshot(s) over 1 seed(s))

  20: pillars|Gen11
      Path:  /data/home/llim/FMPCC/FM-PCC/logs/UAV_FM/uav-pillars/plans(E7_U3)/flow_matching_v3_uav/H8_Dmodels.diffusion.FlowMatchingODE
      Axes:  scene=pillars  engine=?  K=None  mpc=None  ctrl=?  T=None  gen=Gen11
      Seeds: [6]

  21: pillars|Gen11
      Path:  /data/home/llim/FMPCC/FM-PCC/logs/UAV_FM/uav-pillars/plans(U1)/flow_matching_v3_uav/H8_Dmodels.diffusion.FlowMatchingODE
      Axes:  scene=pillars  engine=?  K=None  mpc=None  ctrl=?  T=None  gen=Gen11
      Seeds: [6]

  22: pillars|K20|Gen11
      Path:  /data/home/llim/FMPCC/FM-PCC/logs/UAV_FM/uav-pillars/plans/flow_matching_v3_uav/H8_Dmodels.diffusion.FlowMatchingODE_9D/K20_mpc4_pid_stopgo_T0.5
      Axes:  scene=pillars  engine=?  K=20  mpc=4  ctrl=pid_stopgo  T=0.5  gen=Gen11
      Seeds: [6]
      Last run: 2026-07-10 21:33:43  (1 config snapshot(s) over 1 seed(s))

  23: s_curve|Gen11
      Path:  /data/home/llim/FMPCC/FM-PCC/logs/UAV_FM/uav-s_curve/plans(Bf_DC-FIX)/flow_matching_v3_uav/H8_Dmodels.diffusion.FlowMatchingODE
      Axes:  scene=s_curve  engine=?  K=None  mpc=None  ctrl=?  T=None  gen=Gen11
      Seeds: [6]
      Last run: 2026-06-28 17:14:38  (1 config snapshot(s) over 1 seed(s))

  24: s_curve|K20|Gen11
      Path:  /data/home/llim/FMPCC/FM-PCC/logs/UAV_FM/uav-s_curve/plans(Bf_DC-FIX)/flow_matching_v3_uav/H8_Dmodels.diffusion.FlowMatchingODE_9D/K20_mpc4_pid_stopgo_T0.5
      Axes:  scene=s_curve  engine=?  K=20  mpc=4  ctrl=pid_stopgo  T=0.5  gen=Gen11
      Seeds: [6]

  25: s_curve|K20|Gen11
      Path:  /data/home/llim/FMPCC/FM-PCC/logs/UAV_FM/uav-s_curve/plans(Bf_DC-FIX)/flow_matching_v3_uav/H8_Dmodels.diffusion.FlowMatchingODE_9D/K20_mpc4_pid_stopgo_anchorP_T0.5
      Axes:  scene=s_curve  engine=?  K=20  mpc=4  ctrl=pid_stopgo_anchorP  T=0.5  gen=Gen11
      Seeds: [6]

  26: s_curve|Gen11
      Path:  /data/home/llim/FMPCC/FM-PCC/logs/UAV_FM/uav-s_curve/plans(no_GIF)/flow_matching_v3_uav/H8_Dmodels.diffusion.FlowMatchingODE
      Axes:  scene=s_curve  engine=?  K=None  mpc=None  ctrl=?  T=None  gen=Gen11
      Seeds: [6]

  27: s_curve|Gen11
      Path:  /data/home/llim/FMPCC/FM-PCC/logs/UAV_FM/uav-s_curve/plans(with_gif_parts)/flow_matching_v3_uav/H8_Dmodels.diffusion.FlowMatchingODE
      Axes:  scene=s_curve  engine=?  K=None  mpc=None  ctrl=?  T=None  gen=Gen11
      Seeds: [6]

  28: s_curve|K20|Gen11
      Path:  /data/home/llim/FMPCC/FM-PCC/logs/UAV_FM/uav-s_curve/plans/flow_matching_v3_uav/H8_Dmodels.diffusion.FlowMatchingODE_9D/K20_mpc4_pid_stopgo_T0.5
      Axes:  scene=s_curve  engine=?  K=20  mpc=4  ctrl=pid_stopgo  T=0.5  gen=Gen11
      Seeds: [6]
      Last run: 2026-07-09 10:11:09  (2 config snapshot(s) over 1 seed(s))

  29: corridor|af|K1|bbunet|@EPlatest_u7hg
      Path:  /data/home/llim/FMPCC/FM-PCC/logs/UAV_MIX/uav-corridor/plans/mix_uav_af/H8_Dmodels.af_diffusion.AlphaFlowODE_9D_as1_ae0.2_bbunet/Eaf_K1_mpc4_pid_stopgo_T0.5_EPlatest_u7hg
      Axes:  scene=corridor  engine=af  K=1  mpc=4  ctrl=pid_stopgo  T=0.5  gen=Gen15
      Model: H8_Dmodels.af_diffusion.AlphaFlowODE_9D_as1_ae0.2_bbunet  bb=unet  dp=-
      Seeds: [6]
      Last run: 2026-09-07 07:15:11  (1 config snapshot(s) over 1 seed(s))

  30: corridor|af|K2|bbunet|@EPlatest_u7hg
      Path:  /data/home/llim/FMPCC/FM-PCC/logs/UAV_MIX/uav-corridor/plans/mix_uav_af/H8_Dmodels.af_diffusion.AlphaFlowODE_9D_as1_ae0.2_bbunet/Eaf_K2_mpc4_pid_stopgo_T0.5_EPlatest_u7hg
      Axes:  scene=corridor  engine=af  K=2  mpc=4  ctrl=pid_stopgo  T=0.5  gen=Gen15
      Model: H8_Dmodels.af_diffusion.AlphaFlowODE_9D_as1_ae0.2_bbunet  bb=unet  dp=-
      Seeds: [6]
      Last run: 2026-09-10 13:15:54  (2 config snapshot(s) over 1 seed(s))

  31: corridor|af|K5|bbunet|@EPlatest_u7hg
      Path:  /data/home/llim/FMPCC/FM-PCC/logs/UAV_MIX/uav-corridor/plans/mix_uav_af/H8_Dmodels.af_diffusion.AlphaFlowODE_9D_as1_ae0.2_bbunet/Eaf_K5_mpc4_pid_stopgo_T0.5_EPlatest_u7hg
      Axes:  scene=corridor  engine=af  K=5  mpc=4  ctrl=pid_stopgo  T=0.5  gen=Gen15
      Model: H8_Dmodels.af_diffusion.AlphaFlowODE_9D_as1_ae0.2_bbunet  bb=unet  dp=-
      Seeds: [6]
      Last run: 2026-09-10 12:53:23  (1 config snapshot(s) over 1 seed(s))

  32: corridor|af|K1|bbsit
      Path:  /data/home/llim/FMPCC/FM-PCC/logs/UAV_MIX/uav-corridor/plans/mix_uav_af/H8_Dmodels.af_diffusion.AlphaFlowODE_9D_as1_ae0_bbsit/Eaf_K1_mpc4_pid_stopgo_T0.5
      Axes:  scene=corridor  engine=af  K=1  mpc=4  ctrl=pid_stopgo  T=0.5  gen=Gen15
      Model: H8_Dmodels.af_diffusion.AlphaFlowODE_9D_as1_ae0_bbsit  bb=sit  dp=-
      Seeds: [6]
      Last run: 2026-08-23 13:30:49  (1 config snapshot(s) over 1 seed(s))

  33: corridor|af|K2|bbsit
      Path:  /data/home/llim/FMPCC/FM-PCC/logs/UAV_MIX/uav-corridor/plans/mix_uav_af/H8_Dmodels.af_diffusion.AlphaFlowODE_9D_as1_ae0_bbsit/Eaf_K2_mpc4_pid_stopgo_T0.5
      Axes:  scene=corridor  engine=af  K=2  mpc=4  ctrl=pid_stopgo  T=0.5  gen=Gen15
      Model: H8_Dmodels.af_diffusion.AlphaFlowODE_9D_as1_ae0_bbsit  bb=sit  dp=-
      Seeds: [6]
      Last run: 2026-08-23 16:57:03  (1 config snapshot(s) over 1 seed(s))

  34: corridor|af|K5|bbsit
      Path:  /data/home/llim/FMPCC/FM-PCC/logs/UAV_MIX/uav-corridor/plans/mix_uav_af/H8_Dmodels.af_diffusion.AlphaFlowODE_9D_as1_ae0_bbsit/Eaf_K5_mpc4_pid_stopgo_T0.5
      Axes:  scene=corridor  engine=af  K=5  mpc=4  ctrl=pid_stopgo  T=0.5  gen=Gen15
      Model: H8_Dmodels.af_diffusion.AlphaFlowODE_9D_as1_ae0_bbsit  bb=sit  dp=-
      Seeds: [6]
      Last run: 2026-08-23 18:59:36  (1 config snapshot(s) over 1 seed(s))

  35: corridor|fm|K10
      Path:  /data/home/llim/FMPCC/FM-PCC/logs/UAV_MIX/uav-corridor/plans/mix_uav_fm/H8_Dmodels.diffusion.FlowMatchingODE_9D/Efm_K10_mpc4_pid_stopgo_T0.5
      Axes:  scene=corridor  engine=fm  K=10  mpc=4  ctrl=pid_stopgo  T=0.5  gen=Gen15
      Seeds: [6]
      Last run: 2026-08-19 21:25:38  (2 config snapshot(s) over 1 seed(s))

  36: corridor|fm|K1
      Path:  /data/home/llim/FMPCC/FM-PCC/logs/UAV_MIX/uav-corridor/plans/mix_uav_fm/H8_Dmodels.diffusion.FlowMatchingODE_9D/Efm_K1_mpc4_pid_stopgo_T0.5
      Axes:  scene=corridor  engine=fm  K=1  mpc=4  ctrl=pid_stopgo  T=0.5  gen=Gen15
      Seeds: [6]
      Last run: 2026-08-19 14:43:56  (1 config snapshot(s) over 1 seed(s))

  37: corridor|fm|K20
      Path:  /data/home/llim/FMPCC/FM-PCC/logs/UAV_MIX/uav-corridor/plans/mix_uav_fm/H8_Dmodels.diffusion.FlowMatchingODE_9D/Efm_K20_mpc4_pid_stopgo_T0.5
      Axes:  scene=corridor  engine=fm  K=20  mpc=4  ctrl=pid_stopgo  T=0.5  gen=Gen15
      Seeds: [6]
      Last run: 2026-08-19 23:20:44  (1 config snapshot(s) over 1 seed(s))

  38: corridor|fm|K2
      Path:  /data/home/llim/FMPCC/FM-PCC/logs/UAV_MIX/uav-corridor/plans/mix_uav_fm/H8_Dmodels.diffusion.FlowMatchingODE_9D/Efm_K2_mpc4_pid_stopgo_T0.5
      Axes:  scene=corridor  engine=fm  K=2  mpc=4  ctrl=pid_stopgo  T=0.5  gen=Gen15
      Seeds: [6]
      Last run: 2026-08-19 18:25:30  (1 config snapshot(s) over 1 seed(s))

  39: corridor|fm|K2|@u7hg
      Path:  /data/home/llim/FMPCC/FM-PCC/logs/UAV_MIX/uav-corridor/plans/mix_uav_fm/H8_Dmodels.diffusion.FlowMatchingODE_9D/Efm_K2_mpc4_pid_stopgo_T0.5_u7hg
      Axes:  scene=corridor  engine=fm  K=2  mpc=4  ctrl=pid_stopgo  T=0.5  gen=Gen15
      Seeds: [6]
      Last run: 2026-09-10 15:20:22  (2 config snapshot(s) over 1 seed(s))

  40: corridor|fm|K5
      Path:  /data/home/llim/FMPCC/FM-PCC/logs/UAV_MIX/uav-corridor/plans/mix_uav_fm/H8_Dmodels.diffusion.FlowMatchingODE_9D/Efm_K5_mpc4_pid_stopgo_T0.5
      Axes:  scene=corridor  engine=fm  K=5  mpc=4  ctrl=pid_stopgo  T=0.5  gen=Gen15
      Seeds: [6]
      Last run: 2026-08-19 19:33:52  (1 config snapshot(s) over 1 seed(s))

  41: corridor|fm|K5|@u7hg
      Path:  /data/home/llim/FMPCC/FM-PCC/logs/UAV_MIX/uav-corridor/plans/mix_uav_fm/H8_Dmodels.diffusion.FlowMatchingODE_9D/Efm_K5_mpc4_pid_stopgo_T0.5_u7hg
      Axes:  scene=corridor  engine=fm  K=5  mpc=4  ctrl=pid_stopgo  T=0.5  gen=Gen15
      Seeds: [6]
      Last run: 2026-09-10 13:37:13  (1 config snapshot(s) over 1 seed(s))

  42: corridor|mf|K10|bbunet|dp0.5
      Path:  /data/home/llim/FMPCC/FM-PCC/logs/UAV_MIX/uav-corridor/plans/mix_uav_mf/H8_Dmodels.mf_diffusion.MeanFlowODE_9D_dp0.5_bbunet/Emf_K10_mpc4_pid_stopgo_T0.5
      Axes:  scene=corridor  engine=mf  K=10  mpc=4  ctrl=pid_stopgo  T=0.5  gen=Gen15
      Model: H8_Dmodels.mf_diffusion.MeanFlowODE_9D_dp0.5_bbunet  bb=unet  dp=0.5
      Seeds: [6]
      Last run: 2026-08-20 17:12:18  (2 config snapshot(s) over 1 seed(s))

  43: corridor|mf|K1|bbunet|dp0.5
      Path:  /data/home/llim/FMPCC/FM-PCC/logs/UAV_MIX/uav-corridor/plans/mix_uav_mf/H8_Dmodels.mf_diffusion.MeanFlowODE_9D_dp0.5_bbunet/Emf_K1_mpc4_pid_stopgo_T0.5
      Axes:  scene=corridor  engine=mf  K=1  mpc=4  ctrl=pid_stopgo  T=0.5  gen=Gen15
      Model: H8_Dmodels.mf_diffusion.MeanFlowODE_9D_dp0.5_bbunet  bb=unet  dp=0.5
      Seeds: [6]
      Last run: 2026-08-20 10:49:02  (1 config snapshot(s) over 1 seed(s))

  44: corridor|mf|K20|bbunet|dp0.5
      Path:  /data/home/llim/FMPCC/FM-PCC/logs/UAV_MIX/uav-corridor/plans/mix_uav_mf/H8_Dmodels.mf_diffusion.MeanFlowODE_9D_dp0.5_bbunet/Emf_K20_mpc4_pid_stopgo_T0.5
      Axes:  scene=corridor  engine=mf  K=20  mpc=4  ctrl=pid_stopgo  T=0.5  gen=Gen15
      Model: H8_Dmodels.mf_diffusion.MeanFlowODE_9D_dp0.5_bbunet  bb=unet  dp=0.5
      Seeds: [6]
      Last run: 2026-08-20 22:08:31  (1 config snapshot(s) over 1 seed(s))

  45: corridor|mf|K2|bbunet|dp0.5
      Path:  /data/home/llim/FMPCC/FM-PCC/logs/UAV_MIX/uav-corridor/plans/mix_uav_mf/H8_Dmodels.mf_diffusion.MeanFlowODE_9D_dp0.5_bbunet/Emf_K2_mpc4_pid_stopgo_T0.5
      Axes:  scene=corridor  engine=mf  K=2  mpc=4  ctrl=pid_stopgo  T=0.5  gen=Gen15
      Model: H8_Dmodels.mf_diffusion.MeanFlowODE_9D_dp0.5_bbunet  bb=unet  dp=0.5
      Seeds: [6]
      Last run: 2026-08-20 10:49:04  (1 config snapshot(s) over 1 seed(s))

  46: corridor|mf|K2|bbunet|dp0.5|@u7hg
      Path:  /data/home/llim/FMPCC/FM-PCC/logs/UAV_MIX/uav-corridor/plans/mix_uav_mf/H8_Dmodels.mf_diffusion.MeanFlowODE_9D_dp0.5_bbunet/Emf_K2_mpc4_pid_stopgo_T0.5_u7hg
      Axes:  scene=corridor  engine=mf  K=2  mpc=4  ctrl=pid_stopgo  T=0.5  gen=Gen15
      Model: H8_Dmodels.mf_diffusion.MeanFlowODE_9D_dp0.5_bbunet  bb=unet  dp=0.5
      Seeds: [6]
      Last run: 2026-09-10 12:53:24  (2 config snapshot(s) over 1 seed(s))

  47: corridor|mf|K5|bbunet|dp0.5
      Path:  /data/home/llim/FMPCC/FM-PCC/logs/UAV_MIX/uav-corridor/plans/mix_uav_mf/H8_Dmodels.mf_diffusion.MeanFlowODE_9D_dp0.5_bbunet/Emf_K5_mpc4_pid_stopgo_T0.5
      Axes:  scene=corridor  engine=mf  K=5  mpc=4  ctrl=pid_stopgo  T=0.5  gen=Gen15
      Model: H8_Dmodels.mf_diffusion.MeanFlowODE_9D_dp0.5_bbunet  bb=unet  dp=0.5
      Seeds: [6]
      Last run: 2026-08-20 16:45:30  (1 config snapshot(s) over 1 seed(s))

  48: corridor|mf|K5|bbunet|dp0.5|@u7hg
      Path:  /data/home/llim/FMPCC/FM-PCC/logs/UAV_MIX/uav-corridor/plans/mix_uav_mf/H8_Dmodels.mf_diffusion.MeanFlowODE_9D_dp0.5_bbunet/Emf_K5_mpc4_pid_stopgo_T0.5_u7hg
      Axes:  scene=corridor  engine=mf  K=5  mpc=4  ctrl=pid_stopgo  T=0.5  gen=Gen15
      Model: H8_Dmodels.mf_diffusion.MeanFlowODE_9D_dp0.5_bbunet  bb=unet  dp=0.5
      Seeds: [6]
      Last run: 2026-09-10 15:13:32  (1 config snapshot(s) over 1 seed(s))

  49: pillars|af|K1|bbunet|@EPlatest_u6unet_ae02
      Path:  /data/home/llim/FMPCC/FM-PCC/logs/UAV_MIX/uav-pillars/plans/mix_uav_af/H8_Dmodels.af_diffusion.AlphaFlowODE_9D_as1_ae0.2_bbunet/Eaf_K1_mpc4_pid_stopgo_T0.5_EPlatest_u6unet_ae02
      Axes:  scene=pillars  engine=af  K=1  mpc=4  ctrl=pid_stopgo  T=0.5  gen=Gen15
      Model: H8_Dmodels.af_diffusion.AlphaFlowODE_9D_as1_ae0.2_bbunet  bb=unet  dp=-
      Seeds: [6]
      Last run: 2026-09-05 01:50:12  (1 config snapshot(s) over 1 seed(s))

  50: pillars|af|K1|bbunet|@EPlatest_u7hg
      Path:  /data/home/llim/FMPCC/FM-PCC/logs/UAV_MIX/uav-pillars/plans/mix_uav_af/H8_Dmodels.af_diffusion.AlphaFlowODE_9D_as1_ae0.2_bbunet/Eaf_K1_mpc4_pid_stopgo_T0.5_EPlatest_u7hg
      Axes:  scene=pillars  engine=af  K=1  mpc=4  ctrl=pid_stopgo  T=0.5  gen=Gen15
      Model: H8_Dmodels.af_diffusion.AlphaFlowODE_9D_as1_ae0.2_bbunet  bb=unet  dp=-
      Seeds: [6]
      Last run: 2026-09-07 07:53:25  (1 config snapshot(s) over 1 seed(s))

  51: pillars|af|K2|bbunet|@EPlatest_u6unet_ae02
      Path:  /data/home/llim/FMPCC/FM-PCC/logs/UAV_MIX/uav-pillars/plans/mix_uav_af/H8_Dmodels.af_diffusion.AlphaFlowODE_9D_as1_ae0.2_bbunet/Eaf_K2_mpc4_pid_stopgo_T0.5_EPlatest_u6unet_ae02
      Axes:  scene=pillars  engine=af  K=2  mpc=4  ctrl=pid_stopgo  T=0.5  gen=Gen15
      Model: H8_Dmodels.af_diffusion.AlphaFlowODE_9D_as1_ae0.2_bbunet  bb=unet  dp=-
      Seeds: [6]
      Last run: 2026-09-05 02:59:28  (1 config snapshot(s) over 1 seed(s))

  52: pillars|af|K2|bbunet|@EPlatest_u7hg
      Path:  /data/home/llim/FMPCC/FM-PCC/logs/UAV_MIX/uav-pillars/plans/mix_uav_af/H8_Dmodels.af_diffusion.AlphaFlowODE_9D_as1_ae0.2_bbunet/Eaf_K2_mpc4_pid_stopgo_T0.5_EPlatest_u7hg
      Axes:  scene=pillars  engine=af  K=2  mpc=4  ctrl=pid_stopgo  T=0.5  gen=Gen15
      Model: H8_Dmodels.af_diffusion.AlphaFlowODE_9D_as1_ae0.2_bbunet  bb=unet  dp=-
      Seeds: [6]
      Last run: 2026-09-07 09:51:35  (1 config snapshot(s) over 1 seed(s))

  53: pillars|af|K5|bbunet|@EPlatest_u7hg
      Path:  /data/home/llim/FMPCC/FM-PCC/logs/UAV_MIX/uav-pillars/plans/mix_uav_af/H8_Dmodels.af_diffusion.AlphaFlowODE_9D_as1_ae0.2_bbunet/Eaf_K5_mpc4_pid_stopgo_T0.5_EPlatest_u7hg
      Axes:  scene=pillars  engine=af  K=5  mpc=4  ctrl=pid_stopgo  T=0.5  gen=Gen15
      Model: H8_Dmodels.af_diffusion.AlphaFlowODE_9D_as1_ae0.2_bbunet  bb=unet  dp=-
      Seeds: [6]
      Last run: 2026-09-09 22:55:34  (2 config snapshot(s) over 1 seed(s))

  54: pillars|af|K1|bbsit
      Path:  /data/home/llim/FMPCC/FM-PCC/logs/UAV_MIX/uav-pillars/plans/mix_uav_af/H8_Dmodels.af_diffusion.AlphaFlowODE_9D_as1_ae0_bbsit/Eaf_K1_mpc4_pid_stopgo_T0.5
      Axes:  scene=pillars  engine=af  K=1  mpc=4  ctrl=pid_stopgo  T=0.5  gen=Gen15
      Model: H8_Dmodels.af_diffusion.AlphaFlowODE_9D_as1_ae0_bbsit  bb=sit  dp=-
      Seeds: [6]
      Last run: 2026-08-29 05:19:44  (1 config snapshot(s) over 1 seed(s))

  55: pillars|af|K1|bbsit|@u6sitlatest
      Path:  /data/home/llim/FMPCC/FM-PCC/logs/UAV_MIX/uav-pillars/plans/mix_uav_af/H8_Dmodels.af_diffusion.AlphaFlowODE_9D_as1_ae0_bbsit/Eaf_K1_mpc4_pid_stopgo_T0.5_u6sitlatest
      Axes:  scene=pillars  engine=af  K=1  mpc=4  ctrl=pid_stopgo  T=0.5  gen=Gen15
      Model: H8_Dmodels.af_diffusion.AlphaFlowODE_9D_as1_ae0_bbsit  bb=sit  dp=-
      Seeds: [6]
      Last run: 2026-09-04 13:48:47  (1 config snapshot(s) over 1 seed(s))

  56: pillars|af|K2|bbsit
      Path:  /data/home/llim/FMPCC/FM-PCC/logs/UAV_MIX/uav-pillars/plans/mix_uav_af/H8_Dmodels.af_diffusion.AlphaFlowODE_9D_as1_ae0_bbsit/Eaf_K2_mpc4_pid_stopgo_T0.5
      Axes:  scene=pillars  engine=af  K=2  mpc=4  ctrl=pid_stopgo  T=0.5  gen=Gen15
      Model: H8_Dmodels.af_diffusion.AlphaFlowODE_9D_as1_ae0_bbsit  bb=sit  dp=-
      Seeds: [6]
      Last run: 2026-08-29 06:43:23  (1 config snapshot(s) over 1 seed(s))

  57: pillars|af|K2|bbsit|@u6sitlatest
      Path:  /data/home/llim/FMPCC/FM-PCC/logs/UAV_MIX/uav-pillars/plans/mix_uav_af/H8_Dmodels.af_diffusion.AlphaFlowODE_9D_as1_ae0_bbsit/Eaf_K2_mpc4_pid_stopgo_T0.5_u6sitlatest
      Axes:  scene=pillars  engine=af  K=2  mpc=4  ctrl=pid_stopgo  T=0.5  gen=Gen15
      Model: H8_Dmodels.af_diffusion.AlphaFlowODE_9D_as1_ae0_bbsit  bb=sit  dp=-
      Seeds: [6]
      Last run: 2026-09-04 14:46:59  (1 config snapshot(s) over 1 seed(s))

  58: pillars|af|K5|bbsit
      Path:  /data/home/llim/FMPCC/FM-PCC/logs/UAV_MIX/uav-pillars/plans/mix_uav_af/H8_Dmodels.af_diffusion.AlphaFlowODE_9D_as1_ae0_bbsit/Eaf_K5_mpc4_pid_stopgo_T0.5
      Axes:  scene=pillars  engine=af  K=5  mpc=4  ctrl=pid_stopgo  T=0.5  gen=Gen15
      Model: H8_Dmodels.af_diffusion.AlphaFlowODE_9D_as1_ae0_bbsit  bb=sit  dp=-
      Seeds: [6]
      Last run: 2026-08-29 08:14:33  (1 config snapshot(s) over 1 seed(s))

  59: pillars|diffusion|K20|@u7hg
      Path:  /data/home/llim/FMPCC/FM-PCC/logs/UAV_MIX/uav-pillars/plans/mix_uav_diffusion/H8_Dmodels.ddpm_diffusion.GaussianDiffusion_9D_K20/Ediffusion_K20_mpc4_pid_stopgo_T0.5_u7hg
      Axes:  scene=pillars  engine=diffusion  K=20  mpc=4  ctrl=pid_stopgo  T=0.5  gen=Gen15
      Seeds: [6]
      Last run: 2026-09-11 04:21:22  (1 config snapshot(s) over 1 seed(s))

  60: pillars|fm|K10
      Path:  /data/home/llim/FMPCC/FM-PCC/logs/UAV_MIX/uav-pillars/plans/mix_uav_fm/H8_Dmodels.diffusion.FlowMatchingODE_9D/Efm_K10_mpc4_pid_stopgo_T0.5
      Axes:  scene=pillars  engine=fm  K=10  mpc=4  ctrl=pid_stopgo  T=0.5  gen=Gen15
      Seeds: [6]
      Last run: 2026-08-18 13:03:46  (1 config snapshot(s) over 1 seed(s))
      WARNING 6 variant folder(s) marked PROJECTION_CB_TRIPPED.txt

  61: pillars|fm|K1
      Path:  /data/home/llim/FMPCC/FM-PCC/logs/UAV_MIX/uav-pillars/plans/mix_uav_fm/H8_Dmodels.diffusion.FlowMatchingODE_9D/Efm_K1_mpc4_pid_stopgo_T0.5
      Axes:  scene=pillars  engine=fm  K=1  mpc=4  ctrl=pid_stopgo  T=0.5  gen=Gen15
      Seeds: [6]
      Last run: 2026-08-27 17:25:55  (1 config snapshot(s) over 1 seed(s))

  62: pillars|fm|K20
      Path:  /data/home/llim/FMPCC/FM-PCC/logs/UAV_MIX/uav-pillars/plans/mix_uav_fm/H8_Dmodels.diffusion.FlowMatchingODE_9D/Efm_K20_mpc4_pid_stopgo_T0.5
      Axes:  scene=pillars  engine=fm  K=20  mpc=4  ctrl=pid_stopgo  T=0.5  gen=Gen15
      Seeds: [6]
      Last run: 2026-08-27 23:40:36  (1 config snapshot(s) over 1 seed(s))
      WARNING 3 variant folder(s) marked PROJECTION_CB_TRIPPED.txt

  63: pillars|fm|K2
      Path:  /data/home/llim/FMPCC/FM-PCC/logs/UAV_MIX/uav-pillars/plans/mix_uav_fm/H8_Dmodels.diffusion.FlowMatchingODE_9D/Efm_K2_mpc4_pid_stopgo_T0.5
      Axes:  scene=pillars  engine=fm  K=2  mpc=4  ctrl=pid_stopgo  T=0.5  gen=Gen15
      Seeds: [6]
      Last run: 2026-08-27 20:31:40  (1 config snapshot(s) over 1 seed(s))

  64: pillars|fm|K2|@u7hg
      Path:  /data/home/llim/FMPCC/FM-PCC/logs/UAV_MIX/uav-pillars/plans/mix_uav_fm/H8_Dmodels.diffusion.FlowMatchingODE_9D/Efm_K2_mpc4_pid_stopgo_T0.5_u7hg
      Axes:  scene=pillars  engine=fm  K=2  mpc=4  ctrl=pid_stopgo  T=0.5  gen=Gen15
      Seeds: [6]
      Last run: 2026-09-06 05:21:01  (1 config snapshot(s) over 1 seed(s))

  65: pillars|fm|K5
      Path:  /data/home/llim/FMPCC/FM-PCC/logs/UAV_MIX/uav-pillars/plans/mix_uav_fm/H8_Dmodels.diffusion.FlowMatchingODE_9D/Efm_K5_mpc4_pid_stopgo_T0.5
      Axes:  scene=pillars  engine=fm  K=5  mpc=4  ctrl=pid_stopgo  T=0.5  gen=Gen15
      Seeds: [6]
      Last run: 2026-08-27 23:40:31  (1 config snapshot(s) over 1 seed(s))

  66: pillars|fm|K5|@u7hg
      Path:  /data/home/llim/FMPCC/FM-PCC/logs/UAV_MIX/uav-pillars/plans/mix_uav_fm/H8_Dmodels.diffusion.FlowMatchingODE_9D/Efm_K5_mpc4_pid_stopgo_T0.5_u7hg
      Axes:  scene=pillars  engine=fm  K=5  mpc=4  ctrl=pid_stopgo  T=0.5  gen=Gen15
      Seeds: [6]
      Last run: 2026-09-07 06:18:42  (1 config snapshot(s) over 1 seed(s))

  67: pillars|mf|K10|bbunet|dp0.5
      Path:  /data/home/llim/FMPCC/FM-PCC/logs/UAV_MIX/uav-pillars/plans/mix_uav_mf/H8_Dmodels.mf_diffusion.MeanFlowODE_9D_dp0.5_bbunet/Emf_K10_mpc4_pid_stopgo_T0.5
      Axes:  scene=pillars  engine=mf  K=10  mpc=4  ctrl=pid_stopgo  T=0.5  gen=Gen15
      Model: H8_Dmodels.mf_diffusion.MeanFlowODE_9D_dp0.5_bbunet  bb=unet  dp=0.5
      Seeds: [6]
      Last run: 2026-08-16 20:58:37  (1 config snapshot(s) over 1 seed(s))

  68: pillars|mf|K1|bbunet|dp0.5
      Path:  /data/home/llim/FMPCC/FM-PCC/logs/UAV_MIX/uav-pillars/plans/mix_uav_mf/H8_Dmodels.mf_diffusion.MeanFlowODE_9D_dp0.5_bbunet/Emf_K1_mpc4_pid_stopgo_T0.5
      Axes:  scene=pillars  engine=mf  K=1  mpc=4  ctrl=pid_stopgo  T=0.5  gen=Gen15
      Model: H8_Dmodels.mf_diffusion.MeanFlowODE_9D_dp0.5_bbunet  bb=unet  dp=0.5
      Seeds: [6]
      Last run: 2026-08-28 13:49:08  (1 config snapshot(s) over 1 seed(s))

  69: pillars|mf|K1|bbunet|dp0.5|@fix16legacy
      Path:  /data/home/llim/FMPCC/FM-PCC/logs/UAV_MIX/uav-pillars/plans/mix_uav_mf/H8_Dmodels.mf_diffusion.MeanFlowODE_9D_dp0.5_bbunet/Emf_K1_mpc4_pid_stopgo_T0.5_fix16legacy
      Axes:  scene=pillars  engine=mf  K=1  mpc=4  ctrl=pid_stopgo  T=0.5  gen=Gen15
      Model: H8_Dmodels.mf_diffusion.MeanFlowODE_9D_dp0.5_bbunet  bb=unet  dp=0.5
      Seeds: [6]
      Last run: 2026-09-03 00:44:11  (1 config snapshot(s) over 1 seed(s))

  70: pillars|mf|K1|bbunet|dp0.5|@fix16scaled
      Path:  /data/home/llim/FMPCC/FM-PCC/logs/UAV_MIX/uav-pillars/plans/mix_uav_mf/H8_Dmodels.mf_diffusion.MeanFlowODE_9D_dp0.5_bbunet/Emf_K1_mpc4_pid_stopgo_T0.5_fix16scaled
      Axes:  scene=pillars  engine=mf  K=1  mpc=4  ctrl=pid_stopgo  T=0.5  gen=Gen15
      Model: H8_Dmodels.mf_diffusion.MeanFlowODE_9D_dp0.5_bbunet  bb=unet  dp=0.5
      Seeds: [6]
      Last run: 2026-09-03 10:54:14  (1 config snapshot(s) over 1 seed(s))

  71: pillars|mf|K2|bbunet|dp0.5
      Path:  /data/home/llim/FMPCC/FM-PCC/logs/UAV_MIX/uav-pillars/plans/mix_uav_mf/H8_Dmodels.mf_diffusion.MeanFlowODE_9D_dp0.5_bbunet/Emf_K2_mpc4_pid_stopgo_T0.5
      Axes:  scene=pillars  engine=mf  K=2  mpc=4  ctrl=pid_stopgo  T=0.5  gen=Gen15
      Model: H8_Dmodels.mf_diffusion.MeanFlowODE_9D_dp0.5_bbunet  bb=unet  dp=0.5
      Seeds: [6]
      Last run: 2026-08-28 15:29:51  (1 config snapshot(s) over 1 seed(s))

  72: pillars|mf|K2|bbunet|dp0.5|@fix16legacy
      Path:  /data/home/llim/FMPCC/FM-PCC/logs/UAV_MIX/uav-pillars/plans/mix_uav_mf/H8_Dmodels.mf_diffusion.MeanFlowODE_9D_dp0.5_bbunet/Emf_K2_mpc4_pid_stopgo_T0.5_fix16legacy
      Axes:  scene=pillars  engine=mf  K=2  mpc=4  ctrl=pid_stopgo  T=0.5  gen=Gen15
      Model: H8_Dmodels.mf_diffusion.MeanFlowODE_9D_dp0.5_bbunet  bb=unet  dp=0.5
      Seeds: [6]
      Last run: 2026-09-03 01:48:09  (1 config snapshot(s) over 1 seed(s))

  73: pillars|mf|K2|bbunet|dp0.5|@fix16scaled
      Path:  /data/home/llim/FMPCC/FM-PCC/logs/UAV_MIX/uav-pillars/plans/mix_uav_mf/H8_Dmodels.mf_diffusion.MeanFlowODE_9D_dp0.5_bbunet/Emf_K2_mpc4_pid_stopgo_T0.5_fix16scaled
      Axes:  scene=pillars  engine=mf  K=2  mpc=4  ctrl=pid_stopgo  T=0.5  gen=Gen15
      Model: H8_Dmodels.mf_diffusion.MeanFlowODE_9D_dp0.5_bbunet  bb=unet  dp=0.5
      Seeds: [6]
      Last run: 2026-09-03 12:19:28  (1 config snapshot(s) over 1 seed(s))

  74: pillars|mf|K2|bbunet|dp0.5|@u7hg
      Path:  /data/home/llim/FMPCC/FM-PCC/logs/UAV_MIX/uav-pillars/plans/mix_uav_mf/H8_Dmodels.mf_diffusion.MeanFlowODE_9D_dp0.5_bbunet/Emf_K2_mpc4_pid_stopgo_T0.5_u7hg
      Axes:  scene=pillars  engine=mf  K=2  mpc=4  ctrl=pid_stopgo  T=0.5  gen=Gen15
      Model: H8_Dmodels.mf_diffusion.MeanFlowODE_9D_dp0.5_bbunet  bb=unet  dp=0.5
      Seeds: [6]
      Last run: 2026-09-06 03:41:44  (1 config snapshot(s) over 1 seed(s))

  75: pillars|mf|K5|bbunet|dp0.5
      Path:  /data/home/llim/FMPCC/FM-PCC/logs/UAV_MIX/uav-pillars/plans/mix_uav_mf/H8_Dmodels.mf_diffusion.MeanFlowODE_9D_dp0.5_bbunet/Emf_K5_mpc4_pid_stopgo_T0.5
      Axes:  scene=pillars  engine=mf  K=5  mpc=4  ctrl=pid_stopgo  T=0.5  gen=Gen15
      Model: H8_Dmodels.mf_diffusion.MeanFlowODE_9D_dp0.5_bbunet  bb=unet  dp=0.5
      Seeds: [6]
      Last run: 2026-08-28 17:13:43  (1 config snapshot(s) over 1 seed(s))

  76: pillars|mf|K5|bbunet|dp0.5|@fix16legacy
      Path:  /data/home/llim/FMPCC/FM-PCC/logs/UAV_MIX/uav-pillars/plans/mix_uav_mf/H8_Dmodels.mf_diffusion.MeanFlowODE_9D_dp0.5_bbunet/Emf_K5_mpc4_pid_stopgo_T0.5_fix16legacy
      Axes:  scene=pillars  engine=mf  K=5  mpc=4  ctrl=pid_stopgo  T=0.5  gen=Gen15
      Model: H8_Dmodels.mf_diffusion.MeanFlowODE_9D_dp0.5_bbunet  bb=unet  dp=0.5
      Seeds: [6]
      Last run: 2026-09-03 02:53:50  (1 config snapshot(s) over 1 seed(s))

  77: pillars|mf|K5|bbunet|dp0.5|@fix16scaled
      Path:  /data/home/llim/FMPCC/FM-PCC/logs/UAV_MIX/uav-pillars/plans/mix_uav_mf/H8_Dmodels.mf_diffusion.MeanFlowODE_9D_dp0.5_bbunet/Emf_K5_mpc4_pid_stopgo_T0.5_fix16scaled
      Axes:  scene=pillars  engine=mf  K=5  mpc=4  ctrl=pid_stopgo  T=0.5  gen=Gen15
      Model: H8_Dmodels.mf_diffusion.MeanFlowODE_9D_dp0.5_bbunet  bb=unet  dp=0.5
      Seeds: [6]
      Last run: 2026-09-03 12:38:50  (1 config snapshot(s) over 1 seed(s))

  78: pillars|mf|K5|bbunet|dp0.5|@u7hg
      Path:  /data/home/llim/FMPCC/FM-PCC/logs/UAV_MIX/uav-pillars/plans/mix_uav_mf/H8_Dmodels.mf_diffusion.MeanFlowODE_9D_dp0.5_bbunet/Emf_K5_mpc4_pid_stopgo_T0.5_u7hg
      Axes:  scene=pillars  engine=mf  K=5  mpc=4  ctrl=pid_stopgo  T=0.5  gen=Gen15
      Model: H8_Dmodels.mf_diffusion.MeanFlowODE_9D_dp0.5_bbunet  bb=unet  dp=0.5
      Seeds: [6]
      Last run: 2026-09-08 10:50:40  (1 config snapshot(s) over 1 seed(s))

  79: s_curve|diffusion|K20
      Path:  /data/home/llim/FMPCC/FM-PCC/logs/UAV_MIX/uav-s_curve/plans(Bf_U5)/mix_uav_diffusion/H8_Dmodels.ddpm_diffusion.GaussianDiffusion_9D_K20/Ediffusion_K20_mpc4_pid_stopgo_T0.5
      Axes:  scene=s_curve  engine=diffusion  K=20  mpc=4  ctrl=pid_stopgo  T=0.5  gen=Gen15
      Seeds: [6]
      Last run: 2026-08-26 09:32:27  (1 config snapshot(s) over 1 seed(s))

  80: s_curve|fm|K10
      Path:  /data/home/llim/FMPCC/FM-PCC/logs/UAV_MIX/uav-s_curve/plans(Bf_U5)/mix_uav_fm/H8_Dmodels.diffusion.FlowMatchingODE_9D/Efm_K10_mpc4_pid_stopgo_T0.5
      Axes:  scene=s_curve  engine=fm  K=10  mpc=4  ctrl=pid_stopgo  T=0.5  gen=Gen15
      Seeds: [6]
      Last run: 2026-08-26 19:45:32  (2 config snapshot(s) over 1 seed(s))

  81: s_curve|fm|K1
      Path:  /data/home/llim/FMPCC/FM-PCC/logs/UAV_MIX/uav-s_curve/plans(Bf_U5)/mix_uav_fm/H8_Dmodels.diffusion.FlowMatchingODE_9D/Efm_K1_mpc4_pid_stopgo_T0.5
      Axes:  scene=s_curve  engine=fm  K=1  mpc=4  ctrl=pid_stopgo  T=0.5  gen=Gen15
      Seeds: [6]
      Last run: 2026-08-26 14:40:00  (1 config snapshot(s) over 1 seed(s))

  82: s_curve|fm|K20
      Path:  /data/home/llim/FMPCC/FM-PCC/logs/UAV_MIX/uav-s_curve/plans(Bf_U5)/mix_uav_fm/H8_Dmodels.diffusion.FlowMatchingODE_9D/Efm_K20_mpc4_pid_stopgo_T0.5
      Axes:  scene=s_curve  engine=fm  K=20  mpc=4  ctrl=pid_stopgo  T=0.5  gen=Gen15
      Seeds: [6]
      Last run: 2026-08-25 20:31:52  (1 config snapshot(s) over 1 seed(s))

  83: s_curve|fm|K2
      Path:  /data/home/llim/FMPCC/FM-PCC/logs/UAV_MIX/uav-s_curve/plans(Bf_U5)/mix_uav_fm/H8_Dmodels.diffusion.FlowMatchingODE_9D/Efm_K2_mpc4_pid_stopgo_T0.5
      Axes:  scene=s_curve  engine=fm  K=2  mpc=4  ctrl=pid_stopgo  T=0.5  gen=Gen15
      Seeds: [6]
      Last run: 2026-08-26 15:28:12  (1 config snapshot(s) over 1 seed(s))

  84: s_curve|fm|K5
      Path:  /data/home/llim/FMPCC/FM-PCC/logs/UAV_MIX/uav-s_curve/plans(Bf_U5)/mix_uav_fm/H8_Dmodels.diffusion.FlowMatchingODE_9D/Efm_K5_mpc4_pid_stopgo_T0.5
      Axes:  scene=s_curve  engine=fm  K=5  mpc=4  ctrl=pid_stopgo  T=0.5  gen=Gen15
      Seeds: [6]
      Last run: 2026-08-26 16:24:35  (1 config snapshot(s) over 1 seed(s))

  85: s_curve|mf|K10|bbunet|dp0.5
      Path:  /data/home/llim/FMPCC/FM-PCC/logs/UAV_MIX/uav-s_curve/plans(Bf_U5)/mix_uav_mf/H8_Dmodels.mf_diffusion.MeanFlowODE_9D_dp0.5_bbunet/Emf_K10_mpc4_pid_stopgo_T0.5
      Axes:  scene=s_curve  engine=mf  K=10  mpc=4  ctrl=pid_stopgo  T=0.5  gen=Gen15
      Model: H8_Dmodels.mf_diffusion.MeanFlowODE_9D_dp0.5_bbunet  bb=unet  dp=0.5
      Seeds: [6]
      Last run: 2026-08-27 06:19:38  (2 config snapshot(s) over 1 seed(s))

  86: s_curve|mf|K1|bbunet|dp0.5
      Path:  /data/home/llim/FMPCC/FM-PCC/logs/UAV_MIX/uav-s_curve/plans(Bf_U5)/mix_uav_mf/H8_Dmodels.mf_diffusion.MeanFlowODE_9D_dp0.5_bbunet/Emf_K1_mpc4_pid_stopgo_T0.5
      Axes:  scene=s_curve  engine=mf  K=1  mpc=4  ctrl=pid_stopgo  T=0.5  gen=Gen15
      Model: H8_Dmodels.mf_diffusion.MeanFlowODE_9D_dp0.5_bbunet  bb=unet  dp=0.5
      Seeds: [6]
      Last run: 2026-08-27 01:33:05  (1 config snapshot(s) over 1 seed(s))

  87: s_curve|mf|K20|bbunet|dp0.5
      Path:  /data/home/llim/FMPCC/FM-PCC/logs/UAV_MIX/uav-s_curve/plans(Bf_U5)/mix_uav_mf/H8_Dmodels.mf_diffusion.MeanFlowODE_9D_dp0.5_bbunet/Emf_K20_mpc4_pid_stopgo_T0.5
      Axes:  scene=s_curve  engine=mf  K=20  mpc=4  ctrl=pid_stopgo  T=0.5  gen=Gen15
      Model: H8_Dmodels.mf_diffusion.MeanFlowODE_9D_dp0.5_bbunet  bb=unet  dp=0.5
      Seeds: [6]
      Last run: 2026-08-25 21:54:37  (1 config snapshot(s) over 1 seed(s))

  88: s_curve|mf|K2|bbunet|dp0.5
      Path:  /data/home/llim/FMPCC/FM-PCC/logs/UAV_MIX/uav-s_curve/plans(Bf_U5)/mix_uav_mf/H8_Dmodels.mf_diffusion.MeanFlowODE_9D_dp0.5_bbunet/Emf_K2_mpc4_pid_stopgo_T0.5
      Axes:  scene=s_curve  engine=mf  K=2  mpc=4  ctrl=pid_stopgo  T=0.5  gen=Gen15
      Model: H8_Dmodels.mf_diffusion.MeanFlowODE_9D_dp0.5_bbunet  bb=unet  dp=0.5
      Seeds: [6]
      Last run: 2026-08-27 01:58:22  (1 config snapshot(s) over 1 seed(s))

  89: s_curve|mf|K5|bbunet|dp0.5
      Path:  /data/home/llim/FMPCC/FM-PCC/logs/UAV_MIX/uav-s_curve/plans(Bf_U5)/mix_uav_mf/H8_Dmodels.mf_diffusion.MeanFlowODE_9D_dp0.5_bbunet/Emf_K5_mpc4_pid_stopgo_T0.5
      Axes:  scene=s_curve  engine=mf  K=5  mpc=4  ctrl=pid_stopgo  T=0.5  gen=Gen15
      Model: H8_Dmodels.mf_diffusion.MeanFlowODE_9D_dp0.5_bbunet  bb=unet  dp=0.5
      Seeds: [6]
      Last run: 2026-08-27 02:26:56  (1 config snapshot(s) over 1 seed(s))

  90: s_curve|af|K1|bbunet|@EPlatest_u6unet_ae02
      Path:  /data/home/llim/FMPCC/FM-PCC/logs/UAV_MIX/uav-s_curve/plans/mix_uav_af/H8_Dmodels.af_diffusion.AlphaFlowODE_9D_as1_ae0.2_bbunet/Eaf_K1_mpc4_pid_stopgo_T0.5_EPlatest_u6unet_ae02
      Axes:  scene=s_curve  engine=af  K=1  mpc=4  ctrl=pid_stopgo  T=0.5  gen=Gen15
      Model: H8_Dmodels.af_diffusion.AlphaFlowODE_9D_as1_ae0.2_bbunet  bb=unet  dp=-
      Seeds: [6]
      Last run: 2026-09-06 09:58:17  (1 config snapshot(s) over 1 seed(s))

  91: s_curve|af|K2|bbunet|@EPlatest_u6unet_ae02
      Path:  /data/home/llim/FMPCC/FM-PCC/logs/UAV_MIX/uav-s_curve/plans/mix_uav_af/H8_Dmodels.af_diffusion.AlphaFlowODE_9D_as1_ae0.2_bbunet/Eaf_K2_mpc4_pid_stopgo_T0.5_EPlatest_u6unet_ae02
      Axes:  scene=s_curve  engine=af  K=2  mpc=4  ctrl=pid_stopgo  T=0.5  gen=Gen15
      Model: H8_Dmodels.af_diffusion.AlphaFlowODE_9D_as1_ae0.2_bbunet  bb=unet  dp=-
      Seeds: [6]
      Last run: 2026-09-06 11:08:30  (1 config snapshot(s) over 1 seed(s))

  92: s_curve|af|K5|bbunet|@EPlatest_u6unet_ae02
      Path:  /data/home/llim/FMPCC/FM-PCC/logs/UAV_MIX/uav-s_curve/plans/mix_uav_af/H8_Dmodels.af_diffusion.AlphaFlowODE_9D_as1_ae0.2_bbunet/Eaf_K5_mpc4_pid_stopgo_T0.5_EPlatest_u6unet_ae02
      Axes:  scene=s_curve  engine=af  K=5  mpc=4  ctrl=pid_stopgo  T=0.5  gen=Gen15
      Model: H8_Dmodels.af_diffusion.AlphaFlowODE_9D_as1_ae0.2_bbunet  bb=unet  dp=-
      Seeds: [6]
      Last run: 2026-09-06 11:52:32  (1 config snapshot(s) over 1 seed(s))

  93: s_curve|af|K5|bbunet|@EPlatest_u7hg
      Path:  /data/home/llim/FMPCC/FM-PCC/logs/UAV_MIX/uav-s_curve/plans/mix_uav_af/H8_Dmodels.af_diffusion.AlphaFlowODE_9D_as1_ae0.2_bbunet/Eaf_K5_mpc4_pid_stopgo_T0.5_EPlatest_u7hg
      Axes:  scene=s_curve  engine=af  K=5  mpc=4  ctrl=pid_stopgo  T=0.5  gen=Gen15
      Model: H8_Dmodels.af_diffusion.AlphaFlowODE_9D_as1_ae0.2_bbunet  bb=unet  dp=-
      Seeds: [6]
      Last run: 2026-09-11 10:51:36  (2 config snapshot(s) over 1 seed(s))

  94: s_curve|af|K2|bbsit|@u6unet_ae0
      Path:  /data/home/llim/FMPCC/FM-PCC/logs/UAV_MIX/uav-s_curve/plans/mix_uav_af/H8_Dmodels.af_diffusion.AlphaFlowODE_9D_as1_ae0_bbsit/Eaf_K2_mpc4_pid_stopgo_T0.5_u6unet_ae0
      Axes:  scene=s_curve  engine=af  K=2  mpc=4  ctrl=pid_stopgo  T=0.5  gen=Gen15
      Model: H8_Dmodels.af_diffusion.AlphaFlowODE_9D_as1_ae0_bbsit  bb=sit  dp=-
      Seeds: [6]
      Last run: 2026-09-04 20:24:54  (1 config snapshot(s) over 1 seed(s))

  95: s_curve|af|K5|bbsit|@u6unet_ae0
      Path:  /data/home/llim/FMPCC/FM-PCC/logs/UAV_MIX/uav-s_curve/plans/mix_uav_af/H8_Dmodels.af_diffusion.AlphaFlowODE_9D_as1_ae0_bbsit/Eaf_K5_mpc4_pid_stopgo_T0.5_u6unet_ae0
      Axes:  scene=s_curve  engine=af  K=5  mpc=4  ctrl=pid_stopgo  T=0.5  gen=Gen15
      Model: H8_Dmodels.af_diffusion.AlphaFlowODE_9D_as1_ae0_bbsit  bb=sit  dp=-
      Seeds: [6]
      Last run: 2026-09-04 21:27:48  (1 config snapshot(s) over 1 seed(s))

  96: s_curve|diffusion|K20
      Path:  /data/home/llim/FMPCC/FM-PCC/logs/UAV_MIX/uav-s_curve/plans/mix_uav_diffusion/H8_Dmodels.ddpm_diffusion.GaussianDiffusion_9D_K20/Ediffusion_K20_mpc4_pid_stopgo_T0.5
      Axes:  scene=s_curve  engine=diffusion  K=20  mpc=4  ctrl=pid_stopgo  T=0.5  gen=Gen15
      Seeds: [6]
      Last run: 2026-08-28 23:40:46  (1 config snapshot(s) over 1 seed(s))

  97: s_curve|diffusion|K20|@u7hg
      Path:  /data/home/llim/FMPCC/FM-PCC/logs/UAV_MIX/uav-s_curve/plans/mix_uav_diffusion/H8_Dmodels.ddpm_diffusion.GaussianDiffusion_9D_K20/Ediffusion_K20_mpc4_pid_stopgo_T0.5_u7hg
      Axes:  scene=s_curve  engine=diffusion  K=20  mpc=4  ctrl=pid_stopgo  T=0.5  gen=Gen15
      Seeds: [6]
      Last run: 2026-09-10 17:05:29  (1 config snapshot(s) over 1 seed(s))

  98: s_curve|fm|K20|@u7hg
      Path:  /data/home/llim/FMPCC/FM-PCC/logs/UAV_MIX/uav-s_curve/plans/mix_uav_fm/H8_Dmodels.diffusion.FlowMatchingODE_9D/Efm_K20_mpc4_pid_stopgo_T0.5_u7hg
      Axes:  scene=s_curve  engine=fm  K=20  mpc=4  ctrl=pid_stopgo  T=0.5  gen=Gen15
      Seeds: [6]
      Last run: 2026-09-09 22:27:00  (3 config snapshot(s) over 1 seed(s))

  99: s_curve|fm|K2|@u7hg
      Path:  /data/home/llim/FMPCC/FM-PCC/logs/UAV_MIX/uav-s_curve/plans/mix_uav_fm/H8_Dmodels.diffusion.FlowMatchingODE_9D/Efm_K2_mpc4_pid_stopgo_T0.5_u7hg
      Axes:  scene=s_curve  engine=fm  K=2  mpc=4  ctrl=pid_stopgo  T=0.5  gen=Gen15
      Seeds: [6]
      Last run: 2026-09-06 06:30:33  (1 config snapshot(s) over 1 seed(s))

  100: s_curve|mf|K10|bbunet|dp0.5|@u7hg
      Path:  /data/home/llim/FMPCC/FM-PCC/logs/UAV_MIX/uav-s_curve/plans/mix_uav_mf/H8_Dmodels.mf_diffusion.MeanFlowODE_9D_dp0.5_bbunet/Emf_K10_mpc4_mjpc_T0.5_u7hg
      Axes:  scene=s_curve  engine=mf  K=10  mpc=4  ctrl=mjpc  T=0.5  gen=Gen15
      Model: H8_Dmodels.mf_diffusion.MeanFlowODE_9D_dp0.5_bbunet  bb=unet  dp=0.5
      Seeds: [6]
      Last run: 2026-09-09 13:20:07  (1 config snapshot(s) over 1 seed(s))

  101: s_curve|mf|K10|bbunet|dp0.5|@u7hg
      Path:  /data/home/llim/FMPCC/FM-PCC/logs/UAV_MIX/uav-s_curve/plans/mix_uav_mf/H8_Dmodels.mf_diffusion.MeanFlowODE_9D_dp0.5_bbunet/Emf_K10_mpc4_pid_stopgo_T0.5_u7hg
      Axes:  scene=s_curve  engine=mf  K=10  mpc=4  ctrl=pid_stopgo  T=0.5  gen=Gen15
      Model: H8_Dmodels.mf_diffusion.MeanFlowODE_9D_dp0.5_bbunet  bb=unet  dp=0.5
      Seeds: [6]
      Last run: 2026-09-08 10:30:35  (1 config snapshot(s) over 1 seed(s))

  102: s_curve|mf|K2|bbunet|dp0.5|@u7hg
      Path:  /data/home/llim/FMPCC/FM-PCC/logs/UAV_MIX/uav-s_curve/plans/mix_uav_mf/H8_Dmodels.mf_diffusion.MeanFlowODE_9D_dp0.5_bbunet/Emf_K2_mpc4_pid_stopgo_T0.5_u7hg
      Axes:  scene=s_curve  engine=mf  K=2  mpc=4  ctrl=pid_stopgo  T=0.5  gen=Gen15
      Model: H8_Dmodels.mf_diffusion.MeanFlowODE_9D_dp0.5_bbunet  bb=unet  dp=0.5
      Seeds: [6]
      Last run: 2026-09-06 05:27:49  (1 config snapshot(s) over 1 seed(s))

[2026-09-11 20:23:08] DA_UAV_v1 - INFO - [2/5] Enumerating result units
[2026-09-11 20:23:08] DA_UAV_v1 - INFO -   Candidate 1 (corridor|Gen11): 7 units
[2026-09-11 20:23:08] DA_UAV_v1 - INFO -   Candidate 2 (corridor|K20|Gen11): 7 units
[2026-09-11 20:23:08] DA_UAV_v1 - INFO -   Candidate 3 (corridor|Gen11): 1 units
[2026-09-11 20:23:08] DA_UAV_v1 - INFO -   Candidate 4 (corridor|Gen11): 4 units
[2026-09-11 20:23:08] DA_UAV_v1 - INFO -   Candidate 5 (corridor|Gen11): 13 units
[2026-09-11 20:23:08] DA_UAV_v1 - INFO -   Candidate 6 (corridor|Gen11): 9 units
[2026-09-11 20:23:08] DA_UAV_v1 - INFO -   Candidate 7 (corridor|K20|Gen11): 17 units
[2026-09-11 20:23:08] DA_UAV_v1 - INFO -   Candidate 8 (empty|Gen11): 7 units
[2026-09-11 20:23:08] DA_UAV_v1 - INFO -   Candidate 9 (empty|K20|Gen11): 7 units
[2026-09-11 20:23:08] DA_UAV_v1 - INFO -   Candidate 10 (empty|Gen11): 1 units
[2026-09-11 20:23:08] DA_UAV_v1 - INFO -   Candidate 11 (empty|Gen11): 4 units
[2026-09-11 20:23:08] DA_UAV_v1 - INFO -   Candidate 12 (pillars|Gen11): 1 units
[2026-09-11 20:23:08] DA_UAV_v1 - INFO -   Candidate 13 (pillars|Gen11): 7 units
[2026-09-11 20:23:08] DA_UAV_v1 - INFO -   Candidate 14 (pillars|Gen11): 7 units
[2026-09-11 20:23:08] DA_UAV_v1 - INFO -   Candidate 15 (pillars|Gen11): 7 units
[2026-09-11 20:23:08] DA_UAV_v1 - INFO -   Candidate 16 (pillars|K20|Gen11): 13 units
[2026-09-11 20:23:08] DA_UAV_v1 - INFO -   Candidate 17 (pillars|K20|Gen11): 7 units
[2026-09-11 20:23:08] DA_UAV_v1 - INFO -   Candidate 18 (pillars|K20|Gen11): 7 units
[2026-09-11 20:23:08] DA_UAV_v1 - INFO -   Candidate 19 (pillars|K20|Gen11): 15 units
[2026-09-11 20:23:08] DA_UAV_v1 - INFO -   Candidate 20 (pillars|Gen11): 4 units
[2026-09-11 20:23:08] DA_UAV_v1 - INFO -   Candidate 21 (pillars|Gen11): 4 units
[2026-09-11 20:23:08] DA_UAV_v1 - INFO -   Candidate 22 (pillars|K20|Gen11): 14 units
[2026-09-11 20:23:08] DA_UAV_v1 - INFO -   Candidate 23 (s_curve|Gen11): 7 units
[2026-09-11 20:23:08] DA_UAV_v1 - INFO -   Candidate 24 (s_curve|K20|Gen11): 7 units
[2026-09-11 20:23:08] DA_UAV_v1 - INFO -   Candidate 25 (s_curve|K20|Gen11): 7 units
[2026-09-11 20:23:08] DA_UAV_v1 - INFO -   Candidate 26 (s_curve|Gen11): 1 units
[2026-09-11 20:23:08] DA_UAV_v1 - INFO -   Candidate 27 (s_curve|Gen11): 1 units
[2026-09-11 20:23:08] DA_UAV_v1 - INFO -   Candidate 28 (s_curve|K20|Gen11): 52 units
[2026-09-11 20:23:08] DA_UAV_v1 - INFO -   Candidate 29 (corridor|af|K1|bbunet|@EPlatest_u7hg): 10 units
[2026-09-11 20:23:08] DA_UAV_v1 - INFO -   Candidate 30 (corridor|af|K2|bbunet|@EPlatest_u7hg): 14 units
[2026-09-11 20:23:08] DA_UAV_v1 - INFO -   Candidate 31 (corridor|af|K5|bbunet|@EPlatest_u7hg): 7 units
[2026-09-11 20:23:08] DA_UAV_v1 - INFO -   Candidate 32 (corridor|af|K1|bbsit): 23 units
[2026-09-11 20:23:08] DA_UAV_v1 - INFO -   Candidate 33 (corridor|af|K2|bbsit): 23 units
[2026-09-11 20:23:08] DA_UAV_v1 - INFO -   Candidate 34 (corridor|af|K5|bbsit): 23 units
[2026-09-11 20:23:08] DA_UAV_v1 - INFO -   Candidate 35 (corridor|fm|K10): 23 units
[2026-09-11 20:23:08] DA_UAV_v1 - INFO -   Candidate 36 (corridor|fm|K1): 23 units
[2026-09-11 20:23:08] DA_UAV_v1 - INFO -   Candidate 37 (corridor|fm|K20): 23 units
[2026-09-11 20:23:08] DA_UAV_v1 - INFO -   Candidate 38 (corridor|fm|K2): 23 units
[2026-09-11 20:23:08] DA_UAV_v1 - INFO -   Candidate 39 (corridor|fm|K2|@u7hg): 14 units
[2026-09-11 20:23:08] DA_UAV_v1 - INFO -   Candidate 40 (corridor|fm|K5): 23 units
[2026-09-11 20:23:08] DA_UAV_v1 - INFO -   Candidate 41 (corridor|fm|K5|@u7hg): 7 units
[2026-09-11 20:23:08] DA_UAV_v1 - INFO -   Candidate 42 (corridor|mf|K10|bbunet|dp0.5): 23 units
[2026-09-11 20:23:08] DA_UAV_v1 - INFO -   Candidate 43 (corridor|mf|K1|bbunet|dp0.5): 23 units
[2026-09-11 20:23:08] DA_UAV_v1 - INFO -   Candidate 44 (corridor|mf|K20|bbunet|dp0.5): 20 units
[2026-09-11 20:23:08] DA_UAV_v1 - INFO -   Candidate 45 (corridor|mf|K2|bbunet|dp0.5): 23 units
[2026-09-11 20:23:08] DA_UAV_v1 - INFO -   Candidate 46 (corridor|mf|K2|bbunet|dp0.5|@u7hg): 14 units
[2026-09-11 20:23:08] DA_UAV_v1 - INFO -   Candidate 47 (corridor|mf|K5|bbunet|dp0.5): 23 units
[2026-09-11 20:23:08] DA_UAV_v1 - INFO -   Candidate 48 (corridor|mf|K5|bbunet|dp0.5|@u7hg): 7 units
[2026-09-11 20:23:08] DA_UAV_v1 - INFO -   Candidate 49 (pillars|af|K1|bbunet|@EPlatest_u6unet_ae02): 10 units
[2026-09-11 20:23:08] DA_UAV_v1 - INFO -   Candidate 50 (pillars|af|K1|bbunet|@EPlatest_u7hg): 10 units
[2026-09-11 20:23:08] DA_UAV_v1 - INFO -   Candidate 51 (pillars|af|K2|bbunet|@EPlatest_u6unet_ae02): 10 units
[2026-09-11 20:23:08] DA_UAV_v1 - INFO -   Candidate 52 (pillars|af|K2|bbunet|@EPlatest_u7hg): 10 units
[2026-09-11 20:23:08] DA_UAV_v1 - INFO -   Candidate 53 (pillars|af|K5|bbunet|@EPlatest_u7hg): 17 units
[2026-09-11 20:23:08] DA_UAV_v1 - INFO -   Candidate 54 (pillars|af|K1|bbsit): 17 units
[2026-09-11 20:23:08] DA_UAV_v1 - INFO -   Candidate 55 (pillars|af|K1|bbsit|@u6sitlatest): 10 units
[2026-09-11 20:23:08] DA_UAV_v1 - INFO -   Candidate 56 (pillars|af|K2|bbsit): 17 units
[2026-09-11 20:23:08] DA_UAV_v1 - INFO -   Candidate 57 (pillars|af|K2|bbsit|@u6sitlatest): 10 units
[2026-09-11 20:23:08] DA_UAV_v1 - INFO -   Candidate 58 (pillars|af|K5|bbsit): 17 units
[2026-09-11 20:23:08] DA_UAV_v1 - INFO -   Candidate 59 (pillars|diffusion|K20|@u7hg): 4 units
[2026-09-11 20:23:08] DA_UAV_v1 - INFO -   Candidate 60 (pillars|fm|K10): 23 units
[2026-09-11 20:23:08] DA_UAV_v1 - INFO -   Candidate 61 (pillars|fm|K1): 17 units
[2026-09-11 20:23:08] DA_UAV_v1 - INFO -   Candidate 62 (pillars|fm|K20): 4 units
[2026-09-11 20:23:08] DA_UAV_v1 - INFO -   Candidate 63 (pillars|fm|K2): 17 units
[2026-09-11 20:23:08] DA_UAV_v1 - INFO -   Candidate 64 (pillars|fm|K2|@u7hg): 10 units
[2026-09-11 20:23:08] DA_UAV_v1 - INFO -   Candidate 65 (pillars|fm|K5): 17 units
[2026-09-11 20:23:08] DA_UAV_v1 - INFO -   Candidate 66 (pillars|fm|K5|@u7hg): 17 units
[2026-09-11 20:23:08] DA_UAV_v1 - INFO -   Candidate 67 (pillars|mf|K10|bbunet|dp0.5): 23 units
[2026-09-11 20:23:08] DA_UAV_v1 - INFO -   Candidate 68 (pillars|mf|K1|bbunet|dp0.5): 17 units
[2026-09-11 20:23:08] DA_UAV_v1 - INFO -   Candidate 69 (pillars|mf|K1|bbunet|dp0.5|@fix16legacy): 10 units
[2026-09-11 20:23:08] DA_UAV_v1 - INFO -   Candidate 70 (pillars|mf|K1|bbunet|dp0.5|@fix16scaled): 10 units
[2026-09-11 20:23:08] DA_UAV_v1 - INFO -   Candidate 71 (pillars|mf|K2|bbunet|dp0.5): 17 units
[2026-09-11 20:23:08] DA_UAV_v1 - INFO -   Candidate 72 (pillars|mf|K2|bbunet|dp0.5|@fix16legacy): 10 units
[2026-09-11 20:23:08] DA_UAV_v1 - INFO -   Candidate 73 (pillars|mf|K2|bbunet|dp0.5|@fix16scaled): 10 units
[2026-09-11 20:23:08] DA_UAV_v1 - INFO -   Candidate 74 (pillars|mf|K2|bbunet|dp0.5|@u7hg): 10 units
[2026-09-11 20:23:08] DA_UAV_v1 - INFO -   Candidate 75 (pillars|mf|K5|bbunet|dp0.5): 17 units
[2026-09-11 20:23:08] DA_UAV_v1 - INFO -   Candidate 76 (pillars|mf|K5|bbunet|dp0.5|@fix16legacy): 11 units
[2026-09-11 20:23:08] DA_UAV_v1 - INFO -   Candidate 77 (pillars|mf|K5|bbunet|dp0.5|@fix16scaled): 5 units
[2026-09-11 20:23:08] DA_UAV_v1 - INFO -   Candidate 78 (pillars|mf|K5|bbunet|dp0.5|@u7hg): 17 units
[2026-09-11 20:23:08] DA_UAV_v1 - INFO -   Candidate 79 (s_curve|diffusion|K20): 20 units
[2026-09-11 20:23:08] DA_UAV_v1 - INFO -   Candidate 80 (s_curve|fm|K10): 20 units
[2026-09-11 20:23:08] DA_UAV_v1 - INFO -   Candidate 81 (s_curve|fm|K1): 20 units
[2026-09-11 20:23:08] DA_UAV_v1 - INFO -   Candidate 82 (s_curve|fm|K20): 20 units
[2026-09-11 20:23:08] DA_UAV_v1 - INFO -   Candidate 83 (s_curve|fm|K2): 20 units
[2026-09-11 20:23:08] DA_UAV_v1 - INFO -   Candidate 84 (s_curve|fm|K5): 20 units
[2026-09-11 20:23:08] DA_UAV_v1 - INFO -   Candidate 85 (s_curve|mf|K10|bbunet|dp0.5): 23 units
[2026-09-11 20:23:08] DA_UAV_v1 - INFO -   Candidate 86 (s_curve|mf|K1|bbunet|dp0.5): 20 units
[2026-09-11 20:23:08] DA_UAV_v1 - INFO -   Candidate 87 (s_curve|mf|K20|bbunet|dp0.5): 20 units
[2026-09-11 20:23:08] DA_UAV_v1 - INFO -   Candidate 88 (s_curve|mf|K2|bbunet|dp0.5): 20 units
[2026-09-11 20:23:08] DA_UAV_v1 - INFO -   Candidate 89 (s_curve|mf|K5|bbunet|dp0.5): 20 units
[2026-09-11 20:23:08] DA_UAV_v1 - INFO -   Candidate 90 (s_curve|af|K1|bbunet|@EPlatest_u6unet_ae02): 10 units
[2026-09-11 20:23:08] DA_UAV_v1 - INFO -   Candidate 91 (s_curve|af|K2|bbunet|@EPlatest_u6unet_ae02): 10 units
[2026-09-11 20:23:08] DA_UAV_v1 - INFO -   Candidate 92 (s_curve|af|K5|bbunet|@EPlatest_u6unet_ae02): 17 units
[2026-09-11 20:23:08] DA_UAV_v1 - INFO -   Candidate 93 (s_curve|af|K5|bbunet|@EPlatest_u7hg): 9 units
[2026-09-11 20:23:08] DA_UAV_v1 - INFO -   Candidate 94 (s_curve|af|K2|bbsit|@u6unet_ae0): 10 units
[2026-09-11 20:23:08] DA_UAV_v1 - INFO -   Candidate 95 (s_curve|af|K5|bbsit|@u6unet_ae0): 17 units
[2026-09-11 20:23:08] DA_UAV_v1 - INFO -   Candidate 96 (s_curve|diffusion|K20): 8 units
[2026-09-11 20:23:08] DA_UAV_v1 - INFO -   Candidate 97 (s_curve|diffusion|K20|@u7hg): 5 units
[2026-09-11 20:23:08] DA_UAV_v1 - INFO -   Candidate 98 (s_curve|fm|K20|@u7hg): 9 units
[2026-09-11 20:23:08] DA_UAV_v1 - INFO -   Candidate 99 (s_curve|fm|K2|@u7hg): 10 units
[2026-09-11 20:23:08] DA_UAV_v1 - INFO -   Candidate 100 (s_curve|mf|K10|bbunet|dp0.5|@u7hg): 3 units
[2026-09-11 20:23:08] DA_UAV_v1 - INFO -   Candidate 101 (s_curve|mf|K10|bbunet|dp0.5|@u7hg): 8 units
[2026-09-11 20:23:08] DA_UAV_v1 - INFO -   Candidate 102 (s_curve|mf|K2|bbunet|dp0.5|@u7hg): 10 units
[2026-09-11 20:23:08] discovery - INFO - Discovery manifest written: Data_Analysis/analysis_results/batch_uav_20260911_202307/logs/discovery_manifest.json
[2026-09-11 20:23:08] DA_UAV_v1 - INFO - [3/5] Loading 1350 units
[2026-09-11 20:23:08] DA_UAV_v1 - INFO -   25/1350 units processed
[2026-09-11 20:23:08] DA_UAV_v1 - INFO -   50/1350 units processed
[2026-09-11 20:23:09] DA_UAV_v1 - INFO -   75/1350 units processed
[2026-09-11 20:23:09] DA_UAV_v1 - INFO -   100/1350 units processed
[2026-09-11 20:23:09] DA_UAV_v1 - INFO -   125/1350 units processed
[2026-09-11 20:23:09] DA_UAV_v1 - INFO -   150/1350 units processed
[2026-09-11 20:23:10] DA_UAV_v1 - INFO -   175/1350 units processed
[2026-09-11 20:23:10] DA_UAV_v1 - INFO -   200/1350 units processed
[2026-09-11 20:23:10] DA_UAV_v1 - INFO -   225/1350 units processed
[2026-09-11 20:23:10] DA_UAV_v1 - INFO -   250/1350 units processed
[2026-09-11 20:23:11] DA_UAV_v1 - INFO -   275/1350 units processed
[2026-09-11 20:23:11] DA_UAV_v1 - INFO -   300/1350 units processed
[2026-09-11 20:23:11] DA_UAV_v1 - INFO -   325/1350 units processed
[2026-09-11 20:23:12] DA_UAV_v1 - INFO -   350/1350 units processed
[2026-09-11 20:23:12] DA_UAV_v1 - INFO -   375/1350 units processed
[2026-09-11 20:23:12] DA_UAV_v1 - INFO -   400/1350 units processed
[2026-09-11 20:23:13] DA_UAV_v1 - INFO -   425/1350 units processed
[2026-09-11 20:23:13] DA_UAV_v1 - INFO -   450/1350 units processed
[2026-09-11 20:23:13] DA_UAV_v1 - INFO -   475/1350 units processed
[2026-09-11 20:23:14] DA_UAV_v1 - INFO -   500/1350 units processed
[2026-09-11 20:23:14] DA_UAV_v1 - INFO -   525/1350 units processed
[2026-09-11 20:23:14] DA_UAV_v1 - INFO -   550/1350 units processed
[2026-09-11 20:23:15] DA_UAV_v1 - INFO -   575/1350 units processed
[2026-09-11 20:23:15] DA_UAV_v1 - INFO -   600/1350 units processed
[2026-09-11 20:23:15] DA_UAV_v1 - INFO -   625/1350 units processed
[2026-09-11 20:23:16] DA_UAV_v1 - INFO -   650/1350 units processed
[2026-09-11 20:23:16] DA_UAV_v1 - INFO -   675/1350 units processed
[2026-09-11 20:23:16] DA_UAV_v1 - INFO -   700/1350 units processed
[2026-09-11 20:23:17] DA_UAV_v1 - INFO -   725/1350 units processed
[2026-09-11 20:23:17] DA_UAV_v1 - INFO -   750/1350 units processed
[2026-09-11 20:23:17] DA_UAV_v1 - INFO -   775/1350 units processed
[2026-09-11 20:23:17] DA_UAV_v1 - INFO -   800/1350 units processed
[2026-09-11 20:23:18] DA_UAV_v1 - INFO -   825/1350 units processed
[2026-09-11 20:23:18] DA_UAV_v1 - INFO -   850/1350 units processed
[2026-09-11 20:23:19] DA_UAV_v1 - INFO -   875/1350 units processed
[2026-09-11 20:23:19] DA_UAV_v1 - INFO -   900/1350 units processed
[2026-09-11 20:23:19] DA_UAV_v1 - INFO -   925/1350 units processed
[2026-09-11 20:23:19] DA_UAV_v1 - INFO -   950/1350 units processed
[2026-09-11 20:23:20] DA_UAV_v1 - INFO -   975/1350 units processed
[2026-09-11 20:23:20] DA_UAV_v1 - INFO -   1000/1350 units processed
[2026-09-11 20:23:20] DA_UAV_v1 - INFO -   1025/1350 units processed
[2026-09-11 20:23:21] DA_UAV_v1 - INFO -   1050/1350 units processed
[2026-09-11 20:23:21] DA_UAV_v1 - INFO -   1075/1350 units processed
[2026-09-11 20:23:21] DA_UAV_v1 - INFO -   1100/1350 units processed
[2026-09-11 20:23:22] DA_UAV_v1 - INFO -   1125/1350 units processed
[2026-09-11 20:23:22] DA_UAV_v1 - INFO -   1150/1350 units processed
[2026-09-11 20:23:22] DA_UAV_v1 - INFO -   1175/1350 units processed
[2026-09-11 20:23:23] DA_UAV_v1 - INFO -   1200/1350 units processed
[2026-09-11 20:23:23] DA_UAV_v1 - INFO -   1225/1350 units processed
[2026-09-11 20:23:23] DA_UAV_v1 - INFO -   1250/1350 units processed
[2026-09-11 20:23:23] DA_UAV_v1 - INFO -   1275/1350 units processed
[2026-09-11 20:23:24] DA_UAV_v1 - INFO -   1300/1350 units processed
[2026-09-11 20:23:24] DA_UAV_v1 - INFO -   1325/1350 units processed
[2026-09-11 20:23:25] DA_UAV_v1 - INFO -   1350/1350 units processed
[2026-09-11 20:23:25] data_loader - INFO - Loading log written: Data_Analysis/analysis_results/batch_uav_20260911_202307/logs/loading.log
[2026-09-11 20:23:25] DA_UAV_v1 - INFO -   loaded=1350 failed=0 skipped=0 no_timing=21
[2026-09-11 20:23:25] DA_UAV_v1 - WARNING -   21 unit(s) have NO timing — see timing_missing in data_quality.csv. On UAV that means their diagnostics JSONs are missing, since the npz never carries timing.
[2026-09-11 20:23:25] DA_UAV_v1 - INFO - [4/5] Aggregating
[2026-09-11 20:23:25] aggregator - INFO - Aggregating 1350 units...
/data/home/llim/FMPCC/FM-PCC/Data_Analysis/DA_UAV_v1/aggregator.py:136: FutureWarning: The behavior of DataFrame concatenation with empty or all-NA entries is deprecated. In a future version, this will no longer exclude empty or all-NA columns when determining the result dtypes. To retain the old behavior, exclude the relevant entries before the concat operation.
  master = pd.concat(frames, ignore_index=True, sort=False)
[2026-09-11 20:23:33] aggregator - INFO -   dropped 14884 all-NaN metric rows (metrics a unit never measured)
[2026-09-11 20:23:35] aggregator - INFO -   dropped 14884 all-NaN metric rows (metrics a unit never measured)
[2026-09-11 20:23:35] aggregator - INFO -   k_sweep: 682 rollout(s) from 4 candidate(s) have no K and are excluded from uav_k_sweep.csv (normal for a Gen11 model-folder candidate): corridor|Gen11, empty|Gen11, pillars|Gen11, s_curve|Gen11. They stay complete in per_rollout_detail.csv. If one of these IS an eval-tag folder, discovery has already warned about it by name.
[2026-09-11 20:23:36] aggregator - INFO -   dropped 9204 all-NaN metric rows (metrics a unit never measured)
[2026-09-11 20:23:37] aggregator - WARNING -   k_sweep: 1328 cell(s) pool MORE THAN ONE candidate at the same K — they differ in an axis this table does not key on (mpc batch / controller / threshold / backbone / run tag). See the `candidates` column in uav_k_sweep.csv before reading those rows.
[2026-09-11 20:23:37] aggregator - WARNING -   4926 row(s) in this table are DEGENERATE HardFlow (hf_degenerate=1, n_genuine=0): sample-then-project, NOT HardFlow. Filter them out before any best-of / win-count / Pareto claim. See logs_in_develop/aggregated_hardflow_lowK/
[2026-09-11 20:23:37] aggregator - WARNING -   60 row(s) in this table are DEGENERATE HardFlow (hf_degenerate=1, n_genuine=0): sample-then-project, NOT HardFlow. Filter them out before any best-of / win-count / Pareto claim. See logs_in_develop/aggregated_hardflow_lowK/
[2026-09-11 20:23:38] aggregator - INFO - per_rollout=11736 rows, units_long=101216 rows, agg_long=101216 rows, k_sweep=96920 rows
[2026-09-11 20:23:38] aggregator - INFO - 
=== Cross-candidate ranking ===
  1. Candidate 9 (empty|K20|Gen11): 100.0% success+constraint, 117.4 ms/replan, K=20.0
  2. Candidate 11 (empty|Gen11): 100.0% success+constraint, nan ms/replan, K=nan
  3. Candidate 27 (s_curve|Gen11): 100.0% success+constraint, nan ms/replan, K=nan
  4. Candidate 29 (corridor|af|K1|bbunet|@EPlatest_u7hg): 100.0% success+constraint, 76.7 ms/replan, K=1.0
  5. Candidate 8 (empty|Gen11): 85.7% success+constraint, 154.4 ms/replan, K=nan
  6. Candidate 30 (corridor|af|K2|bbunet|@EPlatest_u7hg): 71.4% success+constraint, 90.9 ms/replan, K=2.0
  7. Candidate 46 (corridor|mf|K2|bbunet|dp0.5|@u7hg): 71.4% success+constraint, 93.2 ms/replan, K=2.0
  8. Candidate 39 (corridor|fm|K2|@u7hg): 67.1% success+constraint, 89.3 ms/replan, K=2.0
  9. Candidate 37 (corridor|fm|K20): 63.9% success+constraint, 460.0 ms/replan, K=20.0
  10. Candidate 78 (pillars|mf|K5|bbunet|dp0.5|@u7hg): 63.5% success+constraint, 750.0 ms/replan, K=5.0
  11. Candidate 34 (corridor|af|K5|bbsit): 51.7% success+constraint, 166.2 ms/replan, K=5.0
  12. Candidate 35 (corridor|fm|K10): 51.7% success+constraint, 259.7 ms/replan, K=10.0
  13. Candidate 40 (corridor|fm|K5): 40.0% success+constraint, 183.7 ms/replan, K=5.0
  14. Candidate 74 (pillars|mf|K2|bbunet|dp0.5|@u7hg): 37.0% success+constraint, 57.1 ms/replan, K=2.0
  15. Candidate 66 (pillars|fm|K5|@u7hg): 35.9% success+constraint, 428.7 ms/replan, K=5.0
  16. Candidate 42 (corridor|mf|K10|bbunet|dp0.5): 32.2% success+constraint, 336.4 ms/replan, K=10.0
  17. Candidate 64 (pillars|fm|K2|@u7hg): 32.0% success+constraint, 63.9 ms/replan, K=2.0
  18. Candidate 44 (corridor|mf|K20|bbunet|dp0.5): 29.5% success+constraint, 421.6 ms/replan, K=20.0
  19. Candidate 52 (pillars|af|K2|bbunet|@EPlatest_u7hg): 28.0% success+constraint, 62.6 ms/replan, K=2.0
  20. Candidate 33 (corridor|af|K2|bbsit): 27.0% success+constraint, 92.6 ms/replan, K=2.0
  21. Candidate 47 (corridor|mf|K5|bbunet|dp0.5): 23.9% success+constraint, 241.1 ms/replan, K=5.0
  22. Candidate 53 (pillars|af|K5|bbunet|@EPlatest_u7hg): 23.5% success+constraint, 796.3 ms/replan, K=5.0
  23. Candidate 32 (corridor|af|K1|bbsit): 14.8% success+constraint, 135.4 ms/replan, K=1.0
  24. Candidate 45 (corridor|mf|K2|bbunet|dp0.5): 13.0% success+constraint, 251.6 ms/replan, K=2.0
  25. Candidate 43 (corridor|mf|K1|bbunet|dp0.5): 10.4% success+constraint, 233.6 ms/replan, K=1.0
  26. Candidate 7 (corridor|K20|Gen11): 9.4% success+constraint, 200.2 ms/replan, K=20.0
  27. Candidate 93 (s_curve|af|K5|bbunet|@EPlatest_u7hg): 8.9% success+constraint, 756.5 ms/replan, K=5.0
  28. Candidate 2 (corridor|K20|Gen11): 8.6% success+constraint, 120.1 ms/replan, K=20.0
  29. Candidate 50 (pillars|af|K1|bbunet|@EPlatest_u7hg): 6.0% success+constraint, 67.9 ms/replan, K=1.0
  30. Candidate 92 (s_curve|af|K5|bbunet|@EPlatest_u6unet_ae02): 3.5% success+constraint, 747.2 ms/replan, K=5.0
  31. Candidate 101 (s_curve|mf|K10|bbunet|dp0.5|@u7hg): 2.5% success+constraint, 1500.7 ms/replan, K=10.0
  32. Candidate 99 (s_curve|fm|K2|@u7hg): 2.0% success+constraint, 90.0 ms/replan, K=2.0
  33. Candidate 28 (s_curve|K20|Gen11): 1.2% success+constraint, 296.1 ms/replan, K=20.0
  34. Candidate 88 (s_curve|mf|K2|bbunet|dp0.5): 1.0% success+constraint, 38.0 ms/replan, K=2.0
  35. Candidate 38 (corridor|fm|K2): 0.9% success+constraint, 124.2 ms/replan, K=2.0
  36. Candidate 1 (corridor|Gen11): 0.0% success+constraint, 253.4 ms/replan, K=nan
  37. Candidate 3 (corridor|Gen11): 0.0% success+constraint, nan ms/replan, K=nan
  38. Candidate 4 (corridor|Gen11): 0.0% success+constraint, nan ms/replan, K=nan
  39. Candidate 5 (corridor|Gen11): 0.0% success+constraint, 194.5 ms/replan, K=nan
  40. Candidate 6 (corridor|Gen11): 0.0% success+constraint, 264.6 ms/replan, K=nan
  41. Candidate 10 (empty|Gen11): 0.0% success+constraint, nan ms/replan, K=nan
  42. Candidate 12 (pillars|Gen11): 0.0% success+constraint, nan ms/replan, K=nan
  43. Candidate 13 (pillars|Gen11): 0.0% success+constraint, 156.3 ms/replan, K=nan
  44. Candidate 14 (pillars|Gen11): 0.0% success+constraint, 112.5 ms/replan, K=nan
  45. Candidate 15 (pillars|Gen11): 0.0% success+constraint, 111.3 ms/replan, K=nan
  46. Candidate 16 (pillars|K20|Gen11): 0.0% success+constraint, 1914.7 ms/replan, K=20.0
  47. Candidate 17 (pillars|K20|Gen11): 0.0% success+constraint, 111.9 ms/replan, K=20.0
  48. Candidate 18 (pillars|K20|Gen11): 0.0% success+constraint, 109.0 ms/replan, K=20.0
  49. Candidate 19 (pillars|K20|Gen11): 0.0% success+constraint, 743.1 ms/replan, K=20.0
  50. Candidate 20 (pillars|Gen11): 0.0% success+constraint, nan ms/replan, K=nan
  51. Candidate 21 (pillars|Gen11): 0.0% success+constraint, nan ms/replan, K=nan
  52. Candidate 22 (pillars|K20|Gen11): 0.0% success+constraint, 920.2 ms/replan, K=20.0
  53. Candidate 23 (s_curve|Gen11): 0.0% success+constraint, 154.2 ms/replan, K=nan
  54. Candidate 24 (s_curve|K20|Gen11): 0.0% success+constraint, 108.3 ms/replan, K=20.0
  55. Candidate 25 (s_curve|K20|Gen11): 0.0% success+constraint, 105.9 ms/replan, K=20.0
  56. Candidate 26 (s_curve|Gen11): 0.0% success+constraint, nan ms/replan, K=nan
  57. Candidate 31 (corridor|af|K5|bbunet|@EPlatest_u7hg): 0.0% success+constraint, 529.5 ms/replan, K=5.0
  58. Candidate 36 (corridor|fm|K1): 0.0% success+constraint, 187.4 ms/replan, K=1.0
  59. Candidate 41 (corridor|fm|K5|@u7hg): 0.0% success+constraint, 324.9 ms/replan, K=5.0
  60. Candidate 48 (corridor|mf|K5|bbunet|dp0.5|@u7hg): 0.0% success+constraint, 549.8 ms/replan, K=5.0
  61. Candidate 49 (pillars|af|K1|bbunet|@EPlatest_u6unet_ae02): 0.0% success+constraint, 69.2 ms/replan, K=1.0
  62. Candidate 51 (pillars|af|K2|bbunet|@EPlatest_u6unet_ae02): 0.0% success+constraint, 79.3 ms/replan, K=2.0
  63. Candidate 54 (pillars|af|K1|bbsit): 0.0% success+constraint, 53.2 ms/replan, K=1.0
  64. Candidate 55 (pillars|af|K1|bbsit|@u6sitlatest): 0.0% success+constraint, 57.7 ms/replan, K=1.0
  65. Candidate 56 (pillars|af|K2|bbsit): 0.0% success+constraint, 56.2 ms/replan, K=2.0
  66. Candidate 57 (pillars|af|K2|bbsit|@u6sitlatest): 0.0% success+constraint, 53.1 ms/replan, K=2.0
  67. Candidate 58 (pillars|af|K5|bbsit): 0.0% success+constraint, 650.0 ms/replan, K=5.0
  68. Candidate 59 (pillars|diffusion|K20|@u7hg): 0.0% success+constraint, 2955.8 ms/replan, K=20.0
  69. Candidate 60 (pillars|fm|K10): 0.0% success+constraint, 2014.1 ms/replan, K=10.0
  70. Candidate 61 (pillars|fm|K1): 0.0% success+constraint, 143.5 ms/replan, K=1.0
  71. Candidate 62 (pillars|fm|K20): 0.0% success+constraint, 5869.2 ms/replan, K=20.0
  72. Candidate 63 (pillars|fm|K2): 0.0% success+constraint, 132.3 ms/replan, K=2.0
  73. Candidate 65 (pillars|fm|K5): 0.0% success+constraint, 666.4 ms/replan, K=5.0
  74. Candidate 67 (pillars|mf|K10|bbunet|dp0.5): 0.0% success+constraint, 779.2 ms/replan, K=10.0
  75. Candidate 68 (pillars|mf|K1|bbunet|dp0.5): 0.0% success+constraint, 66.8 ms/replan, K=1.0
  76. Candidate 69 (pillars|mf|K1|bbunet|dp0.5|@fix16legacy): 0.0% success+constraint, 73.9 ms/replan, K=1.0
  77. Candidate 70 (pillars|mf|K1|bbunet|dp0.5|@fix16scaled): 0.0% success+constraint, 94.6 ms/replan, K=1.0
  78. Candidate 71 (pillars|mf|K2|bbunet|dp0.5): 0.0% success+constraint, 70.5 ms/replan, K=2.0
  79. Candidate 72 (pillars|mf|K2|bbunet|dp0.5|@fix16legacy): 0.0% success+constraint, 78.0 ms/replan, K=2.0
  80. Candidate 73 (pillars|mf|K2|bbunet|dp0.5|@fix16scaled): 0.0% success+constraint, 83.3 ms/replan, K=2.0
  81. Candidate 75 (pillars|mf|K5|bbunet|dp0.5): 0.0% success+constraint, 636.3 ms/replan, K=5.0
  82. Candidate 76 (pillars|mf|K5|bbunet|dp0.5|@fix16legacy): 0.0% success+constraint, 868.2 ms/replan, K=5.0
  83. Candidate 77 (pillars|mf|K5|bbunet|dp0.5|@fix16scaled): 0.0% success+constraint, 1519.6 ms/replan, K=5.0
  84. Candidate 79 (s_curve|diffusion|K20): 0.0% success+constraint, 1645.9 ms/replan, K=20.0
  85. Candidate 80 (s_curve|fm|K10): 0.0% success+constraint, 509.0 ms/replan, K=10.0
  86. Candidate 81 (s_curve|fm|K1): 0.0% success+constraint, 48.9 ms/replan, K=1.0
  87. Candidate 82 (s_curve|fm|K20): 0.0% success+constraint, 1286.1 ms/replan, K=20.0
  88. Candidate 83 (s_curve|fm|K2): 0.0% success+constraint, 58.8 ms/replan, K=2.0
  89. Candidate 84 (s_curve|fm|K5): 0.0% success+constraint, 297.9 ms/replan, K=5.0
  90. Candidate 85 (s_curve|mf|K10|bbunet|dp0.5): 0.0% success+constraint, 1485.5 ms/replan, K=10.0
  91. Candidate 86 (s_curve|mf|K1|bbunet|dp0.5): 0.0% success+constraint, 31.4 ms/replan, K=1.0
  92. Candidate 87 (s_curve|mf|K20|bbunet|dp0.5): 0.0% success+constraint, 2008.6 ms/replan, K=20.0
  93. Candidate 89 (s_curve|mf|K5|bbunet|dp0.5): 0.0% success+constraint, 443.0 ms/replan, K=5.0
  94. Candidate 90 (s_curve|af|K1|bbunet|@EPlatest_u6unet_ae02): 0.0% success+constraint, 101.2 ms/replan, K=1.0
  95. Candidate 91 (s_curve|af|K2|bbunet|@EPlatest_u6unet_ae02): 0.0% success+constraint, 79.8 ms/replan, K=2.0
  96. Candidate 94 (s_curve|af|K2|bbsit|@u6unet_ae0): 0.0% success+constraint, 53.4 ms/replan, K=2.0
  97. Candidate 95 (s_curve|af|K5|bbsit|@u6unet_ae0): 0.0% success+constraint, 609.1 ms/replan, K=5.0
  98. Candidate 96 (s_curve|diffusion|K20): 0.0% success+constraint, 3377.5 ms/replan, K=20.0
  99. Candidate 97 (s_curve|diffusion|K20|@u7hg): 0.0% success+constraint, 2699.5 ms/replan, K=20.0
  100. Candidate 98 (s_curve|fm|K20|@u7hg): 0.0% success+constraint, 2540.8 ms/replan, K=20.0
  101. Candidate 100 (s_curve|mf|K10|bbunet|dp0.5|@u7hg): 0.0% success+constraint, 1166.0 ms/replan, K=10.0
  102. Candidate 102 (s_curve|mf|K2|bbunet|dp0.5|@u7hg): 0.0% success+constraint, 64.8 ms/replan, K=2.0
[2026-09-11 20:23:38] DA_UAV_v1 - INFO - [5/5] Writing reports
[2026-09-11 20:23:38] reporter - INFO - per_rollout_detail.csv: 11736 rows, 7.8 MB
[2026-09-11 20:23:39] reporter - INFO - uav_units_long.csv: 111054 rows, 42.2 MB
[2026-09-11 20:23:41] reporter - INFO - uav_aggregated_long.csv: 101216 rows, 38.7 MB
[2026-09-11 20:23:41] reporter - INFO - uav_k_sweep.csv: 96920 rows, 15.6 MB
[2026-09-11 20:23:41] reporter - INFO - data_quality.csv: 1350 rows, 1.1 MB
[2026-09-11 20:23:41] reporter - INFO - run_config.csv: 1350 rows, 0.5 MB
[2026-09-11 20:23:41] reporter - INFO - candidate_axes.csv: 102 rows, 0.0 MB
[2026-09-11 20:23:42] reporter - INFO - candidates_multidimensional_raw.csv: 50608 rows, 14.3 MB
[2026-09-11 20:23:42] reporter - INFO - candidates_multidimensional_aggregated.csv: 50608 rows, 14.9 MB
[2026-09-11 20:23:42] reporter - INFO - candidates_ranking.csv: 102 rows, 0.0 MB
[2026-09-11 20:23:42] reporter - INFO - candidates_detailed.csv: 102 rows, 0.0 MB
[2026-09-11 20:23:42] reporter - INFO - candidates_per_variant.csv: 2530 rows, 0.9 MB
[2026-09-11 20:23:43] reporter - INFO - Summary written: Data_Analysis/analysis_results/batch_uav_20260911_202307/candidates_summary.txt
[2026-09-11 20:23:43] reporter - INFO - 13 report files written to Data_Analysis/analysis_results/batch_uav_20260911_202307
[2026-09-11 20:23:43] DA_UAV_v1 - INFO - ======================================================================
[2026-09-11 20:23:43] DA_UAV_v1 - INFO - COMPLETE in 35.3s — Data_Analysis/analysis_results/batch_uav_20260911_202307
[2026-09-11 20:23:43] DA_UAV_v1 - INFO -   candidate_axes.csv                   what is in this batch
[2026-09-11 20:23:43] DA_UAV_v1 - INFO -   uav_k_sweep.csv                      metric vs K per engine
[2026-09-11 20:23:43] DA_UAV_v1 - INFO -   per_rollout_detail.csv               every rollout, wide
[2026-09-11 20:23:43] DA_UAV_v1 - INFO -   uav_units_long.csv                   per seed/geo/variant/mask
[2026-09-11 20:23:43] DA_UAV_v1 - INFO -   uav_aggregated_long.csv              pooled over seeds
[2026-09-11 20:23:43] DA_UAV_v1 - INFO -   candidates_multidimensional_*.csv    DA_Code_v3 visualizer
[2026-09-11 20:23:43] DA_UAV_v1 - INFO -   data_quality.csv                     circuit breaker / timing
[2026-09-11 20:23:43] DA_UAV_v1 - INFO - ======================================================================
DA_UAV_v1 batch analysis completed.
