/bin/bash: /u/home/llim/miniconda3/lib/libtinfo.so.6: no version information available (required by /bin/bash)
[ U6 ] checkpoint   = best (default; no _EP fragment)
================================================================================
JOB START: Sun Sep 13 18:30:15 UTC 2026  |  uav_mix_train  |  ID 25773  |  NODE i6-gpu-1
ENGINE: diffusion   SCENE: corridor   SEEDS: 6
NVIDIA RTX A5000, 24564 MiB
NVIDIA RTX A5000, 24564 MiB
NVIDIA RTX A5000, 24564 MiB
NVIDIA RTX A5000, 24564 MiB
NVIDIA RTX A5000, 24564 MiB
NVIDIA RTX A5000, 24564 MiB
NVIDIA RTX A5000, 24564 MiB
NVIDIA RTX A5000, 24564 MiB
GIT REV:   ea50b6ac
================================================================================
[ GPU-CHECK ] CUDA_VISIBLE_DEVICES=6  MUJOCO_EGL_DEVICE_ID=6
--------------------------------------------------------------------------------
[ uav_mix_train ] engine=diffusion scene=corridor seed=6  Sun Sep 13 18:30:16 UTC 2026
[ uav_mix_train ] python mix_uav_test/train_mix_uav.py --engine diffusion --scene corridor --seed 6 --use-wandb --wandb-project FM-PCC-uav-mix --wandb-group uav-diffusion-corridor
wandb: Currently logged in as: llmmail2021 (llmmail2021-technical-university-of-munich). Use `wandb login --relogin` to force relogin
wandb: wandb version 0.30.0 is available!  To upgrade, please run:
wandb:  $ pip install wandb --upgrade
wandb: Tracking run with wandb version 0.17.5
wandb: Run data is saved locally in /data/home/llim/FMPCC/FM-PCC/wandb/run-20260913_183020-chf53xbi
wandb: Run `wandb offline` to turn off syncing.
wandb: Syncing run uav-corridor-mix_uav_diffusion-H8_Dddpm_diffusion.GaussianDiffusion_9D_K20-S6-slurm-25773
wandb: ⭐️ View project at https://wandb.ai/llmmail2021-technical-university-of-munich/FM-PCC-uav-mix
wandb: 🚀 View run at https://wandb.ai/llmmail2021-technical-university-of-munich/FM-PCC-uav-mix/runs/chf53xbi
================================================================================
[ train ] Gen15 UAV Mix-ML — engine: diffusion  (DDPM / DPCC baseline (GaussianDiffusion))
[ train ] UAV scene: corridor  (dataset string: uav-corridor)
[ train ] Seed source: cli --seed
[ train ] Training seeds: [6]
================================================================================
[ utils/setup ] Made savepath: logs/UAV_MIX/uav-corridor/mix_uav_diffusion/H8_Dmodels.ddpm_diffusion.GaussianDiffusion_9D_K20/6
[ train ] max_path_length: 750 → 360 (scene=corridor)
[ train ] Saved seed manifest to: logs/UAV_MIX/uav-corridor/mix_uav_diffusion/H8_Dmodels.ddpm_diffusion.GaussianDiffusion_9D_K20/seeds_config.json

[utils/config ] Config: <class 'mix_uav.datasets.sequence.SequenceDataset'>
    cond_mode: pos_only
    discount: 0.99
    env: uav-corridor
    horizon: 8
    include_returns: False
    max_path_length: 360
    normalizer: SafeLimitsNormalizer
    preprocess_fns: []
    returns_scale: 360
    use_padding: True

[ utils/config ] Saved config to: logs/UAV_MIX/uav-corridor/mix_uav_diffusion/H8_Dmodels.ddpm_diffusion.GaussianDiffusion_9D_K20/6/dataset_config.pkl

[ utils/config ] Saved config to: logs/UAV_MIX/uav-corridor/mix_uav_diffusion/H8_Dmodels.ddpm_diffusion.GaussianDiffusion_9D_K20/6/dataset_config.json

[ utils/normalization ] Constant data in actions[1] | max = min = 0.0 → Fix_16 widened by eps=2.188e-02 (mode=scaled). unnormalize scale for this channel = 2.188e-02 data-units per unit output.
[ utils/normalization ] Constant data in actions[2] | max = min = 0.0 → Fix_16 widened by eps=2.188e-02 (mode=scaled). unnormalize scale for this channel = 2.188e-02 data-units per unit output.
[ utils/normalization ] ⚠ Fix_16: ALL dimensions constant — no reference scale; falling back to eps=1.0.
[ utils/normalization ] Constant data in rewards[0] | max = min = 0.0 → Fix_16 widened by eps=1.000e+00 (mode=scaled). unnormalize scale for this channel = 1.000e+00 data-units per unit output.
[ datasets/buffer ] Fields:
    observations: (500, 360, 6)
    actions: (500, 360, 3)
    rewards: (500, 360, 1)
    terminals: (500, 360, 1)
    normed_observations: (500, 360, 6)
    normed_actions: (500, 360, 3)

[utils/config ] Config: <class 'mix_uav.models.unet1d_ddpm_cond.UNet1DTemporalCondModel'>
    cond_dim: 6
    condition_dropout: 0.25
    dim: 32
    dim_mults: (1, 2, 4, 8)
    horizon: 8
    returns_condition: False
    transition_dim: 9

[ utils/config ] Saved config to: logs/UAV_MIX/uav-corridor/mix_uav_diffusion/H8_Dmodels.ddpm_diffusion.GaussianDiffusion_9D_K20/6/model_config.pkl

[ utils/config ] Saved config to: logs/UAV_MIX/uav-corridor/mix_uav_diffusion/H8_Dmodels.ddpm_diffusion.GaussianDiffusion_9D_K20/6/model_config.json


[utils/config ] Config: <class 'mix_uav.models.ddpm_diffusion.GaussianDiffusion'>
    action_dim: 3
    action_weight: 1
    clip_denoised: False
    condition_guidance_w: 1.2
    goal_dim: 1
    horizon: 8
    loss_discount: 1.0
    loss_type: l2
    n_timesteps: 20
    observation_dim: 6
    predict_epsilon: True
    returns_condition: False

[ utils/config ] Saved config to: logs/UAV_MIX/uav-corridor/mix_uav_diffusion/H8_Dmodels.ddpm_diffusion.GaussianDiffusion_9D_K20/6/diffusion_config.pkl

[ utils/config ] Saved config to: logs/UAV_MIX/uav-corridor/mix_uav_diffusion/H8_Dmodels.ddpm_diffusion.GaussianDiffusion_9D_K20/6/diffusion_config.json


[utils/config ] Config: <class 'mix_uav.utils.training.Trainer'>
    ema_decay: 0.995
    gradient_accumulate_every: 2
    n_steps_per_epoch: 1000
    n_train_steps: 100000
    results_folder: logs/UAV_MIX/uav-corridor/mix_uav_diffusion/H8_Dmodels.ddpm_diffusion.GaussianDiffusion_9D_K20/6
    train_batch_size: 8
    train_lr: 0.0001
    train_test_split: 0.9

[ utils/config ] Saved config to: logs/UAV_MIX/uav-corridor/mix_uav_diffusion/H8_Dmodels.ddpm_diffusion.GaussianDiffusion_9D_K20/6/trainer_config.pkl

[ utils/config ] Saved config to: logs/UAV_MIX/uav-corridor/mix_uav_diffusion/H8_Dmodels.ddpm_diffusion.GaussianDiffusion_9D_K20/6/trainer_config.json

[ train ] engine=diffusion  backbone=unet  params=3,955,177 (3.96 M)
[ train ] savepath: logs/UAV_MIX/uav-corridor/mix_uav_diffusion/H8_Dmodels.ddpm_diffusion.GaussianDiffusion_9D_K20/6
Initial test loss:   0.4801, a0 loss:   1.0574
[ train ] epoch 0 step 1000/100000  loss=0.29336  diffusion_loss=0.58672  a0_loss=1.0121  loss_test=0.48011  a0_loss_test=1.0574  lr=0.0001  step=999
[ train ] epoch 1 step 2000/100000  loss=0.15137  diffusion_loss=0.30275  a0_loss=0.41531  loss_test=0.28425  a0_loss_test=0.88322  lr=9.9975e-05  step=1999
[ train ] epoch 2 step 3000/100000  loss=0.064563  diffusion_loss=0.12913  a0_loss=0.11537  loss_test=0.14541  a0_loss_test=0.38531  lr=9.9899e-05  step=2999
[ train ] epoch 3 step 4000/100000  loss=0.036174  diffusion_loss=0.072349  a0_loss=0.083059  loss_test=0.066772  a0_loss_test=0.14246  lr=9.9774e-05  step=3999
[ train ] epoch 4 step 5000/100000  loss=0.025252  diffusion_loss=0.050504  a0_loss=0.03165  loss_test=0.041282  a0_loss_test=0.078983  lr=9.9598e-05  step=4999
[ train ] epoch 5 step 6000/100000  loss=0.020692  diffusion_loss=0.041384  a0_loss=0.053726  loss_test=0.029769  a0_loss_test=0.061407  lr=9.9372e-05  step=5999
[ train ] epoch 6 step 7000/100000  loss=0.011762  diffusion_loss=0.023524  a0_loss=0.017038  loss_test=0.020729  a0_loss_test=0.051682  lr=9.9096e-05  step=6999
[ train ] epoch 7 step 8000/100000  loss=0.02062  diffusion_loss=0.04124  a0_loss=0.031137  loss_test=0.016023  a0_loss_test=0.042639  lr=9.8771e-05  step=7999
[ train ] epoch 8 step 9000/100000  loss=0.0076583  diffusion_loss=0.015317  a0_loss=0.025874  loss_test=0.016358  a0_loss_test=0.040682  lr=9.8397e-05  step=8999
[ train ] epoch 9 step 10000/100000  loss=0.012316  diffusion_loss=0.024631  a0_loss=0.055247  loss_test=0.011814  a0_loss_test=0.038462  lr=9.7975e-05  step=9999
[ train ] epoch 10 step 11000/100000  loss=0.0080256  diffusion_loss=0.016051  a0_loss=0.010069  loss_test=0.010011  a0_loss_test=0.037705  lr=9.7504e-05  step=10999
[ train ] epoch 11 step 12000/100000  loss=0.0047452  diffusion_loss=0.0094905  a0_loss=0.012511  loss_test=0.011  a0_loss_test=0.030798  lr=9.6985e-05  step=11999
[ train ] epoch 12 step 13000/100000  loss=0.018491  diffusion_loss=0.036981  a0_loss=0.10391  loss_test=0.0091038  a0_loss_test=0.031168  lr=9.6418e-05  step=12999
[ train ] epoch 13 step 14000/100000  loss=0.010503  diffusion_loss=0.021006  a0_loss=0.015909  loss_test=0.0093314  a0_loss_test=0.027775  lr=9.5805e-05  step=13999
[ train ] epoch 14 step 15000/100000  loss=0.0038143  diffusion_loss=0.0076286  a0_loss=0.01039  loss_test=0.0072904  a0_loss_test=0.021624  lr=9.5146e-05  step=14999
[ train ] epoch 15 step 16000/100000  loss=0.010634  diffusion_loss=0.021268  a0_loss=0.042063  loss_test=0.0071957  a0_loss_test=0.027984  lr=9.4442e-05  step=15999
[ train ] epoch 16 step 17000/100000  loss=0.0061459  diffusion_loss=0.012292  a0_loss=0.031249  loss_test=0.0065133  a0_loss_test=0.022941  lr=9.3692e-05  step=16999
[ train ] epoch 17 step 18000/100000  loss=0.0076214  diffusion_loss=0.015243  a0_loss=0.044079  loss_test=0.0072151  a0_loss_test=0.020721  lr=9.2899e-05  step=17999
[ train ] epoch 18 step 19000/100000  loss=0.010428  diffusion_loss=0.020855  a0_loss=0.054727  loss_test=0.0060401  a0_loss_test=0.021408  lr=9.2063e-05  step=18999
[ train ] epoch 19 step 20000/100000  loss=0.0055368  diffusion_loss=0.011074  a0_loss=0.020509  loss_test=0.0055038  a0_loss_test=0.01937  lr=9.1184e-05  step=19999
[ train ] epoch 20 step 21000/100000  loss=0.0062842  diffusion_loss=0.012568  a0_loss=0.023397  loss_test=0.0054013  a0_loss_test=0.021416  lr=9.0264e-05  step=20999
[ train ] epoch 21 step 22000/100000  loss=0.011896  diffusion_loss=0.023793  a0_loss=0.04572  loss_test=0.0057971  a0_loss_test=0.021627  lr=8.9303e-05  step=21999
[ train ] epoch 22 step 23000/100000  loss=0.0067671  diffusion_loss=0.013534  a0_loss=0.023443  loss_test=0.0048655  a0_loss_test=0.017323  lr=8.8302e-05  step=22999
[ train ] epoch 23 step 24000/100000  loss=0.003268  diffusion_loss=0.0065361  a0_loss=0.011108  loss_test=0.0054658  a0_loss_test=0.022249  lr=8.7263e-05  step=23999
[ train ] epoch 24 step 25000/100000  loss=0.0035161  diffusion_loss=0.0070323  a0_loss=0.01101  loss_test=0.0052713  a0_loss_test=0.023027  lr=8.6187e-05  step=24999
[ train ] epoch 25 step 26000/100000  loss=0.0050459  diffusion_loss=0.010092  a0_loss=0.011915  loss_test=0.0041576  a0_loss_test=0.015669  lr=8.5074e-05  step=25999
[ train ] epoch 26 step 27000/100000  loss=0.0046181  diffusion_loss=0.0092363  a0_loss=0.033935  loss_test=0.0046259  a0_loss_test=0.019654  lr=8.3925e-05  step=26999
[ train ] epoch 27 step 28000/100000  loss=0.0028945  diffusion_loss=0.005789  a0_loss=0.01552  loss_test=0.0038502  a0_loss_test=0.015034  lr=8.2743e-05  step=27999
[ train ] epoch 28 step 29000/100000  loss=0.0040319  diffusion_loss=0.0080638  a0_loss=0.016346  loss_test=0.0041884  a0_loss_test=0.016643  lr=8.1528e-05  step=28999
[ train ] epoch 29 step 30000/100000  loss=0.0033464  diffusion_loss=0.0066928  a0_loss=0.012995  loss_test=0.0041592  a0_loss_test=0.017379  lr=8.028e-05  step=29999
[ train ] epoch 30 step 31000/100000  loss=0.0018631  diffusion_loss=0.0037262  a0_loss=0.0049317  loss_test=0.0044272  a0_loss_test=0.017202  lr=7.9003e-05  step=30999
[ train ] epoch 31 step 32000/100000  loss=0.0022857  diffusion_loss=0.0045715  a0_loss=0.0072959  loss_test=0.0034051  a0_loss_test=0.014182  lr=7.7696e-05  step=31999
[ train ] epoch 32 step 33000/100000  loss=0.010976  diffusion_loss=0.021952  a0_loss=0.048166  loss_test=0.0044126  a0_loss_test=0.017421  lr=7.6361e-05  step=32999
[ train ] epoch 33 step 34000/100000  loss=0.0027224  diffusion_loss=0.0054447  a0_loss=0.0031652  loss_test=0.0035336  a0_loss_test=0.01397  lr=7.5e-05  step=33999
[ train ] epoch 34 step 35000/100000  loss=0.0014617  diffusion_loss=0.0029234  a0_loss=0.0022375  loss_test=0.0038264  a0_loss_test=0.016295  lr=7.3614e-05  step=34999
[ train ] epoch 35 step 36000/100000  loss=0.0018854  diffusion_loss=0.0037707  a0_loss=0.0026441  loss_test=0.0031948  a0_loss_test=0.012528  lr=7.2203e-05  step=35999
[ train ] epoch 36 step 37000/100000  loss=0.0015544  diffusion_loss=0.0031088  a0_loss=0.004762  loss_test=0.00366  a0_loss_test=0.015194  lr=7.0771e-05  step=36999
[ train ] epoch 37 step 38000/100000  loss=0.0019792  diffusion_loss=0.0039584  a0_loss=0.0072915  loss_test=0.0032021  a0_loss_test=0.013457  lr=6.9317e-05  step=37999
[ train ] epoch 38 step 39000/100000  loss=0.0029405  diffusion_loss=0.0058811  a0_loss=0.013546  loss_test=0.003787  a0_loss_test=0.015711  lr=6.7844e-05  step=38999
[ train ] epoch 39 step 40000/100000  loss=0.0039719  diffusion_loss=0.0079439  a0_loss=0.014774  loss_test=0.0033991  a0_loss_test=0.015301  lr=6.6353e-05  step=39999
[ train ] epoch 40 step 41000/100000  loss=0.001687  diffusion_loss=0.0033739  a0_loss=0.0068532  loss_test=0.0035994  a0_loss_test=0.016947  lr=6.4846e-05  step=40999
[ train ] epoch 41 step 42000/100000  loss=0.0025505  diffusion_loss=0.0051011  a0_loss=0.011125  loss_test=0.0033488  a0_loss_test=0.014786  lr=6.3324e-05  step=41999
[ train ] epoch 42 step 43000/100000  loss=0.0014262  diffusion_loss=0.0028524  a0_loss=0.0041246  loss_test=0.0028656  a0_loss_test=0.013507  lr=6.1788e-05  step=42999
[ train ] epoch 43 step 44000/100000  loss=0.0018662  diffusion_loss=0.0037324  a0_loss=0.0075256  loss_test=0.0031495  a0_loss_test=0.014574  lr=6.024e-05  step=43999
[ train ] epoch 44 step 45000/100000  loss=0.0043583  diffusion_loss=0.0087166  a0_loss=0.019182  loss_test=0.0031529  a0_loss_test=0.013805  lr=5.8682e-05  step=44999
[ train ] epoch 45 step 46000/100000  loss=0.0012214  diffusion_loss=0.0024428  a0_loss=0.0076201  loss_test=0.0039268  a0_loss_test=0.015938  lr=5.7116e-05  step=45999
[ train ] epoch 46 step 47000/100000  loss=0.0050347  diffusion_loss=0.010069  a0_loss=0.02709  loss_test=0.0035206  a0_loss_test=0.017452  lr=5.5542e-05  step=46999
[ train ] epoch 47 step 48000/100000  loss=0.003933  diffusion_loss=0.0078661  a0_loss=0.0083552  loss_test=0.0025231  a0_loss_test=0.012321  lr=5.3962e-05  step=47999
[ train ] epoch 48 step 49000/100000  loss=0.001794  diffusion_loss=0.003588  a0_loss=0.0039442  loss_test=0.0028311  a0_loss_test=0.014287  lr=5.2379e-05  step=48999
[ train ] epoch 49 step 50000/100000  loss=0.0013951  diffusion_loss=0.0027901  a0_loss=0.0064987  loss_test=0.0028561  a0_loss_test=0.014598  lr=5.0793e-05  step=49999
[ train ] epoch 50 step 51000/100000  loss=0.0017597  diffusion_loss=0.0035195  a0_loss=0.0071586  loss_test=0.0031562  a0_loss_test=0.015055  lr=4.9207e-05  step=50999
[ train ] epoch 51 step 52000/100000  loss=0.002209  diffusion_loss=0.0044179  a0_loss=0.0092961  loss_test=0.0031891  a0_loss_test=0.014845  lr=4.7621e-05  step=51999
[ train ] epoch 52 step 53000/100000  loss=0.0027337  diffusion_loss=0.0054674  a0_loss=0.012242  loss_test=0.0026834  a0_loss_test=0.01267  lr=4.6038e-05  step=52999
[ train ] epoch 53 step 54000/100000  loss=0.0012989  diffusion_loss=0.0025978  a0_loss=0.0053112  loss_test=0.0029179  a0_loss_test=0.015062  lr=4.4458e-05  step=53999
[ train ] epoch 54 step 55000/100000  loss=0.0025657  diffusion_loss=0.0051313  a0_loss=0.0071484  loss_test=0.0024517  a0_loss_test=0.012367  lr=4.2884e-05  step=54999
[ train ] epoch 55 step 56000/100000  loss=0.0046466  diffusion_loss=0.0092932  a0_loss=0.022017  loss_test=0.0031308  a0_loss_test=0.015562  lr=4.1318e-05  step=55999
[ train ] epoch 56 step 57000/100000  loss=0.0030581  diffusion_loss=0.0061162  a0_loss=0.01523  loss_test=0.0028011  a0_loss_test=0.013065  lr=3.976e-05  step=56999
[ train ] epoch 57 step 58000/100000  loss=0.0052382  diffusion_loss=0.010476  a0_loss=0.018032  loss_test=0.0023984  a0_loss_test=0.012371  lr=3.8212e-05  step=57999
[ train ] epoch 58 step 59000/100000  loss=0.0013158  diffusion_loss=0.0026317  a0_loss=0.0059172  loss_test=0.0026422  a0_loss_test=0.013968  lr=3.6676e-05  step=58999
[ train ] epoch 59 step 60000/100000  loss=0.0012219  diffusion_loss=0.0024439  a0_loss=0.0063307  loss_test=0.0026444  a0_loss_test=0.014153  lr=3.5154e-05  step=59999
[ train ] epoch 60 step 61000/100000  loss=0.0016858  diffusion_loss=0.0033715  a0_loss=0.0074581  loss_test=0.0027221  a0_loss_test=0.014157  lr=3.3647e-05  step=60999
[ train ] epoch 61 step 62000/100000  loss=0.0019867  diffusion_loss=0.0039735  a0_loss=0.0072726  loss_test=0.0024677  a0_loss_test=0.012463  lr=3.2156e-05  step=61999
[ train ] epoch 62 step 63000/100000  loss=0.0016607  diffusion_loss=0.0033214  a0_loss=0.0078115  loss_test=0.0023855  a0_loss_test=0.011888  lr=3.0683e-05  step=62999
[ train ] epoch 63 step 64000/100000  loss=0.00075601  diffusion_loss=0.001512  a0_loss=0.0031139  loss_test=0.0022388  a0_loss_test=0.011107  lr=2.9229e-05  step=63999
[ train ] epoch 64 step 65000/100000  loss=0.0025121  diffusion_loss=0.0050242  a0_loss=0.012857  loss_test=0.0027151  a0_loss_test=0.013034  lr=2.7797e-05  step=64999
[ train ] epoch 65 step 66000/100000  loss=0.00064726  diffusion_loss=0.0012945  a0_loss=0.0035374  loss_test=0.002318  a0_loss_test=0.011062  lr=2.6386e-05  step=65999
[ train ] epoch 66 step 67000/100000  loss=0.001795  diffusion_loss=0.00359  a0_loss=0.010844  loss_test=0.0019927  a0_loss_test=0.010611  lr=2.5e-05  step=66999
[ train ] epoch 67 step 68000/100000  loss=0.0043091  diffusion_loss=0.0086183  a0_loss=0.024004  loss_test=0.0019737  a0_loss_test=0.0099255  lr=2.3639e-05  step=67999
[ train ] epoch 68 step 69000/100000  loss=0.0010394  diffusion_loss=0.0020787  a0_loss=0.0055643  loss_test=0.0025437  a0_loss_test=0.012441  lr=2.2304e-05  step=68999
[ train ] epoch 69 step 70000/100000  loss=0.002309  diffusion_loss=0.0046179  a0_loss=0.016834  loss_test=0.0026294  a0_loss_test=0.013721  lr=2.0997e-05  step=69999
[ train ] epoch 70 step 71000/100000  loss=0.0022263  diffusion_loss=0.0044526  a0_loss=0.014186  loss_test=0.0022366  a0_loss_test=0.011361  lr=1.972e-05  step=70999
[ train ] epoch 71 step 72000/100000  loss=0.0018592  diffusion_loss=0.0037185  a0_loss=0.011208  loss_test=0.0021501  a0_loss_test=0.011783  lr=1.8472e-05  step=71999
[ train ] epoch 72 step 73000/100000  loss=0.002518  diffusion_loss=0.005036  a0_loss=0.014971  loss_test=0.002322  a0_loss_test=0.012442  lr=1.7257e-05  step=72999
[ train ] epoch 73 step 74000/100000  loss=0.0014406  diffusion_loss=0.0028813  a0_loss=0.0062324  loss_test=0.0022682  a0_loss_test=0.011557  lr=1.6075e-05  step=73999
[ train ] epoch 74 step 75000/100000  loss=0.00053003  diffusion_loss=0.0010601  a0_loss=0.002117  loss_test=0.0020652  a0_loss_test=0.0109  lr=1.4926e-05  step=74999
[ train ] epoch 75 step 76000/100000  loss=0.0029105  diffusion_loss=0.0058211  a0_loss=0.013481  loss_test=0.0021322  a0_loss_test=0.011366  lr=1.3813e-05  step=75999
[ train ] epoch 76 step 77000/100000  loss=0.00058857  diffusion_loss=0.0011771  a0_loss=0.0025708  loss_test=0.0020037  a0_loss_test=0.010754  lr=1.2737e-05  step=76999
[ train ] epoch 77 step 78000/100000  loss=0.0014167  diffusion_loss=0.0028335  a0_loss=0.0078481  loss_test=0.0020899  a0_loss_test=0.011247  lr=1.1698e-05  step=77999
[ train ] epoch 78 step 79000/100000  loss=0.0048247  diffusion_loss=0.0096495  a0_loss=0.027388  loss_test=0.0023194  a0_loss_test=0.012376  lr=1.0697e-05  step=78999
[ train ] epoch 79 step 80000/100000  loss=0.001299  diffusion_loss=0.002598  a0_loss=0.0066663  loss_test=0.0022287  a0_loss_test=0.012098  lr=9.7365e-06  step=79999
[ train ] epoch 80 step 81000/100000  loss=0.0027691  diffusion_loss=0.0055383  a0_loss=0.010557  loss_test=0.0020421  a0_loss_test=0.010874  lr=8.8162e-06  step=80999
[ train ] epoch 81 step 82000/100000  loss=0.00071165  diffusion_loss=0.0014233  a0_loss=0.0027032  loss_test=0.0020843  a0_loss_test=0.011563  lr=7.9373e-06  step=81999
[ train ] epoch 82 step 83000/100000  loss=0.00088171  diffusion_loss=0.0017634  a0_loss=0.0044696  loss_test=0.0020578  a0_loss_test=0.011282  lr=7.1008e-06  step=82999
[ train ] epoch 83 step 84000/100000  loss=0.0036057  diffusion_loss=0.0072114  a0_loss=0.018813  loss_test=0.0022567  a0_loss_test=0.012007  lr=6.3075e-06  step=83999
[ train ] epoch 84 step 85000/100000  loss=0.0009999  diffusion_loss=0.0019998  a0_loss=0.0041675  loss_test=0.0017765  a0_loss_test=0.0094017  lr=5.5582e-06  step=84999
[ train ] epoch 85 step 86000/100000  loss=0.0046832  diffusion_loss=0.0093664  a0_loss=0.028102  loss_test=0.002071  a0_loss_test=0.011098  lr=4.8537e-06  step=85999
[ train ] epoch 86 step 87000/100000  loss=0.0015719  diffusion_loss=0.0031438  a0_loss=0.010996  loss_test=0.0019687  a0_loss_test=0.010982  lr=4.1946e-06  step=86999
[ train ] epoch 87 step 88000/100000  loss=0.0015062  diffusion_loss=0.0030124  a0_loss=0.0065354  loss_test=0.0019032  a0_loss_test=0.010043  lr=3.5816e-06  step=87999
[ train ] epoch 88 step 89000/100000  loss=0.0015938  diffusion_loss=0.0031877  a0_loss=0.011815  loss_test=0.002058  a0_loss_test=0.011259  lr=3.0154e-06  step=88999
[ train ] epoch 89 step 90000/100000  loss=0.0018555  diffusion_loss=0.0037111  a0_loss=0.0088376  loss_test=0.0020225  a0_loss_test=0.011442  lr=2.4964e-06  step=89999
[ train ] epoch 90 step 91000/100000  loss=0.0080187  diffusion_loss=0.016037  a0_loss=0.05348  loss_test=0.0018472  a0_loss_test=0.0096079  lr=2.0254e-06  step=90999
[ train ] epoch 91 step 92000/100000  loss=0.0025993  diffusion_loss=0.0051986  a0_loss=0.015187  loss_test=0.0018412  a0_loss_test=0.010124  lr=1.6026e-06  step=91999
[ train ] epoch 92 step 93000/100000  loss=0.00080406  diffusion_loss=0.0016081  a0_loss=0.0034  loss_test=0.0015908  a0_loss_test=0.0083368  lr=1.2285e-06  step=92999
[ train ] epoch 93 step 94000/100000  loss=0.0010518  diffusion_loss=0.0021036  a0_loss=0.0033183  loss_test=0.0020777  a0_loss_test=0.010602  lr=9.0357e-07  step=93999
[ train ] epoch 94 step 95000/100000  loss=0.001971  diffusion_loss=0.003942  a0_loss=0.0098932  loss_test=0.0019853  a0_loss_test=0.01048  lr=6.2806e-07  step=94999
[ train ] epoch 95 step 96000/100000  loss=0.001108  diffusion_loss=0.0022159  a0_loss=0.0053577  loss_test=0.0020464  a0_loss_test=0.010838  lr=4.0226e-07  step=95999
[ train ] epoch 96 step 97000/100000  loss=0.00047475  diffusion_loss=0.0009495  a0_loss=0.0022829  loss_test=0.002078  a0_loss_test=0.010958  lr=2.264e-07  step=96999
[ train ] epoch 97 step 98000/100000  loss=0.0022005  diffusion_loss=0.004401  a0_loss=0.0094705  loss_test=0.001751  a0_loss_test=0.0094948  lr=1.0067e-07  step=97999
[ train ] epoch 98 step 99000/100000  loss=0.00050959  diffusion_loss=0.0010192  a0_loss=0.0021769  loss_test=0.0019166  a0_loss_test=0.010339  lr=2.5173e-08  step=98999
[ train ] epoch 99 step 100000/100000  loss=0.0012986  diffusion_loss=0.0025972  a0_loss=0.0063895  loss_test=0.0018838  a0_loss_test=0.0098357  lr=0  step=99999
[ utils/training ] final checkpoint: step 100000 (the periodic save only reaches 80000); "latest" now resolves to the end of the schedule
wandb: - 0.015 MB of 0.015 MB uploadedwandb: \ 0.015 MB of 0.015 MB uploadedwandb: | 0.015 MB of 0.015 MB uploadedwandb: / 0.015 MB of 0.015 MB uploadedwandb: - 0.025 MB of 0.057 MB uploaded (0.004 MB deduped)wandb: \ 0.025 MB of 0.057 MB uploaded (0.004 MB deduped)wandb: | 0.025 MB of 0.057 MB uploaded (0.004 MB deduped)wandb: / 0.057 MB of 0.057 MB uploaded (0.004 MB deduped)wandb:                                                                                
wandb: W&B sync reduced upload amount by 6.5%
wandb: 
wandb: Run history:
wandb:  test/a0_loss █▄▁▁▁▁▁▁▁▁▁▁▁▁▁▁▁▁▁▁▁▁▁▁▁▁▁▁▁▁▁▁▁▁▁▁▁▁▁▁
wandb:     test/loss █▃▁▁▁▁▁▁▁▁▁▁▁▁▁▁▁▁▁▁▁▁▁▁▁▁▁▁▁▁▁▁▁▁▁▁▁▁▁▁
wandb: train/a0_loss █▃▁▁▁▁▁▁▁▁▁▁▁▁▁▁▁▁▁▁▁▁▁▁▁▁▁▁▁▁▁▁▁▁▁▁▁▁▁▁
wandb:    train/loss █▃▁▁▁▁▁▁▁▁▁▁▁▁▁▁▁▁▁▁▁▁▁▁▁▁▁▁▁▁▁▁▁▁▁▁▁▁▁▁
wandb: 
wandb: Run summary:
wandb:           engine diffusion
wandb:  final_test_loss 0.00188
wandb: final_train_loss 0.00043
wandb:             seed 6
wandb:           status completed
wandb:     test/a0_loss 0.00984
wandb:        test/loss 0.00188
wandb:    train/a0_loss 0.00132
wandb:       train/loss 0.00043
wandb: 
wandb: 🚀 View run uav-corridor-mix_uav_diffusion-H8_Dddpm_diffusion.GaussianDiffusion_9D_K20-S6-slurm-25773 at: https://wandb.ai/llmmail2021-technical-university-of-munich/FM-PCC-uav-mix/runs/chf53xbi
wandb: ⭐️ View project at: https://wandb.ai/llmmail2021-technical-university-of-munich/FM-PCC-uav-mix
wandb: Synced 6 W&B file(s), 0 media file(s), 3 artifact file(s) and 0 other file(s)
wandb: Find logs at: ./wandb/run-20260913_183020-chf53xbi/logs
wandb: WARNING The new W&B backend becomes opt-out in version 0.18.0; try it out with `wandb.require("core")`! See https://wandb.me/wandb-core for more information.
Gen15 UAV Mix-ML training completed (engine=diffusion).
Job completed successfully. Trained engine=diffusion scene=corridor for seeds=[6]
JOB END: Sun Sep 13 21:11:16 UTC 2026
