/bin/bash: /u/home/llim/miniconda3/lib/libtinfo.so.6: no version information available (required by /bin/bash)
JOB START: Thu Jun  4 10:10:46 UTC 2026
wandb: Currently logged in as: llmmail2021 (llmmail2021-technical-university-of-munich). Use `wandb login --relogin` to force relogin
wandb: wandb version 0.27.1 is available!  To upgrade, please run:
wandb:  $ pip install wandb --upgrade
wandb: Tracking run with wandb version 0.17.5
wandb: Run data is saved locally in /data/home/llim/FMPCC/FM-PCC/wandb/run-20260604_101049-ycn1ab8h
wandb: Run `wandb offline` to turn off syncing.
wandb: Syncing run avoiding-d3il-visual-visual_avoiding_dpcc/H8_K20_Ddiffuser_visual_avoiding.models.visual_gaussian_diffusion.VisualGaussianDiffusion_aw10_VTrue_steps200_bs64-S6
wandb: ⭐️ View project at https://wandb.ai/llmmail2021-technical-university-of-munich/FMPCC-visual-avoiding-dpcc
wandb: 🚀 View run at https://wandb.ai/llmmail2021-technical-university-of-munich/FMPCC-visual-avoiding-dpcc/runs/ycn1ab8h
[ train ] Seeds: [6]  (source: cli --seeds)
[ utils/setup ] Made savepath: logs/avoiding-d3il-visual/visual_avoiding_dpcc/H8_K20_Ddiffuser_visual_avoiding.models.visual_gaussian_diffusion.VisualGaussianDiffusion_aw10_VTrue_steps200_bs64/6
[ train ] dataset=ParityAvoidingDataset (visual, 6D trajectory)

[utils/config ] Config: <class 'diffuser_visual_avoiding.datasets.sequence.ParityAvoidingDataset'>
    dataset_path: environments/dataset/data/avoiding/all_data/train_files.pkl
    horizon: 8
    max_n_episodes: 200

[ utils/config ] Saved config to: logs/avoiding-d3il-visual/visual_avoiding_dpcc/H8_K20_Ddiffuser_visual_avoiding.models.visual_gaussian_diffusion.VisualGaussianDiffusion_aw10_VTrue_steps200_bs64/6/dataset_config.pkl

[ utils/config ] Saved config to: logs/avoiding-d3il-visual/visual_avoiding_dpcc/H8_K20_Ddiffuser_visual_avoiding.models.visual_gaussian_diffusion.VisualGaussianDiffusion_aw10_VTrue_steps200_bs64/6/dataset_config.json

Loading states:   0%|          | 0/86 [00:00<?, ?it/s]Loading states: 100%|██████████| 86/86 [00:00<00:00, 16147.83it/s]
Loading images:   0%|          | 0/86 [00:00<?, ?it/s]Loading images: 100%|██████████| 86/86 [00:01<00:00, 44.53it/s]
/u/home/llim/miniconda3/envs/FMPCC/lib/python3.10/site-packages/torchvision/models/_utils.py:208: UserWarning: The parameter 'pretrained' is deprecated since 0.13 and may be removed in the future, please use 'weights' instead.
  warnings.warn(
/u/home/llim/miniconda3/envs/FMPCC/lib/python3.10/site-packages/torchvision/models/_utils.py:223: UserWarning: Arguments other than a weight enum or `None` for 'weights' are deprecated since 0.13 and may be removed in the future. The current behavior is equivalent to passing `weights=None`.
  warnings.warn(msg)
[ ParityAvoidingDataset ] 86 episodes, 5786 windows (horizon=8, traj_dim=6, single-camera)
[ train ] Saved obs_normalizer → logs/avoiding-d3il-visual/visual_avoiding_dpcc/H8_K20_Ddiffuser_visual_avoiding.models.visual_gaussian_diffusion.VisualGaussianDiffusion_aw10_VTrue_steps200_bs64/6/obs_normalizer.pkl
[ train ] Saved act_normalizer → logs/avoiding-d3il-visual/visual_avoiding_dpcc/H8_K20_Ddiffuser_visual_avoiding.models.visual_gaussian_diffusion.VisualGaussianDiffusion_aw10_VTrue_steps200_bs64/6/act_normalizer.pkl
[ train ] obs_normalizer [ Normalizer ] dim: 4
    -: [ 0.23 -0.28  0.21 -0.28]
    +: [0.82 0.49 0.77 0.49]

[ train ] act_normalizer [ Normalizer ] dim: 2
    -: [-0.01  0.  ]
    +: [0.01 0.01]


[utils/config ] Config: <class 'diffuser_visual_avoiding.models.visual_unet.VisualUNet'>
    config: Namespace(config='config.avoiding-d3il-visual', seed=6, dataset='avoiding-d3il-visual', model='diffuser_visual_avoiding.models.visual_unet.VisualUNet', diffusion='diffuser_visual_avoiding.models.visual_gaussian_diffusion.VisualGaussianDiffusion', action_dim=2, obs_dim=4, if_vision=True, horizon=8, n_diffusion_steps=20, action_weight=10, loss_type='l2', dim=32, dim_mults=(1, 2, 4, 8), condition_dropout=0.1, returns_condition=False, max_path_length=200, logbase='logs', prefix='visual_avoiding_dpcc/', exp_name='visual_avoiding_dpcc/H8_K20_Ddiffuser_visual_avoiding.models.visual_gaussian_diffusion.VisualGaussianDiffusion_aw10_VTrue_steps200_bs64', batch_size=64, learning_rate=0.0002, ema_decay=0.995, n_steps_per_epoch=1000, n_train_steps=100000.0, gradient_accumulate_every=2, train_test_split=0.9, device='cuda', savepath='logs/avoiding-d3il-visual/visual_avoiding_dpcc/H8_K20_Ddiffuser_visual_avoiding.models.visual_gaussian_diffusion.VisualGaussianDiffusion_aw10_VTrue_steps200_bs64/6')

[ utils/config ] Saved config to: logs/avoiding-d3il-visual/visual_avoiding_dpcc/H8_K20_Ddiffuser_visual_avoiding.models.visual_gaussian_diffusion.VisualGaussianDiffusion_aw10_VTrue_steps200_bs64/6/model_config.pkl

[ utils/config ] Saved config to: logs/avoiding-d3il-visual/visual_avoiding_dpcc/H8_K20_Ddiffuser_visual_avoiding.models.visual_gaussian_diffusion.VisualGaussianDiffusion_aw10_VTrue_steps200_bs64/6/model_config.json

ROBOMIMIC WARNING(
    No private macro file found!
    It is recommended to use a private macro file
    To setup, run: python /u/home/llim/FMPCC/FM-PCC/d3il/agents/models/robomimic/scripts/setup_macros.py
)
[ VisualUNet ] MultiImageObsEncoder initialized (SINGLE-CAM) — LATENT_DIM=64, imagenet_norm=True
[ train ] n_diffusion_steps = 20  (must match eval config to avoid denoising-chain mismatch)

[utils/config ] Config: <class 'diffuser_visual_avoiding.models.visual_gaussian_diffusion.VisualGaussianDiffusion'>
    action_dim: 2
    action_weight: 10
    clip_denoised: False
    goal_dim: 0
    horizon: 8
    loss_type: l2
    n_timesteps: 20
    observation_dim: 4
    predict_epsilon: True

[ utils/config ] Saved config to: logs/avoiding-d3il-visual/visual_avoiding_dpcc/H8_K20_Ddiffuser_visual_avoiding.models.visual_gaussian_diffusion.VisualGaussianDiffusion_aw10_VTrue_steps200_bs64/6/diffusion_config.pkl

[ utils/config ] Saved config to: logs/avoiding-d3il-visual/visual_avoiding_dpcc/H8_K20_Ddiffuser_visual_avoiding.models.visual_gaussian_diffusion.VisualGaussianDiffusion_aw10_VTrue_steps200_bs64/6/diffusion_config.json


[utils/config ] Config: <class 'diffuser_visual_avoiding.utils.training.Trainer'>
    ema_decay: 0.995
    gradient_accumulate_every: 2
    log_freq: 1000
    n_steps_per_epoch: 1000
    n_train_steps: 100000.0
    results_folder: logs/avoiding-d3il-visual/visual_avoiding_dpcc/H8_K20_Ddiffuser_visual_avoiding.models.visual_gaussian_diffusion.VisualGaussianDiffusion_aw10_VTrue_steps200_bs64/6
    train_batch_size: 64
    train_lr: 0.0002
    train_test_split: 0.9

[ utils/config ] Saved config to: logs/avoiding-d3il-visual/visual_avoiding_dpcc/H8_K20_Ddiffuser_visual_avoiding.models.visual_gaussian_diffusion.VisualGaussianDiffusion_aw10_VTrue_steps200_bs64/6/trainer_config.pkl

[ utils/config ] Saved config to: logs/avoiding-d3il-visual/visual_avoiding_dpcc/H8_K20_Ddiffuser_visual_avoiding.models.visual_gaussian_diffusion.VisualGaussianDiffusion_aw10_VTrue_steps200_bs64/6/trainer_config.json

  0%|          | 0/1000 [00:00<?, ?it/s]Epoch 0:   0%|          | 0/1000 [00:00<?, ?it/s]Initial test loss:   0.7394, a0 loss:   0.1199
Epoch 0: 100%|██████████| 1000/1000 [02:11<00:00,  7.59it/s, a0_loss=0.0121, a0_loss_test=0.12, diffusion_loss=0.237, loss=0.119, loss_test=0.739, lr=0.0002, step=999]Epoch 0: 100%|██████████| 1000/1000 [02:11<00:00,  7.59it/s, a0_loss=0.0121, a0_loss_test=0.12, diffusion_loss=0.237, loss=0.119, loss_test=0.739, lr=0.0002, step=999]
  0%|          | 0/1000 [00:00<?, ?it/s]Epoch 1:   0%|          | 0/1000 [00:00<?, ?it/s]Epoch 1: 100%|██████████| 1000/1000 [02:03<00:00,  8.09it/s, a0_loss=0.0177, a0_loss_test=0.0195, diffusion_loss=0.167, loss=0.0835, loss_test=0.149, lr=0.0002, step=1999]Epoch 1: 100%|██████████| 1000/1000 [02:03<00:00,  8.09it/s, a0_loss=0.0177, a0_loss_test=0.0195, diffusion_loss=0.167, loss=0.0835, loss_test=0.149, lr=0.0002, step=1999]
  0%|          | 0/1000 [00:00<?, ?it/s]Epoch 2:   0%|          | 0/1000 [00:00<?, ?it/s]slurmstepd-i6-gpu-1: error: *** JOB 21182 ON i6-gpu-1 CANCELLED AT 2026-06-04T10:15:44 ***
