/bin/bash: /u/home/llim/miniconda3/lib/libtinfo.so.6: no version information available (required by /bin/bash)
========================================
UAV EXPERT DATA COLLECTION (Epoch 4)
DATE:     Thu Jun  4 13:45:30 UTC 2026
NODE:     i6-gpu-1
JOB_ID:   21208
ARRAY_ID: none
========================================
[ sbatch ] Repo: /u/home/llim/FMPCC/FM-PCC
[ sbatch ] scene=s_curve  n_trials=500  gain=pid_default  seed=0
[ collect ] scene=s_curve  n_trials=500  homotopy_pool=['default']  gain=pid_default  seed=0  noise_sigma=0.02
[ collect ] ABORT: rejection rate 100.0% > limit 30.0%. Check PID stability (Decision 2 fix applied?).
[ collect ] DONE  saved=0  rejected=21  (100.0% rejected)  elapsed=6s
[ sbatch ] Collection done. Running stats validator …
[ validate ] Loading episodes from logs/uav_expert_data/s_curve …
[ validate ] No episodes found. Run collect.py first.
[ sbatch ] Output: logs/uav_expert_data/s_curve/
========================================
JOB END: Thu Jun  4 13:45:38 UTC 2026
========================================
