/bin/bash: /u/home/llim/miniconda3/lib/libtinfo.so.6: no version information available (required by /bin/bash)
========================================
UAV EXPERT DATA COLLECTION (Epoch 4)
DATE:     Thu Jun  4 14:05:16 UTC 2026
NODE:     i6-gpu-1
JOB_ID:   21215
ARRAY_ID: none
========================================
[ sbatch ] Repo: /u/home/llim/FMPCC/FM-PCC
[ sbatch ] scene=pillars  n_trials=500  gain=pid_default  seed=0
[ collect ] scene=pillars  n_trials=500  homotopy_pool=['(L,L,L)', '(L,R,L)', '(R,L,R)', '(R,R,R)']  gain=pid_default  seed=0  noise_sigma=0.02
[ collect ] saved=   1  rejected=  0  t=0s  ~0.29s/ep  ETA≈146s  last→logs/uav_expert_data/pillars/L_L_L/pillars_L_L_L_pid_default_0000000.pkl
[ collect ] ABORT: rejection rate 54.5% > limit 30.0%. Check PID stability (Decision 2 fix applied?).
[ collect ] DONE  saved=10  rejected=12  (54.5% rejected)  elapsed=7s
[ sbatch ] Collection done. Running stats validator …
[ validate ] Loading episodes from logs/uav_expert_data/pillars …

============================================================
  Generated dataset vs UAV-Flow Phase 4-α targets
============================================================
  Episodes generated  : 10
  Homotopy breakdown  : {'(L,L,L)': 5, '(R,R,R)': 5}

  Speed (m/s):
    Generated  mean=0.337  median=0.000  p95=2.410
    UAV-Flow   velocity unknown (no timestamps in dataset)
    Our target 0.30–0.50 m/s  (RESEARCH §3.3)
    STATUS: ✅ OK

  Episode length (steps at ~33 Hz):
    Generated  mean=465  median=466  [381, 531]
    UAV-Flow   median=38.0 waypoints (different Hz — not directly comparable)

  Action Δp_des norm (m per step):
    Generated  mean=0.0338  p95=0.0489
    Expected   0.009–0.015 m/step (0.3–0.5 m/s at 33 Hz)
    STATUS: ✅ OK
============================================================

[ validate ] Stats saved → logs/uav_expert_data/pillars/dataset_stats.json
[ sbatch ] Output: logs/uav_expert_data/pillars/
========================================
JOB END: Thu Jun  4 14:05:24 UTC 2026
========================================
