/bin/bash: /u/home/llim/miniconda3/lib/libtinfo.so.6: no version information available (required by /bin/bash)
================================================================================
JOB START: Tue Jul 28 22:18:14 UTC 2026
JOB NAME:  hf_ml_train   ID: 23979   NODE: i6-gpu-1
CONDA ENV: hardflow_clone   (clone of FMPCC — live env untouched)
HARDFLOW_REPO: /u/home/llim/FMPCC/FM-PCC/HardFlow
LOG COLLECT:   /u/home/llim/FMPCC/FM-PCC/logs/hardflow
NVIDIA RTX A5000, 530.41.03, 24564 MiB
NVIDIA RTX A5000, 530.41.03, 24564 MiB
NVIDIA RTX A5000, 530.41.03, 24564 MiB
NVIDIA RTX A5000, 530.41.03, 24564 MiB
NVIDIA RTX A5000, 530.41.03, 24564 MiB
NVIDIA RTX A5000, 530.41.03, 24564 MiB
NVIDIA RTX A5000, 530.41.03, 24564 MiB
NVIDIA RTX A5000, 530.41.03, 24564 MiB
HARDFLOW GIT: 2e98a3f
================================================================================
[ HF-BRIDGE ] python: /u/home/llim/miniconda3/envs/hardflow_clone/bin/python
[ HF-BRIDGE ] tyro OK, gym==0.20.0
[ HF-BRIDGE ] W&B key found -> WANDB_MODE=online
[ GPU-CHECK ] CUDA_VISIBLE_DEVICES=7  MUJOCO_EGL_DEVICE_ID=7
[ HF-BRIDGE ] /u/home/llim/FMPCC/FM-PCC/HardFlow/logs -> /u/home/llim/FMPCC/FM-PCC/logs/hardflow
[ HF-BRIDGE ] cwd: /u/home/llim/FMPCC/FM-PCC/HardFlow
[ HF-ML-TRAIN ] shared gates first: python run/imf_gates.py

=== G0: TemporalImfUnet mechanics (avoiding config) ===
[ models/temporal_imf ] Channel dimensions: [(6, 32), (32, 128), (128, 256)]
[ PASS ] G0 shapes: tau=float: u(3, 16, 6) v(3, 16, 6)
[ PASS ] G0 shapes: tau=Tensor: u(3, 16, 6) v(3, 16, 6)
[ PASS ] G0 shapes: tau=float: u(3, 16, 6) v(3, 16, 6)
[ info ] TemporalImfUnet params: 3.69M

=== G1: 1D GMM end-to-end (convention / loss / sampler) ===
[ train ] step 0: raw_mse_u 5.3623 raw_mse_v 5.3333
[ train ] step 1000: raw_mse_u 25.7487 raw_mse_v 3.9826
[ train ] step 2000: raw_mse_u 24.1426 raw_mse_v 4.1025
[ train ] step 3000: raw_mse_u 16.5437 raw_mse_v 3.7099
[ PASS ] G1-A h->0 (u ~= v): rel err 0.0008
[ PASS ] G1-B 1-NFE lands on data (sign): mean|x| 2.089 (target ~2), near-mode frac 0.98, min-mode frac 0.48, W1 0.276
[ PASS ] G1-C K1 ~ K2 (W1): W1(K1,K2) 0.067
[ PASS ] G1-D jump composition (W1): W1 0.084

ALL GATES PASSED — cleared for Phase 2 (training).
[ HF-ML-TRAIN ] ML_TYPE=af  ->  bash run_scripts/train_ml.sh
bash: /u/home/llim/miniconda3/lib/libtinfo.so.6: no version information available (required by bash)
=== Gen13 U11 Mix-ML train: ml_type=af env=avoiding-v0 horizon=16 steps=100000 ===
    exp_name=H16_ml_af_100k  lr=2e-4  grad_clip=1.0
[ train_ml ] ml_type=af  exp_name=H16_ml_af_100k
[ datasets/buffer ] Finalized replay buffer | 96 episodes
[ datasets/sequence ] Calculating normalizer...
[ datasets/sequence ] Normalizer saved at logs/avoiding-v0/normalizer/normalizer_H16.pth
[ datasets/sequence ] Normalizer acquired
[ datasets/sequence ] Indices made
Normalizing...
  0%|          | 0/2 [00:00<?, ?it/s]100%|██████████| 2/2 [00:00<00:00, 2495.87it/s]
wandb: Currently logged in as: llmmail2021 (llmmail2021-technical-university-of-munich). Use `wandb login --relogin` to force relogin
wandb: wandb version 0.28.1 is available!  To upgrade, please run:
wandb:  $ pip install wandb --upgrade
wandb: Tracking run with wandb version 0.17.5
wandb: Run data is saved locally in ./logs/avoiding-v0/flow/H16_ml_af_100k/wandb/run-20260728_221843-mer53733
wandb: Run `wandb offline` to turn off syncing.
wandb: Syncing run HF-ML-af-H16_ml_af_100k-seed0-slurm-23979
wandb: ⭐️ View project at https://wandb.ai/llmmail2021-technical-university-of-munich/FMPCC-HF-Mix-ML
wandb: 🚀 View run at https://wandb.ai/llmmail2021-technical-university-of-munich/FMPCC-HF-Mix-ML/runs/mer53733
[ datasets/sequence ] Normalized
[ datasets/buffer ] Fields:
    observations: (96, 200, 4)
    actions: (96, 200, 2)
    rewards: (96, 200, 1)
    terminals: (96, 200, 1)
    timeouts: (96, 200, 1)
    normed_observations: (96, 200, 4)
    normed_actions: (96, 200, 2)
[ models/temporal_imf ] Channel dimensions: [(6, 32), (32, 128), (128, 256)]
[ train_ml ] tensorboard not installed -> metrics.csv only
[ train_ml ] W&B online: project=FMPCC-HF-Mix-ML run=HF-ML-af-H16_ml_af_100k-seed0-slurm-23979
[ train_ml ] non-tty (batch) mode: progress bar disabled, logging every 200 steps of 100000
[ train_ml:af ] step 0  raw_mse_u 138.4352  raw_mse_v 131.0170  a0 1.54001  gnorm 2.76  alpha 1.000  (adaptive loss 2.0000 — flat by design)
[ train_ml:af ] step 200  raw_mse_u 62.8686  raw_mse_v 65.8230  a0 0.95036  gnorm 3.62  alpha 1.000  (adaptive loss 2.0000 — flat by design)
[ train_ml:af ] step 400  raw_mse_u 37.6311  raw_mse_v 40.2659  a0 1.33666  gnorm 9.42  alpha 1.000  (adaptive loss 1.9999 — flat by design)
[ train_ml:af ] step 600  raw_mse_u 32.3180  raw_mse_v 33.9157  a0 0.89012  gnorm 15.47  alpha 1.000  (adaptive loss 1.9999 — flat by design)
[ train_ml:af ] step 800  raw_mse_u 29.1501  raw_mse_v 29.9051  a0 0.77792  gnorm 14.61  alpha 1.000  (adaptive loss 1.9999 — flat by design)
[ train_ml:af ] step 1000  raw_mse_u 22.9757  raw_mse_v 22.9497  a0 0.54097  gnorm 14.22  alpha 1.000  (adaptive loss 1.9999 — flat by design)
[ train_ml:af ] step 1200  raw_mse_u 27.6520  raw_mse_v 27.9078  a0 0.61412  gnorm 16.63  alpha 1.000  (adaptive loss 1.9999 — flat by design)
[ train_ml:af ] step 1400  raw_mse_u 21.2598  raw_mse_v 21.3161  a0 0.50887  gnorm 19.30  alpha 1.000  (adaptive loss 1.9999 — flat by design)
[ train_ml:af ] step 1600  raw_mse_u 25.3386  raw_mse_v 25.7720  a0 0.68533  gnorm 15.79  alpha 1.000  (adaptive loss 1.9999 — flat by design)
[ train_ml:af ] step 1800  raw_mse_u 25.2991  raw_mse_v 25.4923  a0 0.75287  gnorm 16.25  alpha 1.000  (adaptive loss 1.9999 — flat by design)
[ train_ml:af ] step 2000  raw_mse_u 22.6899  raw_mse_v 22.7728  a0 0.59144  gnorm 14.95  alpha 1.000  (adaptive loss 1.9999 — flat by design)
[ train_ml:af ] step 2200  raw_mse_u 23.0260  raw_mse_v 22.8998  a0 0.71490  gnorm 16.93  alpha 1.000  (adaptive loss 1.9999 — flat by design)
[ train_ml:af ] step 2400  raw_mse_u 30.2184  raw_mse_v 30.6070  a0 0.65073  gnorm 13.08  alpha 1.000  (adaptive loss 1.9999 — flat by design)
[ train_ml:af ] step 2600  raw_mse_u 16.4067  raw_mse_v 16.2231  a0 0.39780  gnorm 17.74  alpha 1.000  (adaptive loss 1.9998 — flat by design)
[ train_ml:af ] step 2800  raw_mse_u 19.2694  raw_mse_v 19.1592  a0 0.39636  gnorm 11.23  alpha 1.000  (adaptive loss 1.9999 — flat by design)
[ train_ml:af ] step 3000  raw_mse_u 20.4101  raw_mse_v 20.4955  a0 0.26148  gnorm 14.14  alpha 1.000  (adaptive loss 1.9999 — flat by design)
[ train_ml:af ] step 3200  raw_mse_u 18.1030  raw_mse_v 18.2181  a0 0.52342  gnorm 12.90  alpha 1.000  (adaptive loss 1.9998 — flat by design)
[ train_ml:af ] step 3400  raw_mse_u 19.1837  raw_mse_v 19.1515  a0 0.33427  gnorm 9.41  alpha 1.000  (adaptive loss 1.9999 — flat by design)
[ train_ml:af ] step 3600  raw_mse_u 14.5424  raw_mse_v 14.6561  a0 0.34968  gnorm 15.69  alpha 1.000  (adaptive loss 1.9998 — flat by design)
[ train_ml:af ] step 3800  raw_mse_u 13.9221  raw_mse_v 13.8146  a0 0.47524  gnorm 22.68  alpha 1.000  (adaptive loss 1.9998 — flat by design)
[ train_ml:af ] step 4000  raw_mse_u 18.5541  raw_mse_v 18.5521  a0 0.39654  gnorm 12.65  alpha 1.000  (adaptive loss 1.9999 — flat by design)
[ train_ml:af ] step 4200  raw_mse_u 18.2677  raw_mse_v 18.2120  a0 0.28170  gnorm 7.95  alpha 1.000  (adaptive loss 1.9998 — flat by design)
[ train_ml:af ] step 4400  raw_mse_u 16.3217  raw_mse_v 16.3373  a0 0.48790  gnorm 13.25  alpha 1.000  (adaptive loss 1.9998 — flat by design)
[ train_ml:af ] step 4600  raw_mse_u 16.6334  raw_mse_v 16.6650  a0 0.36254  gnorm 13.15  alpha 1.000  (adaptive loss 1.9998 — flat by design)
[ train_ml:af ] step 4800  raw_mse_u 15.6973  raw_mse_v 15.5810  a0 0.31308  gnorm 13.46  alpha 1.000  (adaptive loss 1.9998 — flat by design)
[ train_ml:af ] step 5000  raw_mse_u 16.6247  raw_mse_v 16.6277  a0 0.45122  gnorm 16.37  alpha 1.000  (adaptive loss 1.9998 — flat by design)
[ train_ml:af ] step 5200  raw_mse_u 16.8202  raw_mse_v 16.7575  a0 0.22224  gnorm 16.93  alpha 1.000  (adaptive loss 1.9998 — flat by design)
[ train_ml:af ] step 5400  raw_mse_u 21.2685  raw_mse_v 21.2821  a0 0.42610  gnorm 11.72  alpha 1.000  (adaptive loss 1.9998 — flat by design)
[ train_ml:af ] step 5600  raw_mse_u 14.7136  raw_mse_v 14.6880  a0 0.42087  gnorm 11.49  alpha 1.000  (adaptive loss 1.9998 — flat by design)
[ train_ml:af ] step 5800  raw_mse_u 18.0993  raw_mse_v 18.0123  a0 0.23211  gnorm 13.95  alpha 1.000  (adaptive loss 1.9998 — flat by design)
[ train_ml:af ] step 6000  raw_mse_u 23.5959  raw_mse_v 23.5848  a0 0.76233  gnorm 12.50  alpha 1.000  (adaptive loss 1.9999 — flat by design)
[ train_ml:af ] step 6200  raw_mse_u 12.7038  raw_mse_v 12.6286  a0 0.22961  gnorm 10.10  alpha 1.000  (adaptive loss 1.9998 — flat by design)
[ train_ml:af ] step 6400  raw_mse_u 23.5258  raw_mse_v 23.6649  a0 0.62253  gnorm 10.36  alpha 1.000  (adaptive loss 1.9999 — flat by design)
[ train_ml:af ] step 6600  raw_mse_u 14.0165  raw_mse_v 14.0362  a0 0.48990  gnorm 12.11  alpha 1.000  (adaptive loss 1.9998 — flat by design)
[ train_ml:af ] step 6800  raw_mse_u 18.0570  raw_mse_v 18.0426  a0 0.57765  gnorm 13.64  alpha 1.000  (adaptive loss 1.9998 — flat by design)
[ train_ml:af ] step 7000  raw_mse_u 17.1004  raw_mse_v 17.1683  a0 0.32434  gnorm 10.64  alpha 1.000  (adaptive loss 1.9998 — flat by design)
[ train_ml:af ] step 7200  raw_mse_u 17.7246  raw_mse_v 17.6853  a0 0.38081  gnorm 12.09  alpha 1.000  (adaptive loss 1.9998 — flat by design)
[ train_ml:af ] step 7400  raw_mse_u 19.8269  raw_mse_v 19.7925  a0 0.38551  gnorm 11.81  alpha 1.000  (adaptive loss 1.9998 — flat by design)
[ train_ml:af ] step 7600  raw_mse_u 16.5340  raw_mse_v 16.4887  a0 0.41950  gnorm 14.17  alpha 1.000  (adaptive loss 1.9998 — flat by design)
[ train_ml:af ] step 7800  raw_mse_u 18.2608  raw_mse_v 18.3294  a0 0.40930  gnorm 19.03  alpha 1.000  (adaptive loss 1.9998 — flat by design)
[ train_ml:af ] step 8000  raw_mse_u 13.0782  raw_mse_v 13.0526  a0 0.40829  gnorm 9.10  alpha 1.000  (adaptive loss 1.9998 — flat by design)
[ train_ml:af ] step 8200  raw_mse_u 18.0067  raw_mse_v 18.0394  a0 0.44668  gnorm 12.22  alpha 1.000  (adaptive loss 1.9998 — flat by design)
[ train_ml:af ] step 8400  raw_mse_u 13.8025  raw_mse_v 13.7665  a0 0.34545  gnorm 9.24  alpha 1.000  (adaptive loss 1.9998 — flat by design)
[ train_ml:af ] step 8600  raw_mse_u 13.7707  raw_mse_v 13.8664  a0 0.19280  gnorm 10.25  alpha 1.000  (adaptive loss 1.9998 — flat by design)
[ train_ml:af ] step 8800  raw_mse_u 20.2506  raw_mse_v 20.2470  a0 0.43893  gnorm 17.27  alpha 1.000  (adaptive loss 1.9998 — flat by design)
[ train_ml:af ] step 9000  raw_mse_u 19.6741  raw_mse_v 19.6571  a0 0.39009  gnorm 8.36  alpha 1.000  (adaptive loss 1.9998 — flat by design)
[ train_ml:af ] step 9200  raw_mse_u 17.2269  raw_mse_v 17.2778  a0 0.52236  gnorm 9.47  alpha 1.000  (adaptive loss 1.9998 — flat by design)
[ train_ml:af ] step 9400  raw_mse_u 12.9482  raw_mse_v 12.9654  a0 0.22679  gnorm 10.57  alpha 1.000  (adaptive loss 1.9997 — flat by design)
[ train_ml:af ] step 9600  raw_mse_u 15.1226  raw_mse_v 15.0965  a0 0.32662  gnorm 12.69  alpha 1.000  (adaptive loss 1.9998 — flat by design)
[ train_ml:af ] step 9800  raw_mse_u 14.0576  raw_mse_v 13.9791  a0 0.28840  gnorm 13.34  alpha 1.000  (adaptive loss 1.9998 — flat by design)
[ train_ml:af ] step 10000  raw_mse_u 15.1279  raw_mse_v 15.1324  a0 0.21451  gnorm 8.67  alpha 1.000  (adaptive loss 1.9998 — flat by design)
[ train_ml:af ] step 10200  raw_mse_u 10.9166  raw_mse_v 10.9241  a0 0.25294  gnorm 9.52  alpha 1.000  (adaptive loss 1.9998 — flat by design)
[ train_ml:af ] step 10400  raw_mse_u 14.9782  raw_mse_v 15.0676  a0 0.31438  gnorm 15.01  alpha 1.000  (adaptive loss 1.9998 — flat by design)
[ train_ml:af ] step 10600  raw_mse_u 18.4916  raw_mse_v 18.4677  a0 0.41675  gnorm 16.87  alpha 1.000  (adaptive loss 1.9998 — flat by design)
[ train_ml:af ] step 10800  raw_mse_u 15.3315  raw_mse_v 15.3247  a0 0.30070  gnorm 12.89  alpha 1.000  (adaptive loss 1.9998 — flat by design)
[ train_ml:af ] step 11000  raw_mse_u 13.3848  raw_mse_v 13.3968  a0 0.22899  gnorm 11.59  alpha 1.000  (adaptive loss 1.9998 — flat by design)
[ train_ml:af ] step 11200  raw_mse_u 18.8919  raw_mse_v 18.8708  a0 0.23945  gnorm 10.04  alpha 1.000  (adaptive loss 1.9998 — flat by design)
[ train_ml:af ] step 11400  raw_mse_u 16.7043  raw_mse_v 16.6754  a0 0.40620  gnorm 8.53  alpha 1.000  (adaptive loss 1.9998 — flat by design)
[ train_ml:af ] step 11600  raw_mse_u 11.4854  raw_mse_v 11.5061  a0 0.16810  gnorm 10.24  alpha 1.000  (adaptive loss 1.9998 — flat by design)
[ train_ml:af ] step 11800  raw_mse_u 15.4517  raw_mse_v 15.4107  a0 0.22284  gnorm 10.19  alpha 1.000  (adaptive loss 1.9998 — flat by design)
[ train_ml:af ] step 12000  raw_mse_u 16.5240  raw_mse_v 16.5592  a0 0.38532  gnorm 9.80  alpha 1.000  (adaptive loss 1.9998 — flat by design)
[ train_ml:af ] step 12200  raw_mse_u 16.1476  raw_mse_v 16.1282  a0 0.30578  gnorm 11.09  alpha 1.000  (adaptive loss 1.9997 — flat by design)
[ train_ml:af ] step 12400  raw_mse_u 15.9274  raw_mse_v 15.8961  a0 0.42899  gnorm 10.88  alpha 1.000  (adaptive loss 1.9998 — flat by design)
[ train_ml:af ] step 12600  raw_mse_u 15.4660  raw_mse_v 15.4768  a0 0.36331  gnorm 15.83  alpha 1.000  (adaptive loss 1.9998 — flat by design)
[ train_ml:af ] step 12800  raw_mse_u 12.9885  raw_mse_v 13.0612  a0 0.39124  gnorm 9.74  alpha 1.000  (adaptive loss 1.9997 — flat by design)
[ train_ml:af ] step 13000  raw_mse_u 15.5418  raw_mse_v 15.5810  a0 0.50941  gnorm 10.19  alpha 1.000  (adaptive loss 1.9998 — flat by design)
[ train_ml:af ] step 13200  raw_mse_u 11.8419  raw_mse_v 11.8532  a0 0.25710  gnorm 11.61  alpha 1.000  (adaptive loss 1.9998 — flat by design)
[ train_ml:af ] step 13400  raw_mse_u 14.7096  raw_mse_v 14.7030  a0 0.39018  gnorm 13.92  alpha 1.000  (adaptive loss 1.9997 — flat by design)
[ train_ml:af ] step 13600  raw_mse_u 16.9505  raw_mse_v 16.9521  a0 0.28186  gnorm 9.98  alpha 1.000  (adaptive loss 1.9998 — flat by design)
[ train_ml:af ] step 13800  raw_mse_u 15.0747  raw_mse_v 15.1048  a0 0.23120  gnorm 10.24  alpha 1.000  (adaptive loss 1.9998 — flat by design)
[ train_ml:af ] step 14000  raw_mse_u 20.4883  raw_mse_v 20.5124  a0 0.77929  gnorm 13.00  alpha 1.000  (adaptive loss 1.9998 — flat by design)
[ train_ml:af ] step 14200  raw_mse_u 16.8441  raw_mse_v 16.8289  a0 0.38506  gnorm 7.70  alpha 1.000  (adaptive loss 1.9998 — flat by design)
[ train_ml:af ] step 14400  raw_mse_u 14.9914  raw_mse_v 14.9824  a0 0.39487  gnorm 9.60  alpha 1.000  (adaptive loss 1.9998 — flat by design)
[ train_ml:af ] step 14600  raw_mse_u 11.4027  raw_mse_v 11.4057  a0 0.39642  gnorm 9.90  alpha 1.000  (adaptive loss 1.9998 — flat by design)
[ train_ml:af ] step 14800  raw_mse_u 14.1139  raw_mse_v 14.1327  a0 0.18386  gnorm 11.09  alpha 1.000  (adaptive loss 1.9998 — flat by design)
[ train_ml:af ] step 15000  raw_mse_u 12.7498  raw_mse_v 12.6729  a0 0.26812  gnorm 12.84  alpha 1.000  (adaptive loss 1.9997 — flat by design)
[ train_ml:af ] step 15200  raw_mse_u 15.2588  raw_mse_v 15.2378  a0 0.48302  gnorm 10.48  alpha 1.000  (adaptive loss 1.9998 — flat by design)
[ train_ml:af ] step 15400  raw_mse_u 12.2623  raw_mse_v 12.2467  a0 0.39224  gnorm 11.47  alpha 1.000  (adaptive loss 1.9997 — flat by design)
[ train_ml:af ] step 15600  raw_mse_u 17.6874  raw_mse_v 17.7269  a0 0.45775  gnorm 8.80  alpha 1.000  (adaptive loss 1.9998 — flat by design)
[ train_ml:af ] step 15800  raw_mse_u 10.8333  raw_mse_v 10.8484  a0 0.33388  gnorm 8.55  alpha 1.000  (adaptive loss 1.9997 — flat by design)
[ train_ml:af ] step 16000  raw_mse_u 11.6284  raw_mse_v 11.6875  a0 0.39388  gnorm 11.86  alpha 1.000  (adaptive loss 1.9998 — flat by design)
[ train_ml:af ] step 16200  raw_mse_u 15.4785  raw_mse_v 15.5453  a0 0.39546  gnorm 14.47  alpha 1.000  (adaptive loss 1.9998 — flat by design)
[ train_ml:af ] step 16400  raw_mse_u 16.9945  raw_mse_v 16.9641  a0 0.37209  gnorm 8.24  alpha 1.000  (adaptive loss 1.9998 — flat by design)
[ train_ml:af ] step 16600  raw_mse_u 10.3140  raw_mse_v 10.3178  a0 0.20515  gnorm 12.93  alpha 1.000  (adaptive loss 1.9997 — flat by design)
[ train_ml:af ] step 16800  raw_mse_u 11.6114  raw_mse_v 11.6114  a0 0.30750  gnorm 16.62  alpha 1.000  (adaptive loss 1.9998 — flat by design)
[ train_ml:af ] step 17000  raw_mse_u 10.8098  raw_mse_v 10.8229  a0 0.32575  gnorm 12.67  alpha 1.000  (adaptive loss 1.9997 — flat by design)
[ train_ml:af ] step 17200  raw_mse_u 12.1896  raw_mse_v 12.2215  a0 0.31798  gnorm 14.90  alpha 1.000  (adaptive loss 1.9997 — flat by design)
[ train_ml:af ] step 17400  raw_mse_u 15.7673  raw_mse_v 15.7478  a0 0.30298  gnorm 11.48  alpha 1.000  (adaptive loss 1.9998 — flat by design)
[ train_ml:af ] step 17600  raw_mse_u 16.6428  raw_mse_v 16.7003  a0 0.27543  gnorm 8.63  alpha 1.000  (adaptive loss 1.9998 — flat by design)
[ train_ml:af ] step 17800  raw_mse_u 19.2831  raw_mse_v 19.1978  a0 0.49211  gnorm 13.29  alpha 1.000  (adaptive loss 1.9998 — flat by design)
[ train_ml:af ] step 18000  raw_mse_u 9.6688  raw_mse_v 9.6448  a0 0.14101  gnorm 8.59  alpha 1.000  (adaptive loss 1.9997 — flat by design)
[ train_ml:af ] step 18200  raw_mse_u 15.4377  raw_mse_v 15.3944  a0 0.28048  gnorm 12.24  alpha 1.000  (adaptive loss 1.9998 — flat by design)
[ train_ml:af ] step 18400  raw_mse_u 14.0284  raw_mse_v 13.9812  a0 0.28459  gnorm 11.77  alpha 1.000  (adaptive loss 1.9998 — flat by design)
[ train_ml:af ] step 18600  raw_mse_u 13.6714  raw_mse_v 13.6665  a0 0.17751  gnorm 13.23  alpha 1.000  (adaptive loss 1.9998 — flat by design)
[ train_ml:af ] step 18800  raw_mse_u 15.7504  raw_mse_v 15.7083  a0 0.39063  gnorm 7.03  alpha 1.000  (adaptive loss 1.9998 — flat by design)
[ train_ml:af ] step 19000  raw_mse_u 18.2500  raw_mse_v 18.1953  a0 0.34767  gnorm 9.93  alpha 1.000  (adaptive loss 1.9997 — flat by design)
[ train_ml:af ] step 19200  raw_mse_u 13.4576  raw_mse_v 13.4565  a0 0.23975  gnorm 8.61  alpha 1.000  (adaptive loss 1.9998 — flat by design)
[ train_ml:af ] step 19400  raw_mse_u 15.4278  raw_mse_v 15.4264  a0 0.22009  gnorm 9.85  alpha 1.000  (adaptive loss 1.9998 — flat by design)
[ train_ml:af ] step 19600  raw_mse_u 11.7971  raw_mse_v 11.8086  a0 0.23451  gnorm 9.70  alpha 1.000  (adaptive loss 1.9997 — flat by design)
[ train_ml:af ] step 19800  raw_mse_u 12.3421  raw_mse_v 12.3752  a0 0.14897  gnorm 9.52  alpha 1.000  (adaptive loss 1.9997 — flat by design)
[ train_ml:af ] step 20000  raw_mse_u 13.5618  raw_mse_v 13.5787  a0 0.12239  gnorm 7.59  alpha 1.000  (adaptive loss 1.9998 — flat by design)
[ train_ml:af ] step 20200  raw_mse_u 13.5738  raw_mse_v 13.6556  a0 0.24298  gnorm 12.33  alpha 1.000  (adaptive loss 1.9997 — flat by design)
[ train_ml:af ] step 20400  raw_mse_u 13.3053  raw_mse_v 13.3171  a0 0.50848  gnorm 12.75  alpha 1.000  (adaptive loss 1.9997 — flat by design)
[ train_ml:af ] step 20600  raw_mse_u 16.2843  raw_mse_v 16.2825  a0 0.38264  gnorm 9.64  alpha 1.000  (adaptive loss 1.9998 — flat by design)
[ train_ml:af ] step 20800  raw_mse_u 10.8715  raw_mse_v 10.8736  a0 0.13442  gnorm 11.41  alpha 1.000  (adaptive loss 1.9997 — flat by design)
[ train_ml:af ] step 21000  raw_mse_u 12.7391  raw_mse_v 12.7292  a0 0.36562  gnorm 10.88  alpha 1.000  (adaptive loss 1.9998 — flat by design)
[ train_ml:af ] step 21200  raw_mse_u 11.4604  raw_mse_v 11.4296  a0 0.22803  gnorm 9.71  alpha 1.000  (adaptive loss 1.9997 — flat by design)
[ train_ml:af ] step 21400  raw_mse_u 16.4542  raw_mse_v 16.4075  a0 0.26779  gnorm 11.23  alpha 1.000  (adaptive loss 1.9998 — flat by design)
[ train_ml:af ] step 21600  raw_mse_u 14.4104  raw_mse_v 14.3876  a0 0.43647  gnorm 11.18  alpha 1.000  (adaptive loss 1.9998 — flat by design)
[ train_ml:af ] step 21800  raw_mse_u 12.3126  raw_mse_v 12.2869  a0 0.09441  gnorm 12.60  alpha 1.000  (adaptive loss 1.9997 — flat by design)
[ train_ml:af ] step 22000  raw_mse_u 14.6595  raw_mse_v 14.6493  a0 0.25400  gnorm 14.14  alpha 1.000  (adaptive loss 1.9998 — flat by design)
[ train_ml:af ] step 22200  raw_mse_u 14.6653  raw_mse_v 14.6434  a0 0.21163  gnorm 11.89  alpha 1.000  (adaptive loss 1.9997 — flat by design)
[ train_ml:af ] step 22400  raw_mse_u 15.4532  raw_mse_v 15.4448  a0 0.25397  gnorm 7.92  alpha 1.000  (adaptive loss 1.9997 — flat by design)
[ train_ml:af ] step 22600  raw_mse_u 14.0211  raw_mse_v 14.0522  a0 0.25346  gnorm 12.35  alpha 1.000  (adaptive loss 1.9997 — flat by design)
[ train_ml:af ] step 22800  raw_mse_u 9.2389  raw_mse_v 9.2148  a0 0.14671  gnorm 8.12  alpha 1.000  (adaptive loss 1.9997 — flat by design)
[ train_ml:af ] step 23000  raw_mse_u 12.8109  raw_mse_v 12.8351  a0 0.33761  gnorm 11.44  alpha 1.000  (adaptive loss 1.9997 — flat by design)
[ train_ml:af ] step 23200  raw_mse_u 12.3819  raw_mse_v 12.3732  a0 0.30669  gnorm 10.27  alpha 1.000  (adaptive loss 1.9997 — flat by design)
[ train_ml:af ] step 23400  raw_mse_u 14.2881  raw_mse_v 14.2921  a0 0.21001  gnorm 9.81  alpha 1.000  (adaptive loss 1.9998 — flat by design)
[ train_ml:af ] step 23600  raw_mse_u 16.9431  raw_mse_v 16.9543  a0 0.37086  gnorm 13.11  alpha 1.000  (adaptive loss 1.9998 — flat by design)
[ train_ml:af ] step 23800  raw_mse_u 13.8779  raw_mse_v 13.9685  a0 0.40585  gnorm 11.31  alpha 1.000  (adaptive loss 1.9997 — flat by design)
[ train_ml:af ] step 24000  raw_mse_u 16.2592  raw_mse_v 16.2699  a0 0.71774  gnorm 14.39  alpha 1.000  (adaptive loss 1.9998 — flat by design)
[ train_ml:af ] step 24200  raw_mse_u 13.2846  raw_mse_v 13.2658  a0 0.19964  gnorm 10.77  alpha 1.000  (adaptive loss 1.9998 — flat by design)
[ train_ml:af ] step 24400  raw_mse_u 12.8963  raw_mse_v 12.8902  a0 0.33217  gnorm 8.38  alpha 1.000  (adaptive loss 1.9997 — flat by design)
[ train_ml:af ] step 24600  raw_mse_u 11.2551  raw_mse_v 11.2318  a0 0.13901  gnorm 12.59  alpha 1.000  (adaptive loss 1.9997 — flat by design)
[ train_ml:af ] step 24800  raw_mse_u 11.4671  raw_mse_v 11.4933  a0 0.21894  gnorm 10.08  alpha 1.000  (adaptive loss 1.9998 — flat by design)
[ train_ml:af ] step 25000  raw_mse_u 15.2071  raw_mse_v 15.1830  a0 0.31765  gnorm 7.91  alpha 1.000  (adaptive loss 1.9998 — flat by design)
[ train_ml:af ] step 25200  raw_mse_u 10.5933  raw_mse_v 10.6036  a0 0.27641  gnorm 13.24  alpha 1.000  (adaptive loss 1.9997 — flat by design)
[ train_ml:af ] step 25400  raw_mse_u 15.1725  raw_mse_v 15.1292  a0 0.29418  gnorm 22.97  alpha 1.000  (adaptive loss 1.9998 — flat by design)
[ train_ml:af ] step 25600  raw_mse_u 14.5182  raw_mse_v 14.4977  a0 0.24610  gnorm 9.83  alpha 1.000  (adaptive loss 1.9997 — flat by design)
[ train_ml:af ] step 25800  raw_mse_u 16.0885  raw_mse_v 16.0858  a0 0.35494  gnorm 8.45  alpha 1.000  (adaptive loss 1.9998 — flat by design)
[ train_ml:af ] step 26000  raw_mse_u 12.4948  raw_mse_v 12.5103  a0 0.11131  gnorm 9.56  alpha 1.000  (adaptive loss 1.9997 — flat by design)
[ train_ml:af ] step 26200  raw_mse_u 14.5229  raw_mse_v 14.5048  a0 0.30434  gnorm 11.09  alpha 1.000  (adaptive loss 1.9997 — flat by design)
[ train_ml:af ] step 26400  raw_mse_u 11.5456  raw_mse_v 11.5108  a0 0.15095  gnorm 9.06  alpha 1.000  (adaptive loss 1.9997 — flat by design)
[ train_ml:af ] step 26600  raw_mse_u 10.0734  raw_mse_v 10.0911  a0 0.20837  gnorm 18.15  alpha 1.000  (adaptive loss 1.9996 — flat by design)
[ train_ml:af ] step 26800  raw_mse_u 15.8962  raw_mse_v 15.8943  a0 0.33136  gnorm 11.33  alpha 1.000  (adaptive loss 1.9997 — flat by design)
[ train_ml:af ] step 27000  raw_mse_u 12.5879  raw_mse_v 12.5796  a0 0.48044  gnorm 10.35  alpha 1.000  (adaptive loss 1.9997 — flat by design)
[ train_ml:af ] step 27200  raw_mse_u 12.0433  raw_mse_v 12.0743  a0 0.18746  gnorm 11.99  alpha 1.000  (adaptive loss 1.9997 — flat by design)
[ train_ml:af ] step 27400  raw_mse_u 13.3533  raw_mse_v 13.3502  a0 0.20085  gnorm 8.87  alpha 1.000  (adaptive loss 1.9998 — flat by design)
[ train_ml:af ] step 27600  raw_mse_u 11.9232  raw_mse_v 11.9378  a0 0.18908  gnorm 11.28  alpha 1.000  (adaptive loss 1.9998 — flat by design)
[ train_ml:af ] step 27800  raw_mse_u 9.9773  raw_mse_v 9.9844  a0 0.13541  gnorm 15.16  alpha 1.000  (adaptive loss 1.9997 — flat by design)
[ train_ml:af ] step 28000  raw_mse_u 19.3474  raw_mse_v 19.3253  a0 0.40898  gnorm 10.65  alpha 1.000  (adaptive loss 1.9998 — flat by design)
[ train_ml:af ] step 28200  raw_mse_u 15.7319  raw_mse_v 15.7557  a0 0.72747  gnorm 8.06  alpha 1.000  (adaptive loss 1.9998 — flat by design)
[ train_ml:af ] step 28400  raw_mse_u 16.9146  raw_mse_v 16.8972  a0 0.35644  gnorm 17.96  alpha 1.000  (adaptive loss 1.9998 — flat by design)
[ train_ml:af ] step 28600  raw_mse_u 16.4913  raw_mse_v 16.5299  a0 0.37435  gnorm 12.22  alpha 1.000  (adaptive loss 1.9998 — flat by design)
[ train_ml:af ] step 28800  raw_mse_u 14.0136  raw_mse_v 13.9956  a0 0.34643  gnorm 10.22  alpha 1.000  (adaptive loss 1.9998 — flat by design)
[ train_ml:af ] step 29000  raw_mse_u 12.7481  raw_mse_v 12.8259  a0 0.15781  gnorm 9.90  alpha 0.995  (adaptive loss 1.9970 — flat by design)
[ train_ml:af ] step 29200  raw_mse_u 14.8281  raw_mse_v 14.9412  a0 0.34356  gnorm 13.86  alpha 0.995  (adaptive loss 1.9970 — flat by design)
[ train_ml:af ] step 29400  raw_mse_u 15.7122  raw_mse_v 15.7519  a0 0.37559  gnorm 11.66  alpha 0.994  (adaptive loss 1.9969 — flat by design)
[ train_ml:af ] step 29600  raw_mse_u 14.5900  raw_mse_v 14.6718  a0 0.13513  gnorm 13.14  alpha 0.994  (adaptive loss 1.9967 — flat by design)
[ train_ml:af ] step 29800  raw_mse_u 10.8316  raw_mse_v 10.8979  a0 0.16116  gnorm 7.59  alpha 0.994  (adaptive loss 1.9965 — flat by design)
[ train_ml:af ] step 30000  raw_mse_u 14.2663  raw_mse_v 14.3782  a0 0.41760  gnorm 20.54  alpha 0.993  (adaptive loss 1.9964 — flat by design)
[ train_ml:af ] step 30200  raw_mse_u 12.5372  raw_mse_v 12.6286  a0 0.29711  gnorm 11.89  alpha 0.993  (adaptive loss 1.9962 — flat by design)
[ train_ml:af ] step 30400  raw_mse_u 12.0445  raw_mse_v 12.1182  a0 0.25238  gnorm 10.73  alpha 0.993  (adaptive loss 1.9960 — flat by design)
[ train_ml:af ] step 30600  raw_mse_u 13.7704  raw_mse_v 13.8908  a0 0.28338  gnorm 8.35  alpha 0.992  (adaptive loss 1.9959 — flat by design)
[ train_ml:af ] step 30800  raw_mse_u 15.0102  raw_mse_v 15.0490  a0 0.28474  gnorm 21.47  alpha 0.992  (adaptive loss 1.9957 — flat by design)
[ train_ml:af ] step 31000  raw_mse_u 13.0257  raw_mse_v 13.0624  a0 0.21316  gnorm 10.59  alpha 0.991  (adaptive loss 1.9954 — flat by design)
[ train_ml:af ] step 31200  raw_mse_u 10.1723  raw_mse_v 10.2570  a0 0.27560  gnorm 20.40  alpha 0.991  (adaptive loss 1.9952 — flat by design)
[ train_ml:af ] step 31400  raw_mse_u 14.7243  raw_mse_v 14.7901  a0 0.32255  gnorm 13.85  alpha 0.991  (adaptive loss 1.9950 — flat by design)
[ train_ml:af ] step 31600  raw_mse_u 12.9254  raw_mse_v 12.9946  a0 0.22898  gnorm 8.86  alpha 0.990  (adaptive loss 1.9948 — flat by design)
[ train_ml:af ] step 31800  raw_mse_u 15.7217  raw_mse_v 15.8406  a0 0.29482  gnorm 13.08  alpha 0.990  (adaptive loss 1.9945 — flat by design)
[ train_ml:af ] step 32000  raw_mse_u 15.1351  raw_mse_v 15.2364  a0 0.36195  gnorm 33.30  alpha 0.989  (adaptive loss 1.9942 — flat by design)
[ train_ml:af ] step 32200  raw_mse_u 14.1984  raw_mse_v 14.3544  a0 0.32577  gnorm 7.49  alpha 0.988  (adaptive loss 1.9940 — flat by design)
[ train_ml:af ] step 32400  raw_mse_u 18.0300  raw_mse_v 18.2033  a0 0.65245  gnorm 7.83  alpha 0.988  (adaptive loss 1.9937 — flat by design)
[ train_ml:af ] step 32600  raw_mse_u 11.2061  raw_mse_v 11.2957  a0 0.12809  gnorm 10.59  alpha 0.987  (adaptive loss 1.9933 — flat by design)
[ train_ml:af ] step 32800  raw_mse_u 13.0255  raw_mse_v 13.1510  a0 0.36395  gnorm 19.66  alpha 0.987  (adaptive loss 1.9930 — flat by design)
[ train_ml:af ] step 33000  raw_mse_u 11.3365  raw_mse_v 11.4472  a0 0.25837  gnorm 12.03  alpha 0.986  (adaptive loss 1.9926 — flat by design)
[ train_ml:af ] step 33200  raw_mse_u 9.8248  raw_mse_v 10.0366  a0 0.15435  gnorm 10.94  alpha 0.985  (adaptive loss 1.9923 — flat by design)
[ train_ml:af ] step 33400  raw_mse_u 14.0809  raw_mse_v 14.2421  a0 0.24340  gnorm 12.81  alpha 0.984  (adaptive loss 1.9920 — flat by design)
[ train_ml:af ] step 33600  raw_mse_u 15.0114  raw_mse_v 15.1781  a0 0.24800  gnorm 10.40  alpha 0.984  (adaptive loss 1.9916 — flat by design)
[ train_ml:af ] step 33800  raw_mse_u 12.4693  raw_mse_v 12.6424  a0 0.21712  gnorm 10.10  alpha 0.983  (adaptive loss 1.9911 — flat by design)
[ train_ml:af ] step 34000  raw_mse_u 8.2339  raw_mse_v 8.3562  a0 0.13368  gnorm 12.91  alpha 0.982  (adaptive loss 1.9906 — flat by design)
[ train_ml:af ] step 34200  raw_mse_u 10.9061  raw_mse_v 11.0612  a0 0.12982  gnorm 9.89  alpha 0.981  (adaptive loss 1.9903 — flat by design)
[ train_ml:af ] step 34400  raw_mse_u 9.8974  raw_mse_v 10.0830  a0 0.14472  gnorm 8.16  alpha 0.980  (adaptive loss 1.9898 — flat by design)
[ train_ml:af ] step 34600  raw_mse_u 12.0077  raw_mse_v 12.3063  a0 0.21469  gnorm 9.16  alpha 0.979  (adaptive loss 1.9893 — flat by design)
[ train_ml:af ] step 34800  raw_mse_u 11.9076  raw_mse_v 12.1818  a0 0.22350  gnorm 9.29  alpha 0.978  (adaptive loss 1.9887 — flat by design)
[ train_ml:af ] step 35000  raw_mse_u 17.5582  raw_mse_v 17.7885  a0 0.34994  gnorm 22.47  alpha 0.977  (adaptive loss 1.9883 — flat by design)
[ train_ml:af ] step 35200  raw_mse_u 11.4226  raw_mse_v 11.7333  a0 0.20565  gnorm 17.81  alpha 0.976  (adaptive loss 1.9876 — flat by design)
[ train_ml:af ] step 35400  raw_mse_u 15.6922  raw_mse_v 15.9869  a0 0.18830  gnorm 23.79  alpha 0.975  (adaptive loss 1.9871 — flat by design)
[ train_ml:af ] step 35600  raw_mse_u 10.5852  raw_mse_v 10.8703  a0 0.19635  gnorm 15.29  alpha 0.973  (adaptive loss 1.9863 — flat by design)
[ train_ml:af ] step 35800  raw_mse_u 11.7141  raw_mse_v 11.9623  a0 0.38681  gnorm 12.62  alpha 0.972  (adaptive loss 1.9857 — flat by design)
[ train_ml:af ] step 36000  raw_mse_u 10.8238  raw_mse_v 11.0869  a0 0.23097  gnorm 17.39  alpha 0.971  (adaptive loss 1.9851 — flat by design)
[ train_ml:af ] step 36200  raw_mse_u 9.4354  raw_mse_v 9.6716  a0 0.15422  gnorm 9.35  alpha 0.969  (adaptive loss 1.9843 — flat by design)
[ train_ml:af ] step 36400  raw_mse_u 8.9029  raw_mse_v 9.1597  a0 0.14618  gnorm 13.32  alpha 0.968  (adaptive loss 1.9835 — flat by design)
[ train_ml:af ] step 36600  raw_mse_u 12.6348  raw_mse_v 12.9563  a0 0.28681  gnorm 16.37  alpha 0.966  (adaptive loss 1.9828 — flat by design)
[ train_ml:af ] step 36800  raw_mse_u 14.2802  raw_mse_v 14.7296  a0 0.34488  gnorm 11.49  alpha 0.964  (adaptive loss 1.9820 — flat by design)
[ train_ml:af ] step 37000  raw_mse_u 12.8995  raw_mse_v 13.3401  a0 0.25664  gnorm 14.40  alpha 0.963  (adaptive loss 1.9811 — flat by design)
[ train_ml:af ] step 37200  raw_mse_u 12.2221  raw_mse_v 12.6521  a0 0.09676  gnorm 7.11  alpha 0.961  (adaptive loss 1.9802 — flat by design)
[ train_ml:af ] step 37400  raw_mse_u 15.9310  raw_mse_v 16.4210  a0 0.30512  gnorm 9.66  alpha 0.959  (adaptive loss 1.9791 — flat by design)
[ train_ml:af ] step 37600  raw_mse_u 10.6217  raw_mse_v 11.0551  a0 0.24563  gnorm 12.40  alpha 0.957  (adaptive loss 1.9782 — flat by design)
[ train_ml:af ] step 37800  raw_mse_u 13.3780  raw_mse_v 13.8281  a0 0.42041  gnorm 14.41  alpha 0.955  (adaptive loss 1.9771 — flat by design)
[ train_ml:af ] step 38000  raw_mse_u 15.5217  raw_mse_v 15.8444  a0 0.33362  gnorm 14.21  alpha 0.953  (adaptive loss 1.9761 — flat by design)
[ train_ml:af ] step 38200  raw_mse_u 16.0230  raw_mse_v 16.8282  a0 0.42549  gnorm 11.41  alpha 0.950  (adaptive loss 1.9749 — flat by design)
[ train_ml:af ] step 38400  raw_mse_u 10.5672  raw_mse_v 11.0365  a0 0.37798  gnorm 14.96  alpha 0.948  (adaptive loss 1.9736 — flat by design)
[ train_ml:af ] step 38600  raw_mse_u 13.2958  raw_mse_v 14.0830  a0 0.34217  gnorm 12.67  alpha 0.945  (adaptive loss 1.9724 — flat by design)
[ train_ml:af ] step 38800  raw_mse_u 10.3926  raw_mse_v 10.8429  a0 0.20486  gnorm 13.69  alpha 0.943  (adaptive loss 1.9709 — flat by design)
[ train_ml:af ] step 39000  raw_mse_u 11.2931  raw_mse_v 11.9533  a0 0.26160  gnorm 10.85  alpha 0.940  (adaptive loss 1.9696 — flat by design)
[ train_ml:af ] step 39200  raw_mse_u 10.1786  raw_mse_v 10.8391  a0 0.15564  gnorm 15.20  alpha 0.937  (adaptive loss 1.9682 — flat by design)
[ train_ml:af ] step 39400  raw_mse_u 10.5519  raw_mse_v 11.1810  a0 0.11093  gnorm 9.74  alpha 0.934  (adaptive loss 1.9667 — flat by design)
[ train_ml:af ] step 39600  raw_mse_u 9.8631  raw_mse_v 10.2957  a0 0.17871  gnorm 10.50  alpha 0.931  (adaptive loss 1.9651 — flat by design)
[ train_ml:af ] step 39800  raw_mse_u 18.8975  raw_mse_v 19.7702  a0 0.26910  gnorm 12.22  alpha 0.928  (adaptive loss 1.9635 — flat by design)
[ train_ml:af ] step 40000  raw_mse_u 20.9671  raw_mse_v 21.9117  a0 0.41568  gnorm 16.13  alpha 0.924  (adaptive loss 1.9575 — flat by design)
[ train_ml:af ] step 40200  raw_mse_u 13.0617  raw_mse_v 13.6331  a0 0.18111  gnorm 9.70  alpha 0.921  (adaptive loss 1.9600 — flat by design)
[ train_ml:af ] step 40400  raw_mse_u 13.3049  raw_mse_v 14.0374  a0 0.22573  gnorm 11.95  alpha 0.917  (adaptive loss 1.9582 — flat by design)
[ train_ml:af ] step 40600  raw_mse_u 11.6963  raw_mse_v 12.4842  a0 0.08367  gnorm 9.86  alpha 0.913  (adaptive loss 1.9562 — flat by design)
[ train_ml:af ] step 40800  raw_mse_u 9.7270  raw_mse_v 10.5076  a0 0.15014  gnorm 9.13  alpha 0.909  (adaptive loss 1.9541 — flat by design)
[ train_ml:af ] step 41000  raw_mse_u 11.2863  raw_mse_v 12.1071  a0 0.11324  gnorm 9.94  alpha 0.905  (adaptive loss 1.9520 — flat by design)
[ train_ml:af ] step 41200  raw_mse_u 8.2466  raw_mse_v 9.0118  a0 0.30683  gnorm 10.66  alpha 0.900  (adaptive loss 1.9498 — flat by design)
[ train_ml:af ] step 41400  raw_mse_u 9.3548  raw_mse_v 10.1711  a0 0.28075  gnorm 14.53  alpha 0.896  (adaptive loss 1.9476 — flat by design)
[ train_ml:af ] step 41600  raw_mse_u 9.9245  raw_mse_v 10.7783  a0 0.13127  gnorm 10.47  alpha 0.891  (adaptive loss 1.9452 — flat by design)
[ train_ml:af ] step 41800  raw_mse_u 10.9430  raw_mse_v 11.7072  a0 0.33279  gnorm 13.89  alpha 0.886  (adaptive loss 1.9426 — flat by design)
[ train_ml:af ] step 42000  raw_mse_u 13.0642  raw_mse_v 14.3886  a0 0.27620  gnorm 11.98  alpha 0.881  (adaptive loss 1.9401 — flat by design)
[ train_ml:af ] step 42200  raw_mse_u 11.0398  raw_mse_v 12.1717  a0 0.40568  gnorm 11.57  alpha 0.875  (adaptive loss 1.9375 — flat by design)
[ train_ml:af ] step 42400  raw_mse_u 12.3029  raw_mse_v 13.5376  a0 0.30184  gnorm 8.62  alpha 0.870  (adaptive loss 1.9347 — flat by design)
[ train_ml:af ] step 42600  raw_mse_u 13.5251  raw_mse_v 14.8628  a0 0.15797  gnorm 9.34  alpha 0.864  (adaptive loss 1.9318 — flat by design)
[ train_ml:af ] step 42800  raw_mse_u 9.8814  raw_mse_v 11.8402  a0 0.13691  gnorm 8.63  alpha 0.858  (adaptive loss 1.9288 — flat by design)
[ train_ml:af ] step 43000  raw_mse_u 11.7124  raw_mse_v 12.9350  a0 0.30306  gnorm 7.48  alpha 0.852  (adaptive loss 1.9258 — flat by design)
[ train_ml:af ] step 43200  raw_mse_u 10.4684  raw_mse_v 12.0226  a0 0.16046  gnorm 6.87  alpha 0.846  (adaptive loss 1.9225 — flat by design)
[ train_ml:af ] step 43400  raw_mse_u 12.1572  raw_mse_v 14.3026  a0 0.23174  gnorm 8.89  alpha 0.839  (adaptive loss 1.9192 — flat by design)
[ train_ml:af ] step 43600  raw_mse_u 12.7006  raw_mse_v 14.5574  a0 0.19021  gnorm 12.15  alpha 0.832  (adaptive loss 1.9158 — flat by design)
[ train_ml:af ] step 43800  raw_mse_u 13.0447  raw_mse_v 15.1456  a0 0.33773  gnorm 9.44  alpha 0.825  (adaptive loss 1.9122 — flat by design)
[ train_ml:af ] step 44000  raw_mse_u 15.7251  raw_mse_v 17.6688  a0 0.16552  gnorm 18.13  alpha 0.818  (adaptive loss 1.9085 — flat by design)
[ train_ml:af ] step 44200  raw_mse_u 10.7055  raw_mse_v 11.8340  a0 0.17627  gnorm 15.93  alpha 0.810  (adaptive loss 1.9045 — flat by design)
[ train_ml:af ] step 44400  raw_mse_u 8.3122  raw_mse_v 10.0186  a0 0.12901  gnorm 10.93  alpha 0.802  (adaptive loss 1.9007 — flat by design)
[ train_ml:af ] step 44600  raw_mse_u 9.6564  raw_mse_v 11.4521  a0 0.14402  gnorm 10.51  alpha 0.794  (adaptive loss 1.8967 — flat by design)
[ train_ml:af ] step 44800  raw_mse_u 7.9145  raw_mse_v 10.0176  a0 0.08685  gnorm 13.89  alpha 0.786  (adaptive loss 1.8926 — flat by design)
[ train_ml:af ] step 45000  raw_mse_u 11.7992  raw_mse_v 13.9847  a0 0.24259  gnorm 11.41  alpha 0.777  (adaptive loss 1.8884 — flat by design)
[ train_ml:af ] step 45200  raw_mse_u 10.9035  raw_mse_v 13.1473  a0 0.23443  gnorm 12.41  alpha 0.769  (adaptive loss 1.8840 — flat by design)
[ train_ml:af ] step 45400  raw_mse_u 7.7164  raw_mse_v 9.1377  a0 0.12229  gnorm 10.65  alpha 0.760  (adaptive loss 1.8794 — flat by design)
[ train_ml:af ] step 45600  raw_mse_u 7.7664  raw_mse_v 10.3411  a0 0.08254  gnorm 10.58  alpha 0.750  (adaptive loss 1.8748 — flat by design)
[ train_ml:af ] step 45800  raw_mse_u 12.8815  raw_mse_v 14.9508  a0 0.15875  gnorm 11.86  alpha 0.741  (adaptive loss 1.8701 — flat by design)
[ train_ml:af ] step 46000  raw_mse_u 8.6630  raw_mse_v 11.0583  a0 0.11732  gnorm 9.14  alpha 0.731  (adaptive loss 1.8652 — flat by design)
[ train_ml:af ] step 46200  raw_mse_u 11.5429  raw_mse_v 14.2109  a0 0.19721  gnorm 11.70  alpha 0.721  (adaptive loss 1.8602 — flat by design)
[ train_ml:af ] step 46400  raw_mse_u 10.2655  raw_mse_v 12.5532  a0 0.10169  gnorm 8.37  alpha 0.711  (adaptive loss 1.8552 — flat by design)
[ train_ml:af ] step 46600  raw_mse_u 9.2544  raw_mse_v 11.8758  a0 0.12566  gnorm 9.23  alpha 0.701  (adaptive loss 1.8500 — flat by design)
[ train_ml:af ] step 46800  raw_mse_u 9.0077  raw_mse_v 11.0288  a0 0.13697  gnorm 11.74  alpha 0.690  (adaptive loss 1.8447 — flat by design)
[ train_ml:af ] step 47000  raw_mse_u 7.2688  raw_mse_v 9.4103  a0 0.12671  gnorm 6.71  alpha 0.679  (adaptive loss 1.8392 — flat by design)
[ train_ml:af ] step 47200  raw_mse_u 12.6502  raw_mse_v 15.9460  a0 0.22529  gnorm 9.26  alpha 0.668  (adaptive loss 1.8338 — flat by design)
[ train_ml:af ] step 47400  raw_mse_u 8.4846  raw_mse_v 10.7488  a0 0.09848  gnorm 11.41  alpha 0.657  (adaptive loss 1.8282 — flat by design)
[ train_ml:af ] step 47600  raw_mse_u 16.5911  raw_mse_v 19.2029  a0 0.34547  gnorm 9.64  alpha 0.646  (adaptive loss 1.8226 — flat by design)
[ train_ml:af ] step 47800  raw_mse_u 6.6711  raw_mse_v 9.6386  a0 0.08867  gnorm 8.03  alpha 0.634  (adaptive loss 1.8166 — flat by design)
[ train_ml:af ] step 48000  raw_mse_u 5.7088  raw_mse_v 7.6138  a0 0.11741  gnorm 13.59  alpha 0.622  (adaptive loss 1.8108 — flat by design)
[ train_ml:af ] step 48200  raw_mse_u 10.3192  raw_mse_v 14.2201  a0 0.28926  gnorm 7.98  alpha 0.611  (adaptive loss 1.8050 — flat by design)
[ train_ml:af ] step 48400  raw_mse_u 7.6505  raw_mse_v 10.5330  a0 0.14430  gnorm 8.13  alpha 0.599  (adaptive loss 1.7990 — flat by design)
[ train_ml:af ] step 48600  raw_mse_u 8.6761  raw_mse_v 13.0852  a0 0.14310  gnorm 11.55  alpha 0.587  (adaptive loss 1.7930 — flat by design)
[ train_ml:af ] step 48800  raw_mse_u 8.7353  raw_mse_v 11.0055  a0 0.14463  gnorm 11.01  alpha 0.574  (adaptive loss 1.7868 — flat by design)
[ train_ml:af ] step 49000  raw_mse_u 9.5879  raw_mse_v 13.0170  a0 0.28602  gnorm 7.93  alpha 0.562  (adaptive loss 1.7808 — flat by design)
[ train_ml:af ] step 49200  raw_mse_u 9.6775  raw_mse_v 13.5638  a0 0.13129  gnorm 15.40  alpha 0.550  (adaptive loss 1.7745 — flat by design)
[ train_ml:af ] step 49400  raw_mse_u 9.7048  raw_mse_v 14.1967  a0 0.28552  gnorm 19.21  alpha 0.537  (adaptive loss 1.7683 — flat by design)
[ train_ml:af ] step 49600  raw_mse_u 8.0655  raw_mse_v 11.6537  a0 0.13984  gnorm 17.17  alpha 0.525  (adaptive loss 1.7621 — flat by design)
[ train_ml:af ] step 49800  raw_mse_u 9.6575  raw_mse_v 12.6324  a0 0.13876  gnorm 14.70  alpha 0.512  (adaptive loss 1.7559 — flat by design)
[ train_ml:af ] step 50000  raw_mse_u 7.9771  raw_mse_v 12.9437  a0 0.08116  gnorm 7.77  alpha 0.500  (adaptive loss 1.7497 — flat by design)
[ train_ml:af ] step 50200  raw_mse_u 10.2904  raw_mse_v 13.5981  a0 0.25149  gnorm 11.74  alpha 0.488  (adaptive loss 1.7434 — flat by design)
[ train_ml:af ] step 50400  raw_mse_u 6.7296  raw_mse_v 9.8270  a0 0.18256  gnorm 8.27  alpha 0.475  (adaptive loss 1.7371 — flat by design)
[ train_ml:af ] step 50600  raw_mse_u 5.7730  raw_mse_v 9.1247  a0 0.21620  gnorm 14.53  alpha 0.463  (adaptive loss 1.7309 — flat by design)
[ train_ml:af ] step 50800  raw_mse_u 7.4156  raw_mse_v 13.1672  a0 0.10092  gnorm 16.53  alpha 0.450  (adaptive loss 1.7248 — flat by design)
[ train_ml:af ] step 51000  raw_mse_u 8.4951  raw_mse_v 12.5904  a0 0.10070  gnorm 10.44  alpha 0.438  (adaptive loss 1.7184 — flat by design)
[ train_ml:af ] step 51200  raw_mse_u 11.7919  raw_mse_v 19.8070  a0 0.16810  gnorm 9.19  alpha 0.426  (adaptive loss 1.7124 — flat by design)
[ train_ml:af ] step 51400  raw_mse_u 8.2457  raw_mse_v 14.2517  a0 0.14948  gnorm 9.52  alpha 0.413  (adaptive loss 1.7062 — flat by design)
[ train_ml:af ] step 51600  raw_mse_u 6.8123  raw_mse_v 10.5928  a0 0.19276  gnorm 9.08  alpha 0.401  (adaptive loss 1.7003 — flat by design)
[ train_ml:af ] step 51800  raw_mse_u 9.1798  raw_mse_v 15.2657  a0 0.15715  gnorm 9.08  alpha 0.389  (adaptive loss 1.6943 — flat by design)
[ train_ml:af ] step 52000  raw_mse_u 7.5256  raw_mse_v 11.1753  a0 0.13002  gnorm 12.68  alpha 0.378  (adaptive loss 1.6884 — flat by design)
[ train_ml:af ] step 52200  raw_mse_u 5.5458  raw_mse_v 8.7580  a0 0.08467  gnorm 13.75  alpha 0.366  (adaptive loss 1.6824 — flat by design)
[ train_ml:af ] step 52400  raw_mse_u 6.2190  raw_mse_v 10.5082  a0 0.12234  gnorm 14.63  alpha 0.354  (adaptive loss 1.6768 — flat by design)
[ train_ml:af ] step 52600  raw_mse_u 8.7224  raw_mse_v 12.9607  a0 0.19654  gnorm 9.68  alpha 0.343  (adaptive loss 1.6710 — flat by design)
[ train_ml:af ] step 52800  raw_mse_u 7.2111  raw_mse_v 10.4947  a0 0.17318  gnorm 16.14  alpha 0.332  (adaptive loss 1.6653 — flat by design)
[ train_ml:af ] step 53000  raw_mse_u 6.2761  raw_mse_v 11.0262  a0 0.07830  gnorm 7.65  alpha 0.321  (adaptive loss 1.6599 — flat by design)
[ train_ml:af ] step 53200  raw_mse_u 6.3478  raw_mse_v 10.1950  a0 0.15497  gnorm 15.30  alpha 0.310  (adaptive loss 1.6546 — flat by design)
[ train_ml:af ] step 53400  raw_mse_u 7.1441  raw_mse_v 10.1965  a0 0.09174  gnorm 15.32  alpha 0.299  (adaptive loss 1.6490 — flat by design)
[ train_ml:af ] step 53600  raw_mse_u 5.9454  raw_mse_v 13.1194  a0 0.05672  gnorm 10.44  alpha 0.289  (adaptive loss 1.6440 — flat by design)
[ train_ml:af ] step 53800  raw_mse_u 8.4949  raw_mse_v 13.9206  a0 0.15932  gnorm 12.35  alpha 0.279  (adaptive loss 1.6389 — flat by design)
[ train_ml:af ] step 54000  raw_mse_u 7.2926  raw_mse_v 14.4575  a0 0.09499  gnorm 10.51  alpha 0.269  (adaptive loss 1.6340 — flat by design)
[ train_ml:af ] step 54200  raw_mse_u 4.3774  raw_mse_v 9.9328  a0 0.03337  gnorm 15.94  alpha 0.259  (adaptive loss 1.6292 — flat by design)
[ train_ml:af ] step 54400  raw_mse_u 9.6116  raw_mse_v 16.9784  a0 0.11177  gnorm 8.56  alpha 0.250  (adaptive loss 1.6245 — flat by design)
[ train_ml:af ] step 54600  raw_mse_u 7.4583  raw_mse_v 12.3864  a0 0.06842  gnorm 9.43  alpha 0.240  (adaptive loss 1.6198 — flat by design)
[ train_ml:af ] step 54800  raw_mse_u 8.3112  raw_mse_v 12.1812  a0 0.17601  gnorm 14.39  alpha 0.231  (adaptive loss 1.6152 — flat by design)
[ train_ml:af ] step 55000  raw_mse_u 5.1329  raw_mse_v 11.1749  a0 0.05185  gnorm 10.82  alpha 0.223  (adaptive loss 1.6107 — flat by design)
[ train_ml:af ] step 55200  raw_mse_u 8.2479  raw_mse_v 19.1442  a0 0.19216  gnorm 8.51  alpha 0.214  (adaptive loss 1.6064 — flat by design)
[ train_ml:af ] step 55400  raw_mse_u 10.7354  raw_mse_v 15.7884  a0 0.16430  gnorm 10.38  alpha 0.206  (adaptive loss 1.6024 — flat by design)
[ train_ml:af ] step 55600  raw_mse_u 5.4938  raw_mse_v 11.0500  a0 0.14508  gnorm 11.14  alpha 0.198  (adaptive loss 1.5984 — flat by design)
[ train_ml:af ] step 55800  raw_mse_u 9.5479  raw_mse_v 18.2871  a0 0.09908  gnorm 8.66  alpha 0.190  (adaptive loss 1.5945 — flat by design)
[ train_ml:af ] step 56000  raw_mse_u 6.1174  raw_mse_v 12.7123  a0 0.08835  gnorm 12.36  alpha 0.182  (adaptive loss 1.5905 — flat by design)
[ train_ml:af ] step 56200  raw_mse_u 6.2119  raw_mse_v 11.4164  a0 0.04451  gnorm 22.38  alpha 0.175  (adaptive loss 1.5870 — flat by design)
[ train_ml:af ] step 56400  raw_mse_u 8.0338  raw_mse_v 14.7180  a0 0.10043  gnorm 7.74  alpha 0.168  (adaptive loss 1.5834 — flat by design)
[ train_ml:af ] step 56600  raw_mse_u 8.9702  raw_mse_v 13.1839  a0 0.21868  gnorm 8.57  alpha 0.161  (adaptive loss 1.5799 — flat by design)
[ train_ml:af ] step 56800  raw_mse_u 7.0757  raw_mse_v 16.4466  a0 0.14965  gnorm 15.61  alpha 0.154  (adaptive loss 1.5765 — flat by design)
[ train_ml:af ] step 57000  raw_mse_u 6.8289  raw_mse_v 11.0866  a0 0.12274  gnorm 26.85  alpha 0.148  (adaptive loss 1.5730 — flat by design)
[ train_ml:af ] step 57200  raw_mse_u 6.2794  raw_mse_v 13.3255  a0 0.17718  gnorm 7.41  alpha 0.142  (adaptive loss 1.5701 — flat by design)
[ train_ml:af ] step 57400  raw_mse_u 6.5575  raw_mse_v 10.9528  a0 0.11966  gnorm 8.18  alpha 0.136  (adaptive loss 1.5672 — flat by design)
[ train_ml:af ] step 57600  raw_mse_u 4.1655  raw_mse_v 10.5226  a0 0.04370  gnorm 12.93  alpha 0.130  (adaptive loss 1.5643 — flat by design)
[ train_ml:af ] step 57800  raw_mse_u 4.5065  raw_mse_v 8.8223  a0 0.10256  gnorm 21.16  alpha 0.125  (adaptive loss 1.5614 — flat by design)
[ train_ml:af ] step 58000  raw_mse_u 6.0897  raw_mse_v 12.2399  a0 0.10722  gnorm 11.77  alpha 0.119  (adaptive loss 1.5588 — flat by design)
[ train_ml:af ] step 58200  raw_mse_u 8.3157  raw_mse_v 14.1426  a0 0.12724  gnorm 10.56  alpha 0.114  (adaptive loss 1.5562 — flat by design)
[ train_ml:af ] step 58400  raw_mse_u 5.9587  raw_mse_v 9.6975  a0 0.15248  gnorm 13.76  alpha 0.109  (adaptive loss 1.5534 — flat by design)
[ train_ml:af ] step 58600  raw_mse_u 5.8488  raw_mse_v 10.9449  a0 0.24494  gnorm 15.71  alpha 0.104  (adaptive loss 1.5513 — flat by design)
[ train_ml:af ] step 58800  raw_mse_u 5.0171  raw_mse_v 12.0492  a0 0.06638  gnorm 12.92  alpha 0.100  (adaptive loss 1.5491 — flat by design)
[ train_ml:af ] step 59000  raw_mse_u 4.7993  raw_mse_v 9.6586  a0 0.12754  gnorm 10.54  alpha 0.095  (adaptive loss 1.5467 — flat by design)
[ train_ml:af ] step 59200  raw_mse_u 6.7793  raw_mse_v 12.3852  a0 0.03207  gnorm 10.95  alpha 0.091  (adaptive loss 1.5444 — flat by design)
[ train_ml:af ] step 59400  raw_mse_u 5.6176  raw_mse_v 10.0315  a0 0.07769  gnorm 17.76  alpha 0.087  (adaptive loss 1.5423 — flat by design)
[ train_ml:af ] step 59600  raw_mse_u 4.7016  raw_mse_v 9.9126  a0 0.07072  gnorm 12.51  alpha 0.083  (adaptive loss 1.5405 — flat by design)
[ train_ml:af ] step 59800  raw_mse_u 5.9121  raw_mse_v 10.9290  a0 0.09427  gnorm 10.70  alpha 0.079  (adaptive loss 1.5381 — flat by design)
[ train_ml:af ] step 60000  raw_mse_u 4.4779  raw_mse_v 12.3123  a0 0.09230  gnorm 8.80  alpha 0.076  (adaptive loss 1.5369 — flat by design)
[ train_ml:af ] step 60200  raw_mse_u 5.1552  raw_mse_v 9.6093  a0 0.07041  gnorm 10.54  alpha 0.072  (adaptive loss 1.5350 — flat by design)
[ train_ml:af ] step 60400  raw_mse_u 5.0568  raw_mse_v 9.4701  a0 0.12631  gnorm 13.68  alpha 0.069  (adaptive loss 1.5331 — flat by design)
[ train_ml:af ] step 60600  raw_mse_u 8.0200  raw_mse_v 15.6073  a0 0.18067  gnorm 15.27  alpha 0.066  (adaptive loss 1.5316 — flat by design)
[ train_ml:af ] step 60800  raw_mse_u 4.1854  raw_mse_v 8.5081  a0 0.03280  gnorm 11.62  alpha 0.063  (adaptive loss 1.5302 — flat by design)
[ train_ml:af ] step 61000  raw_mse_u 5.8429  raw_mse_v 11.3013  a0 0.15928  gnorm 7.84  alpha 0.060  (adaptive loss 1.5287 — flat by design)
[ train_ml:af ] step 61200  raw_mse_u 6.5883  raw_mse_v 14.0328  a0 0.14815  gnorm 10.95  alpha 0.057  (adaptive loss 1.5276 — flat by design)
[ train_ml:af ] step 61400  raw_mse_u 6.8563  raw_mse_v 15.1484  a0 0.05053  gnorm 9.29  alpha 0.055  (adaptive loss 1.5255 — flat by design)
[ train_ml:af ] step 61600  raw_mse_u 8.4133  raw_mse_v 13.4215  a0 0.19403  gnorm 9.34  alpha 0.052  (adaptive loss 1.5242 — flat by design)
[ train_ml:af ] step 61800  raw_mse_u 5.8358  raw_mse_v 10.6597  a0 0.19897  gnorm 8.34  alpha 0.050  (adaptive loss 1.5230 — flat by design)
[ train_ml:af ] step 62000  raw_mse_u 7.2172  raw_mse_v 14.5576  a0 0.16083  gnorm 12.22  alpha 0.047  (adaptive loss 1.5219 — flat by design)
[ train_ml:af ] step 62200  raw_mse_u 8.6199  raw_mse_v 13.0865  a0 0.10922  gnorm 11.33  alpha 0.045  (adaptive loss 1.5211 — flat by design)
[ train_ml:af ] step 62400  raw_mse_u 4.8924  raw_mse_v 8.9602  a0 0.06053  gnorm 8.86  alpha 0.043  (adaptive loss 1.5198 — flat by design)
[ train_ml:af ] step 62600  raw_mse_u 6.0051  raw_mse_v 10.8113  a0 0.05857  gnorm 7.88  alpha 0.041  (adaptive loss 1.5184 — flat by design)
[ train_ml:af ] step 62800  raw_mse_u 4.5352  raw_mse_v 9.2861  a0 0.09919  gnorm 29.71  alpha 0.039  (adaptive loss 1.5172 — flat by design)
[ train_ml:af ] step 63000  raw_mse_u 7.1450  raw_mse_v 11.7100  a0 0.38027  gnorm 7.16  alpha 0.037  (adaptive loss 1.5166 — flat by design)
[ train_ml:af ] step 63200  raw_mse_u 7.1800  raw_mse_v 13.4095  a0 0.13985  gnorm 10.24  alpha 0.036  (adaptive loss 1.5160 — flat by design)
[ train_ml:af ] step 63400  raw_mse_u 4.4092  raw_mse_v 10.3952  a0 0.06076  gnorm 14.64  alpha 0.034  (adaptive loss 1.5151 — flat by design)
[ train_ml:af ] step 63600  raw_mse_u 6.2611  raw_mse_v 11.4606  a0 0.18950  gnorm 10.05  alpha 0.032  (adaptive loss 1.5139 — flat by design)
[ train_ml:af ] step 63800  raw_mse_u 4.0126  raw_mse_v 8.2100  a0 0.13045  gnorm 19.98  alpha 0.031  (adaptive loss 1.5133 — flat by design)
[ train_ml:af ] step 64000  raw_mse_u 4.0166  raw_mse_v 11.7139  a0 0.02697  gnorm 17.83  alpha 0.029  (adaptive loss 1.5122 — flat by design)
[ train_ml:af ] step 64200  raw_mse_u 6.2094  raw_mse_v 13.0655  a0 0.13901  gnorm 12.32  alpha 0.028  (adaptive loss 1.5116 — flat by design)
[ train_ml:af ] step 64400  raw_mse_u 3.8689  raw_mse_v 7.5126  a0 0.01932  gnorm 9.51  alpha 0.027  (adaptive loss 1.5111 — flat by design)
[ train_ml:af ] step 64600  raw_mse_u 7.4400  raw_mse_v 12.7738  a0 0.09521  gnorm 10.99  alpha 0.025  (adaptive loss 1.5105 — flat by design)
[ train_ml:af ] step 64800  raw_mse_u 4.1174  raw_mse_v 6.9834  a0 0.15358  gnorm 9.23  alpha 0.024  (adaptive loss 1.5082 — flat by design)
[ train_ml:af ] step 65000  raw_mse_u 5.1185  raw_mse_v 12.6884  a0 0.06854  gnorm 20.13  alpha 0.023  (adaptive loss 1.5093 — flat by design)
[ train_ml:af ] step 65200  raw_mse_u 5.1377  raw_mse_v 14.5256  a0 0.14971  gnorm 6.89  alpha 0.022  (adaptive loss 1.5084 — flat by design)
[ train_ml:af ] step 65400  raw_mse_u 7.6742  raw_mse_v 13.3534  a0 0.15144  gnorm 10.05  alpha 0.021  (adaptive loss 1.5076 — flat by design)
[ train_ml:af ] step 65600  raw_mse_u 3.8347  raw_mse_v 8.8795  a0 0.04226  gnorm 13.05  alpha 0.020  (adaptive loss 1.5073 — flat by design)
[ train_ml:af ] step 65800  raw_mse_u 5.6248  raw_mse_v 14.6666  a0 0.06647  gnorm 7.53  alpha 0.019  (adaptive loss 1.5074 — flat by design)
[ train_ml:af ] step 66000  raw_mse_u 3.6189  raw_mse_v 10.4180  a0 0.02827  gnorm 14.49  alpha 0.018  (adaptive loss 1.5070 — flat by design)
[ train_ml:af ] step 66200  raw_mse_u 5.3762  raw_mse_v 11.3769  a0 0.16057  gnorm 22.41  alpha 0.017  (adaptive loss 1.5063 — flat by design)
[ train_ml:af ] step 66400  raw_mse_u 3.6411  raw_mse_v 8.3739  a0 0.08307  gnorm 10.19  alpha 0.016  (adaptive loss 1.5051 — flat by design)
[ train_ml:af ] step 66600  raw_mse_u 4.1973  raw_mse_v 11.2816  a0 0.06313  gnorm 8.93  alpha 0.016  (adaptive loss 1.5050 — flat by design)
[ train_ml:af ] step 66800  raw_mse_u 4.9400  raw_mse_v 12.9401  a0 0.05142  gnorm 14.34  alpha 0.015  (adaptive loss 1.5049 — flat by design)
[ train_ml:af ] step 67000  raw_mse_u 6.8306  raw_mse_v 12.7047  a0 0.14887  gnorm 12.58  alpha 0.014  (adaptive loss 1.5041 — flat by design)
[ train_ml:af ] step 67200  raw_mse_u 4.5196  raw_mse_v 10.7580  a0 0.03778  gnorm 12.00  alpha 0.013  (adaptive loss 1.5041 — flat by design)
[ train_ml:af ] step 67400  raw_mse_u 5.4197  raw_mse_v 10.6251  a0 0.04730  gnorm 26.17  alpha 0.013  (adaptive loss 1.5040 — flat by design)
[ train_ml:af ] step 67600  raw_mse_u 6.3939  raw_mse_v 13.5024  a0 0.34038  gnorm 13.57  alpha 0.012  (adaptive loss 1.5034 — flat by design)
[ train_ml:af ] step 67800  raw_mse_u 7.7720  raw_mse_v 13.1631  a0 0.23096  gnorm 8.86  alpha 0.012  (adaptive loss 1.5028 — flat by design)
[ train_ml:af ] step 68000  raw_mse_u 4.8344  raw_mse_v 8.6548  a0 0.04032  gnorm 9.40  alpha 0.011  (adaptive loss 1.5027 — flat by design)
[ train_ml:af ] step 68200  raw_mse_u 8.3890  raw_mse_v 16.3620  a0 0.22327  gnorm 11.84  alpha 0.010  (adaptive loss 1.5027 — flat by design)
[ train_ml:af ] step 68400  raw_mse_u 5.0553  raw_mse_v 13.7219  a0 0.06565  gnorm 11.31  alpha 0.010  (adaptive loss 1.5024 — flat by design)
[ train_ml:af ] step 68600  raw_mse_u 4.4466  raw_mse_v 14.2579  a0 0.06870  gnorm 10.23  alpha 0.009  (adaptive loss 1.5021 — flat by design)
[ train_ml:af ] step 68800  raw_mse_u 6.3583  raw_mse_v 12.1840  a0 0.09533  gnorm 9.20  alpha 0.009  (adaptive loss 1.5019 — flat by design)
[ train_ml:af ] step 69000  raw_mse_u 4.0095  raw_mse_v 9.6645  a0 0.02898  gnorm 9.14  alpha 0.009  (adaptive loss 1.5016 — flat by design)
[ train_ml:af ] step 69200  raw_mse_u 9.0904  raw_mse_v 14.2120  a0 0.20214  gnorm 20.68  alpha 0.008  (adaptive loss 1.5012 — flat by design)
[ train_ml:af ] step 69400  raw_mse_u 6.9863  raw_mse_v 13.6930  a0 0.06545  gnorm 16.54  alpha 0.008  (adaptive loss 1.5014 — flat by design)
[ train_ml:af ] step 69600  raw_mse_u 7.4598  raw_mse_v 11.6765  a0 0.19857  gnorm 8.53  alpha 0.007  (adaptive loss 1.5011 — flat by design)
[ train_ml:af ] step 69800  raw_mse_u 7.8267  raw_mse_v 12.6904  a0 0.13788  gnorm 7.56  alpha 0.007  (adaptive loss 1.5008 — flat by design)
[ train_ml:af ] step 70000  raw_mse_u 3.9294  raw_mse_v 7.1069  a0 0.05429  gnorm 12.41  alpha 0.007  (adaptive loss 1.5006 — flat by design)
[ train_ml:af ] step 70200  raw_mse_u 5.4777  raw_mse_v 10.6537  a0 0.13740  gnorm 6.34  alpha 0.006  (adaptive loss 1.5007 — flat by design)
[ train_ml:af ] step 70400  raw_mse_u 7.6675  raw_mse_v 14.6419  a0 0.21781  gnorm 15.43  alpha 0.006  (adaptive loss 1.5006 — flat by design)
[ train_ml:af ] step 70600  raw_mse_u 3.0533  raw_mse_v 8.8008  a0 0.02018  gnorm 14.97  alpha 0.006  (adaptive loss 1.5008 — flat by design)
[ train_ml:af ] step 70800  raw_mse_u 5.8401  raw_mse_v 11.2715  a0 0.10641  gnorm 6.85  alpha 0.005  (adaptive loss 1.5004 — flat by design)
[ train_ml:af ] step 71000  raw_mse_u 6.8374  raw_mse_v 12.6521  a0 0.09501  gnorm 17.56  alpha 0.005  (adaptive loss 1.5006 — flat by design)
[ train_ml:af ] step 71200  raw_mse_u 146.9148  raw_mse_v 16.8894  a0 5.24275  gnorm 7.49  alpha 0.000  (adaptive loss 1.9997 — flat by design)
[ train_ml:af ] step 71400  raw_mse_u 192.0948  raw_mse_v 12.4904  a0 10.29720  gnorm 17.00  alpha 0.000  (adaptive loss 1.9997 — flat by design)
[ train_ml:af ] step 71600  raw_mse_u 334.2456  raw_mse_v 13.3550  a0 3.62550  gnorm 14.80  alpha 0.000  (adaptive loss 1.9997 — flat by design)
[ train_ml:af ] step 71800  raw_mse_u 104.0658  raw_mse_v 14.8069  a0 4.31487  gnorm 19.10  alpha 0.000  (adaptive loss 1.9997 — flat by design)
[ train_ml:af ] step 72000  raw_mse_u 845.5981  raw_mse_v 17.4926  a0 84.11085  gnorm 10.84  alpha 0.000  (adaptive loss 1.9998 — flat by design)
[ train_ml:af ] step 72200  raw_mse_u 520.5538  raw_mse_v 9.5215  a0 12.45305  gnorm 16.44  alpha 0.000  (adaptive loss 1.9997 — flat by design)
[ train_ml:af ] step 72400  raw_mse_u 78.4199  raw_mse_v 8.5117  a0 6.18345  gnorm 18.48  alpha 0.000  (adaptive loss 1.9996 — flat by design)
[ train_ml:af ] step 72600  raw_mse_u 564.5355  raw_mse_v 10.5498  a0 40.91603  gnorm 13.49  alpha 0.000  (adaptive loss 1.9997 — flat by design)
[ train_ml:af ] step 72800  raw_mse_u 148.2576  raw_mse_v 11.4540  a0 6.24131  gnorm 8.87  alpha 0.000  (adaptive loss 1.9998 — flat by design)
[ train_ml:af ] step 73000  raw_mse_u 181.1393  raw_mse_v 13.0712  a0 7.43514  gnorm 10.15  alpha 0.000  (adaptive loss 1.9997 — flat by design)
[ train_ml:af ] step 73200  raw_mse_u 58.8455  raw_mse_v 11.6955  a0 1.62199  gnorm 10.96  alpha 0.000  (adaptive loss 1.9998 — flat by design)
[ train_ml:af ] step 73400  raw_mse_u 30.7733  raw_mse_v 10.5371  a0 1.33289  gnorm 20.48  alpha 0.000  (adaptive loss 1.9997 — flat by design)
[ train_ml:af ] step 73600  raw_mse_u 126.0434  raw_mse_v 11.5850  a0 2.88040  gnorm 7.34  alpha 0.000  (adaptive loss 1.9997 — flat by design)
[ train_ml:af ] step 73800  raw_mse_u 729.7506  raw_mse_v 11.6005  a0 31.91840  gnorm 12.56  alpha 0.000  (adaptive loss 1.9997 — flat by design)
[ train_ml:af ] step 74000  raw_mse_u 1085.3396  raw_mse_v 16.9777  a0 36.27332  gnorm 12.64  alpha 0.000  (adaptive loss 1.9998 — flat by design)
[ train_ml:af ] step 74200  raw_mse_u 13286.1338  raw_mse_v 14.5383  a0 452.86737  gnorm 31.03  alpha 0.000  (adaptive loss 1.9997 — flat by design)
[ train_ml:af ] step 74400  raw_mse_u 124.0225  raw_mse_v 14.5815  a0 2.29280  gnorm 18.15  alpha 0.000  (adaptive loss 1.9998 — flat by design)
[ train_ml:af ] step 74600  raw_mse_u 69.1223  raw_mse_v 10.2499  a0 1.33099  gnorm 11.80  alpha 0.000  (adaptive loss 1.9998 — flat by design)
[ train_ml:af ] step 74800  raw_mse_u 39.1076  raw_mse_v 9.0686  a0 2.75415  gnorm 16.11  alpha 0.000  (adaptive loss 1.9997 — flat by design)
[ train_ml:af ] step 75000  raw_mse_u 291.4900  raw_mse_v 11.0438  a0 2.11558  gnorm 6.68  alpha 0.000  (adaptive loss 1.9997 — flat by design)
[ train_ml:af ] step 75200  raw_mse_u 126.6000  raw_mse_v 9.2688  a0 3.82245  gnorm 13.06  alpha 0.000  (adaptive loss 1.9997 — flat by design)
[ train_ml:af ] step 75400  raw_mse_u 71.7176  raw_mse_v 11.5832  a0 5.00313  gnorm 11.18  alpha 0.000  (adaptive loss 1.9996 — flat by design)
[ train_ml:af ] step 75600  raw_mse_u 103.8736  raw_mse_v 16.7577  a0 2.27166  gnorm 9.30  alpha 0.000  (adaptive loss 1.9997 — flat by design)
[ train_ml:af ] step 75800  raw_mse_u 48.5047  raw_mse_v 9.5637  a0 1.03059  gnorm 9.01  alpha 0.000  (adaptive loss 1.9997 — flat by design)
[ train_ml:af ] step 76000  raw_mse_u 52.0927  raw_mse_v 18.1832  a0 1.00546  gnorm 7.58  alpha 0.000  (adaptive loss 1.9997 — flat by design)
[ train_ml:af ] step 76200  raw_mse_u 10.1609  raw_mse_v 5.9979  a0 0.12099  gnorm 21.77  alpha 0.000  (adaptive loss 1.9996 — flat by design)
[ train_ml:af ] step 76400  raw_mse_u 2178.0110  raw_mse_v 9.3845  a0 57.88387  gnorm 25.48  alpha 0.000  (adaptive loss 1.9997 — flat by design)
[ train_ml:af ] step 76600  raw_mse_u 47.0442  raw_mse_v 10.7256  a0 3.04561  gnorm 8.68  alpha 0.000  (adaptive loss 1.9998 — flat by design)
[ train_ml:af ] step 76800  raw_mse_u 638.6576  raw_mse_v 13.2255  a0 61.68825  gnorm 29.66  alpha 0.000  (adaptive loss 1.9998 — flat by design)
[ train_ml:af ] step 77000  raw_mse_u 35.3795  raw_mse_v 10.2048  a0 0.50538  gnorm 7.40  alpha 0.000  (adaptive loss 1.9997 — flat by design)
[ train_ml:af ] step 77200  raw_mse_u 114.6532  raw_mse_v 10.6748  a0 3.16005  gnorm 14.45  alpha 0.000  (adaptive loss 1.9997 — flat by design)
[ train_ml:af ] step 77400  raw_mse_u 70.7963  raw_mse_v 8.9550  a0 2.15623  gnorm 11.46  alpha 0.000  (adaptive loss 1.9997 — flat by design)
[ train_ml:af ] step 77600  raw_mse_u 68.1484  raw_mse_v 15.0250  a0 4.43394  gnorm 11.93  alpha 0.000  (adaptive loss 1.9997 — flat by design)
[ train_ml:af ] step 77800  raw_mse_u 124.8500  raw_mse_v 9.0652  a0 4.24925  gnorm 16.53  alpha 0.000  (adaptive loss 1.9997 — flat by design)
[ train_ml:af ] step 78000  raw_mse_u 66.8543  raw_mse_v 12.3797  a0 2.83188  gnorm 12.00  alpha 0.000  (adaptive loss 1.9997 — flat by design)
[ train_ml:af ] step 78200  raw_mse_u 59.7815  raw_mse_v 14.0106  a0 2.32378  gnorm 7.77  alpha 0.000  (adaptive loss 1.9997 — flat by design)
[ train_ml:af ] step 78400  raw_mse_u 88.2731  raw_mse_v 11.9136  a0 2.86512  gnorm 8.97  alpha 0.000  (adaptive loss 1.9997 — flat by design)
[ train_ml:af ] step 78600  raw_mse_u 47.5999  raw_mse_v 10.2247  a0 2.75123  gnorm 12.41  alpha 0.000  (adaptive loss 1.9997 — flat by design)
[ train_ml:af ] step 78800  raw_mse_u 678.4044  raw_mse_v 11.6232  a0 126.16687  gnorm 14.98  alpha 0.000  (adaptive loss 1.9998 — flat by design)
[ train_ml:af ] step 79000  raw_mse_u 119.0205  raw_mse_v 11.2962  a0 5.99865  gnorm 11.39  alpha 0.000  (adaptive loss 1.9997 — flat by design)
[ train_ml:af ] step 79200  raw_mse_u 32.9363  raw_mse_v 8.7825  a0 1.16035  gnorm 11.11  alpha 0.000  (adaptive loss 1.9996 — flat by design)
[ train_ml:af ] step 79400  raw_mse_u 194.9558  raw_mse_v 11.4234  a0 18.68655  gnorm 13.78  alpha 0.000  (adaptive loss 1.9997 — flat by design)
[ train_ml:af ] step 79600  raw_mse_u 42.6684  raw_mse_v 11.2189  a0 0.86079  gnorm 15.91  alpha 0.000  (adaptive loss 1.9997 — flat by design)
[ train_ml:af ] step 79800  raw_mse_u 122.0048  raw_mse_v 12.6922  a0 8.03414  gnorm 6.83  alpha 0.000  (adaptive loss 1.9997 — flat by design)
[ train_ml:af ] step 80000  raw_mse_u 525.2014  raw_mse_v 9.4881  a0 14.03322  gnorm 10.12  alpha 0.000  (adaptive loss 1.9998 — flat by design)
[ train_ml:af ] step 80200  raw_mse_u 689.2789  raw_mse_v 14.7609  a0 24.03755  gnorm 11.80  alpha 0.000  (adaptive loss 1.9998 — flat by design)
[ train_ml:af ] step 80400  raw_mse_u 99.5290  raw_mse_v 8.3859  a0 2.83535  gnorm 11.69  alpha 0.000  (adaptive loss 1.9995 — flat by design)
[ train_ml:af ] step 80600  raw_mse_u 47.5505  raw_mse_v 12.9317  a0 1.49762  gnorm 9.51  alpha 0.000  (adaptive loss 1.9997 — flat by design)
[ train_ml:af ] step 80800  raw_mse_u 225.6295  raw_mse_v 9.3324  a0 15.22719  gnorm 13.37  alpha 0.000  (adaptive loss 1.9997 — flat by design)
[ train_ml:af ] step 81000  raw_mse_u 120.7042  raw_mse_v 8.4277  a0 6.75741  gnorm 10.54  alpha 0.000  (adaptive loss 1.9997 — flat by design)
[ train_ml:af ] step 81200  raw_mse_u 751.6360  raw_mse_v 13.1015  a0 66.70917  gnorm 8.68  alpha 0.000  (adaptive loss 1.9997 — flat by design)
[ train_ml:af ] step 81400  raw_mse_u 104.6439  raw_mse_v 14.0244  a0 2.29992  gnorm 11.69  alpha 0.000  (adaptive loss 1.9997 — flat by design)
[ train_ml:af ] step 81600  raw_mse_u 41.7453  raw_mse_v 8.7092  a0 0.55568  gnorm 13.66  alpha 0.000  (adaptive loss 1.9997 — flat by design)
[ train_ml:af ] step 81800  raw_mse_u 73.9172  raw_mse_v 9.8870  a0 3.72405  gnorm 15.54  alpha 0.000  (adaptive loss 1.9997 — flat by design)
[ train_ml:af ] step 82000  raw_mse_u 121.9929  raw_mse_v 10.0494  a0 17.09434  gnorm 13.21  alpha 0.000  (adaptive loss 1.9997 — flat by design)
[ train_ml:af ] step 82200  raw_mse_u 165.7449  raw_mse_v 12.0466  a0 4.08580  gnorm 17.33  alpha 0.000  (adaptive loss 1.9997 — flat by design)
[ train_ml:af ] step 82400  raw_mse_u 74.9382  raw_mse_v 9.4562  a0 4.30673  gnorm 7.09  alpha 0.000  (adaptive loss 1.9997 — flat by design)
[ train_ml:af ] step 82600  raw_mse_u 147.3157  raw_mse_v 7.6745  a0 10.87568  gnorm 18.96  alpha 0.000  (adaptive loss 1.9997 — flat by design)
[ train_ml:af ] step 82800  raw_mse_u 701.3329  raw_mse_v 9.5752  a0 67.29887  gnorm 46.76  alpha 0.000  (adaptive loss 1.9996 — flat by design)
[ train_ml:af ] step 83000  raw_mse_u 77.5779  raw_mse_v 12.6448  a0 9.98914  gnorm 12.43  alpha 0.000  (adaptive loss 1.9997 — flat by design)
[ train_ml:af ] step 83200  raw_mse_u 248.3143  raw_mse_v 10.5191  a0 5.05327  gnorm 12.73  alpha 0.000  (adaptive loss 1.9997 — flat by design)
[ train_ml:af ] step 83400  raw_mse_u 308.6830  raw_mse_v 13.8934  a0 18.88038  gnorm 9.07  alpha 0.000  (adaptive loss 1.9998 — flat by design)
[ train_ml:af ] step 83600  raw_mse_u 75.4678  raw_mse_v 15.5035  a0 1.14812  gnorm 11.68  alpha 0.000  (adaptive loss 1.9998 — flat by design)
[ train_ml:af ] step 83800  raw_mse_u 1160.4224  raw_mse_v 12.6669  a0 27.39957  gnorm 14.12  alpha 0.000  (adaptive loss 1.9997 — flat by design)
[ train_ml:af ] step 84000  raw_mse_u 329.3001  raw_mse_v 9.9654  a0 18.57706  gnorm 10.56  alpha 0.000  (adaptive loss 1.9996 — flat by design)
[ train_ml:af ] step 84200  raw_mse_u 73.6101  raw_mse_v 14.8582  a0 3.81417  gnorm 12.46  alpha 0.000  (adaptive loss 1.9998 — flat by design)
[ train_ml:af ] step 84400  raw_mse_u 168.0096  raw_mse_v 11.0164  a0 2.08969  gnorm 23.47  alpha 0.000  (adaptive loss 1.9997 — flat by design)
[ train_ml:af ] step 84600  raw_mse_u 137.3694  raw_mse_v 10.3699  a0 2.13446  gnorm 7.81  alpha 0.000  (adaptive loss 1.9997 — flat by design)
[ train_ml:af ] step 84800  raw_mse_u 48.3907  raw_mse_v 12.2290  a0 1.45096  gnorm 20.54  alpha 0.000  (adaptive loss 1.9997 — flat by design)
[ train_ml:af ] step 85000  raw_mse_u 5179.2368  raw_mse_v 9.0175  a0 80.50879  gnorm 9.80  alpha 0.000  (adaptive loss 1.9997 — flat by design)
[ train_ml:af ] step 85200  raw_mse_u 2396.7742  raw_mse_v 12.1442  a0 37.07905  gnorm 10.26  alpha 0.000  (adaptive loss 1.9997 — flat by design)
[ train_ml:af ] step 85400  raw_mse_u 90.3409  raw_mse_v 11.2189  a0 0.95983  gnorm 13.18  alpha 0.000  (adaptive loss 1.9997 — flat by design)
[ train_ml:af ] step 85600  raw_mse_u 1331.5786  raw_mse_v 15.8003  a0 262.79953  gnorm 7.20  alpha 0.000  (adaptive loss 1.9997 — flat by design)
[ train_ml:af ] step 85800  raw_mse_u 29.8787  raw_mse_v 10.7669  a0 1.60395  gnorm 7.90  alpha 0.000  (adaptive loss 1.9997 — flat by design)
[ train_ml:af ] step 86000  raw_mse_u 151.0925  raw_mse_v 14.3159  a0 6.83163  gnorm 14.38  alpha 0.000  (adaptive loss 1.9998 — flat by design)
[ train_ml:af ] step 86200  raw_mse_u 51.9286  raw_mse_v 8.6802  a0 1.07462  gnorm 12.66  alpha 0.000  (adaptive loss 1.9997 — flat by design)
[ train_ml:af ] step 86400  raw_mse_u 109.8153  raw_mse_v 9.9365  a0 6.91761  gnorm 10.74  alpha 0.000  (adaptive loss 1.9997 — flat by design)
[ train_ml:af ] step 86600  raw_mse_u 138.9308  raw_mse_v 11.3195  a0 5.25867  gnorm 31.84  alpha 0.000  (adaptive loss 1.9997 — flat by design)
[ train_ml:af ] step 86800  raw_mse_u 52.6333  raw_mse_v 9.1018  a0 0.34412  gnorm 10.22  alpha 0.000  (adaptive loss 1.9997 — flat by design)
[ train_ml:af ] step 87000  raw_mse_u 160.4422  raw_mse_v 12.7817  a0 2.33891  gnorm 8.94  alpha 0.000  (adaptive loss 1.9997 — flat by design)
[ train_ml:af ] step 87200  raw_mse_u 39.4582  raw_mse_v 10.3015  a0 0.64871  gnorm 18.52  alpha 0.000  (adaptive loss 1.9997 — flat by design)
[ train_ml:af ] step 87400  raw_mse_u 72.9990  raw_mse_v 9.9408  a0 2.66759  gnorm 6.75  alpha 0.000  (adaptive loss 1.9997 — flat by design)
[ train_ml:af ] step 87600  raw_mse_u 183.6791  raw_mse_v 7.3883  a0 19.13094  gnorm 27.16  alpha 0.000  (adaptive loss 1.9996 — flat by design)
[ train_ml:af ] step 87800  raw_mse_u 353.1544  raw_mse_v 9.6385  a0 20.89000  gnorm 9.88  alpha 0.000  (adaptive loss 1.9998 — flat by design)
[ train_ml:af ] step 88000  raw_mse_u 58.8984  raw_mse_v 14.5999  a0 3.99214  gnorm 10.91  alpha 0.000  (adaptive loss 1.9997 — flat by design)
[ train_ml:af ] step 88200  raw_mse_u 173.6325  raw_mse_v 17.2820  a0 5.70074  gnorm 11.56  alpha 0.000  (adaptive loss 1.9997 — flat by design)
[ train_ml:af ] step 88400  raw_mse_u 1839.6982  raw_mse_v 12.5359  a0 20.18079  gnorm 15.70  alpha 0.000  (adaptive loss 1.9998 — flat by design)
[ train_ml:af ] step 88600  raw_mse_u 220.0171  raw_mse_v 12.6473  a0 15.74404  gnorm 10.30  alpha 0.000  (adaptive loss 1.9998 — flat by design)
[ train_ml:af ] step 88800  raw_mse_u 155.6082  raw_mse_v 15.7204  a0 9.51488  gnorm 21.16  alpha 0.000  (adaptive loss 1.9997 — flat by design)
[ train_ml:af ] step 89000  raw_mse_u 1675.9510  raw_mse_v 12.4456  a0 8.86650  gnorm 10.54  alpha 0.000  (adaptive loss 1.9997 — flat by design)
[ train_ml:af ] step 89200  raw_mse_u 38.9546  raw_mse_v 13.0676  a0 0.89198  gnorm 10.94  alpha 0.000  (adaptive loss 1.9997 — flat by design)
[ train_ml:af ] step 89400  raw_mse_u 444.9191  raw_mse_v 12.6709  a0 63.70896  gnorm 16.10  alpha 0.000  (adaptive loss 1.9997 — flat by design)
[ train_ml:af ] step 89600  raw_mse_u 99.3510  raw_mse_v 11.3064  a0 7.92113  gnorm 16.92  alpha 0.000  (adaptive loss 1.9997 — flat by design)
[ train_ml:af ] step 89800  raw_mse_u 754.6429  raw_mse_v 10.3734  a0 33.05869  gnorm 11.06  alpha 0.000  (adaptive loss 1.9997 — flat by design)
[ train_ml:af ] step 90000  raw_mse_u 88.2393  raw_mse_v 10.9038  a0 1.32103  gnorm 12.52  alpha 0.000  (adaptive loss 1.9997 — flat by design)
[ train_ml:af ] step 90200  raw_mse_u 3966.0669  raw_mse_v 8.1981  a0 8.51348  gnorm 19.92  alpha 0.000  (adaptive loss 1.9997 — flat by design)
[ train_ml:af ] step 90400  raw_mse_u 179.5089  raw_mse_v 9.1676  a0 2.10720  gnorm 12.92  alpha 0.000  (adaptive loss 1.9997 — flat by design)
[ train_ml:af ] step 90600  raw_mse_u 130.6578  raw_mse_v 10.6880  a0 5.12288  gnorm 8.80  alpha 0.000  (adaptive loss 1.9997 — flat by design)
[ train_ml:af ] step 90800  raw_mse_u 73.7123  raw_mse_v 10.4457  a0 2.04915  gnorm 14.85  alpha 0.000  (adaptive loss 1.9997 — flat by design)
[ train_ml:af ] step 91000  raw_mse_u 1067.3389  raw_mse_v 9.3377  a0 112.24873  gnorm 8.16  alpha 0.000  (adaptive loss 1.9997 — flat by design)
[ train_ml:af ] step 91200  raw_mse_u 196.4801  raw_mse_v 14.1364  a0 1.27215  gnorm 12.33  alpha 0.000  (adaptive loss 1.9998 — flat by design)
[ train_ml:af ] step 91400  raw_mse_u 32.5820  raw_mse_v 11.1539  a0 0.39946  gnorm 13.14  alpha 0.000  (adaptive loss 1.9996 — flat by design)
[ train_ml:af ] step 91600  raw_mse_u 107.8338  raw_mse_v 13.2320  a0 3.90043  gnorm 14.53  alpha 0.000  (adaptive loss 1.9997 — flat by design)
[ train_ml:af ] step 91800  raw_mse_u 209.5552  raw_mse_v 8.1969  a0 38.66560  gnorm 17.41  alpha 0.000  (adaptive loss 1.9997 — flat by design)
[ train_ml:af ] step 92000  raw_mse_u 1265.7719  raw_mse_v 11.8026  a0 70.67368  gnorm 13.66  alpha 0.000  (adaptive loss 1.9998 — flat by design)
[ train_ml:af ] step 92200  raw_mse_u 1338.2679  raw_mse_v 10.4556  a0 2.03296  gnorm 16.70  alpha 0.000  (adaptive loss 1.9997 — flat by design)
[ train_ml:af ] step 92400  raw_mse_u 107.0424  raw_mse_v 14.3285  a0 2.53922  gnorm 8.90  alpha 0.000  (adaptive loss 1.9996 — flat by design)
[ train_ml:af ] step 92600  raw_mse_u 83.4572  raw_mse_v 13.2153  a0 3.55722  gnorm 10.28  alpha 0.000  (adaptive loss 1.9998 — flat by design)
[ train_ml:af ] step 92800  raw_mse_u 74.1997  raw_mse_v 10.7568  a0 2.43895  gnorm 9.64  alpha 0.000  (adaptive loss 1.9997 — flat by design)
[ train_ml:af ] step 93000  raw_mse_u 54.1791  raw_mse_v 12.0916  a0 0.79224  gnorm 7.91  alpha 0.000  (adaptive loss 1.9997 — flat by design)
[ train_ml:af ] step 93200  raw_mse_u 239.8032  raw_mse_v 9.3340  a0 1.76372  gnorm 8.30  alpha 0.000  (adaptive loss 1.9996 — flat by design)
[ train_ml:af ] step 93400  raw_mse_u 655.8395  raw_mse_v 16.1355  a0 21.05756  gnorm 10.98  alpha 0.000  (adaptive loss 1.9996 — flat by design)
[ train_ml:af ] step 93600  raw_mse_u 107.4419  raw_mse_v 10.7743  a0 3.44197  gnorm 10.18  alpha 0.000  (adaptive loss 1.9997 — flat by design)
[ train_ml:af ] step 93800  raw_mse_u 140.3100  raw_mse_v 10.8605  a0 3.84320  gnorm 9.54  alpha 0.000  (adaptive loss 1.9997 — flat by design)
[ train_ml:af ] step 94000  raw_mse_u 243.8010  raw_mse_v 11.3818  a0 35.48711  gnorm 11.67  alpha 0.000  (adaptive loss 1.9997 — flat by design)
[ train_ml:af ] step 94200  raw_mse_u 73.5313  raw_mse_v 10.9320  a0 3.52248  gnorm 10.86  alpha 0.000  (adaptive loss 1.9997 — flat by design)
[ train_ml:af ] step 94400  raw_mse_u 52.7694  raw_mse_v 11.5275  a0 1.91647  gnorm 9.98  alpha 0.000  (adaptive loss 1.9997 — flat by design)
[ train_ml:af ] step 94600  raw_mse_u 37.5659  raw_mse_v 16.1996  a0 1.63516  gnorm 9.67  alpha 0.000  (adaptive loss 1.9997 — flat by design)
[ train_ml:af ] step 94800  raw_mse_u 28303.5762  raw_mse_v 10.0962  a0 61.83870  gnorm 20.71  alpha 0.000  (adaptive loss 1.9997 — flat by design)
[ train_ml:af ] step 95000  raw_mse_u 87.6600  raw_mse_v 9.5042  a0 3.32576  gnorm 9.42  alpha 0.000  (adaptive loss 1.9997 — flat by design)
[ train_ml:af ] step 95200  raw_mse_u 201.6452  raw_mse_v 8.6491  a0 16.87810  gnorm 9.05  alpha 0.000  (adaptive loss 1.9997 — flat by design)
[ train_ml:af ] step 95400  raw_mse_u 520.9916  raw_mse_v 7.7014  a0 10.56824  gnorm 11.45  alpha 0.000  (adaptive loss 1.9997 — flat by design)
[ train_ml:af ] step 95600  raw_mse_u 122.6685  raw_mse_v 11.2898  a0 1.24929  gnorm 9.91  alpha 0.000  (adaptive loss 1.9997 — flat by design)
[ train_ml:af ] step 95800  raw_mse_u 113.8733  raw_mse_v 16.4386  a0 4.78214  gnorm 11.37  alpha 0.000  (adaptive loss 1.9997 — flat by design)
[ train_ml:af ] step 96000  raw_mse_u 162.1498  raw_mse_v 9.0510  a0 3.18403  gnorm 10.80  alpha 0.000  (adaptive loss 1.9997 — flat by design)
[ train_ml:af ] step 96200  raw_mse_u 212.1891  raw_mse_v 10.2879  a0 11.89219  gnorm 10.73  alpha 0.000  (adaptive loss 1.9997 — flat by design)
[ train_ml:af ] step 96400  raw_mse_u 119.6810  raw_mse_v 7.7524  a0 4.13994  gnorm 15.46  alpha 0.000  (adaptive loss 1.9997 — flat by design)
[ train_ml:af ] step 96600  raw_mse_u 44.9757  raw_mse_v 8.0704  a0 1.51086  gnorm 15.19  alpha 0.000  (adaptive loss 1.9997 — flat by design)
[ train_ml:af ] step 96800  raw_mse_u 106.1171  raw_mse_v 10.0847  a0 1.38844  gnorm 10.74  alpha 0.000  (adaptive loss 1.9997 — flat by design)
[ train_ml:af ] step 97000  raw_mse_u 194.8412  raw_mse_v 11.5743  a0 10.36230  gnorm 12.16  alpha 0.000  (adaptive loss 1.9997 — flat by design)
[ train_ml:af ] step 97200  raw_mse_u 584.0184  raw_mse_v 9.0992  a0 63.37909  gnorm 11.71  alpha 0.000  (adaptive loss 1.9997 — flat by design)
[ train_ml:af ] step 97400  raw_mse_u 267.2187  raw_mse_v 10.2481  a0 5.79683  gnorm 8.64  alpha 0.000  (adaptive loss 1.9997 — flat by design)
[ train_ml:af ] step 97600  raw_mse_u 2226.8574  raw_mse_v 15.6704  a0 29.28668  gnorm 19.80  alpha 0.000  (adaptive loss 1.9998 — flat by design)
[ train_ml:af ] step 97800  raw_mse_u 51.5587  raw_mse_v 11.8452  a0 1.97031  gnorm 13.38  alpha 0.000  (adaptive loss 1.9997 — flat by design)
[ train_ml:af ] step 98000  raw_mse_u 215.7395  raw_mse_v 13.2324  a0 11.35044  gnorm 10.11  alpha 0.000  (adaptive loss 1.9997 — flat by design)
[ train_ml:af ] step 98200  raw_mse_u 35.6158  raw_mse_v 13.4102  a0 0.48745  gnorm 17.29  alpha 0.000  (adaptive loss 1.9997 — flat by design)
[ train_ml:af ] step 98400  raw_mse_u 248.5166  raw_mse_v 12.1120  a0 6.18416  gnorm 10.55  alpha 0.000  (adaptive loss 1.9996 — flat by design)
[ train_ml:af ] step 98600  raw_mse_u 388.7807  raw_mse_v 12.7301  a0 62.44650  gnorm 12.04  alpha 0.000  (adaptive loss 1.9998 — flat by design)
[ train_ml:af ] step 98800  raw_mse_u 92.8115  raw_mse_v 11.2103  a0 1.72726  gnorm 8.77  alpha 0.000  (adaptive loss 1.9997 — flat by design)
[ train_ml:af ] step 99000  raw_mse_u 85.6047  raw_mse_v 8.6978  a0 9.44718  gnorm 11.01  alpha 0.000  (adaptive loss 1.9995 — flat by design)
[ train_ml:af ] step 99200  raw_mse_u 1091.7821  raw_mse_v 14.1155  a0 32.83358  gnorm 15.03  alpha 0.000  (adaptive loss 1.9997 — flat by design)
[ train_ml:af ] step 99400  raw_mse_u 136.1105  raw_mse_v 15.2496  a0 1.96822  gnorm 7.99  alpha 0.000  (adaptive loss 1.9998 — flat by design)
[ train_ml:af ] step 99600  raw_mse_u 382.7525  raw_mse_v 8.6059  a0 25.68861  gnorm 16.09  alpha 0.000  (adaptive loss 1.9997 — flat by design)
[ train_ml:af ] step 99800  raw_mse_u 350.7883  raw_mse_v 10.3301  a0 20.08806  gnorm 13.00  alpha 0.000  (adaptive loss 1.9998 — flat by design)
wandb: - 0.009 MB of 0.009 MB uploadedwandb: \ 0.009 MB of 0.009 MB uploadedwandb: | 0.009 MB of 0.009 MB uploadedwandb: / 0.009 MB of 0.009 MB uploadedwandb: - 0.019 MB of 0.101 MB uploaded (0.004 MB deduped)wandb: \ 0.101 MB of 0.101 MB uploaded (0.004 MB deduped)wandb: | 0.101 MB of 0.101 MB uploaded (0.004 MB deduped)wandb: / 0.101 MB of 0.101 MB uploaded (0.004 MB deduped)wandb:                                                                                
wandb: W&B sync reduced upload amount by 3.7%
wandb: 
wandb: Run history:
wandb:        a0_mse ▁▁▁▁▁▁▁▁▁▁▁▁▁▁▁▁▁▁▁▁▁▁▁▁▁▁▁▁▁█▁▁▁▁▁▂▂▁▁▁
wandb:         alpha ████████████████▇▇▆▅▄▃▂▂▁▁▁▁▁▁▁▁▁▁▁▁▁▁▁▁
wandb:    clamp_frac ▁▁▁▁▁▁▁▁▁▁▁▁█▁▁▁█▁▁█▁█▁▁▁██▁▁▁▁▁▁▁▁▁▁▁▁▁
wandb: discrete_frac ████████████████████████████▁▁▁▁▁▁▁▁▁▁▁▁
wandb:       fm_frac ▁▁▁▁▁▁▁▁▁▁▁▁▁▁▁▁▁▁▁▁▁▁▁▁▁▁▁▁▁▁▁▁▁▁▁▁▁▁▁▁
wandb:     grad_norm ▃▃▂▄▁▃▁▂▁▂▅▃▂▂▂▂▁▁▂▂▂▃▁▂▁▅▅▂▄█▁▂▂▃▁▃▄▂▃▂
wandb:        h_mean █▅▃▅▅▂▃▂▄▄▂▂▅▅▅▄▄▃▄▄▂▂▅▇▁▃▃▅▅▅▁▂▅▄▅▃▃▃▄▂
wandb:          loss ████████████████▇▇▆▅▄▃▂▂▁▁▁▁████████████
wandb:     raw_mse_u ▁▁▁▁▁▁▁▁▁▁▁▁▁▁▁▁▁▁▁▁▁▁▁▁▁▁▁▁▁█▁▁▁▂▁▁▁▁▁▁
wandb:     raw_mse_v █▄▅▄▂▃▂▃▃▂▃▂▂▃▂▃▂▃▃▂▂▂▄▁▃▁▂▃▃▃▂▂▃▂▂▂▁▂▁▁
wandb: 
wandb: Run summary:
wandb:        a0_mse 20.08806
wandb:         alpha 0.0
wandb:    clamp_frac 0.0
wandb: discrete_frac 0.0
wandb:       fm_frac 0.5
wandb:     grad_norm 12.99509
wandb:        h_mean 0.11623
wandb:          loss 1.99979
wandb:     raw_mse_u 350.78833
wandb:     raw_mse_v 10.33015
wandb: 
wandb: 🚀 View run HF-ML-af-H16_ml_af_100k-seed0-slurm-23979 at: https://wandb.ai/llmmail2021-technical-university-of-munich/FMPCC-HF-Mix-ML/runs/mer53733
wandb: ⭐️ View project at: https://wandb.ai/llmmail2021-technical-university-of-munich/FMPCC-HF-Mix-ML
wandb: Synced 6 W&B file(s), 0 media file(s), 2 artifact file(s) and 0 other file(s)
wandb: Find logs at: ./logs/avoiding-v0/flow/H16_ml_af_100k/wandb/run-20260728_221843-mer53733/logs
wandb: WARNING The new W&B backend becomes opt-out in version 0.18.0; try it out with `wandb.require("core")`! See https://wandb.me/wandb-core for more information.
[ train_ml ] done. final checkpoints saved with cp index 4
Total runtime: 6h 23m 6s
[ HF-ML-TRAIN ] done. checkpoints:
total 144864
drwxr-xr-x  3 llim tumuser     4096 Jul 29 04:41 .
drwxr-xr-x 11 llim tumuser     4096 Jul 28 22:18 ..
-rw-r--r--  1 llim tumuser      890 Jul 28 22:18 config.yaml
-rw-r--r--  1 llim tumuser    72803 Jul 29 04:40 metrics.csv
-rw-r--r--  1 llim tumuser 14823362 Jul 28 22:18 model_0.pth
-rw-r--r--  1 llim tumuser 14823362 Jul 28 23:34 model_1.pth
-rw-r--r--  1 llim tumuser 14823362 Jul 29 00:53 model_2.pth
-rw-r--r--  1 llim tumuser 14823362 Jul 29 02:26 model_3.pth
-rw-r--r--  1 llim tumuser 14823362 Jul 29 04:41 model_4.pth
-rw-r--r--  1 llim tumuser 14824562 Jul 28 22:18 model_ema_0.pth
-rw-r--r--  1 llim tumuser 14824562 Jul 28 23:34 model_ema_1.pth
-rw-r--r--  1 llim tumuser 14824562 Jul 29 00:53 model_ema_2.pth
-rw-r--r--  1 llim tumuser 14824562 Jul 29 02:26 model_ema_3.pth
-rw-r--r--  1 llim tumuser 14824562 Jul 29 04:41 model_ema_4.pth
drwxr-xr-x  3 llim tumuser      103 Jul 28 22:18 wandb
================================================================================
JOB END: Wed Jul 29 04:41:44 UTC 2026
================================================================================
