/bin/bash: /u/home/llim/miniconda3/lib/libtinfo.so.6: no version information available (required by /bin/bash)
[2026-07-17 10:42:54] DA_Batch_v2 - INFO - ======================================================================
[2026-07-17 10:42:54] DA_Batch_v2 - INFO - FM v3 ODE-Selectable: Multi-Candidate Batch Analysis (v2)
[2026-07-17 10:42:54] DA_Batch_v2 - INFO - ======================================================================
[2026-07-17 10:42:54] DA_Batch_v2 - INFO - Start time: 2026-07-17 10:42:54
[2026-07-17 10:42:54] DA_Batch_v2 - INFO - Output directory: Data_Analysis/analysis_results/batch_avoiding_combined_20260717_104253
[2026-07-17 10:42:54] DA_Batch_v2 - INFO - 
[2026-07-17 10:42:54] DA_Batch_v2 - INFO - [PHASE 1/5] AUTO-DISCOVERING CANDIDATES
[2026-07-17 10:42:54] DA_Batch_v2 - INFO - ----------------------------------------------------------------------
Candidate 7 (H8_K10_Meuler_T0.5_Dmodels.diffusion.GaussianDiffusion) is MISSING seeds: [7, 8, 9, 10]
Candidate 8 (H8_K100_Meuler_T0.5_Dflow_matcher_v3_imeanflow.models.iMeanFlowODE) is MISSING seeds: [7, 8, 9, 10]
Candidate 9 (H8_K10_Meuler_T0.5_Dflow_matcher_v3_imeanflow.models.iMeanFlowODE) is MISSING seeds: [7, 8, 9, 10]
Candidate 10 (H8_K1_Meuler_T0.5_Dflow_matcher_v3_imeanflow.models.iMeanFlowODE) is MISSING seeds: [7, 8, 9, 10]
Candidate 11 (H8_K2_Meuler_T0.5_Dflow_matcher_v3_imeanflow.models.iMeanFlowODE) is MISSING seeds: [7, 8, 9, 10]
Candidate 12 (H8_K50_Meuler_T0.5_Dflow_matcher_v3_imeanflow.models.iMeanFlowODE) is MISSING seeds: [7, 8, 9, 10]
Candidate 13 (H8_K10_Meuler_T0.5_Dflow_matcher_v3_imeanflow.models.iMeanFlowODE) is MISSING seeds: [7, 8, 9, 10]
Candidate 14 (H8_K2_Meuler_T0.5_Dflow_matcher_v3_imeanflow.models.iMeanFlowODE) is MISSING seeds: [7, 8, 9, 10]
Candidate 15 (H8_K10_Meuler_T0.5_Dflow_matcher_v3_imeanflow.models.iMeanFlowODE) is MISSING seeds: [7, 8, 9, 10]
Candidate 16 (H8_K10_Meuler_T0.5_Dflow_matcher_v3_imeanflow.models.iMeanFlowODE) is MISSING seeds: [7, 8, 9, 10]
Candidate 17 (H8_K10_Meuler_T0.5_Dflow_matcher_v3_imeanflow.models.iMeanFlowODE) is MISSING seeds: [7, 8, 9, 10]
Candidate 18 (H8_K2_Meuler_T0.5_Dflow_matcher_v3_imeanflow.models.iMeanFlowODE) is MISSING seeds: [7, 8, 9, 10]
Candidate 19 ((legacy_F2)H8_K2_Meuler_T0.5_Dflow_matcher_v3_imeanflow.models.iMeanFlowODE) is MISSING seeds: [7, 8, 9, 10]
Candidate 20 (H8_K10_Meuler_T0.5_Dflow_matcher_v3_imeanflow.models.iMeanFlowODE) is MISSING seeds: [7, 8, 9, 10]
Candidate 21 (H8_K20_Meuler_T0.5_Dflow_matcher_v3_imeanflow.models.iMeanFlowODE) is MISSING seeds: [7, 8, 9, 10]
Candidate 22 (H8_K2_Meuler_T0.5_Dflow_matcher_v3_imeanflow.models.iMeanFlowODE) is MISSING seeds: [7, 8, 9, 10]
Candidate 23 (H8_K10_Meuler_T0.5_Dflow_matcher_v3_imeanflow.models.iMeanFlowODE) is MISSING seeds: [7, 8, 9, 10]
Candidate 24 (H8_K10_Meuler_T0.5_Dflow_matcher_v3_imeanflow.models.iMeanFlowODE) is MISSING seeds: [7, 8, 9, 10]
Candidate 25 (H8_K10_Meuler_T0.5_Dflow_matcher_v3_imeanflow.models.iMeanFlowODE) is MISSING seeds: [7, 8, 9, 10]
Candidate 26 (H8_K10_Meuler_T0.5_Dflow_matcher_v3_imeanflow.models.iMeanFlowODE) is MISSING seeds: [7, 8, 9, 10]
Candidate 27 (H8_K10_Meuler_T0.5_Dflow_matcher_v3_imeanflow.models.iMeanFlowODE) is MISSING seeds: [7, 8, 9, 10]
Candidate 28 (H8_K10_Meuler_T0.5_Dflow_matcher_v3_imeanflow.models.iMeanFlowODE) is MISSING seeds: [7, 8, 9, 10]
Candidate 29 (H8_K10_Meuler_T0.5_Dflow_matcher_v3_imeanflow.models.iMeanFlowODE) is MISSING seeds: [7, 8, 9, 10]
Candidate 30 (H8_K10_Meuler_T0.5_Dflow_matcher_v3_imeanflow.models.iMeanFlowODE) is MISSING seeds: [7, 8, 9, 10]
Candidate 31 (H8_K20_Meuler_T0.5_Dflow_matcher_v3_imeanflow.models.iMeanFlowODE) is MISSING seeds: [7, 8, 9, 10]
Candidate 32 (H8_K20_Mrk4_T0.5_Dflow_matcher_v3_imeanflow.models.iMeanFlowODE) is MISSING seeds: [7, 8, 9, 10]
Candidate 33 (H8_K2_Mrk4_T0.5_Dflow_matcher_v3_imeanflow.models.iMeanFlowODE) is MISSING seeds: [7, 8, 9, 10]
Candidate 34 (H8_K40_Meuler_T0.5_Dflow_matcher_v3_imeanflow.models.iMeanFlowODE) is MISSING seeds: [7, 8, 9, 10]
Candidate 35 (H8_K10_Mrk4_T0.5_Dflow_matcher_v3_imeanflow.models.iMeanFlowODE) is MISSING seeds: [7, 8, 9, 10]
Candidate 36 (H8_K10_Meuler_Dflow_matcher_v3_imeanflow.models.iMFDiffusion) is MISSING seeds: [7, 8, 9, 10]
Candidate 37 (H8_K1_Meuler_T0.5_Dflow_matcher_v3_imeanflow.models.iMeanFlowODE) is MISSING seeds: [7, 8, 9, 10]
Candidate 38 (H8_K2_Meuler_T0.5_Dflow_matcher_v3_imeanflow.models.iMeanFlowODE) is MISSING seeds: [7, 8, 9, 10]
Candidate 39 (H8_K10_Meuler_T0.5_Dflow_matcher_v3_imeanflow.models.iMeanFlowODE) is MISSING seeds: [7, 8, 9, 10]
Candidate 40 (H8_K10_Meuler_T0.5_Dflow_matcher_v3_imeanflow.models.iMeanFlowODE) is MISSING seeds: [7, 8, 9, 10]
Candidate 41 (H8_K10_Meuler_T0.5_Dflow_matcher_v3_imeanflow.models.iMeanFlowODE) is MISSING seeds: [7, 8, 9, 10]
Candidate 42 (H8_K2_Meuler_T0.5_Dflow_matcher_v3_imeanflow.models.iMeanFlowODE) is MISSING seeds: [7, 8, 9, 10]
Candidate 43 (H8_K5_Meuler_T0.5_Dmodels.diffusion.FlowMatchingODE) is MISSING seeds: [7, 8, 9, 10]
Candidate 45 (H8_K5_Meuler_T0.5_Dmodels.diffusion.FlowMatchingODE) is MISSING seeds: [7, 8, 9, 10]
Candidate 52 (H8_K100_Meuler_T0.5_Dfm_visual_avoiding.models.visual_gaussian_diffusion.VisualFlowMatching_VTrue_mpc4) is MISSING seeds: [7, 8, 9, 10]
Candidate 2 (H8_K20_Meuler_T0.5_Dfm_visual_avoiding.models.visual_gaussian_diffusion.VisualFlowMatching_VTrue_mpc4_filmv1) is MISSING seeds: [7, 8, 9, 10]
Candidate 3 (H8_K20_Meuler_T0.5_Dfm_visual_avoiding.models.visual_gaussian_diffusion.VisualFlowMatching_VTrue_mpc4_filmv2) is MISSING seeds: [7, 8, 9, 10]
Candidate 4 (H8_K20_Meuler_T0.5_Dfm_visual_avoiding.models.visual_gaussian_diffusion.VisualFlowMatching_VTrue_mpc4) is MISSING seeds: [7, 8, 9, 10]
Candidate 6 (H8_K20_T0.5_Ddiffuser_visual_avoiding.models.visual_gaussian_diffusion.VisualGaussianDiffusion_VTrue_steps200_mpc4) is MISSING seeds: [7, 8, 9, 10]
[2026-07-17 10:42:54] DA_Batch_v2 - INFO - === Candidates Discovered ===
Total: 58

  1: H8_K20_Meuler_T0.5_Dfm_visual_avoiding.models.visual_gaussian_diffusion.VisualFlowMatching_VTrue_mpc4
      Path: /data/home/llim/FMPCC/FM-PCC/logs/avoiding-d3il-visual/plans/fm_visual_avoiding(unfull)/H8_K20_Meuler_T0.5_Dfm_visual_avoiding.models.visual_gaussian_diffusion.VisualFlowMatching/H8_K20_Meuler_T0.5_Dfm_visual_avoiding.models.visual_gaussian_diffusion.VisualFlowMatching_VTrue_mpc4
      Seeds Found: [6]
      WARNING: Missing Seeds [7, 8, 9, 10]

  2: (old_no_mpc_traj)H8_K20_Meuler_T0.5_Dfm_visual_avoiding.models.visual_gaussian_diffusion.VisualFlowMatching_VTrue_mpc4
      Path: /data/home/llim/FMPCC/FM-PCC/logs/avoiding-d3il-visual/plans/fm_visual_avoiding/H8_K20_Meuler_T0.5_Dfm_visual_avoiding.models.visual_gaussian_diffusion.VisualFlowMatching/(old_no_mpc_traj)H8_K20_Meuler_T0.5_Dfm_visual_avoiding.models.visual_gaussian_diffusion.VisualFlowMatching_VTrue_mpc4
      Seeds Found: [6, 7, 8, 9, 10]

  3: H8_K20_Meuler_T0.5_Dfm_visual_avoiding.models.visual_gaussian_diffusion.VisualFlowMatching_VTrue_mpc4_filmv1
      Path: /data/home/llim/FMPCC/FM-PCC/logs/avoiding-d3il-visual/plans/fm_visual_avoiding/H8_K20_Meuler_T0.5_Dfm_visual_avoiding.models.visual_gaussian_diffusion.VisualFlowMatching/H8_K20_Meuler_T0.5_Dfm_visual_avoiding.models.visual_gaussian_diffusion.VisualFlowMatching_VTrue_mpc4_filmv1
      Seeds Found: [6]
      WARNING: Missing Seeds [7, 8, 9, 10]

  4: H8_K20_Meuler_T0.5_Dfm_visual_avoiding.models.visual_gaussian_diffusion.VisualFlowMatching_VTrue_mpc4_filmv2
      Path: /data/home/llim/FMPCC/FM-PCC/logs/avoiding-d3il-visual/plans/fm_visual_avoiding/H8_K20_Meuler_T0.5_Dfm_visual_avoiding.models.visual_gaussian_diffusion.VisualFlowMatching/H8_K20_Meuler_T0.5_Dfm_visual_avoiding.models.visual_gaussian_diffusion.VisualFlowMatching_VTrue_mpc4_filmv2
      Seeds Found: [6]
      WARNING: Missing Seeds [7, 8, 9, 10]

  5: H8_K20_T0.5_Ddiffuser_visual_avoiding.models.visual_gaussian_diffusion.VisualGaussianDiffusion_VTrue_steps200_mpc4
      Path: /data/home/llim/FMPCC/FM-PCC/logs/avoiding-d3il-visual/plans/visual_avoiding_dpcc(unfull)/H8_K20_Ddiffuser_visual_avoiding.models.visual_gaussian_diffusion.VisualGaussianDiffusion_aw10_VTrue_steps200_bs64/H8_K20_T0.5_Ddiffuser_visual_avoiding.models.visual_gaussian_diffusion.VisualGaussianDiffusion_VTrue_steps200_mpc4
      Seeds Found: [6]
      WARNING: Missing Seeds [7, 8, 9, 10]

  6: H8_K20_T0.5_Ddiffuser_visual_avoiding.models.visual_gaussian_diffusion.VisualGaussianDiffusion_VTrue_steps200_mpc4
      Path: /data/home/llim/FMPCC/FM-PCC/logs/avoiding-d3il-visual/plans/visual_avoiding_dpcc/H8_K20_Ddiffuser_visual_avoiding.models.visual_gaussian_diffusion.VisualGaussianDiffusion_aw10_VTrue_steps200_bs64/H8_K20_T0.5_Ddiffuser_visual_avoiding.models.visual_gaussian_diffusion.VisualGaussianDiffusion_VTrue_steps200_mpc4
      Seeds Found: [6, 7, 8, 9, 10]

  7: H8_K10_Dmodels.GaussianDiffusion_aw10_thres0.5
      Path: /data/home/llim/FMPCC/FM-PCC/logs/avoiding-d3il/plans/diffusion/H8_K10_Dmodels.GaussianDiffusion_aw10_thres0.5
      Seeds Found: [6, 7, 8, 9, 10]

  8: H8_K1_T0.5_Dmodels.GaussianDiffusion
      Path: /data/home/llim/FMPCC/FM-PCC/logs/avoiding-d3il/plans/diffusion/H8_K1_Dmodels.GaussianDiffusion_aw10/H8_K1_T0.5_Dmodels.GaussianDiffusion
      Seeds Found: [6, 7, 8, 9, 10]

  9: H8_K20_T0.5_Dmodels.GaussianDiffusion
      Path: /data/home/llim/FMPCC/FM-PCC/logs/avoiding-d3il/plans/diffusion/H8_K20_Dmodels.GaussianDiffusion_aw10/H8_K20_T0.5_Dmodels.GaussianDiffusion
      Seeds Found: [6, 7, 8, 9, 10]

  10: H8_K20_Dmodels.GaussianDiffusion_aw10_thres0.5
      Path: /data/home/llim/FMPCC/FM-PCC/logs/avoiding-d3il/plans/diffusion/H8_K20_Dmodels.GaussianDiffusion_aw10_thres0.5
      Seeds Found: [6, 7, 8, 9, 10]

  11: H8_K20_T0.5_Dmodels.GaussianDiffusion_aw1
      Path: /data/home/llim/FMPCC/FM-PCC/logs/avoiding-d3il/plans/diffusion/H8_K20_T0.5_Dmodels.GaussianDiffusion_aw1
      Seeds Found: [6, 7, 8, 9, 10]

  12: H8_K20_T1_Dmodels.GaussianDiffusion_aw10
      Path: /data/home/llim/FMPCC/FM-PCC/logs/avoiding-d3il/plans/diffusion/H8_K20_T1_Dmodels.GaussianDiffusion_aw10
      Seeds Found: [6, 7, 8, 9, 10]

  13: H8_K10_Meuler_T0.5_Dmodels.diffusion.GaussianDiffusion
      Path: /data/home/llim/FMPCC/FM-PCC/logs/avoiding-d3il/plans/flow_matching_v3_drifting/H8_Dmodels.diffusion.GaussianDiffusion_a1.5_b1.0_aw1/H8_K10_Meuler_T0.5_Dmodels.diffusion.GaussianDiffusion
      Seeds Found: [6]
      WARNING: Missing Seeds [7, 8, 9, 10]

  14: H8_K10_Meuler_T0.5_Dflow_matcher_v3_imeanflow.models.iMeanFlowODE
      Path: /data/home/llim/FMPCC/FM-PCC/logs/avoiding-d3il/plans/flow_matching_v3_imeanflow(1e4_U5)/H8_Dflow_matcher_v3_imeanflow.models.iMeanFlowODE_a1.0_b1.0_aw10_objmeanflow_jvp/H8_K10_Meuler_T0.5_Dflow_matcher_v3_imeanflow.models.iMeanFlowODE
      Seeds Found: [6]
      WARNING: Missing Seeds [7, 8, 9, 10]

  15: H8_K2_Meuler_T0.5_Dflow_matcher_v3_imeanflow.models.iMeanFlowODE
      Path: /data/home/llim/FMPCC/FM-PCC/logs/avoiding-d3il/plans/flow_matching_v3_imeanflow(1e4_U5)/H8_Dflow_matcher_v3_imeanflow.models.iMeanFlowODE_a1.0_b1.0_aw10_objmeanflow_jvp/H8_K2_Meuler_T0.5_Dflow_matcher_v3_imeanflow.models.iMeanFlowODE
      Seeds Found: [6]
      WARNING: Missing Seeds [7, 8, 9, 10]

  16: H8_K10_Meuler_T0.5_Dflow_matcher_v3_imeanflow.models.iMeanFlowODE
      Path: /data/home/llim/FMPCC/FM-PCC/logs/avoiding-d3il/plans/flow_matching_v3_imeanflow(1e4_beta_U4)/H8_Dflow_matcher_v3_imeanflow.models.iMeanFlowODE_a1.5_b1.0_aw10_objmeanflow_jvp/H8_K10_Meuler_T0.5_Dflow_matcher_v3_imeanflow.models.iMeanFlowODE
      Seeds Found: [6]
      WARNING: Missing Seeds [7, 8, 9, 10]

  17: H8_K10_Meuler_T0.5_Dflow_matcher_v3_imeanflow.models.iMeanFlowODE
      Path: /data/home/llim/FMPCC/FM-PCC/logs/avoiding-d3il/plans/flow_matching_v3_imeanflow(1e5_U5)/H8_Dflow_matcher_v3_imeanflow.models.iMeanFlowODE_a1.0_b1.0_aw10_objmeanflow_jvp/H8_K10_Meuler_T0.5_Dflow_matcher_v3_imeanflow.models.iMeanFlowODE
      Seeds Found: [6]
      WARNING: Missing Seeds [7, 8, 9, 10]

  18: H8_K10_Meuler_T0.5_Dflow_matcher_v3_imeanflow.models.iMeanFlowODE
      Path: /data/home/llim/FMPCC/FM-PCC/logs/avoiding-d3il/plans/flow_matching_v3_imeanflow(1e5_beta_U4)/H8_Dflow_matcher_v3_imeanflow.models.iMeanFlowODE_a1.5_b1.0_aw10_objmeanflow_jvp/H8_K10_Meuler_T0.5_Dflow_matcher_v3_imeanflow.models.iMeanFlowODE
      Seeds Found: [6]
      WARNING: Missing Seeds [7, 8, 9, 10]

  19: H8_K2_Meuler_T0.5_Dflow_matcher_v3_imeanflow.models.iMeanFlowODE
      Path: /data/home/llim/FMPCC/FM-PCC/logs/avoiding-d3il/plans/flow_matching_v3_imeanflow(1e5_beta_U4)/H8_Dflow_matcher_v3_imeanflow.models.iMeanFlowODE_a1.5_b1.0_aw10_objmeanflow_jvp/H8_K2_Meuler_T0.5_Dflow_matcher_v3_imeanflow.models.iMeanFlowODE
      Seeds Found: [6]
      WARNING: Missing Seeds [7, 8, 9, 10]

  20: (legacy_F2)H8_K2_Meuler_T0.5_Dflow_matcher_v3_imeanflow.models.iMeanFlowODE
      Path: /data/home/llim/FMPCC/FM-PCC/logs/avoiding-d3il/plans/flow_matching_v3_imeanflow(Bf_U3)/H8_Dflow_matcher_v3_imeanflow.models.iMeanFlowODE_a1.5_b1.0_aw10/(legacy_F2)H8_K2_Meuler_T0.5_Dflow_matcher_v3_imeanflow.models.iMeanFlowODE
      Seeds Found: [6]
      WARNING: Missing Seeds [7, 8, 9, 10]

  21: H8_K10_Meuler_T0.5_Dflow_matcher_v3_imeanflow.models.iMeanFlowODE
      Path: /data/home/llim/FMPCC/FM-PCC/logs/avoiding-d3il/plans/flow_matching_v3_imeanflow(Bf_U3)/H8_Dflow_matcher_v3_imeanflow.models.iMeanFlowODE_a1.5_b1.0_aw10/H8_K10_Meuler_T0.5_Dflow_matcher_v3_imeanflow.models.iMeanFlowODE
      Seeds Found: [6]
      WARNING: Missing Seeds [7, 8, 9, 10]

  22: H8_K20_Meuler_T0.5_Dflow_matcher_v3_imeanflow.models.iMeanFlowODE
      Path: /data/home/llim/FMPCC/FM-PCC/logs/avoiding-d3il/plans/flow_matching_v3_imeanflow(Bf_U3)/H8_Dflow_matcher_v3_imeanflow.models.iMeanFlowODE_a1.5_b1.0_aw10/H8_K20_Meuler_T0.5_Dflow_matcher_v3_imeanflow.models.iMeanFlowODE
      Seeds Found: [6]
      WARNING: Missing Seeds [7, 8, 9, 10]

  23: H8_K2_Meuler_T0.5_Dflow_matcher_v3_imeanflow.models.iMeanFlowODE
      Path: /data/home/llim/FMPCC/FM-PCC/logs/avoiding-d3il/plans/flow_matching_v3_imeanflow(Bf_U3)/H8_Dflow_matcher_v3_imeanflow.models.iMeanFlowODE_a1.5_b1.0_aw10/H8_K2_Meuler_T0.5_Dflow_matcher_v3_imeanflow.models.iMeanFlowODE
      Seeds Found: [6]
      WARNING: Missing Seeds [7, 8, 9, 10]

  24: H8_K10_Meuler_T0.5_Dflow_matcher_v3_imeanflow.models.iMeanFlowODE
      Path: /data/home/llim/FMPCC/FM-PCC/logs/avoiding-d3il/plans/flow_matching_v3_imeanflow(Bf_U3p2Final)/H8_Dflow_matcher_v3_imeanflow.models.iMeanFlowODE_a1.5_b1.0_aw10/H8_K10_Meuler_T0.5_Dflow_matcher_v3_imeanflow.models.iMeanFlowODE
      Seeds Found: [6]
      WARNING: Missing Seeds [7, 8, 9, 10]

  25: H8_K10_Meuler_T0.5_Dflow_matcher_v3_imeanflow.models.iMeanFlowODE
      Path: /data/home/llim/FMPCC/FM-PCC/logs/avoiding-d3il/plans/flow_matching_v3_imeanflow(Bf_U4)/H8_Dflow_matcher_v3_imeanflow.models.iMeanFlowODE_a1.5_b1.0_aw10/H8_K10_Meuler_T0.5_Dflow_matcher_v3_imeanflow.models.iMeanFlowODE
      Seeds Found: [6]
      WARNING: Missing Seeds [7, 8, 9, 10]

  26: H8_K10_Meuler_T0.5_Dflow_matcher_v3_imeanflow.models.iMeanFlowODE
      Path: /data/home/llim/FMPCC/FM-PCC/logs/avoiding-d3il/plans/flow_matching_v3_imeanflow(Bf_U9)/H8_Dflow_matcher_v3_imeanflow.models.iMeanFlowODE_a1.0_b1.0_aw10_objmeanflow_jvp_bbdit/H8_K10_Meuler_T0.5_Dflow_matcher_v3_imeanflow.models.iMeanFlowODE
      Seeds Found: [6]
      WARNING: Missing Seeds [7, 8, 9, 10]

  27: H8_K10_Meuler_T0.5_Dflow_matcher_v3_imeanflow.models.iMeanFlowODE
      Path: /data/home/llim/FMPCC/FM-PCC/logs/avoiding-d3il/plans/flow_matching_v3_imeanflow(Bf_U9)/H8_Dflow_matcher_v3_imeanflow.models.iMeanFlowODE_a1.0_b1.0_aw10_objmeanflow_jvp_bbunet_tslogit_normal/H8_K10_Meuler_T0.5_Dflow_matcher_v3_imeanflow.models.iMeanFlowODE
      Seeds Found: [6]
      WARNING: Missing Seeds [7, 8, 9, 10]

  28: H8_K10_Meuler_T0.5_Dflow_matcher_v3_imeanflow.models.iMeanFlowODE
      Path: /data/home/llim/FMPCC/FM-PCC/logs/avoiding-d3il/plans/flow_matching_v3_imeanflow(CFG_OFF_U9)/H8_Dflow_matcher_v3_imeanflow.models.iMeanFlowODE_a1.0_b1.0_aw1_objmeanflow_jvp_bbdit_tslogit_normal/H8_K10_Meuler_T0.5_Dflow_matcher_v3_imeanflow.models.iMeanFlowODE
      Seeds Found: [6]
      WARNING: Missing Seeds [7, 8, 9, 10]

  29: H8_K10_Meuler_T0.5_Dflow_matcher_v3_imeanflow.models.iMeanFlowODE
      Path: /data/home/llim/FMPCC/FM-PCC/logs/avoiding-d3il/plans/flow_matching_v3_imeanflow(U6_DiT_1e4)/H8_Dflow_matcher_v3_imeanflow.models.iMeanFlowODE_a1.0_b1.0_aw10_objmeanflow_jvp_bbdit/H8_K10_Meuler_T0.5_Dflow_matcher_v3_imeanflow.models.iMeanFlowODE
      Seeds Found: [6]
      WARNING: Missing Seeds [7, 8, 9, 10]

  30: H8_K10_Meuler_T0.5_Dflow_matcher_v3_imeanflow.models.iMeanFlowODE
      Path: /data/home/llim/FMPCC/FM-PCC/logs/avoiding-d3il/plans/flow_matching_v3_imeanflow(aw1, 1e4train, dit)/H8_Dflow_matcher_v3_imeanflow.models.iMeanFlowODE_a1.0_b1.0_aw1_objmeanflow_jvp_bbdit_tslogit_normal/H8_K10_Meuler_T0.5_Dflow_matcher_v3_imeanflow.models.iMeanFlowODE
      Seeds Found: [6]
      WARNING: Missing Seeds [7, 8, 9, 10]

  31: H8_K10_Meuler_T0.5_Dflow_matcher_v3_imeanflow.models.iMeanFlowODE
      Path: /data/home/llim/FMPCC/FM-PCC/logs/avoiding-d3il/plans/flow_matching_v3_imeanflow(cfgO_0_in_eval_DiT_1e5)/H8_Dflow_matcher_v3_imeanflow.models.iMeanFlowODE_a1.0_b1.0_aw10_objmeanflow_jvp_bbdit/H8_K10_Meuler_T0.5_Dflow_matcher_v3_imeanflow.models.iMeanFlowODE
      Seeds Found: [6]
      WARNING: Missing Seeds [7, 8, 9, 10]

  32: H8_K20_Meuler_T0.5_Dflow_matcher_v3_imeanflow.models.iMeanFlowODE
      Path: /data/home/llim/FMPCC/FM-PCC/logs/avoiding-d3il/plans/flow_matching_v3_imeanflow(cfgO_0_in_eval_DiT_1e5)/H8_Dflow_matcher_v3_imeanflow.models.iMeanFlowODE_a1.0_b1.0_aw10_objmeanflow_jvp_bbdit/H8_K20_Meuler_T0.5_Dflow_matcher_v3_imeanflow.models.iMeanFlowODE
      Seeds Found: [6]
      WARNING: Missing Seeds [7, 8, 9, 10]

  33: H8_K20_Mrk4_T0.5_Dflow_matcher_v3_imeanflow.models.iMeanFlowODE
      Path: /data/home/llim/FMPCC/FM-PCC/logs/avoiding-d3il/plans/flow_matching_v3_imeanflow(cfgO_0_in_eval_DiT_1e5)/H8_Dflow_matcher_v3_imeanflow.models.iMeanFlowODE_a1.0_b1.0_aw10_objmeanflow_jvp_bbdit/H8_K20_Mrk4_T0.5_Dflow_matcher_v3_imeanflow.models.iMeanFlowODE
      Seeds Found: [6]
      WARNING: Missing Seeds [7, 8, 9, 10]

  34: H8_K2_Mrk4_T0.5_Dflow_matcher_v3_imeanflow.models.iMeanFlowODE
      Path: /data/home/llim/FMPCC/FM-PCC/logs/avoiding-d3il/plans/flow_matching_v3_imeanflow(cfgO_0_in_eval_DiT_1e5)/H8_Dflow_matcher_v3_imeanflow.models.iMeanFlowODE_a1.0_b1.0_aw10_objmeanflow_jvp_bbdit/H8_K2_Mrk4_T0.5_Dflow_matcher_v3_imeanflow.models.iMeanFlowODE
      Seeds Found: [6]
      WARNING: Missing Seeds [7, 8, 9, 10]

  35: H8_K40_Meuler_T0.5_Dflow_matcher_v3_imeanflow.models.iMeanFlowODE
      Path: /data/home/llim/FMPCC/FM-PCC/logs/avoiding-d3il/plans/flow_matching_v3_imeanflow(cfgO_0_in_eval_DiT_1e5)/H8_Dflow_matcher_v3_imeanflow.models.iMeanFlowODE_a1.0_b1.0_aw10_objmeanflow_jvp_bbdit/H8_K40_Meuler_T0.5_Dflow_matcher_v3_imeanflow.models.iMeanFlowODE
      Seeds Found: [6]
      WARNING: Missing Seeds [7, 8, 9, 10]

  36: H8_K10_Mrk4_T0.5_Dflow_matcher_v3_imeanflow.models.iMeanFlowODE
      Path: /data/home/llim/FMPCC/FM-PCC/logs/avoiding-d3il/plans/flow_matching_v3_imeanflow(cfgO_0_in_eval_DiT_1e5)/H8_Dflow_matcher_v3_imeanflow.models.iMeanFlowODE_a1.0_b1.0_aw20_objmeanflow_jvp_bbdit/H8_K10_Mrk4_T0.5_Dflow_matcher_v3_imeanflow.models.iMeanFlowODE
      Seeds Found: [6]
      WARNING: Missing Seeds [7, 8, 9, 10]

  37: H8_K10_Meuler_Dflow_matcher_v3_imeanflow.models.iMFDiffusion
      Path: /data/home/llim/FMPCC/FM-PCC/logs/avoiding-d3il/plans/flow_matching_v3_imeanflow(incorrect)/H8_Dflow_matcher_v3_imeanflow.models.iMFDiffusion_a1.5_b1.0_aw10/H8_K10_Meuler_Dflow_matcher_v3_imeanflow.models.iMFDiffusion
      Seeds Found: [6]
      WARNING: Missing Seeds [7, 8, 9, 10]

  38: H8_K1_Meuler_T0.5_Dflow_matcher_v3_imeanflow.models.iMeanFlowODE
      Path: /data/home/llim/FMPCC/FM-PCC/logs/avoiding-d3il/plans/flow_matching_v3_imeanflow(incorrect)/H8_Dflow_matcher_v3_imeanflow.models.iMeanFlowODE_a1.5_b1.0_aw10/H8_K1_Meuler_T0.5_Dflow_matcher_v3_imeanflow.models.iMeanFlowODE
      Seeds Found: [6]
      WARNING: Missing Seeds [7, 8, 9, 10]

  39: H8_K2_Meuler_T0.5_Dflow_matcher_v3_imeanflow.models.iMeanFlowODE
      Path: /data/home/llim/FMPCC/FM-PCC/logs/avoiding-d3il/plans/flow_matching_v3_imeanflow(incorrect)/H8_Dflow_matcher_v3_imeanflow.models.iMeanFlowODE_a1.5_b1.0_aw10/H8_K2_Meuler_T0.5_Dflow_matcher_v3_imeanflow.models.iMeanFlowODE
      Seeds Found: [6]
      WARNING: Missing Seeds [7, 8, 9, 10]

  40: H8_K10_Meuler_T0.5_Dflow_matcher_v3_imeanflow.models.iMeanFlowODE
      Path: /data/home/llim/FMPCC/FM-PCC/logs/avoiding-d3il/plans/flow_matching_v3_imeanflow(uniform_no_aux_U4_1e5)/H8_Dflow_matcher_v3_imeanflow.models.iMeanFlowODE_a1_b1.0_aw10_objmeanflow_jvp/H8_K10_Meuler_T0.5_Dflow_matcher_v3_imeanflow.models.iMeanFlowODE
      Seeds Found: [6]
      WARNING: Missing Seeds [7, 8, 9, 10]

  41: H8_K10_Meuler_T0.5_Dflow_matcher_v3_imeanflow.models.iMeanFlowODE
      Path: /data/home/llim/FMPCC/FM-PCC/logs/avoiding-d3il/plans/flow_matching_v3_imeanflow(with_CFG_default_config_U9_DiT)/H8_Dflow_matcher_v3_imeanflow.models.iMeanFlowODE_a1.0_b1.0_aw1_objmeanflow_jvp_bbdit_tslogit_normal/H8_K10_Meuler_T0.5_Dflow_matcher_v3_imeanflow.models.iMeanFlowODE
      Seeds Found: [6]
      WARNING: Missing Seeds [7, 8, 9, 10]

  42: H8_K10_Meuler_T0.5_Dflow_matcher_v3_imeanflow.models.iMeanFlowODE
      Path: /data/home/llim/FMPCC/FM-PCC/logs/avoiding-d3il/plans/flow_matching_v3_imeanflow(with_o4_cfg_DiT_1e5)/H8_Dflow_matcher_v3_imeanflow.models.iMeanFlowODE_a1.0_b1.0_aw10_objmeanflow_jvp_bbdit/H8_K10_Meuler_T0.5_Dflow_matcher_v3_imeanflow.models.iMeanFlowODE
      Seeds Found: [6]
      WARNING: Missing Seeds [7, 8, 9, 10]

  43: H8_K2_Meuler_T0.5_Dflow_matcher_v3_imeanflow.models.iMeanFlowODE
      Path: /data/home/llim/FMPCC/FM-PCC/logs/avoiding-d3il/plans/flow_matching_v3_imeanflow(with_o4_cfg_DiT_1e5)/H8_Dflow_matcher_v3_imeanflow.models.iMeanFlowODE_a1.0_b1.0_aw10_objmeanflow_jvp_bbdit/H8_K2_Meuler_T0.5_Dflow_matcher_v3_imeanflow.models.iMeanFlowODE
      Seeds Found: [6]
      WARNING: Missing Seeds [7, 8, 9, 10]

  44: H8_K100_Meuler_T0.5_Dflow_matcher_v3_imeanflow.models.iMeanFlowODE
      Path: /data/home/llim/FMPCC/FM-PCC/logs/avoiding-d3il/plans/flow_matching_v3_imeanflow/H8_Dflow_matcher_v3_imeanflow.models.iMeanFlowODE_a1.0_b1.0_aw10_objimf_official_bbdit_tslogit_normal/H8_K100_Meuler_T0.5_Dflow_matcher_v3_imeanflow.models.iMeanFlowODE
      Seeds Found: [6]
      WARNING: Missing Seeds [7, 8, 9, 10]

  45: H8_K10_Meuler_T0.5_Dflow_matcher_v3_imeanflow.models.iMeanFlowODE
      Path: /data/home/llim/FMPCC/FM-PCC/logs/avoiding-d3il/plans/flow_matching_v3_imeanflow/H8_Dflow_matcher_v3_imeanflow.models.iMeanFlowODE_a1.0_b1.0_aw10_objimf_official_bbdit_tslogit_normal/H8_K10_Meuler_T0.5_Dflow_matcher_v3_imeanflow.models.iMeanFlowODE
      Seeds Found: [6]
      WARNING: Missing Seeds [7, 8, 9, 10]

  46: H8_K1_Meuler_T0.5_Dflow_matcher_v3_imeanflow.models.iMeanFlowODE
      Path: /data/home/llim/FMPCC/FM-PCC/logs/avoiding-d3il/plans/flow_matching_v3_imeanflow/H8_Dflow_matcher_v3_imeanflow.models.iMeanFlowODE_a1.0_b1.0_aw10_objimf_official_bbdit_tslogit_normal/H8_K1_Meuler_T0.5_Dflow_matcher_v3_imeanflow.models.iMeanFlowODE
      Seeds Found: [6]
      WARNING: Missing Seeds [7, 8, 9, 10]

  47: H8_K2_Meuler_T0.5_Dflow_matcher_v3_imeanflow.models.iMeanFlowODE
      Path: /data/home/llim/FMPCC/FM-PCC/logs/avoiding-d3il/plans/flow_matching_v3_imeanflow/H8_Dflow_matcher_v3_imeanflow.models.iMeanFlowODE_a1.0_b1.0_aw10_objimf_official_bbdit_tslogit_normal/H8_K2_Meuler_T0.5_Dflow_matcher_v3_imeanflow.models.iMeanFlowODE
      Seeds Found: [6]
      WARNING: Missing Seeds [7, 8, 9, 10]

  48: H8_K50_Meuler_T0.5_Dflow_matcher_v3_imeanflow.models.iMeanFlowODE
      Path: /data/home/llim/FMPCC/FM-PCC/logs/avoiding-d3il/plans/flow_matching_v3_imeanflow/H8_Dflow_matcher_v3_imeanflow.models.iMeanFlowODE_a1.0_b1.0_aw10_objimf_official_bbdit_tslogit_normal/H8_K50_Meuler_T0.5_Dflow_matcher_v3_imeanflow.models.iMeanFlowODE
      Seeds Found: [6]
      WARNING: Missing Seeds [7, 8, 9, 10]

  49: H8_K5_Meuler_T0.5_Dmodels.diffusion.FlowMatchingODE
      Path: /data/home/llim/FMPCC/FM-PCC/logs/avoiding-d3il/plans/flow_matching_v3_ode_selectable/H8_Dmodels.diffusion.FlowMatchingODE_a1.5_b1.0_aw1/H8_K5_Meuler_T0.5_Dmodels.diffusion.FlowMatchingODE
      Seeds Found: [6]
      WARNING: Missing Seeds [7, 8, 9, 10]

  50: H8_K20_Meuler_T0.5_Dmodels.diffusion.FlowMatchingODE
      Path: /data/home/llim/FMPCC/FM-PCC/logs/avoiding-d3il/plans/flow_matching_v3_ode_selectable/H8_Dmodels.diffusion.FlowMatchingODE_a1.5_b1.0_aw10/H8_K20_Meuler_T0.5_Dmodels.diffusion.FlowMatchingODE
      Seeds Found: [6, 7, 8, 9, 10]

  51: H8_K5_Meuler_T0.5_Dmodels.diffusion.FlowMatchingODE
      Path: /data/home/llim/FMPCC/FM-PCC/logs/avoiding-d3il/plans/flow_matching_v3_ode_selectable/H8_Dmodels.diffusion.FlowMatchingODE_a1.5_b1.0_aw10/H8_K5_Meuler_T0.5_Dmodels.diffusion.FlowMatchingODE
      Seeds Found: [6]
      WARNING: Missing Seeds [7, 8, 9, 10]

  52: H8_K10_Dmodels.diffusion.GaussianDiffusion
      Path: /data/home/llim/FMPCC/FM-PCC/logs/avoiding-d3il/plans/flow_matching_v3_ode_selectable/H8_Dmodels.diffusion.GaussianDiffusion_a1.5_b1.0_aw1/H8_K10_Dmodels.diffusion.GaussianDiffusion
      Seeds Found: [6, 7, 8, 9, 10]

  53: H8_K10_Meuler_T1_Dmodels.diffusion.GaussianDiffusion
      Path: /data/home/llim/FMPCC/FM-PCC/logs/avoiding-d3il/plans/flow_matching_v3_ode_selectable/H8_Dmodels.diffusion.GaussianDiffusion_a1.5_b1.0_aw1/H8_K10_Meuler_T1_Dmodels.diffusion.GaussianDiffusion
      Seeds Found: [6, 7, 8, 9, 10]

  54: H8_K1_Meuler_T0.5_Dmodels.diffusion.GaussianDiffusion
      Path: /data/home/llim/FMPCC/FM-PCC/logs/avoiding-d3il/plans/flow_matching_v3_ode_selectable/H8_Dmodels.diffusion.GaussianDiffusion_a1.5_b1.0_aw1/H8_K1_Meuler_T0.5_Dmodels.diffusion.GaussianDiffusion
      Seeds Found: [6, 7, 8, 9, 10]

  55: H8_K20_Meuler_Dmodels.diffusion.GaussianDiffusion
      Path: /data/home/llim/FMPCC/FM-PCC/logs/avoiding-d3il/plans/flow_matching_v3_ode_selectable/H8_Dmodels.diffusion.GaussianDiffusion_a1.5_b1.0_aw1/H8_K20_Meuler_Dmodels.diffusion.GaussianDiffusion
      Seeds Found: [6, 7, 8, 9, 10]

  56: H8_K5_Mmidpoint_Dmodels.diffusion.GaussianDiffusion
      Path: /data/home/llim/FMPCC/FM-PCC/logs/avoiding-d3il/plans/flow_matching_v3_ode_selectable/H8_Dmodels.diffusion.GaussianDiffusion_a1.5_b1.0_aw1/H8_K5_Mmidpoint_Dmodels.diffusion.GaussianDiffusion
      Seeds Found: [6, 7, 8, 9, 10]

  57: H8_K10_Meuler_Dmodels.diffusion.GaussianDiffusion
      Path: /data/home/llim/FMPCC/FM-PCC/logs/avoiding-d3il/plans/flow_matching_v3_ode_selectable/H8_Dmodels.diffusion.GaussianDiffusion_a1.5_b1.0_aw10/H8_K10_Meuler_Dmodels.diffusion.GaussianDiffusion
      Seeds Found: [6, 7, 8, 9, 10]

  58: H8_K100_Meuler_T0.5_Dfm_visual_avoiding.models.visual_gaussian_diffusion.VisualFlowMatching_VTrue_mpc4
      Path: /data/home/llim/FMPCC/FM-PCC/logs/avoiding-d3il/plans/fm_visual_avoiding/H8_K100_Meuler_T0.5_Dfm_visual_avoiding.models.visual_gaussian_diffusion.VisualFlowMatching/H8_K100_Meuler_T0.5_Dfm_visual_avoiding.models.visual_gaussian_diffusion.VisualFlowMatching_VTrue_mpc4
      Seeds Found: [6]
      WARNING: Missing Seeds [7, 8, 9, 10]

[2026-07-17 10:42:54] DA_Batch_v2 - INFO - [PHASE 3/5] BATCH LOADING DATA
[2026-07-17 10:42:54] DA_Batch_v2 - INFO - ----------------------------------------------------------------------
Seed 6: results directory not found at /data/home/llim/FMPCC/FM-PCC/logs/avoiding-d3il/plans/diffusion/H8_K20_Dmodels.GaussianDiffusion_aw10/H8_K20_T0.5_Dmodels.GaussianDiffusion/6/results
Seed 7: results directory not found at /data/home/llim/FMPCC/FM-PCC/logs/avoiding-d3il/plans/diffusion/H8_K20_Dmodels.GaussianDiffusion_aw10/H8_K20_T0.5_Dmodels.GaussianDiffusion/7/results
Seed 8: results directory not found at /data/home/llim/FMPCC/FM-PCC/logs/avoiding-d3il/plans/diffusion/H8_K20_Dmodels.GaussianDiffusion_aw10/H8_K20_T0.5_Dmodels.GaussianDiffusion/8/results
Seed 9: results directory not found at /data/home/llim/FMPCC/FM-PCC/logs/avoiding-d3il/plans/diffusion/H8_K20_Dmodels.GaussianDiffusion_aw10/H8_K20_T0.5_Dmodels.GaussianDiffusion/9/results
Seed 10: results directory not found at /data/home/llim/FMPCC/FM-PCC/logs/avoiding-d3il/plans/diffusion/H8_K20_Dmodels.GaussianDiffusion_aw10/H8_K20_T0.5_Dmodels.GaussianDiffusion/10/results
Seed 6: results directory not found at /data/home/llim/FMPCC/FM-PCC/logs/avoiding-d3il/plans/flow_matching_v3_imeanflow(cfgO_0_in_eval_DiT_1e5)/H8_Dflow_matcher_v3_imeanflow.models.iMeanFlowODE_a1.0_b1.0_aw20_objmeanflow_jvp_bbdit/H8_K10_Mrk4_T0.5_Dflow_matcher_v3_imeanflow.models.iMeanFlowODE/6/results
Seed 6: results directory not found at /data/home/llim/FMPCC/FM-PCC/logs/avoiding-d3il/plans/flow_matching_v3_ode_selectable/H8_Dmodels.diffusion.FlowMatchingODE_a1.5_b1.0_aw1/H8_K5_Meuler_T0.5_Dmodels.diffusion.FlowMatchingODE/6/results
Seed 6: results directory not found at /data/home/llim/FMPCC/FM-PCC/logs/avoiding-d3il/plans/fm_visual_avoiding/H8_K100_Meuler_T0.5_Dfm_visual_avoiding.models.visual_gaussian_diffusion.VisualFlowMatching/H8_K100_Meuler_T0.5_Dfm_visual_avoiding.models.visual_gaussian_diffusion.VisualFlowMatching_VTrue_mpc4/6/results
[2026-07-17 10:43:03] DA_Batch_v2 - INFO - 
[2026-07-17 10:43:03] DA_Batch_v2 - INFO - [PHASE 4/5] BATCH AGGREGATION
[2026-07-17 10:43:03] DA_Batch_v2 - INFO - ----------------------------------------------------------------------
[2026-07-17 10:43:04] DA_Batch_v2 - INFO - 
[2026-07-17 10:43:04] DA_Batch_v2 - INFO - [PHASE 5A/5] GENERATING COMPARISON PLOTS
[2026-07-17 10:43:04] DA_Batch_v2 - INFO - ----------------------------------------------------------------------
[2026-07-17 10:46:09] DA_Batch_v2 - INFO - 
[2026-07-17 10:46:09] DA_Batch_v2 - INFO - [PHASE 5B/5] GENERATING REPORTS
[2026-07-17 10:46:09] DA_Batch_v2 - INFO - ----------------------------------------------------------------------
[2026-07-17 10:46:10] DA_Batch_v2 - INFO - 
[2026-07-17 10:46:10] DA_Batch_v2 - INFO - ======================================================================
[2026-07-17 10:46:10] DA_Batch_v2 - INFO - BATCH ANALYSIS COMPLETE
[2026-07-17 10:46:10] DA_Batch_v2 - INFO - ======================================================================
[2026-07-17 10:46:10] DA_Batch_v2 - INFO - End time: 2026-07-17 10:46:10
[2026-07-17 10:46:10] DA_Batch_v2 - INFO - Results saved to: Data_Analysis/analysis_results/batch_avoiding_combined_20260717_104253
[2026-07-17 10:46:10] DA_Batch_v2 - INFO - 
[2026-07-17 10:46:10] DA_Batch_v2 - INFO - Key outputs:
[2026-07-17 10:46:10] DA_Batch_v2 - INFO -   - Plots: Data_Analysis/analysis_results/batch_avoiding_combined_20260717_104253/plots
[2026-07-17 10:46:10] DA_Batch_v2 - INFO -   - Summary: Data_Analysis/analysis_results/batch_avoiding_combined_20260717_104253/candidates_summary.txt
[2026-07-17 10:46:10] DA_Batch_v2 - INFO -   - Rankings: Data_Analysis/analysis_results/batch_avoiding_combined_20260717_104253/candidates_ranking.csv
[2026-07-17 10:46:10] DA_Batch_v2 - INFO -   - Logs: Data_Analysis/analysis_results/batch_avoiding_combined_20260717_104253/logs
[2026-07-17 10:46:10] DA_Batch_v2 - INFO - ======================================================================
[ DA ] Updated manifest at: /data/home/llim/FMPCC/FM-PCC/Data_Analysis/analysis_results/results_manifest.json
[ DA ] Matrix analysis complete. Saved to: Data_Analysis/analysis_results/batch_avoiding_combined_20260717_104253/plots
DA Batch Analysis (avoiding combined) job completed successfully.
