/bin/bash: /u/home/llim/miniconda3/lib/libtinfo.so.6: no version information available (required by /bin/bash)
================================================================================
JOB START: Tue Sep 22 15:38:18 UTC 2026   NAME: turbo   ID: 26076   NODE: i6-gpu-1
GIT REV:   ea6af6f8
================================================================================
wrote /data/home/llim/FMPCC/FM-PCC/d3il/environments/d3il/models/mj/robot/quadrotor/scenes/scene_avoiding_pillars_s36.xml
scale 36  altitude 1 m  origin_a (0.5, 0.035)
field X [-12.06, 13.14]  Y [-10.80, 10.80]  start (-11.34, -0.90)  finish X = 11.34
  l1_obs         a=(0.500,-0.100) r=0.030  ->  w=(-4.86,-0.00) r=1.080
  l2_top_obs     a=(0.425,0.080) r=0.025  ->  w=(+1.62,+2.70) r=0.900
  l2_bottom_obs  a=(0.575,0.080) r=0.025  ->  w=(+1.62,-2.70) r=0.900
  l3_top_obs     a=(0.350,0.260) r=0.025  ->  w=(+8.10,+5.40) r=0.900
  l3_mid_obs     a=(0.500,0.260) r=0.025  ->  w=(+8.10,-0.00) r=0.900
  l3_bottom_obs  a=(0.650,0.260) r=0.025  ->  w=(+8.10,-5.40) r=0.900
[ u18 ] out_root=/u/home/llim/FMPCC/FM-PCC/logs/UAV_MIX/uav-pillars/plans/avoiding_bridge
[ u18 ] MODE=pilot GO=1 replays='clock settle' hz=1 vmax=1.0 grace=2s scale=36 limit=0 extra=''
--------------------------------------------------------------------------------
[ u18 ] replay=clock  tag=uavpv2s36turbo
--------------------------------------------------------------------------------
[ turbo ] sources=/data/home/llim/FMPCC/FM-PCC/logs/avoiding-d3il/plans
[ turbo ] outputs=/u/home/llim/FMPCC/FM-PCC/logs/UAV_MIX/uav-pillars/plans/avoiding_bridge
[ turbo ] 6 matching cells, 6 to run (0 already have uavpv2s36turbo output)  tag=uavpv2s36turbo replay=clock hz=1 vmax=1 ff=False grace=2s limit=all
scale 36  altitude 1 m  origin_a (0.5, 0.035)
field X [-12.06, 13.14]  Y [-10.80, 10.80]  start (-11.34, -0.90)  finish X = 11.34
  l1_obs         a=(0.500,-0.100) r=0.030  ->  w=(-4.86,-0.00) r=1.080
  l2_top_obs     a=(0.425,0.080) r=0.025  ->  w=(+1.62,+2.70) r=0.900
  l2_bottom_obs  a=(0.575,0.080) r=0.025  ->  w=(+1.62,-2.70) r=0.900
  l3_top_obs     a=(0.350,0.260) r=0.025  ->  w=(+8.10,+5.40) r=0.900
  l3_mid_obs     a=(0.500,0.260) r=0.025  ->  w=(+8.10,-0.00) r=0.900
  l3_bottom_obs  a=(0.650,0.260) r=0.025  ->  w=(+8.10,-5.40) r=0.900
   flow_matching_v3_ode_selectable        H8_K20_Meuler_T0.5_Dmodels.diffusion.FlowMatchingODE_msg20tr s6 both-hard       diffuser
   flow_matching_v3_ode_selectable        H8_K20_Meuler_T0.5_Dmodels.diffusion.FlowMatchingODE_msg20tr s6 both-hard       dpcc-r-tightened
   flow_matching_v3_ode_selectable        H8_K20_Meuler_T0.5_Dmodels.diffusion.FlowMatchingODE_msg20tr s6 top-left-hard   diffuser
   flow_matching_v3_ode_selectable        H8_K20_Meuler_T0.5_Dmodels.diffusion.FlowMatchingODE_msg20tr s6 top-left-hard   dpcc-r-tightened
   flow_matching_v3_ode_selectable        H8_K20_Meuler_T0.5_Dmodels.diffusion.FlowMatchingODE_msg20tr s6 top-right-hard  diffuser
   flow_matching_v3_ode_selectable        H8_K20_Meuler_T0.5_Dmodels.diffusion.FlowMatchingODE_msg20tr s6 top-right-hard  dpcc-r-tightened
[ uav-plant ] scene=scene_avoiding_pillars_s36.xml scale=36 alt=1 control 1 Hz -> 100 physics steps of 0.01 s per setpoint (period 1.000 s), replay=clock, feedforward=False, v_max=1 m/s, gain=pid_default, contact terminates=True
[ turbo ] 1/6 flow_matching_v3_ode_selectable | H8_K20_Meuler_T0.5_Dmodels.diffusion.FlowMatchin | s6 both-hard diffuser  n=20 29s
           panda  succ 1.00  S&C 0.05  cf 0.05  viol 12.2  steps 67.7
           drone  succ 1.00  S&C 0.00  cf 0.00  viol 16.4  steps 68.0   agree 19/20  ended {'success': 20, 'contact': 0, 'exhausted': 0, 'cap': 0, 'diverged': 0}
           plant  track_err mean 0.186 m  p95 0.258 m  gap_a p95 0.0072 (panda 0.0273)  contact eps 0  vmax 0.53 m/s
[ turbo ] 2/6 flow_matching_v3_ode_selectable | H8_K20_Meuler_T0.5_Dmodels.diffusion.FlowMatchin | s6 both-hard dpcc-r-tightened  n=20 26s
           panda  succ 1.00  S&C 1.00  cf 1.00  viol 0.0  steps 61.9
           drone  succ 0.85  S&C 0.85  cf 0.85  viol 0.0  steps 61.7   agree 17/20  ended {'success': 17, 'contact': 0, 'exhausted': 3, 'cap': 0, 'diverged': 0}
           plant  track_err mean 0.192 m  p95 0.278 m  gap_a p95 0.0077 (panda 0.0412)  contact eps 0  vmax 0.56 m/s
[ turbo ] 3/6 flow_matching_v3_ode_selectable | H8_K20_Meuler_T0.5_Dmodels.diffusion.FlowMatchin | s6 top-left-hard diffuser  n=20 29s
           panda  succ 1.00  S&C 0.05  cf 0.05  viol 10.8  steps 67.7
           drone  succ 1.00  S&C 0.00  cf 0.00  viol 12.9  steps 68.0   agree 19/20  ended {'success': 20, 'contact': 0, 'exhausted': 0, 'cap': 0, 'diverged': 0}
           plant  track_err mean 0.186 m  p95 0.258 m  gap_a p95 0.0072 (panda 0.0273)  contact eps 0  vmax 0.53 m/s
[ turbo ] 4/6 flow_matching_v3_ode_selectable | H8_K20_Meuler_T0.5_Dmodels.diffusion.FlowMatchin | s6 top-left-hard dpcc-r-tightened  n=20 32s
           panda  succ 1.00  S&C 0.95  cf 0.95  viol 0.3  steps 78.8
           drone  succ 0.70  S&C 0.70  cf 0.70  viol 0.0  steps 74.7   agree 14/20  ended {'success': 14, 'contact': 1, 'exhausted': 1, 'cap': 0, 'diverged': 4}
           plant  track_err mean 0.171 m  p95 0.327 m  gap_a p95 0.0091 (panda 0.1352)  contact eps 1  vmax 0.63 m/s
[ turbo ] 5/6 flow_matching_v3_ode_selectable | H8_K20_Meuler_T0.5_Dmodels.diffusion.FlowMatchin | s6 top-right-hard diffuser  n=20 29s
           panda  succ 1.00  S&C 0.00  cf 0.00  viol 31.6  steps 67.7
           drone  succ 1.00  S&C 0.00  cf 0.00  viol 32.1  steps 68.0   agree 20/20  ended {'success': 20, 'contact': 0, 'exhausted': 0, 'cap': 0, 'diverged': 0}
           plant  track_err mean 0.186 m  p95 0.258 m  gap_a p95 0.0072 (panda 0.0273)  contact eps 0  vmax 0.53 m/s
[ turbo ] 6/6 flow_matching_v3_ode_selectable | H8_K20_Meuler_T0.5_Dmodels.diffusion.FlowMatchin | s6 top-right-hard dpcc-r-tightened  n=20 31s
           panda  succ 0.95  S&C 0.95  cf 0.95  viol 0.0  steps 73.2
           drone  succ 0.90  S&C 0.90  cf 0.90  viol 0.0  steps 72.0   agree 19/20  ended {'success': 18, 'contact': 1, 'exhausted': 1, 'cap': 0, 'diverged': 0}
           plant  track_err mean 0.163 m  p95 0.251 m  gap_a p95 0.0070 (panda 0.0338)  contact eps 1  vmax 0.61 m/s
[ turbo ] done: 6 cells in 239s -> /u/home/llim/FMPCC/FM-PCC/logs/UAV_MIX/uav-pillars/plans/avoiding_bridge/_uav_turbo_runs
--------------------------------------------------------------------------------
[ u18 ] replay=settle  tag=uavpv2s36turboset
--------------------------------------------------------------------------------
[ turbo ] sources=/data/home/llim/FMPCC/FM-PCC/logs/avoiding-d3il/plans
[ turbo ] outputs=/u/home/llim/FMPCC/FM-PCC/logs/UAV_MIX/uav-pillars/plans/avoiding_bridge
[ turbo ] 6 matching cells, 6 to run (0 already have uavpv2s36turboset output)  tag=uavpv2s36turboset replay=settle hz=1 vmax=1 ff=False grace=2s limit=all
scale 36  altitude 1 m  origin_a (0.5, 0.035)
field X [-12.06, 13.14]  Y [-10.80, 10.80]  start (-11.34, -0.90)  finish X = 11.34
  l1_obs         a=(0.500,-0.100) r=0.030  ->  w=(-4.86,-0.00) r=1.080
  l2_top_obs     a=(0.425,0.080) r=0.025  ->  w=(+1.62,+2.70) r=0.900
  l2_bottom_obs  a=(0.575,0.080) r=0.025  ->  w=(+1.62,-2.70) r=0.900
  l3_top_obs     a=(0.350,0.260) r=0.025  ->  w=(+8.10,+5.40) r=0.900
  l3_mid_obs     a=(0.500,0.260) r=0.025  ->  w=(+8.10,-0.00) r=0.900
  l3_bottom_obs  a=(0.650,0.260) r=0.025  ->  w=(+8.10,-5.40) r=0.900
   flow_matching_v3_ode_selectable        H8_K20_Meuler_T0.5_Dmodels.diffusion.FlowMatchingODE_msg20tr s6 both-hard       diffuser
   flow_matching_v3_ode_selectable        H8_K20_Meuler_T0.5_Dmodels.diffusion.FlowMatchingODE_msg20tr s6 both-hard       dpcc-r-tightened
   flow_matching_v3_ode_selectable        H8_K20_Meuler_T0.5_Dmodels.diffusion.FlowMatchingODE_msg20tr s6 top-left-hard   diffuser
   flow_matching_v3_ode_selectable        H8_K20_Meuler_T0.5_Dmodels.diffusion.FlowMatchingODE_msg20tr s6 top-left-hard   dpcc-r-tightened
   flow_matching_v3_ode_selectable        H8_K20_Meuler_T0.5_Dmodels.diffusion.FlowMatchingODE_msg20tr s6 top-right-hard  diffuser
   flow_matching_v3_ode_selectable        H8_K20_Meuler_T0.5_Dmodels.diffusion.FlowMatchingODE_msg20tr s6 top-right-hard  dpcc-r-tightened
[ uav-plant ] scene=scene_avoiding_pillars_s36.xml scale=36 alt=1 control 1 Hz -> 100 physics steps of 0.01 s per setpoint (period 1.000 s), replay=settle, feedforward=False, v_max=1 m/s, gain=pid_default, contact terminates=True
[ turbo ] 1/6 flow_matching_v3_ode_selectable | H8_K20_Meuler_T0.5_Dmodels.diffusion.FlowMatchin | s6 both-hard diffuser  n=20 30s
           panda  succ 1.00  S&C 0.05  cf 0.05  viol 12.2  steps 67.7
           drone  succ 1.00  S&C 0.00  cf 0.00  viol 16.4  steps 67.6   agree 19/20  ended {'success': 20, 'contact': 0, 'exhausted': 0, 'cap': 0, 'diverged': 0}
           plant  track_err mean 0.046 m  p95 0.050 m  gap_a p95 0.0014 (panda 0.0273)  contact eps 0  vmax 0.20 m/s
[ turbo ] 2/6 flow_matching_v3_ode_selectable | H8_K20_Meuler_T0.5_Dmodels.diffusion.FlowMatchin | s6 both-hard dpcc-r-tightened  n=20 31s
           panda  succ 1.00  S&C 1.00  cf 1.00  viol 0.0  steps 61.9
           drone  succ 0.85  S&C 0.85  cf 0.85  viol 0.0  steps 61.4   agree 17/20  ended {'success': 17, 'contact': 0, 'exhausted': 3, 'cap': 0, 'diverged': 0}
           plant  track_err mean 0.049 m  p95 0.050 m  gap_a p95 0.0014 (panda 0.0412)  contact eps 0  vmax 0.20 m/s
[ turbo ] 3/6 flow_matching_v3_ode_selectable | H8_K20_Meuler_T0.5_Dmodels.diffusion.FlowMatchin | s6 top-left-hard diffuser  n=20 31s
           panda  succ 1.00  S&C 0.05  cf 0.05  viol 10.8  steps 67.7
           drone  succ 1.00  S&C 0.00  cf 0.00  viol 12.8  steps 67.6   agree 19/20  ended {'success': 20, 'contact': 0, 'exhausted': 0, 'cap': 0, 'diverged': 0}
           plant  track_err mean 0.046 m  p95 0.050 m  gap_a p95 0.0014 (panda 0.0273)  contact eps 0  vmax 0.20 m/s
[ turbo ] 4/6 flow_matching_v3_ode_selectable | H8_K20_Meuler_T0.5_Dmodels.diffusion.FlowMatchin | s6 top-left-hard dpcc-r-tightened  n=20 33s
           panda  succ 1.00  S&C 0.95  cf 0.95  viol 0.3  steps 78.8
           drone  succ 0.70  S&C 0.70  cf 0.70  viol 0.0  steps 74.2   agree 14/20  ended {'success': 14, 'contact': 1, 'exhausted': 1, 'cap': 0, 'diverged': 4}
           plant  track_err mean 0.047 m  p95 0.050 m  gap_a p95 0.0014 (panda 0.1352)  contact eps 1  vmax 0.60 m/s
[ turbo ] 5/6 flow_matching_v3_ode_selectable | H8_K20_Meuler_T0.5_Dmodels.diffusion.FlowMatchin | s6 top-right-hard diffuser  n=20 31s
           panda  succ 1.00  S&C 0.00  cf 0.00  viol 31.6  steps 67.7
           drone  succ 1.00  S&C 0.00  cf 0.00  viol 32.1  steps 67.6   agree 20/20  ended {'success': 20, 'contact': 0, 'exhausted': 0, 'cap': 0, 'diverged': 0}
           plant  track_err mean 0.046 m  p95 0.050 m  gap_a p95 0.0014 (panda 0.0273)  contact eps 0  vmax 0.20 m/s
[ turbo ] 6/6 flow_matching_v3_ode_selectable | H8_K20_Meuler_T0.5_Dmodels.diffusion.FlowMatchin | s6 top-right-hard dpcc-r-tightened  n=20 31s
           panda  succ 0.95  S&C 0.95  cf 0.95  viol 0.0  steps 73.2
           drone  succ 0.90  S&C 0.90  cf 0.90  viol 0.0  steps 71.7   agree 19/20  ended {'success': 18, 'contact': 1, 'exhausted': 1, 'cap': 0, 'diverged': 0}
           plant  track_err mean 0.047 m  p95 0.050 m  gap_a p95 0.0014 (panda 0.0338)  contact eps 1  vmax 0.21 m/s
[ turbo ] done: 6 cells in 250s -> /u/home/llim/FMPCC/FM-PCC/logs/UAV_MIX/uav-pillars/plans/avoiding_bridge/_uav_turbo_runs
================================================================================
JOB END:   Tue Sep 22 15:46:29 UTC 2026
================================================================================
