/bin/bash: /u/home/llim/miniconda3/lib/libtinfo.so.6: no version information available (required by /bin/bash)
================================================================================
JOB START: Sat Jun 20 10:43:27 UTC 2026
JOB NAME:  imf_eval
JOB ID:    21753
NODE:      i6-gpu-1
GPU INFO:
NVIDIA RTX A5000, 530.41.03, 24564 MiB
NVIDIA RTX A5000, 530.41.03, 24564 MiB
NVIDIA RTX A5000, 530.41.03, 24564 MiB
NVIDIA RTX A5000, 530.41.03, 24564 MiB
NVIDIA RTX A5000, 530.41.03, 24564 MiB
NVIDIA RTX A5000, 530.41.03, 24564 MiB
NVIDIA RTX A5000, 530.41.03, 24564 MiB
NVIDIA RTX A5000, 530.41.03, 24564 MiB
GIT REV:   202c673
================================================================================
[ GPU-CHECK ] CUDA_VISIBLE_DEVICES=0  MUJOCO_EGL_DEVICE_ID=0
pybullet build time: Nov 28 2023 23:45:17

[INFO] Instantiating Diffusion Model from:
       -> /u/home/llim/FMPCC/FM-PCC/flow_matcher_v3_imeanflow/models/imf_diffusion.py

[ utils/setup ] Made savepath: logs/avoiding-d3il/plans/flow_matching_v3_imeanflow/H8_Dflow_matcher_v3_imeanflow.models.iMeanFlowODE_a1.0_b1.0_aw10_objmeanflow_jvp_bbdit/H8_K10_Meuler_T0.5_Dflow_matcher_v3_imeanflow.models.iMeanFlowODE/6

[ eval loading ] Intercepting load from logs/avoiding-d3il/flow_matching_v3_imeanflow/H8_Dflow_matcher_v3_imeanflow.models.iMeanFlowODE_a1.0_b1.0_aw10_objmeanflow_jvp_bbdit/6

[ datasets/buffer ] Fields:
    observations: (96, 150, 4)
    actions: (96, 150, 2)
    rewards: (96, 150, 1)
    terminals: (96, 150, 1)
    normed_observations: (96, 150, 4)
    normed_actions: (96, 150, 2)
[ utils/training ] Restored loss history from checkpoint at step 97000
Final IK error (78 iterations):  7.285862274064339e-06
Final IK error (0 iterations):  7.285862274064339e-06
------------------------Running avoiding-d3il - top-right-hard - dpcc-r (6)----------------------------
WARNING: mju_openResource: could not open resource '/u/home/llim/FMPCC/FM-PCC/d3il/environments/d3il/models/mj/robot/panda_tmp_rb0_e15277a6-6c94-11f1-aaff-d85ed34e311e.xml' with default provider at slot 1

Success rate: 1.0
Constraints satisfied: 0.5
Success rate (goal and constraints): 0.5
Avg number of steps: 80.00 +- 5.00
Avg number of constraint violations: 1.50 +- 1.50
Avg total violation: 0.008 +- 0.008
Average computation time per step: 0.547
------------------------Running avoiding-d3il - top-right-hard - dpcc-r-tightened (6)----------------------------
Success rate: 1.0
Constraints satisfied: 0.5
Success rate (goal and constraints): 0.5
Avg number of steps: 87.50 +- 1.50
Avg number of constraint violations: 0.50 +- 0.50
Avg total violation: 0.001 +- 0.001
Average computation time per step: 0.640
------------------------Running avoiding-d3il - top-right-hard - dpcc-c (6)----------------------------
Success rate: 0.0
Constraints satisfied: 0.0
Success rate (goal and constraints): 0.0
Avg number of steps: 0.00 +- 0.00
Avg number of constraint violations: 2.00 +- 2.00
Avg total violation: 0.047 +- 0.047
Average computation time per step: 0.405
------------------------Running avoiding-d3il - top-right-hard - dpcc-c-tightened (6)----------------------------
Success rate: 0.5
Constraints satisfied: 0.5
Success rate (goal and constraints): 0.5
Avg number of steps: 84.00 +- 0.00
Avg number of constraint violations: 0.00 +- 0.00
Avg total violation: 0.000 +- 0.000
Average computation time per step: 0.494
------------------------Running avoiding-d3il - top-right-hard - dpcc-t (6)----------------------------
Success rate: 1.0
Constraints satisfied: 1.0
Success rate (goal and constraints): 1.0
Avg number of steps: 69.00 +- 1.00
Avg number of constraint violations: 0.00 +- 0.00
Avg total violation: 0.000 +- 0.000
Average computation time per step: 0.479
------------------------Running avoiding-d3il - top-right-hard - dpcc-t-tightened (6)----------------------------
Success rate: 0.5
Constraints satisfied: 0.5
Success rate (goal and constraints): 0.5
Avg number of steps: 72.00 +- 0.00
Avg number of constraint violations: 0.00 +- 0.00
Avg total violation: 0.001 +- 0.001
Average computation time per step: 0.660
------------------------Running avoiding-d3il - top-right-hard - diffuser (6)----------------------------
/data/home/llim/FMPCC/FM-PCC/FM_v3_imeanflow_test/eval_flow_matching_v3_imeanflow.py:262: RuntimeWarning: More than 20 figures have been opened. Figures created through the pyplot interface (`matplotlib.pyplot.figure`) are retained until explicitly closed and may consume too much memory. (To control this warning, see the rcParam `figure.max_open_warning`). Consider using `matplotlib.pyplot.close()`.
  fig_all, ax_all = plt.subplots(min(n_trials, plot_how_many), len(projection_variants), figsize=(10 * len(projection_variants), 10 * min(n_trials, plot_how_many)), squeeze=False)
Success rate: 1.0
Constraints satisfied: 0.0
Success rate (goal and constraints): 0.0
Avg number of steps: 61.00 +- 0.00
Avg number of constraint violations: 13.00 +- 9.00
Avg total violation: 4.434 +- 4.405
Average computation time per step: 0.307
Tracking error: 0.138
------------------------Running avoiding-d3il - top-right-hard - gradient (6)----------------------------
/data/home/llim/FMPCC/FM-PCC/FM_v3_imeanflow_test/eval_flow_matching_v3_imeanflow.py:246: RuntimeWarning: More than 20 figures have been opened. Figures created through the pyplot interface (`matplotlib.pyplot.figure`) are retained until explicitly closed and may consume too much memory. (To control this warning, see the rcParam `figure.max_open_warning`). Consider using `matplotlib.pyplot.close()`.
  fig, ax = plt.subplots(min(n_trials, plot_how_many), 6, figsize=(30, 5 * min(n_trials, plot_how_many)), squeeze=False)
Success rate: 1.0
Constraints satisfied: 0.0
Success rate (goal and constraints): 0.0
Avg number of steps: 72.00 +- 16.00
Avg number of constraint violations: 16.50 +- 5.50
Avg total violation: 3.815 +- 3.672
Average computation time per step: 0.314
------------------------Running avoiding-d3il - top-right-hard - gradient-tightened (6)----------------------------
Success rate: 0.5
Constraints satisfied: 0.0
Success rate (goal and constraints): 0.0
Avg number of steps: 56.00 +- 0.00
Avg number of constraint violations: 6.50 +- 4.50
Avg total violation: 0.049 +- 0.031
Average computation time per step: 0.315
------------------------Running avoiding-d3il - top-right-hard - post_processing (6)----------------------------
Success rate: 1.0
Constraints satisfied: 0.5
Success rate (goal and constraints): 0.5
Avg number of steps: 80.00 +- 5.00
Avg number of constraint violations: 1.50 +- 1.50
Avg total violation: 0.008 +- 0.008
Average computation time per step: 0.535
------------------------Running avoiding-d3il - top-right-hard - post_processing-tightened (6)----------------------------
Success rate: 1.0
Constraints satisfied: 0.5
Success rate (goal and constraints): 0.5
Avg number of steps: 87.50 +- 1.50
Avg number of constraint violations: 0.50 +- 0.50
Avg total violation: 0.001 +- 0.001
Average computation time per step: 0.634
------------------------Running avoiding-d3il - top-right-hard - model_free (6)----------------------------
Success rate: 0.5
Constraints satisfied: 0.0
Success rate (goal and constraints): 0.0
Avg number of steps: 67.00 +- 0.00
Avg number of constraint violations: 11.00 +- 2.00
Avg total violation: 0.987 +- 0.619
Average computation time per step: 0.346
------------------------Running avoiding-d3il - top-right-hard - model_free-tightened (6)----------------------------
Success rate: 0.5
Constraints satisfied: 0.0
Success rate (goal and constraints): 0.0
Avg number of steps: 68.00 +- 0.00
Avg number of constraint violations: 29.00 +- 9.00
Avg total violation: 7.194 +- 3.813
Average computation time per step: 0.351
/data/home/llim/FMPCC/FM-PCC/FM_v3_imeanflow_test/eval_flow_matching_v3_imeanflow.py:72: RuntimeWarning: More than 20 figures have been opened. Figures created through the pyplot interface (`matplotlib.pyplot.figure`) are retained until explicitly closed and may consume too much memory. (To control this warning, see the rcParam `figure.max_open_warning`). Consider using `matplotlib.pyplot.close()`.
  figs_all_seeds, axes_all_seeds = zip(*[plt.subplots(1, 1, figsize=(9, 10)) for _ in range(len(projection_variants))])

[INFO] Instantiating Diffusion Model from:
       -> /u/home/llim/FMPCC/FM-PCC/flow_matcher_v3_imeanflow/models/imf_diffusion.py

WARNING: mju_openResource: could not open resource '/u/home/llim/FMPCC/FM-PCC/d3il/environments/d3il/models/mj/robot/panda_tmp_rb1_1718d16c-6c97-11f1-aaff-d85ed34e311e.xml' with default provider at slot 1


[ eval loading ] Intercepting load from logs/avoiding-d3il/flow_matching_v3_imeanflow/H8_Dflow_matcher_v3_imeanflow.models.iMeanFlowODE_a1.0_b1.0_aw10_objmeanflow_jvp_bbdit/6

[ datasets/buffer ] Fields:
    observations: (96, 150, 4)
    actions: (96, 150, 2)
    rewards: (96, 150, 1)
    terminals: (96, 150, 1)
    normed_observations: (96, 150, 4)
    normed_actions: (96, 150, 2)
[ utils/training ] Restored loss history from checkpoint at step 97000
Final IK error (78 iterations):  7.285862274064339e-06
Final IK error (0 iterations):  7.285862274064339e-06
------------------------Running avoiding-d3il - top-left-hard - dpcc-r (6)----------------------------
Success rate: 1.0
Constraints satisfied: 0.0
Success rate (goal and constraints): 0.0
Avg number of steps: 84.00 +- 1.00
Avg number of constraint violations: 9.00 +- 1.00
Avg total violation: 0.115 +- 0.029
Average computation time per step: 0.502
------------------------Running avoiding-d3il - top-left-hard - dpcc-r-tightened (6)----------------------------
Success rate: 1.0
Constraints satisfied: 1.0
Success rate (goal and constraints): 1.0
Avg number of steps: 76.50 +- 5.50
Avg number of constraint violations: 0.00 +- 0.00
Avg total violation: 0.000 +- 0.000
Average computation time per step: 0.541
------------------------Running avoiding-d3il - top-left-hard - dpcc-c (6)----------------------------
Success rate: 1.0
Constraints satisfied: 0.0
Success rate (goal and constraints): 0.0
Avg number of steps: 79.50 +- 4.50
Avg number of constraint violations: 6.50 +- 0.50
Avg total violation: 0.036 +- 0.001
Average computation time per step: 0.569
------------------------Running avoiding-d3il - top-left-hard - dpcc-c-tightened (6)----------------------------
Success rate: 1.0
Constraints satisfied: 1.0
Success rate (goal and constraints): 1.0
Avg number of steps: 82.00 +- 7.00
Avg number of constraint violations: 0.00 +- 0.00
Avg total violation: 0.002 +- 0.001
Average computation time per step: 0.574
------------------------Running avoiding-d3il - top-left-hard - dpcc-t (6)----------------------------
Success rate: 1.0
Constraints satisfied: 0.0
Success rate (goal and constraints): 0.0
Avg number of steps: 77.00 +- 5.00
Avg number of constraint violations: 5.00 +- 2.00
Avg total violation: 0.032 +- 0.020
Average computation time per step: 0.590
------------------------Running avoiding-d3il - top-left-hard - dpcc-t-tightened (6)----------------------------
Success rate: 1.0
Constraints satisfied: 1.0
Success rate (goal and constraints): 1.0
Avg number of steps: 75.00 +- 0.00
Avg number of constraint violations: 0.00 +- 0.00
Avg total violation: 0.001 +- 0.000
Average computation time per step: 0.618
------------------------Running avoiding-d3il - top-left-hard - diffuser (6)----------------------------
Success rate: 1.0
Constraints satisfied: 0.0
Success rate (goal and constraints): 0.0
Avg number of steps: 61.00 +- 0.00
Avg number of constraint violations: 20.00 +- 13.00
Avg total violation: 7.258 +- 7.180
Average computation time per step: 0.308
Tracking error: 0.138
------------------------Running avoiding-d3il - top-left-hard - gradient (6)----------------------------
Success rate: 1.0
Constraints satisfied: 0.0
Success rate (goal and constraints): 0.0
Avg number of steps: 60.00 +- 4.00
Avg number of constraint violations: 32.50 +- 2.50
Avg total violation: 9.030 +- 3.718
Average computation time per step: 0.316
------------------------Running avoiding-d3il - top-left-hard - gradient-tightened (6)----------------------------
Success rate: 1.0
Constraints satisfied: 0.0
Success rate (goal and constraints): 0.0
Avg number of steps: 59.00 +- 3.00
Avg number of constraint violations: 30.00 +- 2.00
Avg total violation: 10.976 +- 0.018
Average computation time per step: 0.315
------------------------Running avoiding-d3il - top-left-hard - post_processing (6)----------------------------
Success rate: 1.0
Constraints satisfied: 0.0
Success rate (goal and constraints): 0.0
Avg number of steps: 84.00 +- 1.00
Avg number of constraint violations: 9.00 +- 1.00
Avg total violation: 0.115 +- 0.029
Average computation time per step: 0.505
------------------------Running avoiding-d3il - top-left-hard - post_processing-tightened (6)----------------------------
Success rate: 1.0
Constraints satisfied: 1.0
Success rate (goal and constraints): 1.0
Avg number of steps: 76.50 +- 5.50
Avg number of constraint violations: 0.00 +- 0.00
Avg total violation: 0.000 +- 0.000
Average computation time per step: 0.544
------------------------Running avoiding-d3il - top-left-hard - model_free (6)----------------------------
Success rate: 1.0
Constraints satisfied: 0.0
Success rate (goal and constraints): 0.0
Avg number of steps: 74.50 +- 10.50
Avg number of constraint violations: 27.50 +- 15.50
Avg total violation: 6.089 +- 5.703
Average computation time per step: 0.354
------------------------Running avoiding-d3il - top-left-hard - model_free-tightened (6)----------------------------
Success rate: 1.0
Constraints satisfied: 0.0
Success rate (goal and constraints): 0.0
Avg number of steps: 63.00 +- 1.00
Avg number of constraint violations: 25.00 +- 13.00
Avg total violation: 7.852 +- 7.471
Average computation time per step: 0.359

[INFO] Instantiating Diffusion Model from:
       -> /u/home/llim/FMPCC/FM-PCC/flow_matcher_v3_imeanflow/models/imf_diffusion.py

WARNING: mju_openResource: could not open resource '/u/home/llim/FMPCC/FM-PCC/d3il/environments/d3il/models/mj/robot/panda_tmp_rb2_79d9b396-6c99-11f1-aaff-d85ed34e311e.xml' with default provider at slot 1


[ eval loading ] Intercepting load from logs/avoiding-d3il/flow_matching_v3_imeanflow/H8_Dflow_matcher_v3_imeanflow.models.iMeanFlowODE_a1.0_b1.0_aw10_objmeanflow_jvp_bbdit/6

[ datasets/buffer ] Fields:
    observations: (96, 150, 4)
    actions: (96, 150, 2)
    rewards: (96, 150, 1)
    terminals: (96, 150, 1)
    normed_observations: (96, 150, 4)
    normed_actions: (96, 150, 2)
[ utils/training ] Restored loss history from checkpoint at step 97000
Final IK error (78 iterations):  7.285862274064339e-06
Final IK error (0 iterations):  7.285862274064339e-06
------------------------Running avoiding-d3il - both-hard - dpcc-r (6)----------------------------
Success rate: 1.0
Constraints satisfied: 0.0
Success rate (goal and constraints): 0.0
Avg number of steps: 86.00 +- 9.00
Avg number of constraint violations: 4.00 +- 0.00
Avg total violation: 0.022 +- 0.011
Average computation time per step: 0.487
------------------------Running avoiding-d3il - both-hard - dpcc-r-tightened (6)----------------------------
Success rate: 1.0
Constraints satisfied: 1.0
Success rate (goal and constraints): 1.0
Avg number of steps: 71.50 +- 5.50
Avg number of constraint violations: 0.00 +- 0.00
Avg total violation: 0.000 +- 0.000
Average computation time per step: 0.581
------------------------Running avoiding-d3il - both-hard - dpcc-c (6)----------------------------
Success rate: 1.0
Constraints satisfied: 0.0
Success rate (goal and constraints): 0.0
Avg number of steps: 62.50 +- 6.50
Avg number of constraint violations: 7.50 +- 3.50
Avg total violation: 0.248 +- 0.018
Average computation time per step: 0.590
------------------------Running avoiding-d3il - both-hard - dpcc-c-tightened (6)----------------------------
Success rate: 1.0
Constraints satisfied: 0.5
Success rate (goal and constraints): 0.5
Avg number of steps: 67.00 +- 6.00
Avg number of constraint violations: 0.50 +- 0.50
Avg total violation: 0.006 +- 0.006
Average computation time per step: 0.560
------------------------Running avoiding-d3il - both-hard - dpcc-t (6)----------------------------
Success rate: 1.0
Constraints satisfied: 0.0
Success rate (goal and constraints): 0.0
Avg number of steps: 65.00 +- 4.00
Avg number of constraint violations: 2.50 +- 0.50
Avg total violation: 0.068 +- 0.002
Average computation time per step: 0.530
------------------------Running avoiding-d3il - both-hard - dpcc-t-tightened (6)----------------------------
Success rate: 1.0
Constraints satisfied: 1.0
Success rate (goal and constraints): 1.0
Avg number of steps: 69.50 +- 1.50
Avg number of constraint violations: 0.00 +- 0.00
Avg total violation: 0.000 +- 0.000
Average computation time per step: 0.575
------------------------Running avoiding-d3il - both-hard - diffuser (6)----------------------------
Success rate: 1.0
Constraints satisfied: 0.0
Success rate (goal and constraints): 0.0
Avg number of steps: 61.00 +- 0.00
Avg number of constraint violations: 22.50 +- 4.50
Avg total violation: 5.023 +- 1.448
Average computation time per step: 0.308
Tracking error: 0.138
------------------------Running avoiding-d3il - both-hard - gradient (6)----------------------------
Success rate: 1.0
Constraints satisfied: 0.0
Success rate (goal and constraints): 0.0
Avg number of steps: 59.00 +- 3.00
Avg number of constraint violations: 20.50 +- 1.50
Avg total violation: 5.397 +- 1.036
Average computation time per step: 0.315
------------------------Running avoiding-d3il - both-hard - gradient-tightened (6)----------------------------
Success rate: 1.0
Constraints satisfied: 0.0
Success rate (goal and constraints): 0.0
Avg number of steps: 58.50 +- 2.50
Avg number of constraint violations: 20.50 +- 2.50
Avg total violation: 4.908 +- 0.710
Average computation time per step: 0.315
------------------------Running avoiding-d3il - both-hard - post_processing (6)----------------------------
Success rate: 1.0
Constraints satisfied: 0.0
Success rate (goal and constraints): 0.0
Avg number of steps: 86.00 +- 9.00
Avg number of constraint violations: 4.00 +- 0.00
Avg total violation: 0.022 +- 0.011
Average computation time per step: 0.486
------------------------Running avoiding-d3il - both-hard - post_processing-tightened (6)----------------------------
Success rate: 1.0
Constraints satisfied: 1.0
Success rate (goal and constraints): 1.0
Avg number of steps: 71.50 +- 5.50
Avg number of constraint violations: 0.00 +- 0.00
Avg total violation: 0.000 +- 0.000
Average computation time per step: 0.577
------------------------Running avoiding-d3il - both-hard - model_free (6)----------------------------
Success rate: 1.0
Constraints satisfied: 0.0
Success rate (goal and constraints): 0.0
Avg number of steps: 64.00 +- 0.00
Avg number of constraint violations: 12.00 +- 4.00
Avg total violation: 1.564 +- 1.258
Average computation time per step: 0.347
------------------------Running avoiding-d3il - both-hard - model_free-tightened (6)----------------------------
Success rate: 1.0
Constraints satisfied: 0.0
Success rate (goal and constraints): 0.0
Avg number of steps: 73.00 +- 9.00
Avg number of constraint violations: 20.00 +- 4.00
Avg total violation: 3.995 +- 1.337
Average computation time per step: 0.354
Evaluation completed successfully.
================================================================================
JOB END:   Sat Jun 20 11:32:14 UTC 2026
================================================================================
