/bin/bash: /u/home/llim/miniconda3/lib/libtinfo.so.6: no version information available (required by /bin/bash)
================================================================================
JOB START: Tue May 26 12:19:28 UTC 2026
JOB NAME:  run_patch_legacy_checkpoints
JOB ID:    20814
NODE:      i6-gpu-1
GIT REV:   d6db8df
================================================================================
[ patch ] Target: /u/home/llim/FMPCC/FM-PCC/logs/aligning-d3il-visual/plans/fm_visual_aligning/H8_Dfm_visual_aligning.models.visual_gaussian_diffusion.VisualGaussianDiffusion_a1.5_b1.0_aw1_VTrue_steps900_bs64
[ patch ] Flags:  none

[ patch ] Path    : /u/home/llim/FMPCC/FM-PCC/logs/aligning-d3il-visual/plans/fm_visual_aligning/H8_Dfm_visual_aligning.models.visual_gaussian_diffusion.VisualGaussianDiffusion_a1.5_b1.0_aw1_VTrue_steps900_bs64
[ patch ] Dry-run : False

[ scan ] Folder name  : LEGACY
[ scan ] pkl   LEGACY  : H8_K20_Meuler_T0.5_Dfm_visual_aligning.models.visual_gaussian_diffusion.VisualGaussianDiffusion_VTrue_mpc4/6/results/diffuser/diagnostics/rollout_0_data.pkl
[ scan ] pkl   LEGACY  : H8_K20_Meuler_T0.5_Dfm_visual_aligning.models.visual_gaussian_diffusion.VisualGaussianDiffusion_VTrue_mpc4/6/results/diffuser/diagnostics/rollout_1_data.pkl
[ scan ] pkl   LEGACY  : H8_K20_Meuler_T0.5_Dfm_visual_aligning.models.visual_gaussian_diffusion.VisualGaussianDiffusion_VTrue_mpc4/6/results/diffuser/diagnostics/rollout_2_data.pkl
[ scan ] pkl   LEGACY  : H8_K20_Meuler_T0.5_Dfm_visual_aligning.models.visual_gaussian_diffusion.VisualGaussianDiffusion_VTrue_mpc4/6/results/diffuser/results_seed_6.pkl
[ scan ] pkl   LEGACY  : H8_K20_Meuler_T0.5_Dfm_visual_aligning.models.visual_gaussian_diffusion.VisualGaussianDiffusion_VTrue_mpc4/6/results/dpcc-c/diagnostics/rollout_0_data.pkl
[ scan ] pkl   LEGACY  : H8_K20_Meuler_T0.5_Dfm_visual_aligning.models.visual_gaussian_diffusion.VisualGaussianDiffusion_VTrue_mpc4/6/results/dpcc-c/diagnostics/rollout_1_data.pkl
[ scan ] pkl   LEGACY  : H8_K20_Meuler_T0.5_Dfm_visual_aligning.models.visual_gaussian_diffusion.VisualGaussianDiffusion_VTrue_mpc4/6/results/dpcc-c/diagnostics/rollout_2_data.pkl
[ scan ] pkl   LEGACY  : H8_K20_Meuler_T0.5_Dfm_visual_aligning.models.visual_gaussian_diffusion.VisualGaussianDiffusion_VTrue_mpc4/6/results/dpcc-c/results_seed_6.pkl
[ scan ] pkl   LEGACY  : H8_K20_Meuler_T0.5_Dfm_visual_aligning.models.visual_gaussian_diffusion.VisualGaussianDiffusion_VTrue_mpc4/6/results/dpcc-r/diagnostics/rollout_0_data.pkl
[ scan ] pkl   LEGACY  : H8_K20_Meuler_T0.5_Dfm_visual_aligning.models.visual_gaussian_diffusion.VisualGaussianDiffusion_VTrue_mpc4/6/results/dpcc-r/diagnostics/rollout_1_data.pkl
[ scan ] pkl   LEGACY  : H8_K20_Meuler_T0.5_Dfm_visual_aligning.models.visual_gaussian_diffusion.VisualGaussianDiffusion_VTrue_mpc4/6/results/dpcc-r/diagnostics/rollout_2_data.pkl
[ scan ] pkl   LEGACY  : H8_K20_Meuler_T0.5_Dfm_visual_aligning.models.visual_gaussian_diffusion.VisualGaussianDiffusion_VTrue_mpc4/6/results/dpcc-r/results_seed_6.pkl
[ scan ] pkl   LEGACY  : H8_K20_Meuler_T0.5_Dfm_visual_aligning.models.visual_gaussian_diffusion.VisualGaussianDiffusion_VTrue_mpc4/6/results/dpcc-t/diagnostics/rollout_0_data.pkl
[ scan ] pkl   LEGACY  : H8_K20_Meuler_T0.5_Dfm_visual_aligning.models.visual_gaussian_diffusion.VisualGaussianDiffusion_VTrue_mpc4/6/results/dpcc-t/diagnostics/rollout_1_data.pkl
[ scan ] pkl   LEGACY  : H8_K20_Meuler_T0.5_Dfm_visual_aligning.models.visual_gaussian_diffusion.VisualGaussianDiffusion_VTrue_mpc4/6/results/dpcc-t/diagnostics/rollout_2_data.pkl
[ scan ] pkl   LEGACY  : H8_K20_Meuler_T0.5_Dfm_visual_aligning.models.visual_gaussian_diffusion.VisualGaussianDiffusion_VTrue_mpc4/6/results/dpcc-t/results_seed_6.pkl
[ scan ] pkl   LEGACY  : H8_K20_Meuler_T0.5_Dfm_visual_aligning.models.visual_gaussian_diffusion.VisualGaussianDiffusion_VTrue_mpc4/6/results/gradient/diagnostics/rollout_0_data.pkl
[ scan ] pkl   LEGACY  : H8_K20_Meuler_T0.5_Dfm_visual_aligning.models.visual_gaussian_diffusion.VisualGaussianDiffusion_VTrue_mpc4/6/results/gradient/diagnostics/rollout_1_data.pkl
[ scan ] pkl   LEGACY  : H8_K20_Meuler_T0.5_Dfm_visual_aligning.models.visual_gaussian_diffusion.VisualGaussianDiffusion_VTrue_mpc4/6/results/gradient/diagnostics/rollout_2_data.pkl
[ scan ] pkl   LEGACY  : H8_K20_Meuler_T0.5_Dfm_visual_aligning.models.visual_gaussian_diffusion.VisualGaussianDiffusion_VTrue_mpc4/6/results/gradient/results_seed_6.pkl
[ scan ] pkl   LEGACY  : H8_K20_Meuler_T0.5_Dfm_visual_aligning.models.visual_gaussian_diffusion.VisualGaussianDiffusion_VTrue_mpc4/6/results/model_free/diagnostics/rollout_0_data.pkl
[ scan ] pkl   LEGACY  : H8_K20_Meuler_T0.5_Dfm_visual_aligning.models.visual_gaussian_diffusion.VisualGaussianDiffusion_VTrue_mpc4/6/results/model_free/diagnostics/rollout_1_data.pkl
[ scan ] pkl   LEGACY  : H8_K20_Meuler_T0.5_Dfm_visual_aligning.models.visual_gaussian_diffusion.VisualGaussianDiffusion_VTrue_mpc4/6/results/model_free/diagnostics/rollout_2_data.pkl
[ scan ] pkl   LEGACY  : H8_K20_Meuler_T0.5_Dfm_visual_aligning.models.visual_gaussian_diffusion.VisualGaussianDiffusion_VTrue_mpc4/6/results/model_free/results_seed_6.pkl
[ scan ] pkl   LEGACY  : H8_K20_Meuler_T0.5_Dfm_visual_aligning.models.visual_gaussian_diffusion.VisualGaussianDiffusion_VTrue_mpc4/6/results/post_processing/diagnostics/rollout_0_data.pkl
[ scan ] pkl   LEGACY  : H8_K20_Meuler_T0.5_Dfm_visual_aligning.models.visual_gaussian_diffusion.VisualGaussianDiffusion_VTrue_mpc4/6/results/post_processing/diagnostics/rollout_1_data.pkl
[ scan ] pkl   LEGACY  : H8_K20_Meuler_T0.5_Dfm_visual_aligning.models.visual_gaussian_diffusion.VisualGaussianDiffusion_VTrue_mpc4/6/results/post_processing/diagnostics/rollout_2_data.pkl
[ scan ] pkl   LEGACY  : H8_K20_Meuler_T0.5_Dfm_visual_aligning.models.visual_gaussian_diffusion.VisualGaussianDiffusion_VTrue_mpc4/6/results/post_processing/results_seed_6.pkl

  [pkl]  fixing: H8_K20_Meuler_T0.5_Dfm_visual_aligning.models.visual_gaussian_diffusion.VisualGaussianDiffusion_VTrue_mpc4/6/results/diffuser/diagnostics/rollout_0_data.pkl
  [pkl]  fixing: H8_K20_Meuler_T0.5_Dfm_visual_aligning.models.visual_gaussian_diffusion.VisualGaussianDiffusion_VTrue_mpc4/6/results/diffuser/diagnostics/rollout_1_data.pkl
  [pkl]  fixing: H8_K20_Meuler_T0.5_Dfm_visual_aligning.models.visual_gaussian_diffusion.VisualGaussianDiffusion_VTrue_mpc4/6/results/diffuser/diagnostics/rollout_2_data.pkl
  [pkl]  fixing: H8_K20_Meuler_T0.5_Dfm_visual_aligning.models.visual_gaussian_diffusion.VisualGaussianDiffusion_VTrue_mpc4/6/results/diffuser/results_seed_6.pkl
  [pkl]  fixing: H8_K20_Meuler_T0.5_Dfm_visual_aligning.models.visual_gaussian_diffusion.VisualGaussianDiffusion_VTrue_mpc4/6/results/dpcc-c/diagnostics/rollout_0_data.pkl
  [pkl]  fixing: H8_K20_Meuler_T0.5_Dfm_visual_aligning.models.visual_gaussian_diffusion.VisualGaussianDiffusion_VTrue_mpc4/6/results/dpcc-c/diagnostics/rollout_1_data.pkl
  [pkl]  fixing: H8_K20_Meuler_T0.5_Dfm_visual_aligning.models.visual_gaussian_diffusion.VisualGaussianDiffusion_VTrue_mpc4/6/results/dpcc-c/diagnostics/rollout_2_data.pkl
  [pkl]  fixing: H8_K20_Meuler_T0.5_Dfm_visual_aligning.models.visual_gaussian_diffusion.VisualGaussianDiffusion_VTrue_mpc4/6/results/dpcc-c/results_seed_6.pkl
  [pkl]  fixing: H8_K20_Meuler_T0.5_Dfm_visual_aligning.models.visual_gaussian_diffusion.VisualGaussianDiffusion_VTrue_mpc4/6/results/dpcc-r/diagnostics/rollout_0_data.pkl
  [pkl]  fixing: H8_K20_Meuler_T0.5_Dfm_visual_aligning.models.visual_gaussian_diffusion.VisualGaussianDiffusion_VTrue_mpc4/6/results/dpcc-r/diagnostics/rollout_1_data.pkl
  [pkl]  fixing: H8_K20_Meuler_T0.5_Dfm_visual_aligning.models.visual_gaussian_diffusion.VisualGaussianDiffusion_VTrue_mpc4/6/results/dpcc-r/diagnostics/rollout_2_data.pkl
  [pkl]  fixing: H8_K20_Meuler_T0.5_Dfm_visual_aligning.models.visual_gaussian_diffusion.VisualGaussianDiffusion_VTrue_mpc4/6/results/dpcc-r/results_seed_6.pkl
  [pkl]  fixing: H8_K20_Meuler_T0.5_Dfm_visual_aligning.models.visual_gaussian_diffusion.VisualGaussianDiffusion_VTrue_mpc4/6/results/dpcc-t/diagnostics/rollout_0_data.pkl
  [pkl]  fixing: H8_K20_Meuler_T0.5_Dfm_visual_aligning.models.visual_gaussian_diffusion.VisualGaussianDiffusion_VTrue_mpc4/6/results/dpcc-t/diagnostics/rollout_1_data.pkl
  [pkl]  fixing: H8_K20_Meuler_T0.5_Dfm_visual_aligning.models.visual_gaussian_diffusion.VisualGaussianDiffusion_VTrue_mpc4/6/results/dpcc-t/diagnostics/rollout_2_data.pkl
  [pkl]  fixing: H8_K20_Meuler_T0.5_Dfm_visual_aligning.models.visual_gaussian_diffusion.VisualGaussianDiffusion_VTrue_mpc4/6/results/dpcc-t/results_seed_6.pkl
  [pkl]  fixing: H8_K20_Meuler_T0.5_Dfm_visual_aligning.models.visual_gaussian_diffusion.VisualGaussianDiffusion_VTrue_mpc4/6/results/gradient/diagnostics/rollout_0_data.pkl
  [pkl]  fixing: H8_K20_Meuler_T0.5_Dfm_visual_aligning.models.visual_gaussian_diffusion.VisualGaussianDiffusion_VTrue_mpc4/6/results/gradient/diagnostics/rollout_1_data.pkl
  [pkl]  fixing: H8_K20_Meuler_T0.5_Dfm_visual_aligning.models.visual_gaussian_diffusion.VisualGaussianDiffusion_VTrue_mpc4/6/results/gradient/diagnostics/rollout_2_data.pkl
  [pkl]  fixing: H8_K20_Meuler_T0.5_Dfm_visual_aligning.models.visual_gaussian_diffusion.VisualGaussianDiffusion_VTrue_mpc4/6/results/gradient/results_seed_6.pkl
  [pkl]  fixing: H8_K20_Meuler_T0.5_Dfm_visual_aligning.models.visual_gaussian_diffusion.VisualGaussianDiffusion_VTrue_mpc4/6/results/model_free/diagnostics/rollout_0_data.pkl
  [pkl]  fixing: H8_K20_Meuler_T0.5_Dfm_visual_aligning.models.visual_gaussian_diffusion.VisualGaussianDiffusion_VTrue_mpc4/6/results/model_free/diagnostics/rollout_1_data.pkl
  [pkl]  fixing: H8_K20_Meuler_T0.5_Dfm_visual_aligning.models.visual_gaussian_diffusion.VisualGaussianDiffusion_VTrue_mpc4/6/results/model_free/diagnostics/rollout_2_data.pkl
  [pkl]  fixing: H8_K20_Meuler_T0.5_Dfm_visual_aligning.models.visual_gaussian_diffusion.VisualGaussianDiffusion_VTrue_mpc4/6/results/model_free/results_seed_6.pkl
  [pkl]  fixing: H8_K20_Meuler_T0.5_Dfm_visual_aligning.models.visual_gaussian_diffusion.VisualGaussianDiffusion_VTrue_mpc4/6/results/post_processing/diagnostics/rollout_0_data.pkl
  [pkl]  fixing: H8_K20_Meuler_T0.5_Dfm_visual_aligning.models.visual_gaussian_diffusion.VisualGaussianDiffusion_VTrue_mpc4/6/results/post_processing/diagnostics/rollout_1_data.pkl
  [pkl]  fixing: H8_K20_Meuler_T0.5_Dfm_visual_aligning.models.visual_gaussian_diffusion.VisualGaussianDiffusion_VTrue_mpc4/6/results/post_processing/diagnostics/rollout_2_data.pkl
  [pkl]  fixing: H8_K20_Meuler_T0.5_Dfm_visual_aligning.models.visual_gaussian_diffusion.VisualGaussianDiffusion_VTrue_mpc4/6/results/post_processing/results_seed_6.pkl
  [dir]  rename:
         H8_Dfm_visual_aligning.models.visual_gaussian_diffusion.VisualGaussianDiffusion_a1.5_b1.0_aw1_VTrue_steps900_bs64
         → H8_Dfm_visual_aligning.models.visual_gaussian_diffusion.VisualFlowMatching_a1.5_b1.0_aw1_VTrue_steps900_bs64

[ patch ] 29 item(s) fixed.

Job completed successfully.
