/bin/bash: /u/home/llim/miniconda3/lib/libtinfo.so.6: no version information available (required by /bin/bash)
================================================================================
JOB START: Tue May 26 14:31:53 UTC 2026
JOB NAME:  run_patch_legacy_checkpoints
JOB ID:    20819
NODE:      i6-gpu-1
GIT REV:   0201b07
================================================================================
[ patch ] Target: /u/home/llim/FMPCC/FM-PCC/logs/aligning-d3il-visual/fm_visual_aligning/H8_Dfm_visual_aligning.models.visual_gaussian_diffusion.VisualGaussianDiffusion_a1.5_b1.0_aw1_VTrue_steps900_bs64
[ patch ] Flags:  none

[ patch ] Path    : /u/home/llim/FMPCC/FM-PCC/logs/aligning-d3il-visual/fm_visual_aligning/H8_Dfm_visual_aligning.models.visual_gaussian_diffusion.VisualGaussianDiffusion_a1.5_b1.0_aw1_VTrue_steps900_bs64
[ patch ] Dry-run : False

[ scan ] Folder name  : LEGACY
[ scan ] pkl   LEGACY  : 6/act_normalizer.pkl
[ scan ] pkl   LEGACY  : 6/dataset_config.pkl
[ scan ] pkl   LEGACY  : 6/diffusion_config.pkl
[ scan ] pkl   LEGACY  : 6/model_config.pkl
[ scan ] pkl   LEGACY  : 6/obs_normalizer.pkl
[ scan ] pkl   LEGACY  : 6/trainer_config.pkl

  [pkl]  fixing: 6/act_normalizer.pkl
  [pkl]  fixing: 6/dataset_config.pkl
  [pkl]  fixing: 6/diffusion_config.pkl
  [pkl]  fixing: 6/model_config.pkl
  [pkl]  fixing: 6/obs_normalizer.pkl
  [pkl]  fixing: 6/trainer_config.pkl
  [dir]  rename:
         H8_Dfm_visual_aligning.models.visual_gaussian_diffusion.VisualGaussianDiffusion_a1.5_b1.0_aw1_VTrue_steps900_bs64
         → H8_Dfm_visual_aligning.models.visual_gaussian_diffusion.VisualFlowMatching_a1.5_b1.0_aw1_VTrue_steps900_bs64

[ patch ] 7 item(s) fixed.

Job completed successfully.
