/bin/bash: /u/home/llim/miniconda3/lib/libtinfo.so.6: no version information available (required by /bin/bash)
================================================================================
JOB START: Tue Aug 25 08:50:51 UTC 2026
JOB NAME:  gates_mix_visual
JOB ID:    25032
NODE:      i6-gpu-1
GPU INFO:
NVIDIA RTX A5000, 530.41.03, 24564 MiB
NVIDIA RTX A5000, 530.41.03, 24564 MiB
NVIDIA RTX A5000, 530.41.03, 24564 MiB
NVIDIA RTX A5000, 530.41.03, 24564 MiB
NVIDIA RTX A5000, 530.41.03, 24564 MiB
NVIDIA RTX A5000, 530.41.03, 24564 MiB
NVIDIA RTX A5000, 530.41.03, 24564 MiB
NVIDIA RTX A5000, 530.41.03, 24564 MiB
GIT REV:   2368aa1
================================================================================
[ GPU-CHECK ] CUDA_VISIBLE_DEVICES=3  MUJOCO_EGL_DEVICE_ID=3
[ gates ] running: bone
/u/home/llim/miniconda3/envs/FMPCC/lib/python3.10/site-packages/torchvision/models/_utils.py:208: UserWarning: The parameter 'pretrained' is deprecated since 0.13 and may be removed in the future, please use 'weights' instead.
  warnings.warn(
/u/home/llim/miniconda3/envs/FMPCC/lib/python3.10/site-packages/torchvision/models/_utils.py:223: UserWarning: Arguments other than a weight enum or `None` for 'weights' are deprecated since 0.13 and may be removed in the future. The current behavior is equivalent to passing `weights=None`.
  warnings.warn(msg)

=== G-B1: cond_dim=0 leaves every bone unchanged ===
  ok   MFDiTOfficialTrajectory: 47 params state-only; +3 visual (['vis_projector.bias', 'vis_projector.weight', 'vis_token']), grew=['pos_embed']
  ok   AFSiTTrajectory: 39 params state-only; +3 visual (['vis_projector.bias', 'vis_projector.weight', 'vis_token']), grew=['pos_embed']
  ok   MFDiTTrajectory: 82 params state-only; +3 visual (['vis_projector.linear.bias', 'vis_projector.linear.weight', 'vis_tokens']), grew=[]
  ok   AFDiTTrajectory: 82 params state-only; +3 visual (['vis_projector.linear.bias', 'vis_projector.linear.weight', 'vis_tokens']), grew=[]
  G-B1 PASS

=== G-B6: prefix / pos-embed bookkeeping ===
  ok   MFDiTOfficialTrajectory cond_dim=0: shapes clean, out=(2, 8, 9)
  ok   MFDiTOfficialTrajectory cond_dim=128: shapes clean, out=(2, 8, 9)
  ok   AFSiTTrajectory cond_dim=0: shapes clean, out=(2, 8, 9)
  ok   AFSiTTrajectory cond_dim=128: shapes clean, out=(2, 8, 9)
  ok   MFDiTTrajectory cond_dim=0: shapes clean, out=(2, 8, 9)
  ok   MFDiTTrajectory cond_dim=128: shapes clean, out=(2, 8, 9)
  ok   AFDiTTrajectory cond_dim=0: shapes clean, out=(2, 8, 9)
  ok   AFDiTTrajectory cond_dim=128: shapes clean, out=(2, 8, 9)
  G-B6 PASS

=== G-B7: bone is a checkpoint-path key ===
  ok   unet block omits ml_bone (pre-U8 paths preserved)
  ok   film_mode absent from the DiT block
  ok   unet block keeps film_mode='v1'
  ok   distinct exp_name templates (bone fragment present)
  G-B7 PASS

=== G-B2: visual bones build, parameter-matched ===
ROBOMIMIC WARNING(
    No private macro file found!
    It is recommended to use a private macro file
    To setup, run: python /u/home/llim/FMPCC/FM-PCC/d3il/agents/models/robomimic/scripts/setup_macros.py
)
[ VisualUNetTwoTime ] MultiImageObsEncoder initialized — LATENT_DIM=128, imagenet_norm=True, share_rgb_model=False
[ VisualUNetTwoTime ] vis_pretrained=False  (random init — pre-U9 behaviour)
[ MFTrajectoryModel ] backbone=unet  vision=True  unet_width(freq_dim)=32  params=26.4M
  reference: VisualUNetTwoTime bone = 4.04 M
[ VisualDiTTwoTime ] MultiImageObsEncoder initialized — LATENT_DIM=128, imagenet_norm=True, share_rgb_model=False
[ VisualDiTTwoTime ] vis_pretrained=False  (random init — pre-U9 behaviour)
[ VisualDiTTwoTime ] bone=mf_dit (MFDiTOfficialTrajectory)  hidden=160 depth=8 heads=4 patch=1  cond_dim=128 (visual token ON)
[ VisualDiTTwoTime ] vis_cond_mode=token  (visual tokens in sequence: 1)
[ MFTrajectoryModel ] backbone=mf_dit  vision=True  unet_width(freq_dim)=32  params=26.4M
  ok   mf@mf_dit: bone 4.04 M (1.00x U-Net)
[ VisualDiTTwoTime ] MultiImageObsEncoder initialized — LATENT_DIM=128, imagenet_norm=True, share_rgb_model=False
[ VisualDiTTwoTime ] vis_pretrained=False  (random init — pre-U9 behaviour)
[ VisualDiTTwoTime ] bone=dit_mf (MFDiTTrajectory)  hidden=160 depth=8 heads=4 patch=1  cond_dim=128 (visual token ON)
[ VisualDiTTwoTime ] vis_cond_mode=token  (visual tokens in sequence: 0)
[ MFTrajectoryModel ] backbone=dit  vision=True  unet_width(freq_dim)=32  params=25.8M
  ok   mf@dit: bone 3.37 M (0.84x U-Net)
[ VisualDiTTwoTime ] MultiImageObsEncoder initialized — LATENT_DIM=128, imagenet_norm=True, share_rgb_model=False
[ VisualDiTTwoTime ] vis_pretrained=False  (random init — pre-U9 behaviour)
[ VisualDiTTwoTime ] bone=sit (AFSiTTrajectory)  hidden=160 depth=8 heads=4 patch=1  cond_dim=128 (visual token ON)
[ VisualDiTTwoTime ] vis_cond_mode=token  (visual tokens in sequence: 1)
[ AFTrajectoryModel ] backbone=sit  vision=True  unet_width(freq_dim)=32  params=26.4M
  ok   af@sit: bone 3.97 M (0.98x U-Net)
[ VisualDiTTwoTime ] MultiImageObsEncoder initialized — LATENT_DIM=128, imagenet_norm=True, share_rgb_model=False
[ VisualDiTTwoTime ] vis_pretrained=False  (random init — pre-U9 behaviour)
[ VisualDiTTwoTime ] bone=dit_af (AFDiTTrajectory)  hidden=160 depth=8 heads=4 patch=1  cond_dim=128 (visual token ON)
[ VisualDiTTwoTime ] vis_cond_mode=token  (visual tokens in sequence: 0)
[ AFTrajectoryModel ] backbone=dit  vision=True  unet_width(freq_dim)=32  params=25.8M
  ok   af@dit: bone 3.37 M (0.84x U-Net)
  G-B2 PASS

=== G-B3: the visual token receives gradient ===
[ VisualDiTTwoTime ] MultiImageObsEncoder initialized — LATENT_DIM=128, imagenet_norm=True, share_rgb_model=False
[ VisualDiTTwoTime ] vis_pretrained=False  (random init — pre-U9 behaviour)
[ VisualDiTTwoTime ] bone=mf_dit (MFDiTOfficialTrajectory)  hidden=160 depth=8 heads=4 patch=1  cond_dim=128 (visual token ON)
[ VisualDiTTwoTime ] vis_cond_mode=token  (visual tokens in sequence: 1)
[ MFTrajectoryModel ] backbone=mf_dit  vision=True  unet_width(freq_dim)=32  params=26.4M
  ok   mf@mf_dit: |grad vis_projector|=6.243e-01, encoder trains=True, d(out)/d(latent) max=1.070e-02, loss=2.0000
[ VisualDiTTwoTime ] MultiImageObsEncoder initialized — LATENT_DIM=128, imagenet_norm=True, share_rgb_model=False
[ VisualDiTTwoTime ] vis_pretrained=False  (random init — pre-U9 behaviour)
[ VisualDiTTwoTime ] bone=dit_mf (MFDiTTrajectory)  hidden=160 depth=8 heads=4 patch=1  cond_dim=128 (visual token ON)
[ VisualDiTTwoTime ] vis_cond_mode=token  (visual tokens in sequence: 0)
[ MFTrajectoryModel ] backbone=dit  vision=True  unet_width(freq_dim)=32  params=25.8M
  ok   mf@dit: |grad vis_projector|=1.547e-01, encoder trains=True, d(out)/d(latent) max=5.084e-03, loss=1.9999
[ VisualDiTTwoTime ] MultiImageObsEncoder initialized — LATENT_DIM=128, imagenet_norm=True, share_rgb_model=False
[ VisualDiTTwoTime ] vis_pretrained=False  (random init — pre-U9 behaviour)
[ VisualDiTTwoTime ] bone=sit (AFSiTTrajectory)  hidden=160 depth=8 heads=4 patch=1  cond_dim=128 (visual token ON)
[ VisualDiTTwoTime ] vis_cond_mode=token  (visual tokens in sequence: 1)
[ AFTrajectoryModel ] backbone=sit  vision=True  unet_width(freq_dim)=32  params=26.4M
  ok   af@sit: |grad vis_projector|=2.951e+00, encoder trains=True, d(out)/d(latent) max=2.190e-02, loss=2.0000
[ VisualDiTTwoTime ] MultiImageObsEncoder initialized — LATENT_DIM=128, imagenet_norm=True, share_rgb_model=False
[ VisualDiTTwoTime ] vis_pretrained=False  (random init — pre-U9 behaviour)
[ VisualDiTTwoTime ] bone=dit_af (AFDiTTrajectory)  hidden=160 depth=8 heads=4 patch=1  cond_dim=128 (visual token ON)
[ VisualDiTTwoTime ] vis_cond_mode=token  (visual tokens in sequence: 0)
[ AFTrajectoryModel ] backbone=dit  vision=True  unet_width(freq_dim)=32  params=25.8M
  ok   af@dit: |grad vis_projector|=3.059e-01, encoder trains=True, d(out)/d(latent) max=7.318e-03, loss=2.0000
  G-B3 PASS

=== G-B4/5: JVP + bootstrap survive the visual token ===
[ VisualDiTTwoTime ] MultiImageObsEncoder initialized — LATENT_DIM=128, imagenet_norm=True, share_rgb_model=False
[ VisualDiTTwoTime ] vis_pretrained=False  (random init — pre-U9 behaviour)
[ VisualDiTTwoTime ] bone=mf_dit (MFDiTOfficialTrajectory)  hidden=160 depth=8 heads=4 patch=1  cond_dim=128 (visual token ON)
[ VisualDiTTwoTime ] vis_cond_mode=token  (visual tokens in sequence: 1)
[ MFTrajectoryModel ] backbone=mf_dit  vision=True  unet_width(freq_dim)=32  params=26.4M
  ok   mf@mf_dit: loss=1.999860 finite raw_mse_u=143.078644
[ VisualDiTTwoTime ] MultiImageObsEncoder initialized — LATENT_DIM=128, imagenet_norm=True, share_rgb_model=False
[ VisualDiTTwoTime ] vis_pretrained=False  (random init — pre-U9 behaviour)
[ VisualDiTTwoTime ] bone=dit_mf (MFDiTTrajectory)  hidden=160 depth=8 heads=4 patch=1  cond_dim=128 (visual token ON)
[ VisualDiTTwoTime ] vis_cond_mode=token  (visual tokens in sequence: 0)
[ MFTrajectoryModel ] backbone=dit  vision=True  unet_width(freq_dim)=32  params=25.8M
  ok   mf@dit: loss=1.999866 finite raw_mse_u=155.165283
[ VisualDiTTwoTime ] MultiImageObsEncoder initialized — LATENT_DIM=128, imagenet_norm=True, share_rgb_model=False
[ VisualDiTTwoTime ] vis_pretrained=False  (random init — pre-U9 behaviour)
[ VisualDiTTwoTime ] bone=sit (AFSiTTrajectory)  hidden=160 depth=8 heads=4 patch=1  cond_dim=128 (visual token ON)
[ VisualDiTTwoTime ] vis_cond_mode=token  (visual tokens in sequence: 1)
[ AFTrajectoryModel ] backbone=sit  vision=True  unet_width(freq_dim)=32  params=26.4M
/u/home/llim/miniconda3/envs/FMPCC/lib/python3.10/site-packages/torchvision/models/_utils.py:223: UserWarning: Arguments other than a weight enum or `None` for 'weights' are deprecated since 0.13 and may be removed in the future. The current behavior is equivalent to passing `weights=ResNet18_Weights.IMAGENET1K_V1`. You can also use `weights=ResNet18_Weights.DEFAULT` to get the most up-to-date weights.
  warnings.warn(msg)
Downloading: "https://download.pytorch.org/models/resnet18-f37072fd.pth" to /u/home/llim/.cache/torch/hub/checkpoints/resnet18-f37072fd.pth
  ok   af@sit: loss=1.999985 finite raw_mse_u=136.993347
[ VisualDiTTwoTime ] MultiImageObsEncoder initialized — LATENT_DIM=128, imagenet_norm=True, share_rgb_model=False
[ VisualDiTTwoTime ] vis_pretrained=False  (random init — pre-U9 behaviour)
[ VisualDiTTwoTime ] bone=dit_af (AFDiTTrajectory)  hidden=160 depth=8 heads=4 patch=1  cond_dim=128 (visual token ON)
[ VisualDiTTwoTime ] vis_cond_mode=token  (visual tokens in sequence: 0)
[ AFTrajectoryModel ] backbone=dit  vision=True  unet_width(freq_dim)=32  params=25.8M
  ok   af@dit: loss=1.999987 finite raw_mse_u=151.633377
  G-B4/5 PASS

=== G-B8: encoder spec identical across the two-time wrappers ===
  ok   both wrappers: '_target_': 'agents.models.vision.model_getter.get_resnet', 'input_shape': [3, 96, 96], 'output_size': 64, 'pretrained': _vis_pretrained,

  G-B8 PASS

=== G-B9: vis_cond_mode token/adaln/both ===
[ VisualDiTTwoTime ] MultiImageObsEncoder initialized — LATENT_DIM=128, imagenet_norm=True, share_rgb_model=False
[ VisualDiTTwoTime ] vis_pretrained=False  (random init — pre-U9 behaviour)
[ VisualDiTTwoTime ] bone=mf_dit (MFDiTOfficialTrajectory)  hidden=160 depth=8 heads=4 patch=1  cond_dim=128 (visual token ON)
[ VisualDiTTwoTime ] vis_cond_mode=token  (visual tokens in sequence: 1)
[ MFTrajectoryModel ] backbone=mf_dit  vision=True  unet_width(freq_dim)=32  params=26.4M
[ VisualDiTTwoTime ] MultiImageObsEncoder initialized — LATENT_DIM=128, imagenet_norm=True, share_rgb_model=False
[ VisualDiTTwoTime ] vis_pretrained=False  (random init — pre-U9 behaviour)
[ VisualDiTTwoTime ] bone=mf_dit (MFDiTOfficialTrajectory)  hidden=160 depth=8 heads=4 patch=1  cond_dim=128 (visual token ON)
[ VisualDiTTwoTime ] vis_cond_mode=token  (visual tokens in sequence: 1)
[ MFTrajectoryModel ] backbone=mf_dit  vision=True  unet_width(freq_dim)=32  params=26.4M
  ok   mf@mf_dit token: state_dict identical to the pre-U9 build (387 tensors)
[ VisualDiTTwoTime ] MultiImageObsEncoder initialized — LATENT_DIM=128, imagenet_norm=True, share_rgb_model=False
[ VisualDiTTwoTime ] vis_pretrained=False  (random init — pre-U9 behaviour)
[ VisualDiTTwoTime ] bone=mf_dit (MFDiTOfficialTrajectory)  hidden=160 depth=8 heads=4 patch=1  cond_dim=128 (visual token ON)
[ VisualDiTTwoTime ] vis_cond_mode=adaln  (visual tokens in sequence: 0)
[ MFTrajectoryModel ] backbone=mf_dit  vision=True  unet_width(freq_dim)=32  params=26.4M
  ok   mf@mf_dit adaln: num_visual_tokens=0 (want 0), vis_token present=False (want False)
  ok   mf@mf_dit adaln: d(out)/d(latent) max = 2.4137e-01
[ VisualDiTTwoTime ] MultiImageObsEncoder initialized — LATENT_DIM=128, imagenet_norm=True, share_rgb_model=False
[ VisualDiTTwoTime ] vis_pretrained=False  (random init — pre-U9 behaviour)
[ VisualDiTTwoTime ] bone=mf_dit (MFDiTOfficialTrajectory)  hidden=160 depth=8 heads=4 patch=1  cond_dim=128 (visual token ON)
[ VisualDiTTwoTime ] vis_cond_mode=both  (visual tokens in sequence: 1)
[ MFTrajectoryModel ] backbone=mf_dit  vision=True  unet_width(freq_dim)=32  params=26.4M
  ok   mf@mf_dit both: num_visual_tokens=1 (want 1), vis_token present=True (want True)
  ok   mf@mf_dit both: d(out)/d(latent) max = 2.6811e-01
[ VisualDiTTwoTime ] MultiImageObsEncoder initialized — LATENT_DIM=128, imagenet_norm=True, share_rgb_model=False
[ VisualDiTTwoTime ] vis_pretrained=False  (random init — pre-U9 behaviour)
[ VisualDiTTwoTime ] bone=sit (AFSiTTrajectory)  hidden=160 depth=8 heads=4 patch=1  cond_dim=128 (visual token ON)
[ VisualDiTTwoTime ] vis_cond_mode=token  (visual tokens in sequence: 1)
[ AFTrajectoryModel ] backbone=sit  vision=True  unet_width(freq_dim)=32  params=26.4M
[ VisualDiTTwoTime ] MultiImageObsEncoder initialized — LATENT_DIM=128, imagenet_norm=True, share_rgb_model=False
[ VisualDiTTwoTime ] vis_pretrained=False  (random init — pre-U9 behaviour)
[ VisualDiTTwoTime ] bone=sit (AFSiTTrajectory)  hidden=160 depth=8 heads=4 patch=1  cond_dim=128 (visual token ON)
[ VisualDiTTwoTime ] vis_cond_mode=token  (visual tokens in sequence: 1)
[ AFTrajectoryModel ] backbone=sit  vision=True  unet_width(freq_dim)=32  params=26.4M
  ok   af@sit token: state_dict identical to the pre-U9 build (367 tensors)
[ VisualDiTTwoTime ] MultiImageObsEncoder initialized — LATENT_DIM=128, imagenet_norm=True, share_rgb_model=False
[ VisualDiTTwoTime ] vis_pretrained=False  (random init — pre-U9 behaviour)
[ VisualDiTTwoTime ] bone=sit (AFSiTTrajectory)  hidden=160 depth=8 heads=4 patch=1  cond_dim=128 (visual token ON)
[ VisualDiTTwoTime ] vis_cond_mode=adaln  (visual tokens in sequence: 0)
[ AFTrajectoryModel ] backbone=sit  vision=True  unet_width(freq_dim)=32  params=26.4M
  ok   af@sit adaln: num_visual_tokens=0 (want 0), vis_token present=False (want False)
  ok   af@sit adaln: d(out)/d(latent) max = 7.0412e-01
[ VisualDiTTwoTime ] MultiImageObsEncoder initialized — LATENT_DIM=128, imagenet_norm=True, share_rgb_model=False
[ VisualDiTTwoTime ] vis_pretrained=False  (random init — pre-U9 behaviour)
[ VisualDiTTwoTime ] bone=sit (AFSiTTrajectory)  hidden=160 depth=8 heads=4 patch=1  cond_dim=128 (visual token ON)
[ VisualDiTTwoTime ] vis_cond_mode=both  (visual tokens in sequence: 1)
[ AFTrajectoryModel ] backbone=sit  vision=True  unet_width(freq_dim)=32  params=26.4M
  ok   af@sit both: num_visual_tokens=1 (want 1), vis_token present=True (want True)
  ok   af@sit both: d(out)/d(latent) max = 5.9426e-01

  G-B9 PASS

=== G-B11: pretrained weights actually loaded ===
  0%|          | 0.00/44.7M [00:00<?, ?B/s] 27%|██▋       | 12.1M/44.7M [00:00<00:00, 127MB/s]100%|██████████| 44.7M/44.7M [00:00<00:00, 237MB/s]
  ok   pretrained=True is seed-independent (120 tensors) -> weights came from a file, not the RNG
  ok   pretrained=False IS seed-dependent -> the control is meaningful (a passing test above is not vacuous)
  ok   pretrained and random trunks differ (max |dw| = 1.2718e+01)

  G-B11 PASS

============================================================
  GB1: PASS
  GB6: PASS
  GB7: PASS
  GB2: PASS
  GB3: PASS
  GB45: PASS
  GB8: PASS
  GB9: PASS
  GB11: PASS
============================================================
Job completed successfully.
