/bin/bash: /u/home/llim/miniconda3/lib/libtinfo.so.6: no version information available (required by /bin/bash)
================================================================================
JOB START: Tue Aug 25 09:01:45 UTC 2026
JOB NAME:  gates_mix_visual
JOB ID:    25038
NODE:      i6-gpu-1
GPU INFO:
NVIDIA RTX A5000, 530.41.03, 24564 MiB
NVIDIA RTX A5000, 530.41.03, 24564 MiB
NVIDIA RTX A5000, 530.41.03, 24564 MiB
NVIDIA RTX A5000, 530.41.03, 24564 MiB
NVIDIA RTX A5000, 530.41.03, 24564 MiB
NVIDIA RTX A5000, 530.41.03, 24564 MiB
NVIDIA RTX A5000, 530.41.03, 24564 MiB
NVIDIA RTX A5000, 530.41.03, 24564 MiB
GIT REV:   aaee819
================================================================================
[ GPU-CHECK ] CUDA_VISIBLE_DEVICES=3  MUJOCO_EGL_DEVICE_ID=3
[ gates ] running: all
/u/home/llim/miniconda3/envs/FMPCC/lib/python3.10/site-packages/torchvision/models/_utils.py:208: UserWarning: The parameter 'pretrained' is deprecated since 0.13 and may be removed in the future, please use 'weights' instead.
  warnings.warn(
/u/home/llim/miniconda3/envs/FMPCC/lib/python3.10/site-packages/torchvision/models/_utils.py:223: UserWarning: Arguments other than a weight enum or `None` for 'weights' are deprecated since 0.13 and may be removed in the future. The current behavior is equivalent to passing `weights=None`.
  warnings.warn(msg)

=== G-B1: cond_dim=0 leaves every bone unchanged ===
  ok   MFDiTOfficialTrajectory: 47 params state-only; +3 visual (['vis_projector.bias', 'vis_projector.weight', 'vis_token']), grew=['pos_embed']
  ok   AFSiTTrajectory: 39 params state-only; +3 visual (['vis_projector.bias', 'vis_projector.weight', 'vis_token']), grew=['pos_embed']
  ok   MFDiTTrajectory: 82 params state-only; +3 visual (['vis_projector.linear.bias', 'vis_projector.linear.weight', 'vis_tokens']), grew=[]
  ok   AFDiTTrajectory: 82 params state-only; +3 visual (['vis_projector.linear.bias', 'vis_projector.linear.weight', 'vis_tokens']), grew=[]
  G-B1 PASS

=== G-B6: prefix / pos-embed bookkeeping ===
  ok   MFDiTOfficialTrajectory cond_dim=0: shapes clean, out=(2, 8, 9)
  ok   MFDiTOfficialTrajectory cond_dim=128: shapes clean, out=(2, 8, 9)
  ok   AFSiTTrajectory cond_dim=0: shapes clean, out=(2, 8, 9)
  ok   AFSiTTrajectory cond_dim=128: shapes clean, out=(2, 8, 9)
  ok   MFDiTTrajectory cond_dim=0: shapes clean, out=(2, 8, 9)
  ok   MFDiTTrajectory cond_dim=128: shapes clean, out=(2, 8, 9)
  ok   AFDiTTrajectory cond_dim=0: shapes clean, out=(2, 8, 9)
  ok   AFDiTTrajectory cond_dim=128: shapes clean, out=(2, 8, 9)
  G-B6 PASS

=== G-B7: bone is a checkpoint-path key ===
  GB7 ERROR: ValueError: CRITICAL: MIX_VIS_COND='adaln' needs an adaLN bone, but the 'af' arm is on ml_bone='unet'. Set MIX_BONE_AF=mf_dit (mf) or sit (af).

=== G-B2: visual bones build, parameter-matched ===
ROBOMIMIC WARNING(
    No private macro file found!
    It is recommended to use a private macro file
    To setup, run: python /u/home/llim/FMPCC/FM-PCC/d3il/agents/models/robomimic/scripts/setup_macros.py
)
[ VisualUNetTwoTime ] MultiImageObsEncoder initialized — LATENT_DIM=128, imagenet_norm=True, share_rgb_model=False
[ VisualUNetTwoTime ] vis_pretrained=False  (random init — pre-U9 behaviour)
[ MFTrajectoryModel ] backbone=unet  vision=True  unet_width(freq_dim)=32  params=26.4M
  reference: VisualUNetTwoTime bone = 4.04 M
[ VisualDiTTwoTime ] MultiImageObsEncoder initialized — LATENT_DIM=128, imagenet_norm=True, share_rgb_model=False
[ VisualDiTTwoTime ] vis_pretrained=False  (random init — pre-U9 behaviour)
[ VisualDiTTwoTime ] bone=mf_dit (MFDiTOfficialTrajectory)  hidden=160 depth=8 heads=4 patch=1  cond_dim=128 (visual token ON)
[ VisualDiTTwoTime ] vis_cond_mode=token  (visual tokens in sequence: 1)
[ MFTrajectoryModel ] backbone=mf_dit  vision=True  unet_width(freq_dim)=32  params=26.4M
  ok   mf@mf_dit: bone 4.04 M (1.00x U-Net)
[ VisualDiTTwoTime ] MultiImageObsEncoder initialized — LATENT_DIM=128, imagenet_norm=True, share_rgb_model=False
[ VisualDiTTwoTime ] vis_pretrained=False  (random init — pre-U9 behaviour)
[ VisualDiTTwoTime ] bone=dit_mf (MFDiTTrajectory)  hidden=160 depth=8 heads=4 patch=1  cond_dim=128 (visual token ON)
[ VisualDiTTwoTime ] vis_cond_mode=token  (visual tokens in sequence: 1)
[ MFTrajectoryModel ] backbone=dit  vision=True  unet_width(freq_dim)=32  params=25.8M
  ok   mf@dit: bone 3.37 M (0.84x U-Net)
[ VisualDiTTwoTime ] MultiImageObsEncoder initialized — LATENT_DIM=128, imagenet_norm=True, share_rgb_model=False
[ VisualDiTTwoTime ] vis_pretrained=False  (random init — pre-U9 behaviour)
[ VisualDiTTwoTime ] bone=sit (AFSiTTrajectory)  hidden=160 depth=8 heads=4 patch=1  cond_dim=128 (visual token ON)
[ VisualDiTTwoTime ] vis_cond_mode=token  (visual tokens in sequence: 1)
[ AFTrajectoryModel ] backbone=sit  vision=True  unet_width(freq_dim)=32  params=26.4M
  ok   af@sit: bone 3.97 M (0.98x U-Net)
[ VisualDiTTwoTime ] MultiImageObsEncoder initialized — LATENT_DIM=128, imagenet_norm=True, share_rgb_model=False
[ VisualDiTTwoTime ] vis_pretrained=False  (random init — pre-U9 behaviour)
[ VisualDiTTwoTime ] bone=dit_af (AFDiTTrajectory)  hidden=160 depth=8 heads=4 patch=1  cond_dim=128 (visual token ON)
[ VisualDiTTwoTime ] vis_cond_mode=token  (visual tokens in sequence: 1)
[ AFTrajectoryModel ] backbone=dit  vision=True  unet_width(freq_dim)=32  params=25.8M
  ok   af@dit: bone 3.37 M (0.84x U-Net)
  G-B2 PASS

=== G-B3: the visual token receives gradient ===
[ VisualDiTTwoTime ] MultiImageObsEncoder initialized — LATENT_DIM=128, imagenet_norm=True, share_rgb_model=False
[ VisualDiTTwoTime ] vis_pretrained=False  (random init — pre-U9 behaviour)
[ VisualDiTTwoTime ] bone=mf_dit (MFDiTOfficialTrajectory)  hidden=160 depth=8 heads=4 patch=1  cond_dim=128 (visual token ON)
[ VisualDiTTwoTime ] vis_cond_mode=token  (visual tokens in sequence: 1)
[ MFTrajectoryModel ] backbone=mf_dit  vision=True  unet_width(freq_dim)=32  params=26.4M
  ok   mf@mf_dit: |grad vis_projector|=3.046e+00, encoder trains=True, d(out)/d(latent) max=2.287e-02, loss=1.9999
[ VisualDiTTwoTime ] MultiImageObsEncoder initialized — LATENT_DIM=128, imagenet_norm=True, share_rgb_model=False
[ VisualDiTTwoTime ] vis_pretrained=False  (random init — pre-U9 behaviour)
[ VisualDiTTwoTime ] bone=dit_mf (MFDiTTrajectory)  hidden=160 depth=8 heads=4 patch=1  cond_dim=128 (visual token ON)
[ VisualDiTTwoTime ] vis_cond_mode=token  (visual tokens in sequence: 1)
[ MFTrajectoryModel ] backbone=dit  vision=True  unet_width(freq_dim)=32  params=25.8M
  ok   mf@dit: |grad vis_projector|=3.821e-01, encoder trains=True, d(out)/d(latent) max=5.406e-03, loss=1.9999
[ VisualDiTTwoTime ] MultiImageObsEncoder initialized — LATENT_DIM=128, imagenet_norm=True, share_rgb_model=False
[ VisualDiTTwoTime ] vis_pretrained=False  (random init — pre-U9 behaviour)
[ VisualDiTTwoTime ] bone=sit (AFSiTTrajectory)  hidden=160 depth=8 heads=4 patch=1  cond_dim=128 (visual token ON)
[ VisualDiTTwoTime ] vis_cond_mode=token  (visual tokens in sequence: 1)
[ AFTrajectoryModel ] backbone=sit  vision=True  unet_width(freq_dim)=32  params=26.4M
  ok   af@sit: |grad vis_projector|=2.330e+01, encoder trains=True, d(out)/d(latent) max=2.806e-01, loss=2.0000
[ VisualDiTTwoTime ] MultiImageObsEncoder initialized — LATENT_DIM=128, imagenet_norm=True, share_rgb_model=False
[ VisualDiTTwoTime ] vis_pretrained=False  (random init — pre-U9 behaviour)
[ VisualDiTTwoTime ] bone=dit_af (AFDiTTrajectory)  hidden=160 depth=8 heads=4 patch=1  cond_dim=128 (visual token ON)
[ VisualDiTTwoTime ] vis_cond_mode=token  (visual tokens in sequence: 1)
[ AFTrajectoryModel ] backbone=dit  vision=True  unet_width(freq_dim)=32  params=25.8M
  ok   af@dit: |grad vis_projector|=3.289e-01, encoder trains=True, d(out)/d(latent) max=3.050e-03, loss=2.0000
  G-B3 PASS

=== G-B4/5: JVP + bootstrap survive the visual token ===
[ VisualDiTTwoTime ] MultiImageObsEncoder initialized — LATENT_DIM=128, imagenet_norm=True, share_rgb_model=False
[ VisualDiTTwoTime ] vis_pretrained=False  (random init — pre-U9 behaviour)
[ VisualDiTTwoTime ] bone=mf_dit (MFDiTOfficialTrajectory)  hidden=160 depth=8 heads=4 patch=1  cond_dim=128 (visual token ON)
[ VisualDiTTwoTime ] vis_cond_mode=token  (visual tokens in sequence: 1)
[ MFTrajectoryModel ] backbone=mf_dit  vision=True  unet_width(freq_dim)=32  params=26.4M
  ok   mf@mf_dit: loss=1.999832 finite raw_mse_u=121.411118
[ VisualDiTTwoTime ] MultiImageObsEncoder initialized — LATENT_DIM=128, imagenet_norm=True, share_rgb_model=False
[ VisualDiTTwoTime ] vis_pretrained=False  (random init — pre-U9 behaviour)
[ VisualDiTTwoTime ] bone=dit_mf (MFDiTTrajectory)  hidden=160 depth=8 heads=4 patch=1  cond_dim=128 (visual token ON)
[ VisualDiTTwoTime ] vis_cond_mode=token  (visual tokens in sequence: 1)
[ MFTrajectoryModel ] backbone=dit  vision=True  unet_width(freq_dim)=32  params=25.8M
  ok   mf@dit: loss=1.999857 finite raw_mse_u=143.268524
[ VisualDiTTwoTime ] MultiImageObsEncoder initialized — LATENT_DIM=128, imagenet_norm=True, share_rgb_model=False
[ VisualDiTTwoTime ] vis_pretrained=False  (random init — pre-U9 behaviour)
[ VisualDiTTwoTime ] bone=sit (AFSiTTrajectory)  hidden=160 depth=8 heads=4 patch=1  cond_dim=128 (visual token ON)
[ VisualDiTTwoTime ] vis_cond_mode=token  (visual tokens in sequence: 1)
[ AFTrajectoryModel ] backbone=sit  vision=True  unet_width(freq_dim)=32  params=26.4M
  ok   af@sit: loss=1.999986 finite raw_mse_u=147.654678
/u/home/llim/miniconda3/envs/FMPCC/lib/python3.10/site-packages/torchvision/models/_utils.py:223: UserWarning: Arguments other than a weight enum or `None` for 'weights' are deprecated since 0.13 and may be removed in the future. The current behavior is equivalent to passing `weights=ResNet18_Weights.IMAGENET1K_V1`. You can also use `weights=ResNet18_Weights.DEFAULT` to get the most up-to-date weights.
  warnings.warn(msg)
[ VisualDiTTwoTime ] MultiImageObsEncoder initialized — LATENT_DIM=128, imagenet_norm=True, share_rgb_model=False
[ VisualDiTTwoTime ] vis_pretrained=False  (random init — pre-U9 behaviour)
[ VisualDiTTwoTime ] bone=dit_af (AFDiTTrajectory)  hidden=160 depth=8 heads=4 patch=1  cond_dim=128 (visual token ON)
[ VisualDiTTwoTime ] vis_cond_mode=token  (visual tokens in sequence: 1)
[ AFTrajectoryModel ] backbone=dit  vision=True  unet_width(freq_dim)=32  params=25.8M
  ok   af@dit: loss=1.999984 finite raw_mse_u=124.562424
  G-B4/5 PASS

=== G-B8: encoder spec identical across the two-time wrappers ===
  ok   both wrappers: '_target_': 'agents.models.vision.model_getter.get_resnet', 'input_shape': [3, 96, 96], 'output_size': 64, 'pretrained': _vis_pretrained,

  G-B8 PASS

=== G-B9: vis_cond_mode token/adaln/both ===
[ VisualDiTTwoTime ] MultiImageObsEncoder initialized — LATENT_DIM=128, imagenet_norm=True, share_rgb_model=False
[ VisualDiTTwoTime ] vis_pretrained=False  (random init — pre-U9 behaviour)
[ VisualDiTTwoTime ] bone=mf_dit (MFDiTOfficialTrajectory)  hidden=160 depth=8 heads=4 patch=1  cond_dim=128 (visual token ON)
[ VisualDiTTwoTime ] vis_cond_mode=token  (visual tokens in sequence: 1)
[ MFTrajectoryModel ] backbone=mf_dit  vision=True  unet_width(freq_dim)=32  params=26.4M
[ VisualDiTTwoTime ] MultiImageObsEncoder initialized — LATENT_DIM=128, imagenet_norm=True, share_rgb_model=False
[ VisualDiTTwoTime ] vis_pretrained=False  (random init — pre-U9 behaviour)
[ VisualDiTTwoTime ] bone=mf_dit (MFDiTOfficialTrajectory)  hidden=160 depth=8 heads=4 patch=1  cond_dim=128 (visual token ON)
[ VisualDiTTwoTime ] vis_cond_mode=token  (visual tokens in sequence: 1)
[ MFTrajectoryModel ] backbone=mf_dit  vision=True  unet_width(freq_dim)=32  params=26.4M
  ok   mf@mf_dit token: state_dict identical to the pre-U9 build (387 tensors)
[ VisualDiTTwoTime ] MultiImageObsEncoder initialized — LATENT_DIM=128, imagenet_norm=True, share_rgb_model=False
[ VisualDiTTwoTime ] vis_pretrained=False  (random init — pre-U9 behaviour)
[ VisualDiTTwoTime ] bone=mf_dit (MFDiTOfficialTrajectory)  hidden=160 depth=8 heads=4 patch=1  cond_dim=128 (visual token ON)
[ VisualDiTTwoTime ] vis_cond_mode=adaln  (visual tokens in sequence: 0)
[ MFTrajectoryModel ] backbone=mf_dit  vision=True  unet_width(freq_dim)=32  params=26.4M
  ok   mf@mf_dit adaln: num_visual_tokens=0 (want 0), vis_token present=False (want False)
  ok   mf@mf_dit adaln: d(out)/d(latent) max = 2.4142e-01
[ VisualDiTTwoTime ] MultiImageObsEncoder initialized — LATENT_DIM=128, imagenet_norm=True, share_rgb_model=False
[ VisualDiTTwoTime ] vis_pretrained=False  (random init — pre-U9 behaviour)
[ VisualDiTTwoTime ] bone=mf_dit (MFDiTOfficialTrajectory)  hidden=160 depth=8 heads=4 patch=1  cond_dim=128 (visual token ON)
[ VisualDiTTwoTime ] vis_cond_mode=both  (visual tokens in sequence: 1)
[ MFTrajectoryModel ] backbone=mf_dit  vision=True  unet_width(freq_dim)=32  params=26.4M
  ok   mf@mf_dit both: num_visual_tokens=1 (want 1), vis_token present=True (want True)
  ok   mf@mf_dit both: d(out)/d(latent) max = 2.6811e-01
[ VisualDiTTwoTime ] MultiImageObsEncoder initialized — LATENT_DIM=128, imagenet_norm=True, share_rgb_model=False
[ VisualDiTTwoTime ] vis_pretrained=False  (random init — pre-U9 behaviour)
[ VisualDiTTwoTime ] bone=sit (AFSiTTrajectory)  hidden=160 depth=8 heads=4 patch=1  cond_dim=128 (visual token ON)
[ VisualDiTTwoTime ] vis_cond_mode=token  (visual tokens in sequence: 1)
[ AFTrajectoryModel ] backbone=sit  vision=True  unet_width(freq_dim)=32  params=26.4M
[ VisualDiTTwoTime ] MultiImageObsEncoder initialized — LATENT_DIM=128, imagenet_norm=True, share_rgb_model=False
[ VisualDiTTwoTime ] vis_pretrained=False  (random init — pre-U9 behaviour)
[ VisualDiTTwoTime ] bone=sit (AFSiTTrajectory)  hidden=160 depth=8 heads=4 patch=1  cond_dim=128 (visual token ON)
[ VisualDiTTwoTime ] vis_cond_mode=token  (visual tokens in sequence: 1)
[ AFTrajectoryModel ] backbone=sit  vision=True  unet_width(freq_dim)=32  params=26.4M
  ok   af@sit token: state_dict identical to the pre-U9 build (367 tensors)
[ VisualDiTTwoTime ] MultiImageObsEncoder initialized — LATENT_DIM=128, imagenet_norm=True, share_rgb_model=False
[ VisualDiTTwoTime ] vis_pretrained=False  (random init — pre-U9 behaviour)
[ VisualDiTTwoTime ] bone=sit (AFSiTTrajectory)  hidden=160 depth=8 heads=4 patch=1  cond_dim=128 (visual token ON)
[ VisualDiTTwoTime ] vis_cond_mode=adaln  (visual tokens in sequence: 0)
[ AFTrajectoryModel ] backbone=sit  vision=True  unet_width(freq_dim)=32  params=26.4M
  ok   af@sit adaln: num_visual_tokens=0 (want 0), vis_token present=False (want False)
  ok   af@sit adaln: d(out)/d(latent) max = 7.0413e-01
[ VisualDiTTwoTime ] MultiImageObsEncoder initialized — LATENT_DIM=128, imagenet_norm=True, share_rgb_model=False
[ VisualDiTTwoTime ] vis_pretrained=False  (random init — pre-U9 behaviour)
[ VisualDiTTwoTime ] bone=sit (AFSiTTrajectory)  hidden=160 depth=8 heads=4 patch=1  cond_dim=128 (visual token ON)
[ VisualDiTTwoTime ] vis_cond_mode=both  (visual tokens in sequence: 1)
[ AFTrajectoryModel ] backbone=sit  vision=True  unet_width(freq_dim)=32  params=26.4M
  ok   af@sit both: num_visual_tokens=1 (want 1), vis_token present=True (want True)
  ok   af@sit both: d(out)/d(latent) max = 5.9434e-01

  G-B9 PASS

=== G-B11: pretrained weights actually loaded ===
  ok   pretrained=True is seed-independent (120 tensors) -> weights came from a file, not the RNG
  ok   pretrained=False IS seed-dependent -> the control is meaningful (a passing test above is not vacuous)
  ok   pretrained and random trunks differ (max |dw| = 1.2718e+01)

  G-B11 PASS

=== G0: copy fidelity ===
  ok   mix_visual_aligning/models/helpers.py
  ok   mix_visual_aligning/models/unet1d_temporal_cond.py
  ok   mix_visual_aligning/models/unet1d_temporal_film.py
  ok   mix_visual_aligning/models/visual_unet.py
  ok   mix_visual_aligning/models/fm_diffusion.py
  ok   mix_visual_aligning/sampling/projection.py
  ok   mix_visual_aligning/datasets/sequence.py
  ok   mix_visual_aligning/datasets/normalization.py
  ok   mix_visual_aligning/utils/arrays.py
  ok   mix_visual_aligning/utils/serialization.py
  ok   mix_visual_aligning/utils/setup.py
  ok   mix_visual_aligning/utils/config.py
  ok   mix_visual_aligning/models/diffusion.py
  ok   mix_visual_aligning/models/visual_gaussian_diffusion.py
  ok   mix_visual_aligning/models/mf_diffusion.py
  ok   mix_visual_aligning/models/mlp.py
  ok   mix_visual_aligning/models/af_diffusion.py

  grafted, additive-only (U8 bones, 6 files):
    ok   mix_visual_aligning/models/mf_dit_trajectory.py  <- Gen3v6 + U8 cond_dim visual PREFIX TOKEN (RoPE bone)  (+46 lines, -4)
    ok   mix_visual_aligning/models/mf_dit_official_trajectory.py  <- Gen3v6 + U8 cond_dim visual token prepended before pos_embed (adaLN bone)  (+92 lines, -3)
    ok   mix_visual_aligning/models/af_dit_trajectory.py  <- Gen3v7 + U8 cond_dim visual PREFIX TOKEN (RoPE bone, same graft as mf)  (+46 lines, -4)
    ok   mix_visual_aligning/models/af_sit_trajectory.py  <- Gen3v7 + U8 cond_dim visual token; pos_embed stays frozen sincos (SiT fidelity)  (+86 lines, -3)
    ok   mix_visual_aligning/utils/training.py  <- Gen7 + Fix_10 save_freq knob and atomic checkpoint writes  (+39 lines, -3)
    ok   mix_visual_aligning/utils/training_twotime.py  <- Gen3v7 + Fix_10 save_freq knob and atomic checkpoint writes  (+84 lines, -3)

  grafted (diff expected, 5 files):
    ok   mix_visual_aligning/models/unet1d_twotime_cond.py  <- Gen3v6 Flow_matcher_U_Net_v2 + Gen7 cond_mlp block (2 additive hunks)
    ok   mix_visual_aligning/models/mf_trajectory_model.py  <- Gen3v6 + if_vision/vis_config visual branch
    ok   mix_visual_aligning/models/af_trajectory_model.py  <- Gen3v7 + if_vision/vis_config visual branch (same graft, copied)
    ok   mix_visual_aligning/models/mf_engine.py  <- Gen3v6 + if_vision/vis_config passthrough
    ok   mix_visual_aligning/models/af_engine.py  <- Gen3v7 + if_vision/vis_config passthrough
  new (6 files):
    ok   mix_visual_aligning/models/engine_registry.py
    ok   mix_visual_aligning/models/visual_unet_twotime.py
    ok   mix_visual_aligning/models/unet1d_twotime_film.py
    ok   mix_visual_aligning/models/visual_mf_diffusion.py
    ok   mix_visual_aligning/models/visual_af_diffusion.py
    ok   mix_visual_aligning/models/__init__.py

  G0 PASS — 17 verbatim files match their sources.

=== G1: reference-arm wiring ===
  ok   diffusion: Diffusion / DDPM (Gen6V4)
  ok   fm: Flow Matching ODE (Gen7)
  ok   mf: MeanFlow (Gen3v6)
  ok   af: alpha-Flow (Gen3v7)
  G1 PASS

=== G2: JVP survives the visual path ===
[ VisualUNetTwoTime ] MultiImageObsEncoder initialized — LATENT_DIM=128, imagenet_norm=True, share_rgb_model=False
[ VisualUNetTwoTime ] vis_pretrained=False  (random init — pre-U9 behaviour)
[ MFTrajectoryModel ] backbone=unet  vision=True  unet_width(freq_dim)=32  params=26.4M
  loss=1.999843 finite=True  raw_mse_u=127.019592  peak=280 MiB
  G2 PASS
  NOTE: compare peak against the fm arm by hand; >1.3x means the pre-encoded latent (PLAN §6.1) is NOT live and the ResNets are inside the JVP.

=== G3: MeanFlow identity at h=0 ===
[ VisualUNetTwoTime ] MultiImageObsEncoder initialized — LATENT_DIM=128, imagenet_norm=True, share_rgb_model=False
[ VisualUNetTwoTime ] vis_pretrained=False  (random init — pre-U9 behaviour)
[ MFTrajectoryModel ] backbone=unet  vision=True  unet_width(freq_dim)=32  params=26.4M
  h_mean=0.000e+00 (want 0)   fm_frac=1.000 (want 1.0)
  G3 PASS

=== G4: alpha spans the real budget ===
  step       0 -> alpha 1.0000
  step   25000 -> alpha 1.0000
  step   50000 -> alpha 0.5000
  step   75000 -> alpha 0.0000
  step  100000 -> alpha 0.0000
  G4 PASS

=== G5: alpha->0 limit is MeanFlow ===
[ VisualUNetTwoTime ] MultiImageObsEncoder initialized — LATENT_DIM=128, imagenet_norm=True, share_rgb_model=False
[ VisualUNetTwoTime ] vis_pretrained=False  (random init — pre-U9 behaviour)
[ AFTrajectoryModel ] backbone=unet  vision=True  unet_width(freq_dim)=32  params=26.4M
  alpha=0.000000 (want 0)   discrete_frac=0.000000 (want 0 -> JVP branch only)
  G5 PASS

=== G6: projector fires at K=1 (RUNTIME) ===
  threshold = 0.5 (from config/visual_aligning_eval.yaml — the deployed value)
  building state-only (if_vision=False) models on cpu: no vision encoder needed

[ MFTrajectoryModel ] backbone=unet  vision=False  unet_width(freq_dim)=32  params=4.0M
  ok   mf: project() called 1x at K=1
[ AFTrajectoryModel ] backbone=unet  vision=False  unet_width(freq_dim)=32  params=4.0M
  ok   af: project() called 1x at K=1
  ok   fm: project() called 1x at K=1 (upstream Gen7 appears to have been fixed — update this gate)

  G6 PASS (runtime)
  End-to-end confirmation (optional): run eval with --engine mf and flow_steps_v3=1 and check projection_costs[0] is populated and non-trivial.

=== G7: film_mode=v2 on all four arms ===
[ VisualUNet ] MultiImageObsEncoder initialized — LATENT_DIM=128, imagenet_norm=True, share_rgb_model=False
[ VisualUNet ] film_mode=v2 — TRUE FiLM backbone (per-block γ scale + β shift) ACTIVE
  ok   diffusion: 16 FiLM heads, time-only embed (32), h_mlp=n/a
[ VisualUNet ] MultiImageObsEncoder initialized — LATENT_DIM=128, imagenet_norm=True, share_rgb_model=False
[ VisualUNet ] film_mode=v2 — TRUE FiLM backbone (per-block γ scale + β shift) ACTIVE
  ok   fm: 16 FiLM heads, time-only embed (32), h_mlp=n/a
[ VisualUNetTwoTime ] MultiImageObsEncoder initialized — LATENT_DIM=128, imagenet_norm=True, share_rgb_model=False
[ VisualUNetTwoTime ] vis_pretrained=False  (random init — pre-U9 behaviour)
[ VisualUNetTwoTime ] film_mode=v2 — TRUE FiLM backbone (per-block γ scale + β shift) ACTIVE, h_mlp retained
[ MFTrajectoryModel ] backbone=unet  vision=True  unet_width(freq_dim)=32  params=26.5M
  ok   mf: 16 FiLM heads, time-only embed (32), h_mlp=yes
[ VisualUNetTwoTime ] MultiImageObsEncoder initialized — LATENT_DIM=128, imagenet_norm=True, share_rgb_model=False
[ VisualUNetTwoTime ] vis_pretrained=False  (random init — pre-U9 behaviour)
[ VisualUNetTwoTime ] film_mode=v2 — TRUE FiLM backbone (per-block γ scale + β shift) ACTIVE, h_mlp retained
[ AFTrajectoryModel ] backbone=unet  vision=True  unet_width(freq_dim)=32  params=26.5M
  ok   af: 16 FiLM heads, time-only embed (32), h_mlp=yes
[ VisualUNetTwoTime ] MultiImageObsEncoder initialized — LATENT_DIM=128, imagenet_norm=True, share_rgb_model=False
[ VisualUNetTwoTime ] vis_pretrained=False  (random init — pre-U9 behaviour)
[ VisualUNetTwoTime ] film_mode=v2 — TRUE FiLM backbone (per-block γ scale + β shift) ACTIVE, h_mlp retained
[ MFTrajectoryModel ] backbone=unet  vision=True  unet_width(freq_dim)=32  params=26.5M
  mf@v2 JVP: loss=1.999869 finite=True  raw_mse_u=153.487350

  G7 PASS
  NOTE: v1 and v2 state_dicts are NOT interchangeable (embed_dim differs and film_proj is new). film_mode is a path key, so they land in parallel dirs — but a v2 config pointed at a v1 checkpoint still dies in load_state_dict.

============================================================
  GB1: PASS
  GB6: PASS
  GB7: FAIL
  GB2: PASS
  GB3: PASS
  GB45: PASS
  GB8: PASS
  GB9: PASS
  GB11: PASS
  G0: PASS
  G1: PASS
  G2: PASS
  G3: PASS
  G4: PASS
  G5: PASS
  G6: PASS
  G7: PASS
============================================================
