/bin/bash: /u/home/llim/miniconda3/lib/libtinfo.so.6: no version information available (required by /bin/bash)
================================================================================
PIPELINE START: Tue Aug 25 09:14:20 UTC 2026
JOB ID:    25045
================================================================================
[ pipeline ] U9: vis_pretrained=1 vis_lr_scale=0.1 vis_cond_mode=adaln
[ pipeline ]     🔴 PATH KEYS -- this run lands in its own tree, carried to BOTH stages.
[ pipeline ] ml_bone = mf_dit — VisualDiTTwoTime (visual latent as ONE PREPENDED
[ pipeline ]           TOKEN). RETRAIN into a separate '..._Bmf_dit_Emf' tree;
[ pipeline ]           U-Net runs are untouched (their path has no _B fragment).
[ pipeline ]           film_mode is N/A on this bone and absent from the path.
[ pipeline ]           🔴 Run `gates_mix_visual.sh bone` before trusting a DiT run.
[ pipeline ] film_mode = v1 (default, additive-bias FiLM)
Launching Visual-Mix-ML (Gen14) Pipeline — engine=mf seeds='6' bone=mf_dit film=v1 ...
Step 1: Gates submitted. Job ID: 25046
  seed 6: train scheduled (afterok:25046). Job ID: 25047
  seed 6: eval  scheduled (afterok:25047). Job ID: 25048
--------------------------------------------------------------------------------
Visual-Mix-ML (Gen14) Pipeline submitted — engine=mf seeds='6'.
Use 'squeue -u llim' to monitor progress.
A failed stage cancels its OWN downstream stage; other seeds are unaffected.
================================================================================
================================================================================
PIPELINE END:   Tue Aug 25 09:14:20 UTC 2026
================================================================================
