/bin/bash: /u/home/llim/miniconda3/lib/libtinfo.so.6: no version information available (required by /bin/bash)
================================================================================
JOB START: Wed Sep 23 15:01:17 UTC 2026   NAME: live_p23_pillars   ID: 26154   NODE: i6-gpu-1
GIT REV:   0df6df71
NVIDIA RTX A5000, 24564 MiB
NVIDIA RTX A5000, 24564 MiB
NVIDIA RTX A5000, 24564 MiB
NVIDIA RTX A5000, 24564 MiB
NVIDIA RTX A5000, 24564 MiB
NVIDIA RTX A5000, 24564 MiB
NVIDIA RTX A5000, 24564 MiB
NVIDIA RTX A5000, 24564 MiB
================================================================================
wrote /data/home/llim/FMPCC/FM-PCC/d3il/environments/d3il/models/mj/robot/quadrotor/scenes/scene_avoiding_pillars_s36.xml
scale 36  altitude 1 m  origin_a (0.5, 0.035)
field X [-12.06, 13.14]  Y [-10.80, 10.80]  start (-11.34, -0.90)  finish X = 11.34
  l1_obs         a=(0.500,-0.100) r=0.030  ->  w=(-4.86,-0.00) r=1.080
  l2_top_obs     a=(0.425,0.080) r=0.025  ->  w=(+1.62,+2.70) r=0.900
  l2_bottom_obs  a=(0.575,0.080) r=0.025  ->  w=(+1.62,-2.70) r=0.900
  l3_top_obs     a=(0.350,0.260) r=0.025  ->  w=(+8.10,+5.40) r=0.900
  l3_mid_obs     a=(0.500,0.260) r=0.025  ->  w=(+8.10,-0.00) r=0.900
  l3_bottom_obs  a=(0.650,0.260) r=0.025  ->  w=(+8.10,-5.40) r=0.900
[ R39 ] engine=af K=[2] seeds=[6 7 8 9 10] tag=p23uavpv2live plant=uav scale=36 hz=1 ff=0 vmax=1.0 replay=clock
--------------------------------------------------------------------------------
[ R39 ] CI-MeanFM K=2 bone=unet alpha_end=0.2 epoch=latest cfg=config/alphaflow_projection_eval_u18_live.yaml seeds=[6 7 8 9 10] n_trials=2
pybullet build time: Nov 28 2023 23:45:17
[ config->pkl ] INFO  flow_steps_v3: train=10 -> eval=2  (sampling knob; applied)

[INFO] Instantiating Diffusion Model from:
       -> /u/home/llim/FMPCC/FM-PCC/flow_matcher_v3_alphaflow/models/af_diffusion.py

[ eval ] config: config/alphaflow_projection_eval_u18_live.yaml
[ eval ] resolved  cfg=config/alphaflow_projection_eval_u18_live.yaml  dpcc_threshold=0.5  hf_act_threshold=0.5  hf_batch=4  hf_candidate_cost=prox
[ eval ] mpc fan: arms A/B=4, arm C=4
[ eval ] AF_SEEDS override: seeds from env = [6, 7, 8, 9, 10] (yaml said [6])
[ config/avoiding-d3il ] custom_msg="p23uavpv2live" -> results dirs end in "_msgp23uavpv2live"
[ eval ] Overriding flow_steps_v3 / flow_steps (K) from config to: 2
[ eval ] AF_NTRIALS override: n_trials from env = 2 (yaml said 2)
[ utils/setup ] Made savepath: logs/avoiding-d3il/plans/flow_matching_v3_alphaflow/H8_Dflow_matcher_v3_alphaflow.models.AlphaFlowODE_aw10_bbunet_tslogit_normal_ai1.0_ae0.2_ag25.0_rf0.5/H8_K2_Meuler_T0.5_A0.5_B4_Dflow_matcher_v3_alphaflow.models.AlphaFlowODE_msgp23uavpv2live/6

[ eval loading ] Intercepting load from logs/avoiding-d3il/flow_matching_v3_alphaflow/H8_Dflow_matcher_v3_alphaflow.models.AlphaFlowODE_aw10_bbunet_tslogit_normal_ai1.0_ae0.2_ag25.0_rf0.5/6

[ datasets/buffer ] Fields:
    observations: (96, 150, 4)
    actions: (96, 150, 2)
    rewards: (96, 150, 1)
    terminals: (96, 150, 1)
    normed_observations: (96, 150, 4)
    normed_actions: (96, 150, 2)
[ AFTrajectoryModel ] backbone=unet  unet_width(freq_dim)=32  params=4.0M
[ utils/training ] Restored optimizer + LR schedule (lr=4.868e-05)
[ utils/training ] Restored loss history from checkpoint at step 80000
[ eval ] weight source: EMA (official)
[ eval ] matched K (flow_steps) = 2 for every arm (savepath: logs/avoiding-d3il/plans/flow_matching_v3_alphaflow/H8_Dflow_matcher_v3_alphaflow.models.AlphaFlowODE_aw10_bbunet_tslogit_normal_ai1.0_ae0.2_ag25.0_rf0.5/H8_K2_Meuler_T0.5_A0.5_B4_Dflow_matcher_v3_alphaflow.models.AlphaFlowODE_msgp23uavpv2live/6)
[ provenance ] wrote logs/avoiding-d3il/plans/flow_matching_v3_alphaflow/H8_Dflow_matcher_v3_alphaflow.models.AlphaFlowODE_aw10_bbunet_tslogit_normal_ai1.0_ae0.2_ag25.0_rf0.5/H8_K2_Meuler_T0.5_A0.5_B4_Dflow_matcher_v3_alphaflow.models.AlphaFlowODE_msgp23uavpv2live/6/run_provenance.json
[ uav-plant ] scene=scene_avoiding_pillars_s36.xml scale=36 alt=1 control 1 Hz -> 100 physics steps of 0.01 s per setpoint (period 1.000 s), replay=clock, feedforward=False, v_max=1 m/s, gain=pid_default, contact terminates=True
------------------------Running avoiding-d3il - top-right-hard - diffuser (6) - K=2----------------------------
Success rate: 1.0
Constraints satisfied: 0.0
Success rate (goal and constraints): 0.0
Avg number of steps: 66.50 +- 8.50
Avg number of constraint violations: 21.50 +- 11.50
Avg total violation: 5.369 +- 5.211
Average computation time per step: 0.020
Tracking error: 0.032
------------------------Running avoiding-d3il - top-right-hard - dpcc-t-tightened (6) - K=2----------------------------
Success rate: 0.5
Constraints satisfied: 0.5
Success rate (goal and constraints): 0.5
Avg number of steps: 62.00 +- 0.00
Avg number of constraint violations: 0.00 +- 0.00
Avg total violation: 0.000 +- 0.000
Average computation time per step: 0.027
[ config->pkl ] INFO  flow_steps_v3: train=10 -> eval=2  (sampling knob; applied)

[INFO] Instantiating Diffusion Model from:
       -> /u/home/llim/FMPCC/FM-PCC/flow_matcher_v3_alphaflow/models/af_diffusion.py

[ uav-plant ] sidecar -> /u/home/llim/FMPCC/FM-PCC/logs/UAV_MIX/uav-pillars/plans/avoiding_bridge/_live/p23uavpv2live/af_K2/uav_plant_records_p23uavpv2live_20260923_150121_p2885514_01.json
[ utils/setup ] Made savepath: logs/avoiding-d3il/plans/flow_matching_v3_alphaflow/H8_Dflow_matcher_v3_alphaflow.models.AlphaFlowODE_aw10_bbunet_tslogit_normal_ai1.0_ae0.2_ag25.0_rf0.5/H8_K2_Meuler_T0.5_A0.5_B4_Dflow_matcher_v3_alphaflow.models.AlphaFlowODE_msgp23uavpv2live/7

[ eval loading ] Intercepting load from logs/avoiding-d3il/flow_matching_v3_alphaflow/H8_Dflow_matcher_v3_alphaflow.models.AlphaFlowODE_aw10_bbunet_tslogit_normal_ai1.0_ae0.2_ag25.0_rf0.5/7

[ datasets/buffer ] Fields:
    observations: (96, 150, 4)
    actions: (96, 150, 2)
    rewards: (96, 150, 1)
    terminals: (96, 150, 1)
    normed_observations: (96, 150, 4)
    normed_actions: (96, 150, 2)
[ AFTrajectoryModel ] backbone=unet  unet_width(freq_dim)=32  params=4.0M
[ utils/training ] Restored optimizer + LR schedule (lr=4.868e-05)
[ utils/training ] Restored loss history from checkpoint at step 80000
[ eval ] weight source: EMA (official)
[ eval ] matched K (flow_steps) = 2 for every arm (savepath: logs/avoiding-d3il/plans/flow_matching_v3_alphaflow/H8_Dflow_matcher_v3_alphaflow.models.AlphaFlowODE_aw10_bbunet_tslogit_normal_ai1.0_ae0.2_ag25.0_rf0.5/H8_K2_Meuler_T0.5_A0.5_B4_Dflow_matcher_v3_alphaflow.models.AlphaFlowODE_msgp23uavpv2live/7)
[ provenance ] wrote logs/avoiding-d3il/plans/flow_matching_v3_alphaflow/H8_Dflow_matcher_v3_alphaflow.models.AlphaFlowODE_aw10_bbunet_tslogit_normal_ai1.0_ae0.2_ag25.0_rf0.5/H8_K2_Meuler_T0.5_A0.5_B4_Dflow_matcher_v3_alphaflow.models.AlphaFlowODE_msgp23uavpv2live/7/run_provenance.json
[ uav-plant ] scene=scene_avoiding_pillars_s36.xml scale=36 alt=1 control 1 Hz -> 100 physics steps of 0.01 s per setpoint (period 1.000 s), replay=clock, feedforward=False, v_max=1 m/s, gain=pid_default, contact terminates=True
------------------------Running avoiding-d3il - top-right-hard - diffuser (7) - K=2----------------------------
Success rate: 0.5
Constraints satisfied: 0.0
Success rate (goal and constraints): 0.0
Avg number of steps: 58.00 +- 0.00
Avg number of constraint violations: 23.00 +- 11.00
Avg total violation: 5.439 +- 5.179
Average computation time per step: 0.019
Tracking error: 0.038
------------------------Running avoiding-d3il - top-right-hard - dpcc-t-tightened (7) - K=2----------------------------
Success rate: 1.0
Constraints satisfied: 1.0
Success rate (goal and constraints): 1.0
Avg number of steps: 59.50 +- 2.50
Avg number of constraint violations: 0.00 +- 0.00
Avg total violation: 0.000 +- 0.000
Average computation time per step: 0.026
[ config->pkl ] INFO  flow_steps_v3: train=10 -> eval=2  (sampling knob; applied)

[INFO] Instantiating Diffusion Model from:
       -> /u/home/llim/FMPCC/FM-PCC/flow_matcher_v3_alphaflow/models/af_diffusion.py

[ uav-plant ] sidecar -> /u/home/llim/FMPCC/FM-PCC/logs/UAV_MIX/uav-pillars/plans/avoiding_bridge/_live/p23uavpv2live/af_K2/uav_plant_records_p23uavpv2live_20260923_150121_p2885514_02.json
[ utils/setup ] Made savepath: logs/avoiding-d3il/plans/flow_matching_v3_alphaflow/H8_Dflow_matcher_v3_alphaflow.models.AlphaFlowODE_aw10_bbunet_tslogit_normal_ai1.0_ae0.2_ag25.0_rf0.5/H8_K2_Meuler_T0.5_A0.5_B4_Dflow_matcher_v3_alphaflow.models.AlphaFlowODE_msgp23uavpv2live/8

[ eval loading ] Intercepting load from logs/avoiding-d3il/flow_matching_v3_alphaflow/H8_Dflow_matcher_v3_alphaflow.models.AlphaFlowODE_aw10_bbunet_tslogit_normal_ai1.0_ae0.2_ag25.0_rf0.5/8

[ datasets/buffer ] Fields:
    observations: (96, 150, 4)
    actions: (96, 150, 2)
    rewards: (96, 150, 1)
    terminals: (96, 150, 1)
    normed_observations: (96, 150, 4)
    normed_actions: (96, 150, 2)
[ AFTrajectoryModel ] backbone=unet  unet_width(freq_dim)=32  params=4.0M
[ utils/training ] Restored optimizer + LR schedule (lr=4.868e-05)
[ utils/training ] Restored loss history from checkpoint at step 80000
[ eval ] weight source: EMA (official)
[ eval ] matched K (flow_steps) = 2 for every arm (savepath: logs/avoiding-d3il/plans/flow_matching_v3_alphaflow/H8_Dflow_matcher_v3_alphaflow.models.AlphaFlowODE_aw10_bbunet_tslogit_normal_ai1.0_ae0.2_ag25.0_rf0.5/H8_K2_Meuler_T0.5_A0.5_B4_Dflow_matcher_v3_alphaflow.models.AlphaFlowODE_msgp23uavpv2live/8)
[ provenance ] wrote logs/avoiding-d3il/plans/flow_matching_v3_alphaflow/H8_Dflow_matcher_v3_alphaflow.models.AlphaFlowODE_aw10_bbunet_tslogit_normal_ai1.0_ae0.2_ag25.0_rf0.5/H8_K2_Meuler_T0.5_A0.5_B4_Dflow_matcher_v3_alphaflow.models.AlphaFlowODE_msgp23uavpv2live/8/run_provenance.json
[ uav-plant ] scene=scene_avoiding_pillars_s36.xml scale=36 alt=1 control 1 Hz -> 100 physics steps of 0.01 s per setpoint (period 1.000 s), replay=clock, feedforward=False, v_max=1 m/s, gain=pid_default, contact terminates=True
------------------------Running avoiding-d3il - top-right-hard - diffuser (8) - K=2----------------------------
Success rate: 1.0
Constraints satisfied: 0.0
Success rate (goal and constraints): 0.0
Avg number of steps: 67.00 +- 9.00
Avg number of constraint violations: 32.00 +- 1.00
Avg total violation: 10.213 +- 0.436
Average computation time per step: 0.019
Tracking error: 0.025
------------------------Running avoiding-d3il - top-right-hard - dpcc-t-tightened (8) - K=2----------------------------
Success rate: 1.0
Constraints satisfied: 1.0
Success rate (goal and constraints): 1.0
Avg number of steps: 61.00 +- 1.00
Avg number of constraint violations: 0.00 +- 0.00
Avg total violation: 0.000 +- 0.000
Average computation time per step: 0.026
[ config->pkl ] INFO  flow_steps_v3: train=10 -> eval=2  (sampling knob; applied)

[INFO] Instantiating Diffusion Model from:
       -> /u/home/llim/FMPCC/FM-PCC/flow_matcher_v3_alphaflow/models/af_diffusion.py

[ uav-plant ] sidecar -> /u/home/llim/FMPCC/FM-PCC/logs/UAV_MIX/uav-pillars/plans/avoiding_bridge/_live/p23uavpv2live/af_K2/uav_plant_records_p23uavpv2live_20260923_150121_p2885514_03.json
[ utils/setup ] Made savepath: logs/avoiding-d3il/plans/flow_matching_v3_alphaflow/H8_Dflow_matcher_v3_alphaflow.models.AlphaFlowODE_aw10_bbunet_tslogit_normal_ai1.0_ae0.2_ag25.0_rf0.5/H8_K2_Meuler_T0.5_A0.5_B4_Dflow_matcher_v3_alphaflow.models.AlphaFlowODE_msgp23uavpv2live/9

[ eval loading ] Intercepting load from logs/avoiding-d3il/flow_matching_v3_alphaflow/H8_Dflow_matcher_v3_alphaflow.models.AlphaFlowODE_aw10_bbunet_tslogit_normal_ai1.0_ae0.2_ag25.0_rf0.5/9

[ datasets/buffer ] Fields:
    observations: (96, 150, 4)
    actions: (96, 150, 2)
    rewards: (96, 150, 1)
    terminals: (96, 150, 1)
    normed_observations: (96, 150, 4)
    normed_actions: (96, 150, 2)
[ AFTrajectoryModel ] backbone=unet  unet_width(freq_dim)=32  params=4.0M
[ utils/training ] Restored optimizer + LR schedule (lr=4.868e-05)
[ utils/training ] Restored loss history from checkpoint at step 80000
[ eval ] weight source: EMA (official)
[ eval ] matched K (flow_steps) = 2 for every arm (savepath: logs/avoiding-d3il/plans/flow_matching_v3_alphaflow/H8_Dflow_matcher_v3_alphaflow.models.AlphaFlowODE_aw10_bbunet_tslogit_normal_ai1.0_ae0.2_ag25.0_rf0.5/H8_K2_Meuler_T0.5_A0.5_B4_Dflow_matcher_v3_alphaflow.models.AlphaFlowODE_msgp23uavpv2live/9)
[ provenance ] wrote logs/avoiding-d3il/plans/flow_matching_v3_alphaflow/H8_Dflow_matcher_v3_alphaflow.models.AlphaFlowODE_aw10_bbunet_tslogit_normal_ai1.0_ae0.2_ag25.0_rf0.5/H8_K2_Meuler_T0.5_A0.5_B4_Dflow_matcher_v3_alphaflow.models.AlphaFlowODE_msgp23uavpv2live/9/run_provenance.json
[ uav-plant ] scene=scene_avoiding_pillars_s36.xml scale=36 alt=1 control 1 Hz -> 100 physics steps of 0.01 s per setpoint (period 1.000 s), replay=clock, feedforward=False, v_max=1 m/s, gain=pid_default, contact terminates=True
------------------------Running avoiding-d3il - top-right-hard - diffuser (9) - K=2----------------------------
Success rate: 1.0
Constraints satisfied: 0.5
Success rate (goal and constraints): 0.5
Avg number of steps: 60.50 +- 3.50
Avg number of constraint violations: 16.00 +- 16.00
Avg total violation: 5.671 +- 5.657
Average computation time per step: 0.019
Tracking error: 0.034
------------------------Running avoiding-d3il - top-right-hard - dpcc-t-tightened (9) - K=2----------------------------
Success rate: 1.0
Constraints satisfied: 1.0
Success rate (goal and constraints): 1.0
Avg number of steps: 61.00 +- 0.00
Avg number of constraint violations: 0.00 +- 0.00
Avg total violation: 0.000 +- 0.000
Average computation time per step: 0.026
[ config->pkl ] INFO  flow_steps_v3: train=10 -> eval=2  (sampling knob; applied)

[INFO] Instantiating Diffusion Model from:
       -> /u/home/llim/FMPCC/FM-PCC/flow_matcher_v3_alphaflow/models/af_diffusion.py

[ uav-plant ] sidecar -> /u/home/llim/FMPCC/FM-PCC/logs/UAV_MIX/uav-pillars/plans/avoiding_bridge/_live/p23uavpv2live/af_K2/uav_plant_records_p23uavpv2live_20260923_150121_p2885514_04.json
[ utils/setup ] Made savepath: logs/avoiding-d3il/plans/flow_matching_v3_alphaflow/H8_Dflow_matcher_v3_alphaflow.models.AlphaFlowODE_aw10_bbunet_tslogit_normal_ai1.0_ae0.2_ag25.0_rf0.5/H8_K2_Meuler_T0.5_A0.5_B4_Dflow_matcher_v3_alphaflow.models.AlphaFlowODE_msgp23uavpv2live/10

[ eval loading ] Intercepting load from logs/avoiding-d3il/flow_matching_v3_alphaflow/H8_Dflow_matcher_v3_alphaflow.models.AlphaFlowODE_aw10_bbunet_tslogit_normal_ai1.0_ae0.2_ag25.0_rf0.5/10

[ datasets/buffer ] Fields:
    observations: (96, 150, 4)
    actions: (96, 150, 2)
    rewards: (96, 150, 1)
    terminals: (96, 150, 1)
    normed_observations: (96, 150, 4)
    normed_actions: (96, 150, 2)
[ AFTrajectoryModel ] backbone=unet  unet_width(freq_dim)=32  params=4.0M
[ utils/training ] Restored optimizer + LR schedule (lr=4.868e-05)
[ utils/training ] Restored loss history from checkpoint at step 80000
[ eval ] weight source: EMA (official)
[ eval ] matched K (flow_steps) = 2 for every arm (savepath: logs/avoiding-d3il/plans/flow_matching_v3_alphaflow/H8_Dflow_matcher_v3_alphaflow.models.AlphaFlowODE_aw10_bbunet_tslogit_normal_ai1.0_ae0.2_ag25.0_rf0.5/H8_K2_Meuler_T0.5_A0.5_B4_Dflow_matcher_v3_alphaflow.models.AlphaFlowODE_msgp23uavpv2live/10)
[ provenance ] wrote logs/avoiding-d3il/plans/flow_matching_v3_alphaflow/H8_Dflow_matcher_v3_alphaflow.models.AlphaFlowODE_aw10_bbunet_tslogit_normal_ai1.0_ae0.2_ag25.0_rf0.5/H8_K2_Meuler_T0.5_A0.5_B4_Dflow_matcher_v3_alphaflow.models.AlphaFlowODE_msgp23uavpv2live/10/run_provenance.json
[ uav-plant ] scene=scene_avoiding_pillars_s36.xml scale=36 alt=1 control 1 Hz -> 100 physics steps of 0.01 s per setpoint (period 1.000 s), replay=clock, feedforward=False, v_max=1 m/s, gain=pid_default, contact terminates=True
------------------------Running avoiding-d3il - top-right-hard - diffuser (10) - K=2----------------------------
Success rate: 1.0
Constraints satisfied: 0.0
Success rate (goal and constraints): 0.0
Avg number of steps: 59.50 +- 1.50
Avg number of constraint violations: 18.50 +- 14.50
Avg total violation: 5.261 +- 5.244
Average computation time per step: 0.019
Tracking error: 0.027
------------------------Running avoiding-d3il - top-right-hard - dpcc-t-tightened (10) - K=2----------------------------
Success rate: 1.0
Constraints satisfied: 1.0
Success rate (goal and constraints): 1.0
Avg number of steps: 62.00 +- 3.00
Avg number of constraint violations: 0.00 +- 0.00
Avg total violation: 0.000 +- 0.000
Average computation time per step: 0.026
[ config->pkl ] INFO  flow_steps_v3: train=10 -> eval=2  (sampling knob; applied)

[INFO] Instantiating Diffusion Model from:
       -> /u/home/llim/FMPCC/FM-PCC/flow_matcher_v3_alphaflow/models/af_diffusion.py

[ uav-plant ] sidecar -> /u/home/llim/FMPCC/FM-PCC/logs/UAV_MIX/uav-pillars/plans/avoiding_bridge/_live/p23uavpv2live/af_K2/uav_plant_records_p23uavpv2live_20260923_150121_p2885514_05.json

[ eval loading ] Intercepting load from logs/avoiding-d3il/flow_matching_v3_alphaflow/H8_Dflow_matcher_v3_alphaflow.models.AlphaFlowODE_aw10_bbunet_tslogit_normal_ai1.0_ae0.2_ag25.0_rf0.5/6

[ datasets/buffer ] Fields:
    observations: (96, 150, 4)
    actions: (96, 150, 2)
    rewards: (96, 150, 1)
    terminals: (96, 150, 1)
    normed_observations: (96, 150, 4)
    normed_actions: (96, 150, 2)
[ AFTrajectoryModel ] backbone=unet  unet_width(freq_dim)=32  params=4.0M
[ utils/training ] Restored optimizer + LR schedule (lr=4.868e-05)
[ utils/training ] Restored loss history from checkpoint at step 80000
[ eval ] weight source: EMA (official)
[ eval ] matched K (flow_steps) = 2 for every arm (savepath: logs/avoiding-d3il/plans/flow_matching_v3_alphaflow/H8_Dflow_matcher_v3_alphaflow.models.AlphaFlowODE_aw10_bbunet_tslogit_normal_ai1.0_ae0.2_ag25.0_rf0.5/H8_K2_Meuler_T0.5_A0.5_B4_Dflow_matcher_v3_alphaflow.models.AlphaFlowODE_msgp23uavpv2live/6)
[ provenance ] unchanged, kept logs/avoiding-d3il/plans/flow_matching_v3_alphaflow/H8_Dflow_matcher_v3_alphaflow.models.AlphaFlowODE_aw10_bbunet_tslogit_normal_ai1.0_ae0.2_ag25.0_rf0.5/H8_K2_Meuler_T0.5_A0.5_B4_Dflow_matcher_v3_alphaflow.models.AlphaFlowODE_msgp23uavpv2live/6/run_provenance.json
[ uav-plant ] scene=scene_avoiding_pillars_s36.xml scale=36 alt=1 control 1 Hz -> 100 physics steps of 0.01 s per setpoint (period 1.000 s), replay=clock, feedforward=False, v_max=1 m/s, gain=pid_default, contact terminates=True
------------------------Running avoiding-d3il - top-left-hard - diffuser (6) - K=2----------------------------
Success rate: 1.0
Constraints satisfied: 0.0
Success rate (goal and constraints): 0.0
Avg number of steps: 66.50 +- 8.50
Avg number of constraint violations: 25.00 +- 13.00
Avg total violation: 5.495 +- 5.226
Average computation time per step: 0.019
Tracking error: 0.032
------------------------Running avoiding-d3il - top-left-hard - dpcc-t-tightened (6) - K=2----------------------------
Success rate: 1.0
Constraints satisfied: 1.0
Success rate (goal and constraints): 1.0
Avg number of steps: 60.00 +- 3.00
Avg number of constraint violations: 0.00 +- 0.00
Avg total violation: 0.000 +- 0.000
Average computation time per step: 0.027
[ config->pkl ] INFO  flow_steps_v3: train=10 -> eval=2  (sampling knob; applied)

[INFO] Instantiating Diffusion Model from:
       -> /u/home/llim/FMPCC/FM-PCC/flow_matcher_v3_alphaflow/models/af_diffusion.py

[ uav-plant ] sidecar -> /u/home/llim/FMPCC/FM-PCC/logs/UAV_MIX/uav-pillars/plans/avoiding_bridge/_live/p23uavpv2live/af_K2/uav_plant_records_p23uavpv2live_20260923_150121_p2885514_06.json

[ eval loading ] Intercepting load from logs/avoiding-d3il/flow_matching_v3_alphaflow/H8_Dflow_matcher_v3_alphaflow.models.AlphaFlowODE_aw10_bbunet_tslogit_normal_ai1.0_ae0.2_ag25.0_rf0.5/7

[ datasets/buffer ] Fields:
    observations: (96, 150, 4)
    actions: (96, 150, 2)
    rewards: (96, 150, 1)
    terminals: (96, 150, 1)
    normed_observations: (96, 150, 4)
    normed_actions: (96, 150, 2)
[ AFTrajectoryModel ] backbone=unet  unet_width(freq_dim)=32  params=4.0M
[ utils/training ] Restored optimizer + LR schedule (lr=4.868e-05)
[ utils/training ] Restored loss history from checkpoint at step 80000
[ eval ] weight source: EMA (official)
[ eval ] matched K (flow_steps) = 2 for every arm (savepath: logs/avoiding-d3il/plans/flow_matching_v3_alphaflow/H8_Dflow_matcher_v3_alphaflow.models.AlphaFlowODE_aw10_bbunet_tslogit_normal_ai1.0_ae0.2_ag25.0_rf0.5/H8_K2_Meuler_T0.5_A0.5_B4_Dflow_matcher_v3_alphaflow.models.AlphaFlowODE_msgp23uavpv2live/7)
[ provenance ] unchanged, kept logs/avoiding-d3il/plans/flow_matching_v3_alphaflow/H8_Dflow_matcher_v3_alphaflow.models.AlphaFlowODE_aw10_bbunet_tslogit_normal_ai1.0_ae0.2_ag25.0_rf0.5/H8_K2_Meuler_T0.5_A0.5_B4_Dflow_matcher_v3_alphaflow.models.AlphaFlowODE_msgp23uavpv2live/7/run_provenance.json
[ uav-plant ] scene=scene_avoiding_pillars_s36.xml scale=36 alt=1 control 1 Hz -> 100 physics steps of 0.01 s per setpoint (period 1.000 s), replay=clock, feedforward=False, v_max=1 m/s, gain=pid_default, contact terminates=True
------------------------Running avoiding-d3il - top-left-hard - diffuser (7) - K=2----------------------------
Success rate: 0.5
Constraints satisfied: 0.0
Success rate (goal and constraints): 0.0
Avg number of steps: 58.00 +- 0.00
Avg number of constraint violations: 19.50 +- 7.50
Avg total violation: 2.398 +- 2.187
Average computation time per step: 0.019
Tracking error: 0.038
------------------------Running avoiding-d3il - top-left-hard - dpcc-t-tightened (7) - K=2----------------------------
Success rate: 1.0
Constraints satisfied: 1.0
Success rate (goal and constraints): 1.0
Avg number of steps: 61.00 +- 4.00
Avg number of constraint violations: 0.00 +- 0.00
Avg total violation: 0.000 +- 0.000
Average computation time per step: 0.028
[ config->pkl ] INFO  flow_steps_v3: train=10 -> eval=2  (sampling knob; applied)

[INFO] Instantiating Diffusion Model from:
       -> /u/home/llim/FMPCC/FM-PCC/flow_matcher_v3_alphaflow/models/af_diffusion.py

[ uav-plant ] sidecar -> /u/home/llim/FMPCC/FM-PCC/logs/UAV_MIX/uav-pillars/plans/avoiding_bridge/_live/p23uavpv2live/af_K2/uav_plant_records_p23uavpv2live_20260923_150121_p2885514_07.json

[ eval loading ] Intercepting load from logs/avoiding-d3il/flow_matching_v3_alphaflow/H8_Dflow_matcher_v3_alphaflow.models.AlphaFlowODE_aw10_bbunet_tslogit_normal_ai1.0_ae0.2_ag25.0_rf0.5/8

[ datasets/buffer ] Fields:
    observations: (96, 150, 4)
    actions: (96, 150, 2)
    rewards: (96, 150, 1)
    terminals: (96, 150, 1)
    normed_observations: (96, 150, 4)
    normed_actions: (96, 150, 2)
[ AFTrajectoryModel ] backbone=unet  unet_width(freq_dim)=32  params=4.0M
[ utils/training ] Restored optimizer + LR schedule (lr=4.868e-05)
[ utils/training ] Restored loss history from checkpoint at step 80000
[ eval ] weight source: EMA (official)
[ eval ] matched K (flow_steps) = 2 for every arm (savepath: logs/avoiding-d3il/plans/flow_matching_v3_alphaflow/H8_Dflow_matcher_v3_alphaflow.models.AlphaFlowODE_aw10_bbunet_tslogit_normal_ai1.0_ae0.2_ag25.0_rf0.5/H8_K2_Meuler_T0.5_A0.5_B4_Dflow_matcher_v3_alphaflow.models.AlphaFlowODE_msgp23uavpv2live/8)
[ provenance ] unchanged, kept logs/avoiding-d3il/plans/flow_matching_v3_alphaflow/H8_Dflow_matcher_v3_alphaflow.models.AlphaFlowODE_aw10_bbunet_tslogit_normal_ai1.0_ae0.2_ag25.0_rf0.5/H8_K2_Meuler_T0.5_A0.5_B4_Dflow_matcher_v3_alphaflow.models.AlphaFlowODE_msgp23uavpv2live/8/run_provenance.json
[ uav-plant ] scene=scene_avoiding_pillars_s36.xml scale=36 alt=1 control 1 Hz -> 100 physics steps of 0.01 s per setpoint (period 1.000 s), replay=clock, feedforward=False, v_max=1 m/s, gain=pid_default, contact terminates=True
------------------------Running avoiding-d3il - top-left-hard - diffuser (8) - K=2----------------------------
Success rate: 1.0
Constraints satisfied: 0.0
Success rate (goal and constraints): 0.0
Avg number of steps: 67.00 +- 9.00
Avg number of constraint violations: 12.00 +- 0.00
Avg total violation: 0.363 +- 0.030
Average computation time per step: 0.019
Tracking error: 0.025
------------------------Running avoiding-d3il - top-left-hard - dpcc-t-tightened (8) - K=2----------------------------
Success rate: 0.5
Constraints satisfied: 0.5
Success rate (goal and constraints): 0.5
Avg number of steps: 59.00 +- 0.00
Avg number of constraint violations: 0.00 +- 0.00
Avg total violation: 0.000 +- 0.000
Average computation time per step: 0.028
[ config->pkl ] INFO  flow_steps_v3: train=10 -> eval=2  (sampling knob; applied)

[INFO] Instantiating Diffusion Model from:
       -> /u/home/llim/FMPCC/FM-PCC/flow_matcher_v3_alphaflow/models/af_diffusion.py

[ uav-plant ] sidecar -> /u/home/llim/FMPCC/FM-PCC/logs/UAV_MIX/uav-pillars/plans/avoiding_bridge/_live/p23uavpv2live/af_K2/uav_plant_records_p23uavpv2live_20260923_150121_p2885514_08.json

[ eval loading ] Intercepting load from logs/avoiding-d3il/flow_matching_v3_alphaflow/H8_Dflow_matcher_v3_alphaflow.models.AlphaFlowODE_aw10_bbunet_tslogit_normal_ai1.0_ae0.2_ag25.0_rf0.5/9

[ datasets/buffer ] Fields:
    observations: (96, 150, 4)
    actions: (96, 150, 2)
    rewards: (96, 150, 1)
    terminals: (96, 150, 1)
    normed_observations: (96, 150, 4)
    normed_actions: (96, 150, 2)
[ AFTrajectoryModel ] backbone=unet  unet_width(freq_dim)=32  params=4.0M
[ utils/training ] Restored optimizer + LR schedule (lr=4.868e-05)
[ utils/training ] Restored loss history from checkpoint at step 80000
[ eval ] weight source: EMA (official)
[ eval ] matched K (flow_steps) = 2 for every arm (savepath: logs/avoiding-d3il/plans/flow_matching_v3_alphaflow/H8_Dflow_matcher_v3_alphaflow.models.AlphaFlowODE_aw10_bbunet_tslogit_normal_ai1.0_ae0.2_ag25.0_rf0.5/H8_K2_Meuler_T0.5_A0.5_B4_Dflow_matcher_v3_alphaflow.models.AlphaFlowODE_msgp23uavpv2live/9)
[ provenance ] unchanged, kept logs/avoiding-d3il/plans/flow_matching_v3_alphaflow/H8_Dflow_matcher_v3_alphaflow.models.AlphaFlowODE_aw10_bbunet_tslogit_normal_ai1.0_ae0.2_ag25.0_rf0.5/H8_K2_Meuler_T0.5_A0.5_B4_Dflow_matcher_v3_alphaflow.models.AlphaFlowODE_msgp23uavpv2live/9/run_provenance.json
[ uav-plant ] scene=scene_avoiding_pillars_s36.xml scale=36 alt=1 control 1 Hz -> 100 physics steps of 0.01 s per setpoint (period 1.000 s), replay=clock, feedforward=False, v_max=1 m/s, gain=pid_default, contact terminates=True
------------------------Running avoiding-d3il - top-left-hard - diffuser (9) - K=2----------------------------
Success rate: 1.0
Constraints satisfied: 0.0
Success rate (goal and constraints): 0.0
Avg number of steps: 60.50 +- 3.50
Avg number of constraint violations: 24.00 +- 12.00
Avg total violation: 6.411 +- 6.122
Average computation time per step: 0.019
Tracking error: 0.034
------------------------Running avoiding-d3il - top-left-hard - dpcc-t-tightened (9) - K=2----------------------------
/data/home/llim/FMPCC/FM-PCC/FM_v3_alphaflow_test/eval_flow_matching_v3_alphaflow.py:599: RuntimeWarning: More than 20 figures have been opened. Figures created through the pyplot interface (`matplotlib.pyplot.figure`) are retained until explicitly closed and may consume too much memory. (To control this warning, see the rcParam `figure.max_open_warning`). Consider using `matplotlib.pyplot.close()`.
  fig_all, ax_all = plt.subplots(min(n_trials, plot_how_many), len(projection_variants), figsize=(10 * len(projection_variants), 10 * min(n_trials, plot_how_many)), squeeze=False)
Success rate: 1.0
Constraints satisfied: 1.0
Success rate (goal and constraints): 1.0
Avg number of steps: 61.00 +- 3.00
Avg number of constraint violations: 0.00 +- 0.00
Avg total violation: 0.000 +- 0.000
Average computation time per step: 0.029
[ config->pkl ] INFO  flow_steps_v3: train=10 -> eval=2  (sampling knob; applied)

[INFO] Instantiating Diffusion Model from:
       -> /u/home/llim/FMPCC/FM-PCC/flow_matcher_v3_alphaflow/models/af_diffusion.py

[ uav-plant ] sidecar -> /u/home/llim/FMPCC/FM-PCC/logs/UAV_MIX/uav-pillars/plans/avoiding_bridge/_live/p23uavpv2live/af_K2/uav_plant_records_p23uavpv2live_20260923_150121_p2885514_09.json

[ eval loading ] Intercepting load from logs/avoiding-d3il/flow_matching_v3_alphaflow/H8_Dflow_matcher_v3_alphaflow.models.AlphaFlowODE_aw10_bbunet_tslogit_normal_ai1.0_ae0.2_ag25.0_rf0.5/10

[ datasets/buffer ] Fields:
    observations: (96, 150, 4)
    actions: (96, 150, 2)
    rewards: (96, 150, 1)
    terminals: (96, 150, 1)
    normed_observations: (96, 150, 4)
    normed_actions: (96, 150, 2)
[ AFTrajectoryModel ] backbone=unet  unet_width(freq_dim)=32  params=4.0M
[ utils/training ] Restored optimizer + LR schedule (lr=4.868e-05)
[ utils/training ] Restored loss history from checkpoint at step 80000
[ eval ] weight source: EMA (official)
[ eval ] matched K (flow_steps) = 2 for every arm (savepath: logs/avoiding-d3il/plans/flow_matching_v3_alphaflow/H8_Dflow_matcher_v3_alphaflow.models.AlphaFlowODE_aw10_bbunet_tslogit_normal_ai1.0_ae0.2_ag25.0_rf0.5/H8_K2_Meuler_T0.5_A0.5_B4_Dflow_matcher_v3_alphaflow.models.AlphaFlowODE_msgp23uavpv2live/10)
[ provenance ] unchanged, kept logs/avoiding-d3il/plans/flow_matching_v3_alphaflow/H8_Dflow_matcher_v3_alphaflow.models.AlphaFlowODE_aw10_bbunet_tslogit_normal_ai1.0_ae0.2_ag25.0_rf0.5/H8_K2_Meuler_T0.5_A0.5_B4_Dflow_matcher_v3_alphaflow.models.AlphaFlowODE_msgp23uavpv2live/10/run_provenance.json
[ uav-plant ] scene=scene_avoiding_pillars_s36.xml scale=36 alt=1 control 1 Hz -> 100 physics steps of 0.01 s per setpoint (period 1.000 s), replay=clock, feedforward=False, v_max=1 m/s, gain=pid_default, contact terminates=True
------------------------Running avoiding-d3il - top-left-hard - diffuser (10) - K=2----------------------------
/data/home/llim/FMPCC/FM-PCC/FM_v3_alphaflow_test/eval_flow_matching_v3_alphaflow.py:576: RuntimeWarning: More than 20 figures have been opened. Figures created through the pyplot interface (`matplotlib.pyplot.figure`) are retained until explicitly closed and may consume too much memory. (To control this warning, see the rcParam `figure.max_open_warning`). Consider using `matplotlib.pyplot.close()`.
  fig, ax = plt.subplots(min(n_trials, plot_how_many), 6, figsize=(30, 5 * min(n_trials, plot_how_many)), squeeze=False)
Success rate: 1.0
Constraints satisfied: 0.0
Success rate (goal and constraints): 0.0
Avg number of steps: 59.50 +- 1.50
Avg number of constraint violations: 22.50 +- 10.50
Avg total violation: 6.027 +- 5.825
Average computation time per step: 0.019
Tracking error: 0.027
------------------------Running avoiding-d3il - top-left-hard - dpcc-t-tightened (10) - K=2----------------------------
Success rate: 1.0
Constraints satisfied: 1.0
Success rate (goal and constraints): 1.0
Avg number of steps: 59.00 +- 2.00
Avg number of constraint violations: 0.00 +- 0.00
Avg total violation: 0.000 +- 0.000
Average computation time per step: 0.027
/data/home/llim/FMPCC/FM-PCC/FM_v3_alphaflow_test/eval_flow_matching_v3_alphaflow.py:234: RuntimeWarning: More than 20 figures have been opened. Figures created through the pyplot interface (`matplotlib.pyplot.figure`) are retained until explicitly closed and may consume too much memory. (To control this warning, see the rcParam `figure.max_open_warning`). Consider using `matplotlib.pyplot.close()`.
  figs_all_seeds, axes_all_seeds = zip(*[plt.subplots(1, 1, figsize=(9, 10)) for _ in range(len(projection_variants))])
[ config->pkl ] INFO  flow_steps_v3: train=10 -> eval=2  (sampling knob; applied)

[INFO] Instantiating Diffusion Model from:
       -> /u/home/llim/FMPCC/FM-PCC/flow_matcher_v3_alphaflow/models/af_diffusion.py

[ uav-plant ] sidecar -> /u/home/llim/FMPCC/FM-PCC/logs/UAV_MIX/uav-pillars/plans/avoiding_bridge/_live/p23uavpv2live/af_K2/uav_plant_records_p23uavpv2live_20260923_150121_p2885514_10.json

[ eval loading ] Intercepting load from logs/avoiding-d3il/flow_matching_v3_alphaflow/H8_Dflow_matcher_v3_alphaflow.models.AlphaFlowODE_aw10_bbunet_tslogit_normal_ai1.0_ae0.2_ag25.0_rf0.5/6

[ datasets/buffer ] Fields:
    observations: (96, 150, 4)
    actions: (96, 150, 2)
    rewards: (96, 150, 1)
    terminals: (96, 150, 1)
    normed_observations: (96, 150, 4)
    normed_actions: (96, 150, 2)
[ AFTrajectoryModel ] backbone=unet  unet_width(freq_dim)=32  params=4.0M
[ utils/training ] Restored optimizer + LR schedule (lr=4.868e-05)
[ utils/training ] Restored loss history from checkpoint at step 80000
[ eval ] weight source: EMA (official)
[ eval ] matched K (flow_steps) = 2 for every arm (savepath: logs/avoiding-d3il/plans/flow_matching_v3_alphaflow/H8_Dflow_matcher_v3_alphaflow.models.AlphaFlowODE_aw10_bbunet_tslogit_normal_ai1.0_ae0.2_ag25.0_rf0.5/H8_K2_Meuler_T0.5_A0.5_B4_Dflow_matcher_v3_alphaflow.models.AlphaFlowODE_msgp23uavpv2live/6)
[ provenance ] unchanged, kept logs/avoiding-d3il/plans/flow_matching_v3_alphaflow/H8_Dflow_matcher_v3_alphaflow.models.AlphaFlowODE_aw10_bbunet_tslogit_normal_ai1.0_ae0.2_ag25.0_rf0.5/H8_K2_Meuler_T0.5_A0.5_B4_Dflow_matcher_v3_alphaflow.models.AlphaFlowODE_msgp23uavpv2live/6/run_provenance.json
[ uav-plant ] scene=scene_avoiding_pillars_s36.xml scale=36 alt=1 control 1 Hz -> 100 physics steps of 0.01 s per setpoint (period 1.000 s), replay=clock, feedforward=False, v_max=1 m/s, gain=pid_default, contact terminates=True
------------------------Running avoiding-d3il - both-hard - diffuser (6) - K=2----------------------------
Success rate: 1.0
Constraints satisfied: 0.0
Success rate (goal and constraints): 0.0
Avg number of steps: 66.50 +- 8.50
Avg number of constraint violations: 15.00 +- 3.00
Avg total violation: 2.621 +- 0.524
Average computation time per step: 0.019
Tracking error: 0.032
------------------------Running avoiding-d3il - both-hard - dpcc-t-tightened (6) - K=2----------------------------
Success rate: 0.5
Constraints satisfied: 0.5
Success rate (goal and constraints): 0.5
Avg number of steps: 62.00 +- 0.00
Avg number of constraint violations: 0.00 +- 0.00
Avg total violation: 0.000 +- 0.000
Average computation time per step: 0.027
[ config->pkl ] INFO  flow_steps_v3: train=10 -> eval=2  (sampling knob; applied)

[INFO] Instantiating Diffusion Model from:
       -> /u/home/llim/FMPCC/FM-PCC/flow_matcher_v3_alphaflow/models/af_diffusion.py

[ uav-plant ] sidecar -> /u/home/llim/FMPCC/FM-PCC/logs/UAV_MIX/uav-pillars/plans/avoiding_bridge/_live/p23uavpv2live/af_K2/uav_plant_records_p23uavpv2live_20260923_150121_p2885514_11.json

[ eval loading ] Intercepting load from logs/avoiding-d3il/flow_matching_v3_alphaflow/H8_Dflow_matcher_v3_alphaflow.models.AlphaFlowODE_aw10_bbunet_tslogit_normal_ai1.0_ae0.2_ag25.0_rf0.5/7

[ datasets/buffer ] Fields:
    observations: (96, 150, 4)
    actions: (96, 150, 2)
    rewards: (96, 150, 1)
    terminals: (96, 150, 1)
    normed_observations: (96, 150, 4)
    normed_actions: (96, 150, 2)
[ AFTrajectoryModel ] backbone=unet  unet_width(freq_dim)=32  params=4.0M
[ utils/training ] Restored optimizer + LR schedule (lr=4.868e-05)
[ utils/training ] Restored loss history from checkpoint at step 80000
[ eval ] weight source: EMA (official)
[ eval ] matched K (flow_steps) = 2 for every arm (savepath: logs/avoiding-d3il/plans/flow_matching_v3_alphaflow/H8_Dflow_matcher_v3_alphaflow.models.AlphaFlowODE_aw10_bbunet_tslogit_normal_ai1.0_ae0.2_ag25.0_rf0.5/H8_K2_Meuler_T0.5_A0.5_B4_Dflow_matcher_v3_alphaflow.models.AlphaFlowODE_msgp23uavpv2live/7)
[ provenance ] unchanged, kept logs/avoiding-d3il/plans/flow_matching_v3_alphaflow/H8_Dflow_matcher_v3_alphaflow.models.AlphaFlowODE_aw10_bbunet_tslogit_normal_ai1.0_ae0.2_ag25.0_rf0.5/H8_K2_Meuler_T0.5_A0.5_B4_Dflow_matcher_v3_alphaflow.models.AlphaFlowODE_msgp23uavpv2live/7/run_provenance.json
[ uav-plant ] scene=scene_avoiding_pillars_s36.xml scale=36 alt=1 control 1 Hz -> 100 physics steps of 0.01 s per setpoint (period 1.000 s), replay=clock, feedforward=False, v_max=1 m/s, gain=pid_default, contact terminates=True
------------------------Running avoiding-d3il - both-hard - diffuser (7) - K=2----------------------------
Success rate: 0.5
Constraints satisfied: 0.0
Success rate (goal and constraints): 0.0
Avg number of steps: 58.00 +- 0.00
Avg number of constraint violations: 8.00 +- 8.00
Avg total violation: 1.503 +- 1.493
Average computation time per step: 0.019
Tracking error: 0.038
------------------------Running avoiding-d3il - both-hard - dpcc-t-tightened (7) - K=2----------------------------
Success rate: 0.5
Constraints satisfied: 0.5
Success rate (goal and constraints): 0.5
Avg number of steps: 60.00 +- 0.00
Avg number of constraint violations: 0.00 +- 0.00
Avg total violation: 0.000 +- 0.000
Average computation time per step: 0.027
[ config->pkl ] INFO  flow_steps_v3: train=10 -> eval=2  (sampling knob; applied)

[INFO] Instantiating Diffusion Model from:
       -> /u/home/llim/FMPCC/FM-PCC/flow_matcher_v3_alphaflow/models/af_diffusion.py

[ uav-plant ] sidecar -> /u/home/llim/FMPCC/FM-PCC/logs/UAV_MIX/uav-pillars/plans/avoiding_bridge/_live/p23uavpv2live/af_K2/uav_plant_records_p23uavpv2live_20260923_150121_p2885514_12.json

[ eval loading ] Intercepting load from logs/avoiding-d3il/flow_matching_v3_alphaflow/H8_Dflow_matcher_v3_alphaflow.models.AlphaFlowODE_aw10_bbunet_tslogit_normal_ai1.0_ae0.2_ag25.0_rf0.5/8

[ datasets/buffer ] Fields:
    observations: (96, 150, 4)
    actions: (96, 150, 2)
    rewards: (96, 150, 1)
    terminals: (96, 150, 1)
    normed_observations: (96, 150, 4)
    normed_actions: (96, 150, 2)
[ AFTrajectoryModel ] backbone=unet  unet_width(freq_dim)=32  params=4.0M
[ utils/training ] Restored optimizer + LR schedule (lr=4.868e-05)
[ utils/training ] Restored loss history from checkpoint at step 80000
[ eval ] weight source: EMA (official)
[ eval ] matched K (flow_steps) = 2 for every arm (savepath: logs/avoiding-d3il/plans/flow_matching_v3_alphaflow/H8_Dflow_matcher_v3_alphaflow.models.AlphaFlowODE_aw10_bbunet_tslogit_normal_ai1.0_ae0.2_ag25.0_rf0.5/H8_K2_Meuler_T0.5_A0.5_B4_Dflow_matcher_v3_alphaflow.models.AlphaFlowODE_msgp23uavpv2live/8)
[ provenance ] unchanged, kept logs/avoiding-d3il/plans/flow_matching_v3_alphaflow/H8_Dflow_matcher_v3_alphaflow.models.AlphaFlowODE_aw10_bbunet_tslogit_normal_ai1.0_ae0.2_ag25.0_rf0.5/H8_K2_Meuler_T0.5_A0.5_B4_Dflow_matcher_v3_alphaflow.models.AlphaFlowODE_msgp23uavpv2live/8/run_provenance.json
[ uav-plant ] scene=scene_avoiding_pillars_s36.xml scale=36 alt=1 control 1 Hz -> 100 physics steps of 0.01 s per setpoint (period 1.000 s), replay=clock, feedforward=False, v_max=1 m/s, gain=pid_default, contact terminates=True
------------------------Running avoiding-d3il - both-hard - diffuser (8) - K=2----------------------------
Success rate: 1.0
Constraints satisfied: 0.0
Success rate (goal and constraints): 0.0
Avg number of steps: 67.00 +- 9.00
Avg number of constraint violations: 20.00 +- 1.00
Avg total violation: 3.120 +- 0.228
Average computation time per step: 0.019
Tracking error: 0.025
------------------------Running avoiding-d3il - both-hard - dpcc-t-tightened (8) - K=2----------------------------
Success rate: 0.0
Constraints satisfied: 0.0
Success rate (goal and constraints): 0.0
Avg number of steps: 0.00 +- 0.00
Avg number of constraint violations: 0.00 +- 0.00
Avg total violation: 0.000 +- 0.000
Average computation time per step: 0.027
[ config->pkl ] INFO  flow_steps_v3: train=10 -> eval=2  (sampling knob; applied)

[INFO] Instantiating Diffusion Model from:
       -> /u/home/llim/FMPCC/FM-PCC/flow_matcher_v3_alphaflow/models/af_diffusion.py

[ uav-plant ] sidecar -> /u/home/llim/FMPCC/FM-PCC/logs/UAV_MIX/uav-pillars/plans/avoiding_bridge/_live/p23uavpv2live/af_K2/uav_plant_records_p23uavpv2live_20260923_150121_p2885514_13.json

[ eval loading ] Intercepting load from logs/avoiding-d3il/flow_matching_v3_alphaflow/H8_Dflow_matcher_v3_alphaflow.models.AlphaFlowODE_aw10_bbunet_tslogit_normal_ai1.0_ae0.2_ag25.0_rf0.5/9

[ datasets/buffer ] Fields:
    observations: (96, 150, 4)
    actions: (96, 150, 2)
    rewards: (96, 150, 1)
    terminals: (96, 150, 1)
    normed_observations: (96, 150, 4)
    normed_actions: (96, 150, 2)
[ AFTrajectoryModel ] backbone=unet  unet_width(freq_dim)=32  params=4.0M
[ utils/training ] Restored optimizer + LR schedule (lr=4.868e-05)
[ utils/training ] Restored loss history from checkpoint at step 80000
[ eval ] weight source: EMA (official)
[ eval ] matched K (flow_steps) = 2 for every arm (savepath: logs/avoiding-d3il/plans/flow_matching_v3_alphaflow/H8_Dflow_matcher_v3_alphaflow.models.AlphaFlowODE_aw10_bbunet_tslogit_normal_ai1.0_ae0.2_ag25.0_rf0.5/H8_K2_Meuler_T0.5_A0.5_B4_Dflow_matcher_v3_alphaflow.models.AlphaFlowODE_msgp23uavpv2live/9)
[ provenance ] unchanged, kept logs/avoiding-d3il/plans/flow_matching_v3_alphaflow/H8_Dflow_matcher_v3_alphaflow.models.AlphaFlowODE_aw10_bbunet_tslogit_normal_ai1.0_ae0.2_ag25.0_rf0.5/H8_K2_Meuler_T0.5_A0.5_B4_Dflow_matcher_v3_alphaflow.models.AlphaFlowODE_msgp23uavpv2live/9/run_provenance.json
[ uav-plant ] scene=scene_avoiding_pillars_s36.xml scale=36 alt=1 control 1 Hz -> 100 physics steps of 0.01 s per setpoint (period 1.000 s), replay=clock, feedforward=False, v_max=1 m/s, gain=pid_default, contact terminates=True
------------------------Running avoiding-d3il - both-hard - diffuser (9) - K=2----------------------------
Success rate: 1.0
Constraints satisfied: 0.0
Success rate (goal and constraints): 0.0
Avg number of steps: 60.50 +- 3.50
Avg number of constraint violations: 21.00 +- 0.00
Avg total violation: 4.158 +- 0.062
Average computation time per step: 0.019
Tracking error: 0.034
------------------------Running avoiding-d3il - both-hard - dpcc-t-tightened (9) - K=2----------------------------
Success rate: 0.5
Constraints satisfied: 0.5
Success rate (goal and constraints): 0.5
Avg number of steps: 61.00 +- 0.00
Avg number of constraint violations: 0.00 +- 0.00
Avg total violation: 0.000 +- 0.000
Average computation time per step: 0.027
[ config->pkl ] INFO  flow_steps_v3: train=10 -> eval=2  (sampling knob; applied)

[INFO] Instantiating Diffusion Model from:
       -> /u/home/llim/FMPCC/FM-PCC/flow_matcher_v3_alphaflow/models/af_diffusion.py

[ uav-plant ] sidecar -> /u/home/llim/FMPCC/FM-PCC/logs/UAV_MIX/uav-pillars/plans/avoiding_bridge/_live/p23uavpv2live/af_K2/uav_plant_records_p23uavpv2live_20260923_150121_p2885514_14.json

[ eval loading ] Intercepting load from logs/avoiding-d3il/flow_matching_v3_alphaflow/H8_Dflow_matcher_v3_alphaflow.models.AlphaFlowODE_aw10_bbunet_tslogit_normal_ai1.0_ae0.2_ag25.0_rf0.5/10

[ datasets/buffer ] Fields:
    observations: (96, 150, 4)
    actions: (96, 150, 2)
    rewards: (96, 150, 1)
    terminals: (96, 150, 1)
    normed_observations: (96, 150, 4)
    normed_actions: (96, 150, 2)
[ AFTrajectoryModel ] backbone=unet  unet_width(freq_dim)=32  params=4.0M
[ utils/training ] Restored optimizer + LR schedule (lr=4.868e-05)
[ utils/training ] Restored loss history from checkpoint at step 80000
[ eval ] weight source: EMA (official)
[ eval ] matched K (flow_steps) = 2 for every arm (savepath: logs/avoiding-d3il/plans/flow_matching_v3_alphaflow/H8_Dflow_matcher_v3_alphaflow.models.AlphaFlowODE_aw10_bbunet_tslogit_normal_ai1.0_ae0.2_ag25.0_rf0.5/H8_K2_Meuler_T0.5_A0.5_B4_Dflow_matcher_v3_alphaflow.models.AlphaFlowODE_msgp23uavpv2live/10)
[ provenance ] unchanged, kept logs/avoiding-d3il/plans/flow_matching_v3_alphaflow/H8_Dflow_matcher_v3_alphaflow.models.AlphaFlowODE_aw10_bbunet_tslogit_normal_ai1.0_ae0.2_ag25.0_rf0.5/H8_K2_Meuler_T0.5_A0.5_B4_Dflow_matcher_v3_alphaflow.models.AlphaFlowODE_msgp23uavpv2live/10/run_provenance.json
[ uav-plant ] scene=scene_avoiding_pillars_s36.xml scale=36 alt=1 control 1 Hz -> 100 physics steps of 0.01 s per setpoint (period 1.000 s), replay=clock, feedforward=False, v_max=1 m/s, gain=pid_default, contact terminates=True
------------------------Running avoiding-d3il - both-hard - diffuser (10) - K=2----------------------------
Success rate: 1.0
Constraints satisfied: 0.0
Success rate (goal and constraints): 0.0
Avg number of steps: 59.50 +- 1.50
Avg number of constraint violations: 19.00 +- 1.00
Avg total violation: 3.350 +- 0.336
Average computation time per step: 0.019
Tracking error: 0.027
------------------------Running avoiding-d3il - both-hard - dpcc-t-tightened (10) - K=2----------------------------
Success rate: 0.0
Constraints satisfied: 0.0
Success rate (goal and constraints): 0.0
Avg number of steps: 0.00 +- 0.00
Avg number of constraint violations: 0.00 +- 0.00
Avg total violation: 0.000 +- 0.000
Average computation time per step: 0.027
[ uav-plant ] sidecar -> /u/home/llim/FMPCC/FM-PCC/logs/UAV_MIX/uav-pillars/plans/avoiding_bridge/_live/p23uavpv2live/af_K2/uav_plant_records_p23uavpv2live_20260923_150121_p2885514_15.json
[ R39 ] done
================================================================================
JOB END:   Wed Sep 23 15:04:47 UTC 2026
================================================================================
