/bin/bash: /u/home/llim/miniconda3/lib/libtinfo.so.6: no version information available (required by /bin/bash)
================================================================================
JOB START: Fri Aug 21 20:49:36 UTC 2026
JOB NAME:  train_mix_visual_avoiding
JOB ID:    24857
NODE:      i6-gpu-1
GPU INFO:
NVIDIA RTX A5000, 530.41.03, 24564 MiB
NVIDIA RTX A5000, 530.41.03, 24564 MiB
NVIDIA RTX A5000, 530.41.03, 24564 MiB
NVIDIA RTX A5000, 530.41.03, 24564 MiB
NVIDIA RTX A5000, 530.41.03, 24564 MiB
NVIDIA RTX A5000, 530.41.03, 24564 MiB
NVIDIA RTX A5000, 530.41.03, 24564 MiB
NVIDIA RTX A5000, 530.41.03, 24564 MiB
GIT REV:   afc525f
================================================================================
[ GPU-CHECK ] CUDA_VISIBLE_DEVICES=1  MUJOCO_EGL_DEVICE_ID=1
[ train ] engine=mf  seeds='6'
[ train ] film_mode = v1  (MIX_FILM_MODE_MF; unset -> v1)
[ train ] ml_bone = unet (baseline; film_mode=v1 applies)
wandb: Currently logged in as: llmmail2021 (llmmail2021-technical-university-of-munich). Use `wandb login --relogin` to force relogin
wandb: wandb version 0.28.2 is available!  To upgrade, please run:
wandb:  $ pip install wandb --upgrade
wandb: Tracking run with wandb version 0.17.5
wandb: Run data is saved locally in /data/home/llim/FMPCC/FM-PCC/wandb/run-20260821_204940-8o6yloba
wandb: Run `wandb offline` to turn off syncing.
wandb: Syncing run avoiding-d3il-visual-mix-mf-mix_visual_avoiding_mf/H8_Dmix_visual_avoiding.models.visual_mf_diffusion.VisualMeanFlow_a1.5_b1.0_aw1_VTrue_steps200_bs64_filmv1_Emf_tslogit_normal-S6-slurm-24857
wandb: ⭐️ View project at https://wandb.ai/llmmail2021-technical-university-of-munich/FM-PCC-visual-avoiding-gen16
wandb: 🚀 View run at https://wandb.ai/llmmail2021-technical-university-of-munich/FM-PCC-visual-avoiding-gen16/runs/8o6yloba
[ train ] Seeds: [6]  (source: cli --seeds)
[ train ] engine=mf | MeanFlow (Gen3v6) | two_time=True | wraps_unet=True | nfe_key=flow_steps_v3 | source=flow_matcher_v3_meanflow/ (Gen3v6) via Gen14
[ train ] config block: mix_visual_avoiding_mf
[ utils/setup ] Made savepath: logs/avoiding-d3il-visual-mix/mix_visual_avoiding_mf/H8_Dmix_visual_avoiding.models.visual_mf_diffusion.VisualMeanFlow_a1.5_b1.0_aw1_VTrue_steps200_bs64_filmv1_Emf_tslogit_normal/6
[ train ] dataset=ParityAvoidingDataset — 6D = [act(0:2) | des_xy(2:4) | c_xy(4:6)]  ·  1 camera (agentview_image)

[utils/config ] Config: <class 'mix_visual_avoiding.datasets.sequence.ParityAvoidingDataset'>
    dataset_path: environments/dataset/data/avoiding/train_files.pkl
    horizon: 8
    max_n_episodes: 200

[ utils/config ] Saved config to: logs/avoiding-d3il-visual-mix/mix_visual_avoiding_mf/H8_Dmix_visual_avoiding.models.visual_mf_diffusion.VisualMeanFlow_a1.5_b1.0_aw1_VTrue_steps200_bs64_filmv1_Emf_tslogit_normal/6/dataset_config.pkl

[ utils/config ] Saved config to: logs/avoiding-d3il-visual-mix/mix_visual_avoiding_mf/H8_Dmix_visual_avoiding.models.visual_mf_diffusion.VisualMeanFlow_a1.5_b1.0_aw1_VTrue_steps200_bs64_filmv1_Emf_tslogit_normal/6/dataset_config.json

Traceback (most recent call last):
  File "/data/home/llim/FMPCC/FM-PCC/mix_visual_avoiding_test/train_mix_visual_avoiding.py", line 314, in <module>
    dataset = dataset_config()
  File "/u/home/llim/FMPCC/FM-PCC/mix_visual_avoiding/utils/config.py", line 97, in __call__
    instance = self._class(*args, **kwargs, **self._dict)
  File "/u/home/llim/FMPCC/FM-PCC/mix_visual_avoiding/datasets/sequence.py", line 80, in __init__
    state_files = np.load(sim_framework_path(dataset_path), allow_pickle=True)
  File "/u/home/llim/miniconda3/envs/FMPCC/lib/python3.10/site-packages/numpy/lib/npyio.py", line 427, in load
    fid = stack.enter_context(open(os_fspath(file), "rb"))
FileNotFoundError: [Errno 2] No such file or directory: '/u/home/llim/FMPCC/FM-PCC/d3il/environments/dataset/data/avoiding/train_files.pkl'
wandb: - 0.008 MB of 0.008 MB uploadedwandb: \ 0.008 MB of 0.008 MB uploadedwandb: | 0.008 MB of 0.008 MB uploadedwandb: / 0.008 MB of 0.008 MB uploadedwandb: - 0.008 MB of 0.008 MB uploadedwandb: \ 0.008 MB of 0.008 MB uploadedwandb: | 0.017 MB of 0.020 MB uploadedwandb: / 0.031 MB of 0.031 MB uploadedwandb: 🚀 View run avoiding-d3il-visual-mix-mf-mix_visual_avoiding_mf/H8_Dmix_visual_avoiding.models.visual_mf_diffusion.VisualMeanFlow_a1.5_b1.0_aw1_VTrue_steps200_bs64_filmv1_Emf_tslogit_normal-S6-slurm-24857 at: https://wandb.ai/llmmail2021-technical-university-of-munich/FM-PCC-visual-avoiding-gen16/runs/8o6yloba
wandb: ⭐️ View project at: https://wandb.ai/llmmail2021-technical-university-of-munich/FM-PCC-visual-avoiding-gen16
wandb: Synced 6 W&B file(s), 0 media file(s), 2 artifact file(s) and 0 other file(s)
wandb: Find logs at: ./wandb/run-20260821_204940-8o6yloba/logs
wandb: WARNING The new W&B backend becomes opt-out in version 0.18.0; try it out with `wandb.require("core")`! See https://wandb.me/wandb-core for more information.
