/bin/bash: /u/home/llim/miniconda3/lib/libtinfo.so.6: no version information available (required by /bin/bash)
================================================================================
PIPELINE START: Mon Aug 10 16:09:41 UTC 2026
JOB ID:    24418
================================================================================
[ pipeline ] film_mode = v2 — TRUE FiLM backbone. This is a RETRAIN into a separate
[ pipeline ]              '..._filmv2_Eaf' checkpoint tree; v1 runs are untouched.
[ pipeline ]              🔴 v2 has never executed a tensor op on any Gen14 arm — the
[ pipeline ]              gates job below (G7) is the first thing that will.
Launching Visual-Mix-ML (Gen14) Pipeline — engine=af seeds='6' K=2 film=v2 ...
Step 1: Gates submitted. Job ID: 24456
  seed 6: train scheduled (afterok:24456). Job ID: 24457
  seed 6: eval  scheduled (afterok:24457). Job ID: 24458
--------------------------------------------------------------------------------
Visual-Mix-ML (Gen14) Pipeline submitted — engine=af seeds='6'.
Use 'squeue -u llim' to monitor progress.
A failed stage cancels its OWN downstream stage; other seeds are unaffected.
================================================================================
================================================================================
PIPELINE END:   Mon Aug 10 16:09:41 UTC 2026
================================================================================
